Archive member included to satisfy reference by file (symbol)

c:/program files (x86)/atmel/studio/7.0/toolchain/avr8/avr8-gnu-toolchain/bin/../lib/gcc/avr/5.4.0/avrxmega4\libgcc.a(_exit.o)
                              C:/Program Files (x86)/Atmel/Studio/7.0/Packs/Atmel/AVR-Dx_DFP/1.7.85/gcc/dev/avr128db48/avrxmega4/crtavr128db48.o (exit)
c:/program files (x86)/atmel/studio/7.0/toolchain/avr8/avr8-gnu-toolchain/bin/../lib/gcc/avr/5.4.0/avrxmega4\libgcc.a(_copy_data.o)
                              examples/src/spi_basic_example.o (__do_copy_data)
c:/program files (x86)/atmel/studio/7.0/toolchain/avr8/avr8-gnu-toolchain/bin/../lib/gcc/avr/5.4.0/avrxmega4\libgcc.a(_clear_bss.o)
                              examples/src/usart_basic_example.o (__do_clear_bss)
c:/program files (x86)/atmel/studio/7.0/toolchain/avr8/avr8-gnu-toolchain/bin/../lib/gcc/avr/5.4.0/../../../../avr/lib/avrxmega4\libc.a(strncmp.o)
                              examples/src/spi_basic_example.o (strncmp)
c:/program files (x86)/atmel/studio/7.0/toolchain/avr8/avr8-gnu-toolchain/bin/../lib/gcc/avr/5.4.0/../../../../avr/lib/avrxmega4\libc.a(iob.o)
                              src/usart_basic.o (__iob)
c:/program files (x86)/atmel/studio/7.0/toolchain/avr8/avr8-gnu-toolchain/bin/../lib/gcc/avr/5.4.0/../../../../avr/lib/avrxmega4\libc.a(printf.o)
                              examples/src/usart_basic_example.o (printf)
c:/program files (x86)/atmel/studio/7.0/toolchain/avr8/avr8-gnu-toolchain/bin/../lib/gcc/avr/5.4.0/../../../../avr/lib/avrxmega4\libc.a(vfprintf_std.o)
                              c:/program files (x86)/atmel/studio/7.0/toolchain/avr8/avr8-gnu-toolchain/bin/../lib/gcc/avr/5.4.0/../../../../avr/lib/avrxmega4\libc.a(printf.o) (vfprintf)
c:/program files (x86)/atmel/studio/7.0/toolchain/avr8/avr8-gnu-toolchain/bin/../lib/gcc/avr/5.4.0/../../../../avr/lib/avrxmega4\libc.a(strnlen_P.o)
                              c:/program files (x86)/atmel/studio/7.0/toolchain/avr8/avr8-gnu-toolchain/bin/../lib/gcc/avr/5.4.0/../../../../avr/lib/avrxmega4\libc.a(vfprintf_std.o) (strnlen_P)
c:/program files (x86)/atmel/studio/7.0/toolchain/avr8/avr8-gnu-toolchain/bin/../lib/gcc/avr/5.4.0/../../../../avr/lib/avrxmega4\libc.a(strnlen.o)
                              c:/program files (x86)/atmel/studio/7.0/toolchain/avr8/avr8-gnu-toolchain/bin/../lib/gcc/avr/5.4.0/../../../../avr/lib/avrxmega4\libc.a(vfprintf_std.o) (strnlen)
c:/program files (x86)/atmel/studio/7.0/toolchain/avr8/avr8-gnu-toolchain/bin/../lib/gcc/avr/5.4.0/../../../../avr/lib/avrxmega4\libc.a(fputc.o)
                              c:/program files (x86)/atmel/studio/7.0/toolchain/avr8/avr8-gnu-toolchain/bin/../lib/gcc/avr/5.4.0/../../../../avr/lib/avrxmega4\libc.a(vfprintf_std.o) (fputc)
c:/program files (x86)/atmel/studio/7.0/toolchain/avr8/avr8-gnu-toolchain/bin/../lib/gcc/avr/5.4.0/../../../../avr/lib/avrxmega4\libc.a(ultoa_invert.o)
                              c:/program files (x86)/atmel/studio/7.0/toolchain/avr8/avr8-gnu-toolchain/bin/../lib/gcc/avr/5.4.0/../../../../avr/lib/avrxmega4\libc.a(vfprintf_std.o) (__ultoa_invert)

Allocating common symbols
Common symbol       size              file

__iob               0x6               c:/program files (x86)/atmel/studio/7.0/toolchain/avr8/avr8-gnu-toolchain/bin/../lib/gcc/avr/5.4.0/../../../../avr/lib/avrxmega4\libc.a(iob.o)

Discarded input sections

 .data          0x00000000        0x0 C:/Program Files (x86)/Atmel/Studio/7.0/Packs/Atmel/AVR-Dx_DFP/1.7.85/gcc/dev/avr128db48/avrxmega4/crtavr128db48.o
 .bss           0x00000000        0x0 C:/Program Files (x86)/Atmel/Studio/7.0/Packs/Atmel/AVR-Dx_DFP/1.7.85/gcc/dev/avr128db48/avrxmega4/crtavr128db48.o
 .text          0x00000000        0x0 atmel_start.o
 .data          0x00000000        0x0 atmel_start.o
 .bss           0x00000000        0x0 atmel_start.o
 .text          0x00000000        0x0 driver_isr.o
 .data          0x00000000        0x0 driver_isr.o
 .bss           0x00000000        0x0 driver_isr.o
 .text          0x00000000        0x0 examples/src/spi_basic_example.o
 .data          0x00000000        0x0 examples/src/spi_basic_example.o
 .bss           0x00000000        0x0 examples/src/spi_basic_example.o
 .text.drive_slave_select_high
                0x00000000        0x2 examples/src/spi_basic_example.o
 .rodata.str1.1
                0x00000000        0x5 examples/src/spi_basic_example.o
 .text.SPI_ADF_test_spi_basic
                0x00000000       0x26 examples/src/spi_basic_example.o
 .text.SPI_LMX_test_spi_basic
                0x00000000       0x38 examples/src/spi_basic_example.o
 .data.buffer   0x00000000       0x10 examples/src/spi_basic_example.o
 .debug_info    0x00000000      0x1f8 examples/src/spi_basic_example.o
 .debug_abbrev  0x00000000       0xdf examples/src/spi_basic_example.o
 .debug_aranges
                0x00000000       0x30 examples/src/spi_basic_example.o
 .debug_ranges  0x00000000       0x20 examples/src/spi_basic_example.o
 .debug_line    0x00000000      0x14c examples/src/spi_basic_example.o
 .debug_str     0x00000000      0x279 examples/src/spi_basic_example.o
 .comment       0x00000000       0x31 examples/src/spi_basic_example.o
 .debug_frame   0x00000000       0x44 examples/src/spi_basic_example.o
 .text          0x00000000        0x0 examples/src/usart_basic_example.o
 .data          0x00000000        0x0 examples/src/usart_basic_example.o
 .bss           0x00000000        0x0 examples/src/usart_basic_example.o
 .rodata.str1.1
                0x00000000        0x9 examples/src/usart_basic_example.o
 .text.USART_0_test_usart_basic
                0x00000000       0x72 examples/src/usart_basic_example.o
 .bss.rx        0x00000000       0x10 examples/src/usart_basic_example.o
 .debug_info    0x00000000      0x13f examples/src/usart_basic_example.o
 .debug_abbrev  0x00000000       0xcd examples/src/usart_basic_example.o
 .debug_loc     0x00000000       0xa9 examples/src/usart_basic_example.o
 .debug_aranges
                0x00000000       0x20 examples/src/usart_basic_example.o
 .debug_ranges  0x00000000       0x10 examples/src/usart_basic_example.o
 .debug_line    0x00000000      0x13e examples/src/usart_basic_example.o
 .debug_str     0x00000000      0x1ff examples/src/usart_basic_example.o
 .comment       0x00000000       0x31 examples/src/usart_basic_example.o
 .debug_frame   0x00000000       0x48 examples/src/usart_basic_example.o
 .text          0x00000000        0x0 main.o
 .data          0x00000000        0x0 main.o
 .bss           0x00000000        0x0 main.o
 .text          0x00000000        0x0 src/bod.o
 .data          0x00000000        0x0 src/bod.o
 .bss           0x00000000        0x0 src/bod.o
 .text          0x00000000        0x0 src/clkctrl.o
 .data          0x00000000        0x0 src/clkctrl.o
 .bss           0x00000000        0x0 src/clkctrl.o
 .text          0x00000000        0x0 src/cpuint.o
 .data          0x00000000        0x0 src/cpuint.o
 .bss           0x00000000        0x0 src/cpuint.o
 .text          0x00000000        0x0 src/driver_init.o
 .data          0x00000000        0x0 src/driver_init.o
 .bss           0x00000000        0x0 src/driver_init.o
 .text          0x00000000        0x0 src/evsys.o
 .data          0x00000000        0x0 src/evsys.o
 .bss           0x00000000        0x0 src/evsys.o
 .text          0x00000000        0x0 src/opamp_basic.o
 .data          0x00000000        0x0 src/opamp_basic.o
 .bss           0x00000000        0x0 src/opamp_basic.o
 .text.OPERATIONAL_AMPLIFIER_0_EnableSystem
                0x00000000        0xc src/opamp_basic.o
 .text.OPERATIONAL_AMPLIFIER_0_DisableSystem
                0x00000000        0xc src/opamp_basic.o
 .text.OPERATIONAL_AMPLIFIER_0_SetOP0PositiveInMux
                0x00000000        0xe src/opamp_basic.o
 .text.OPERATIONAL_AMPLIFIER_0_SetOP0NegativeInMux
                0x00000000        0xe src/opamp_basic.o
 .text.OPERATIONAL_AMPLIFIER_0_SetOP0TopResMux
                0x00000000        0xe src/opamp_basic.o
 .text.OPERATIONAL_AMPLIFIER_0_SetOP0BottomResMux
                0x00000000        0xe src/opamp_basic.o
 .text.OPERATIONAL_AMPLIFIER_0_SetOP0WiperResMux
                0x00000000        0xe src/opamp_basic.o
 .text.OPERATIONAL_AMPLIFIER_0_SetOP0SettleTime
                0x00000000        0x6 src/opamp_basic.o
 .text.OPERATIONAL_AMPLIFIER_0_OPAMP_IsOP0Settled
                0x00000000        0xe src/opamp_basic.o
 .text.OPERATIONAL_AMPLIFIER_0_SetOP0OffsetCalibration
                0x00000000        0x6 src/opamp_basic.o
 .text.OPERATIONAL_AMPLIFIER_0_SetOP1PositiveInMux
                0x00000000        0xe src/opamp_basic.o
 .text.OPERATIONAL_AMPLIFIER_0_SetOP1NegativeInMux
                0x00000000        0xe src/opamp_basic.o
 .text.OPERATIONAL_AMPLIFIER_0_SetOP1TopResMux
                0x00000000        0xe src/opamp_basic.o
 .text.OPERATIONAL_AMPLIFIER_0_SetOP1BottomResMux
                0x00000000        0xe src/opamp_basic.o
 .text.OPERATIONAL_AMPLIFIER_0_SetOP1WiperResMux
                0x00000000        0xe src/opamp_basic.o
 .text.OPERATIONAL_AMPLIFIER_0_SetOP1SettleTime
                0x00000000        0x6 src/opamp_basic.o
 .text.OPERATIONAL_AMPLIFIER_0_OPAMP_IsOP1Settled
                0x00000000        0xe src/opamp_basic.o
 .text.OPERATIONAL_AMPLIFIER_0_SetOP1OffsetCalibration
                0x00000000        0x6 src/opamp_basic.o
 .text.OPERATIONAL_AMPLIFIER_0_SetOP2PositiveInMux
                0x00000000        0xe src/opamp_basic.o
 .text.OPERATIONAL_AMPLIFIER_0_SetOP2NegativeInMux
                0x00000000        0xe src/opamp_basic.o
 .text.OPERATIONAL_AMPLIFIER_0_SetOP2TopResMux
                0x00000000        0xe src/opamp_basic.o
 .text.OPERATIONAL_AMPLIFIER_0_SetOP2BottomResMux
                0x00000000        0xe src/opamp_basic.o
 .text.OPERATIONAL_AMPLIFIER_0_SetOP2WiperResMux
                0x00000000        0xe src/opamp_basic.o
 .text.OPERATIONAL_AMPLIFIER_0_SetOP2SettleTime
                0x00000000        0x6 src/opamp_basic.o
 .text.OPERATIONAL_AMPLIFIER_0_OPAMP_IsOP2Settled
                0x00000000        0xe src/opamp_basic.o
 .text.OPERATIONAL_AMPLIFIER_0_SetOP2OffsetCalibration
                0x00000000        0x6 src/opamp_basic.o
 .text          0x00000000        0x0 src/protected_io.o
 .data          0x00000000        0x0 src/protected_io.o
 .bss           0x00000000        0x0 src/protected_io.o
 .text          0x00000000        0x0 src/rtc.o
 .data          0x00000000        0x0 src/rtc.o
 .bss           0x00000000        0x0 src/rtc.o
 .text          0x00000000        0x0 src/slpctrl.o
 .data          0x00000000        0x0 src/slpctrl.o
 .bss           0x00000000        0x0 src/slpctrl.o
 .text.SLPCTRL_set_sleep_mode
                0x00000000       0x10 src/slpctrl.o
 .text          0x00000000        0x0 src/spi_basic.o
 .data          0x00000000        0x0 src/spi_basic.o
 .bss           0x00000000        0x0 src/spi_basic.o
 .text.SPI_ADF_enable
                0x00000000        0xc src/spi_basic.o
 .text.SPI_ADF_disable
                0x00000000        0xc src/spi_basic.o
 .text.SPI_ADF_exchange_byte
                0x00000000       0x1a src/spi_basic.o
 .text.SPI_ADF_exchange_block
                0x00000000       0x24 src/spi_basic.o
 .text.SPI_ADF_write_block
                0x00000000       0x20 src/spi_basic.o
 .text.SPI_ADF_read_block
                0x00000000       0x22 src/spi_basic.o
 .text.SPI_LMX_enable
                0x00000000        0xc src/spi_basic.o
 .text.SPI_LMX_disable
                0x00000000        0xc src/spi_basic.o
 .text.SPI_LMX_register_callback
                0x00000000        0xa src/spi_basic.o
 .text.SPI_LMX_status_free
                0x00000000        0xc src/spi_basic.o
 .text.SPI_LMX_status_idle
                0x00000000        0xe src/spi_basic.o
 .text.SPI_LMX_status_busy
                0x00000000        0xe src/spi_basic.o
 .text.SPI_LMX_status_done
                0x00000000        0xe src/spi_basic.o
 .text.SPI_LMX_exchange_byte
                0x00000000       0x28 src/spi_basic.o
 .text.SPI_LMX_exchange_block
                0x00000000       0x1a src/spi_basic.o
 .text.SPI_LMX_write_block
                0x00000000       0x1a src/spi_basic.o
 .text.SPI_LMX_read_block
                0x00000000       0x18 src/spi_basic.o
 .text          0x00000000        0x0 src/tcb.o
 .data          0x00000000        0x0 src/tcb.o
 .bss           0x00000000        0x0 src/tcb.o
 .text          0x00000000        0x0 src/tcd.o
 .data          0x00000000        0x0 src/tcd.o
 .bss           0x00000000        0x0 src/tcd.o
 .text          0x00000000        0x0 src/usart_basic.o
 .data          0x00000000        0x0 src/usart_basic.o
 .bss           0x00000000        0x0 src/usart_basic.o
 .text.USART_0_enable
                0x00000000        0xc src/usart_basic.o
 .text.USART_0_enable_rx
                0x00000000        0xc src/usart_basic.o
 .text.USART_0_enable_tx
                0x00000000        0xc src/usart_basic.o
 .text.USART_0_disable
                0x00000000        0xc src/usart_basic.o
 .text.USART_0_get_data
                0x00000000        0x6 src/usart_basic.o
 .text.USART_0_is_tx_ready
                0x00000000        0xc src/usart_basic.o
 .text.USART_0_is_rx_ready
                0x00000000        0xc src/usart_basic.o
 .text.USART_0_is_tx_busy
                0x00000000       0x14 src/usart_basic.o
 .text.USART_0_read
                0x00000000        0xe src/usart_basic.o
 .text          0x00000000        0x0 src/zcd.o
 .data          0x00000000        0x0 src/zcd.o
 .bss           0x00000000        0x0 src/zcd.o
 .text          0x00000000        0x0 c:/program files (x86)/atmel/studio/7.0/toolchain/avr8/avr8-gnu-toolchain/bin/../lib/gcc/avr/5.4.0/avrxmega4\libgcc.a(_exit.o)
 .data          0x00000000        0x0 c:/program files (x86)/atmel/studio/7.0/toolchain/avr8/avr8-gnu-toolchain/bin/../lib/gcc/avr/5.4.0/avrxmega4\libgcc.a(_exit.o)
 .bss           0x00000000        0x0 c:/program files (x86)/atmel/studio/7.0/toolchain/avr8/avr8-gnu-toolchain/bin/../lib/gcc/avr/5.4.0/avrxmega4\libgcc.a(_exit.o)
 .text.libgcc.mul
                0x00000000        0x0 c:/program files (x86)/atmel/studio/7.0/toolchain/avr8/avr8-gnu-toolchain/bin/../lib/gcc/avr/5.4.0/avrxmega4\libgcc.a(_exit.o)
 .text.libgcc.div
                0x00000000        0x0 c:/program files (x86)/atmel/studio/7.0/toolchain/avr8/avr8-gnu-toolchain/bin/../lib/gcc/avr/5.4.0/avrxmega4\libgcc.a(_exit.o)
 .text.libgcc   0x00000000        0x0 c:/program files (x86)/atmel/studio/7.0/toolchain/avr8/avr8-gnu-toolchain/bin/../lib/gcc/avr/5.4.0/avrxmega4\libgcc.a(_exit.o)
 .text.libgcc.prologue
                0x00000000        0x0 c:/program files (x86)/atmel/studio/7.0/toolchain/avr8/avr8-gnu-toolchain/bin/../lib/gcc/avr/5.4.0/avrxmega4\libgcc.a(_exit.o)
 .text.libgcc.builtins
                0x00000000        0x0 c:/program files (x86)/atmel/studio/7.0/toolchain/avr8/avr8-gnu-toolchain/bin/../lib/gcc/avr/5.4.0/avrxmega4\libgcc.a(_exit.o)
 .text.libgcc.fmul
                0x00000000        0x0 c:/program files (x86)/atmel/studio/7.0/toolchain/avr8/avr8-gnu-toolchain/bin/../lib/gcc/avr/5.4.0/avrxmega4\libgcc.a(_exit.o)
 .text.libgcc.fixed
                0x00000000        0x0 c:/program files (x86)/atmel/studio/7.0/toolchain/avr8/avr8-gnu-toolchain/bin/../lib/gcc/avr/5.4.0/avrxmega4\libgcc.a(_exit.o)
 .text          0x00000000        0x0 c:/program files (x86)/atmel/studio/7.0/toolchain/avr8/avr8-gnu-toolchain/bin/../lib/gcc/avr/5.4.0/avrxmega4\libgcc.a(_copy_data.o)
 .data          0x00000000        0x0 c:/program files (x86)/atmel/studio/7.0/toolchain/avr8/avr8-gnu-toolchain/bin/../lib/gcc/avr/5.4.0/avrxmega4\libgcc.a(_copy_data.o)
 .bss           0x00000000        0x0 c:/program files (x86)/atmel/studio/7.0/toolchain/avr8/avr8-gnu-toolchain/bin/../lib/gcc/avr/5.4.0/avrxmega4\libgcc.a(_copy_data.o)
 .text.libgcc.mul
                0x00000000        0x0 c:/program files (x86)/atmel/studio/7.0/toolchain/avr8/avr8-gnu-toolchain/bin/../lib/gcc/avr/5.4.0/avrxmega4\libgcc.a(_copy_data.o)
 .text.libgcc.div
                0x00000000        0x0 c:/program files (x86)/atmel/studio/7.0/toolchain/avr8/avr8-gnu-toolchain/bin/../lib/gcc/avr/5.4.0/avrxmega4\libgcc.a(_copy_data.o)
 .text.libgcc   0x00000000        0x0 c:/program files (x86)/atmel/studio/7.0/toolchain/avr8/avr8-gnu-toolchain/bin/../lib/gcc/avr/5.4.0/avrxmega4\libgcc.a(_copy_data.o)
 .text.libgcc.prologue
                0x00000000        0x0 c:/program files (x86)/atmel/studio/7.0/toolchain/avr8/avr8-gnu-toolchain/bin/../lib/gcc/avr/5.4.0/avrxmega4\libgcc.a(_copy_data.o)
 .text.libgcc.builtins
                0x00000000        0x0 c:/program files (x86)/atmel/studio/7.0/toolchain/avr8/avr8-gnu-toolchain/bin/../lib/gcc/avr/5.4.0/avrxmega4\libgcc.a(_copy_data.o)
 .text.libgcc.fmul
                0x00000000        0x0 c:/program files (x86)/atmel/studio/7.0/toolchain/avr8/avr8-gnu-toolchain/bin/../lib/gcc/avr/5.4.0/avrxmega4\libgcc.a(_copy_data.o)
 .text.libgcc.fixed
                0x00000000        0x0 c:/program files (x86)/atmel/studio/7.0/toolchain/avr8/avr8-gnu-toolchain/bin/../lib/gcc/avr/5.4.0/avrxmega4\libgcc.a(_copy_data.o)
 .text          0x00000000        0x0 c:/program files (x86)/atmel/studio/7.0/toolchain/avr8/avr8-gnu-toolchain/bin/../lib/gcc/avr/5.4.0/avrxmega4\libgcc.a(_clear_bss.o)
 .data          0x00000000        0x0 c:/program files (x86)/atmel/studio/7.0/toolchain/avr8/avr8-gnu-toolchain/bin/../lib/gcc/avr/5.4.0/avrxmega4\libgcc.a(_clear_bss.o)
 .bss           0x00000000        0x0 c:/program files (x86)/atmel/studio/7.0/toolchain/avr8/avr8-gnu-toolchain/bin/../lib/gcc/avr/5.4.0/avrxmega4\libgcc.a(_clear_bss.o)
 .text.libgcc.mul
                0x00000000        0x0 c:/program files (x86)/atmel/studio/7.0/toolchain/avr8/avr8-gnu-toolchain/bin/../lib/gcc/avr/5.4.0/avrxmega4\libgcc.a(_clear_bss.o)
 .text.libgcc.div
                0x00000000        0x0 c:/program files (x86)/atmel/studio/7.0/toolchain/avr8/avr8-gnu-toolchain/bin/../lib/gcc/avr/5.4.0/avrxmega4\libgcc.a(_clear_bss.o)
 .text.libgcc   0x00000000        0x0 c:/program files (x86)/atmel/studio/7.0/toolchain/avr8/avr8-gnu-toolchain/bin/../lib/gcc/avr/5.4.0/avrxmega4\libgcc.a(_clear_bss.o)
 .text.libgcc.prologue
                0x00000000        0x0 c:/program files (x86)/atmel/studio/7.0/toolchain/avr8/avr8-gnu-toolchain/bin/../lib/gcc/avr/5.4.0/avrxmega4\libgcc.a(_clear_bss.o)
 .text.libgcc.builtins
                0x00000000        0x0 c:/program files (x86)/atmel/studio/7.0/toolchain/avr8/avr8-gnu-toolchain/bin/../lib/gcc/avr/5.4.0/avrxmega4\libgcc.a(_clear_bss.o)
 .text.libgcc.fmul
                0x00000000        0x0 c:/program files (x86)/atmel/studio/7.0/toolchain/avr8/avr8-gnu-toolchain/bin/../lib/gcc/avr/5.4.0/avrxmega4\libgcc.a(_clear_bss.o)
 .text.libgcc.fixed
                0x00000000        0x0 c:/program files (x86)/atmel/studio/7.0/toolchain/avr8/avr8-gnu-toolchain/bin/../lib/gcc/avr/5.4.0/avrxmega4\libgcc.a(_clear_bss.o)
 .text          0x00000000        0x0 c:/program files (x86)/atmel/studio/7.0/toolchain/avr8/avr8-gnu-toolchain/bin/../lib/gcc/avr/5.4.0/../../../../avr/lib/avrxmega4\libc.a(strncmp.o)
 .data          0x00000000        0x0 c:/program files (x86)/atmel/studio/7.0/toolchain/avr8/avr8-gnu-toolchain/bin/../lib/gcc/avr/5.4.0/../../../../avr/lib/avrxmega4\libc.a(strncmp.o)
 .bss           0x00000000        0x0 c:/program files (x86)/atmel/studio/7.0/toolchain/avr8/avr8-gnu-toolchain/bin/../lib/gcc/avr/5.4.0/../../../../avr/lib/avrxmega4\libc.a(strncmp.o)
 .text.avr-libc
                0x00000000       0x1c c:/program files (x86)/atmel/studio/7.0/toolchain/avr8/avr8-gnu-toolchain/bin/../lib/gcc/avr/5.4.0/../../../../avr/lib/avrxmega4\libc.a(strncmp.o)
 .text          0x00000000        0x0 c:/program files (x86)/atmel/studio/7.0/toolchain/avr8/avr8-gnu-toolchain/bin/../lib/gcc/avr/5.4.0/../../../../avr/lib/avrxmega4\libc.a(iob.o)
 .data          0x00000000        0x0 c:/program files (x86)/atmel/studio/7.0/toolchain/avr8/avr8-gnu-toolchain/bin/../lib/gcc/avr/5.4.0/../../../../avr/lib/avrxmega4\libc.a(iob.o)
 .bss           0x00000000        0x0 c:/program files (x86)/atmel/studio/7.0/toolchain/avr8/avr8-gnu-toolchain/bin/../lib/gcc/avr/5.4.0/../../../../avr/lib/avrxmega4\libc.a(iob.o)
 .text          0x00000000        0x0 c:/program files (x86)/atmel/studio/7.0/toolchain/avr8/avr8-gnu-toolchain/bin/../lib/gcc/avr/5.4.0/../../../../avr/lib/avrxmega4\libc.a(printf.o)
 .data          0x00000000        0x0 c:/program files (x86)/atmel/studio/7.0/toolchain/avr8/avr8-gnu-toolchain/bin/../lib/gcc/avr/5.4.0/../../../../avr/lib/avrxmega4\libc.a(printf.o)
 .bss           0x00000000        0x0 c:/program files (x86)/atmel/studio/7.0/toolchain/avr8/avr8-gnu-toolchain/bin/../lib/gcc/avr/5.4.0/../../../../avr/lib/avrxmega4\libc.a(printf.o)
 .text          0x00000000        0x0 c:/program files (x86)/atmel/studio/7.0/toolchain/avr8/avr8-gnu-toolchain/bin/../lib/gcc/avr/5.4.0/../../../../avr/lib/avrxmega4\libc.a(vfprintf_std.o)
 .data          0x00000000        0x0 c:/program files (x86)/atmel/studio/7.0/toolchain/avr8/avr8-gnu-toolchain/bin/../lib/gcc/avr/5.4.0/../../../../avr/lib/avrxmega4\libc.a(vfprintf_std.o)
 .bss           0x00000000        0x0 c:/program files (x86)/atmel/studio/7.0/toolchain/avr8/avr8-gnu-toolchain/bin/../lib/gcc/avr/5.4.0/../../../../avr/lib/avrxmega4\libc.a(vfprintf_std.o)
 .text          0x00000000        0x0 c:/program files (x86)/atmel/studio/7.0/toolchain/avr8/avr8-gnu-toolchain/bin/../lib/gcc/avr/5.4.0/../../../../avr/lib/avrxmega4\libc.a(strnlen_P.o)
 .data          0x00000000        0x0 c:/program files (x86)/atmel/studio/7.0/toolchain/avr8/avr8-gnu-toolchain/bin/../lib/gcc/avr/5.4.0/../../../../avr/lib/avrxmega4\libc.a(strnlen_P.o)
 .bss           0x00000000        0x0 c:/program files (x86)/atmel/studio/7.0/toolchain/avr8/avr8-gnu-toolchain/bin/../lib/gcc/avr/5.4.0/../../../../avr/lib/avrxmega4\libc.a(strnlen_P.o)
 .text          0x00000000        0x0 c:/program files (x86)/atmel/studio/7.0/toolchain/avr8/avr8-gnu-toolchain/bin/../lib/gcc/avr/5.4.0/../../../../avr/lib/avrxmega4\libc.a(strnlen.o)
 .data          0x00000000        0x0 c:/program files (x86)/atmel/studio/7.0/toolchain/avr8/avr8-gnu-toolchain/bin/../lib/gcc/avr/5.4.0/../../../../avr/lib/avrxmega4\libc.a(strnlen.o)
 .bss           0x00000000        0x0 c:/program files (x86)/atmel/studio/7.0/toolchain/avr8/avr8-gnu-toolchain/bin/../lib/gcc/avr/5.4.0/../../../../avr/lib/avrxmega4\libc.a(strnlen.o)
 .text          0x00000000        0x0 c:/program files (x86)/atmel/studio/7.0/toolchain/avr8/avr8-gnu-toolchain/bin/../lib/gcc/avr/5.4.0/../../../../avr/lib/avrxmega4\libc.a(fputc.o)
 .data          0x00000000        0x0 c:/program files (x86)/atmel/studio/7.0/toolchain/avr8/avr8-gnu-toolchain/bin/../lib/gcc/avr/5.4.0/../../../../avr/lib/avrxmega4\libc.a(fputc.o)
 .bss           0x00000000        0x0 c:/program files (x86)/atmel/studio/7.0/toolchain/avr8/avr8-gnu-toolchain/bin/../lib/gcc/avr/5.4.0/../../../../avr/lib/avrxmega4\libc.a(fputc.o)
 .text          0x00000000        0x0 c:/program files (x86)/atmel/studio/7.0/toolchain/avr8/avr8-gnu-toolchain/bin/../lib/gcc/avr/5.4.0/../../../../avr/lib/avrxmega4\libc.a(ultoa_invert.o)
 .data          0x00000000        0x0 c:/program files (x86)/atmel/studio/7.0/toolchain/avr8/avr8-gnu-toolchain/bin/../lib/gcc/avr/5.4.0/../../../../avr/lib/avrxmega4\libc.a(ultoa_invert.o)
 .bss           0x00000000        0x0 c:/program files (x86)/atmel/studio/7.0/toolchain/avr8/avr8-gnu-toolchain/bin/../lib/gcc/avr/5.4.0/../../../../avr/lib/avrxmega4\libc.a(ultoa_invert.o)

Memory Configuration

Name             Origin             Length             Attributes
text             0x00000000         0x00020000         xr
data             0x00804000         0x00004000         rw !x
eeprom           0x00810000         0x00000200         rw !x
fuse             0x00820000         0x00000010         rw !x
lock             0x00830000         0x00000400         rw !x
signature        0x00840000         0x00000400         rw !x
user_signatures  0x00850000         0x00000400         rw !x
*default*        0x00000000         0xffffffff

Linker script and memory map

Address of section .data set to 0x804000
                0x00008000                __RODATA_PM_OFFSET__ = 0x8000
LOAD C:/Program Files (x86)/Atmel/Studio/7.0/Packs/Atmel/AVR-Dx_DFP/1.7.85/gcc/dev/avr128db48/avrxmega4/crtavr128db48.o
LOAD atmel_start.o
LOAD driver_isr.o
LOAD examples/src/spi_basic_example.o
LOAD examples/src/usart_basic_example.o
LOAD main.o
LOAD src/bod.o
LOAD src/clkctrl.o
LOAD src/cpuint.o
LOAD src/driver_init.o
LOAD src/evsys.o
LOAD src/opamp_basic.o
LOAD src/protected_io.o
LOAD src/rtc.o
LOAD src/slpctrl.o
LOAD src/spi_basic.o
LOAD src/tcb.o
LOAD src/tcd.o
LOAD src/usart_basic.o
LOAD src/zcd.o
START GROUP
LOAD c:/program files (x86)/atmel/studio/7.0/toolchain/avr8/avr8-gnu-toolchain/bin/../lib/gcc/avr/5.4.0/../../../../avr/lib/avrxmega4\libm.a
END GROUP
START GROUP
LOAD c:/program files (x86)/atmel/studio/7.0/toolchain/avr8/avr8-gnu-toolchain/bin/../lib/gcc/avr/5.4.0/avrxmega4\libgcc.a
LOAD c:/program files (x86)/atmel/studio/7.0/toolchain/avr8/avr8-gnu-toolchain/bin/../lib/gcc/avr/5.4.0/../../../../avr/lib/avrxmega4\libm.a
LOAD c:/program files (x86)/atmel/studio/7.0/toolchain/avr8/avr8-gnu-toolchain/bin/../lib/gcc/avr/5.4.0/../../../../avr/lib/avrxmega4\libc.a
LOAD C:/Program Files (x86)/Atmel/Studio/7.0/Packs/Atmel/AVR-Dx_DFP/1.7.85/gcc/dev/avr128db48/avrxmega4\libavr128db48.a
END GROUP
                [0x00000000]                __TEXT_REGION_ORIGIN__ = DEFINED (__TEXT_REGION_ORIGIN__)?__TEXT_REGION_ORIGIN__:0x0
                [0x00804000]                __DATA_REGION_ORIGIN__ = DEFINED (__DATA_REGION_ORIGIN__)?__DATA_REGION_ORIGIN__:0x802000
                [0x00020000]                __TEXT_REGION_LENGTH__ = DEFINED (__TEXT_REGION_LENGTH__)?__TEXT_REGION_LENGTH__:0x100000
                [0x00004000]                __DATA_REGION_LENGTH__ = DEFINED (__DATA_REGION_LENGTH__)?__DATA_REGION_LENGTH__:0xffa0
                [0x00000200]                __EEPROM_REGION_LENGTH__ = DEFINED (__EEPROM_REGION_LENGTH__)?__EEPROM_REGION_LENGTH__:0x10000
                [0x00000010]                __FUSE_REGION_LENGTH__ = DEFINED (__FUSE_REGION_LENGTH__)?__FUSE_REGION_LENGTH__:0x400
                0x00000400                __LOCK_REGION_LENGTH__ = DEFINED (__LOCK_REGION_LENGTH__)?__LOCK_REGION_LENGTH__:0x400
                0x00000400                __SIGNATURE_REGION_LENGTH__ = DEFINED (__SIGNATURE_REGION_LENGTH__)?__SIGNATURE_REGION_LENGTH__:0x400
                0x00000400                __USER_SIGNATURE_REGION_LENGTH__ = DEFINED (__USER_SIGNATURE_REGION_LENGTH__)?__USER_SIGNATURE_REGION_LENGTH__:0x400

.hash
 *(.hash)

.dynsym
 *(.dynsym)

.dynstr
 *(.dynstr)

.gnu.version
 *(.gnu.version)

.gnu.version_d
 *(.gnu.version_d)

.gnu.version_r
 *(.gnu.version_r)

.rel.init
 *(.rel.init)

.rela.init
 *(.rela.init)

.rel.text
 *(.rel.text)
 *(.rel.text.*)
 *(.rel.gnu.linkonce.t*)

.rela.text
 *(.rela.text)
 *(.rela.text.*)
 *(.rela.gnu.linkonce.t*)

.rel.fini
 *(.rel.fini)

.rela.fini
 *(.rela.fini)

.rel.rodata
 *(.rel.rodata)
 *(.rel.rodata.*)
 *(.rel.gnu.linkonce.r*)

.rela.rodata
 *(.rela.rodata)
 *(.rela.rodata.*)
 *(.rela.gnu.linkonce.r*)

.rel.data
 *(.rel.data)
 *(.rel.data.*)
 *(.rel.gnu.linkonce.d*)

.rela.data
 *(.rela.data)
 *(.rela.data.*)
 *(.rela.gnu.linkonce.d*)

.rel.ctors
 *(.rel.ctors)

.rela.ctors
 *(.rela.ctors)

.rel.dtors
 *(.rel.dtors)

.rela.dtors
 *(.rela.dtors)

.rel.got
 *(.rel.got)

.rela.got
 *(.rela.got)

.rel.bss
 *(.rel.bss)

.rela.bss
 *(.rela.bss)

.rel.plt
 *(.rel.plt)

.rela.plt
 *(.rela.plt)

.text           0x00000000      0xc1a
 *(.vectors)
 .vectors       0x00000000       0xf4 C:/Program Files (x86)/Atmel/Studio/7.0/Packs/Atmel/AVR-Dx_DFP/1.7.85/gcc/dev/avr128db48/avrxmega4/crtavr128db48.o
                0x00000000                __vector_default
                0x00000000                __vectors
 *(.vectors)
 *(.progmem.gcc*)
                0x000000f4                . = ALIGN (0x2)
                0x000000f4                __trampolines_start = .
 *(.trampolines)
 .trampolines   0x000000f4        0x0 linker stubs
 *(.trampolines*)
                0x000000f4                __trampolines_end = .
 *libprintf_flt.a:*(.progmem.data)
 *libc.a:*(.progmem.data)
 *(.progmem*)
                0x000000f4                . = ALIGN (0x2)
 *(.jumptables)
 *(.jumptables*)
 *(.lowtext)
 *(.lowtext*)
                0x000000f4                __ctors_start = .
 *(.ctors)
                0x000000f4                __ctors_end = .
                0x000000f4                __dtors_start = .
 *(.dtors)
                0x000000f4                __dtors_end = .
 SORT(*)(.ctors)
 SORT(*)(.dtors)
 *(.init0)
 .init0         0x000000f4        0x0 C:/Program Files (x86)/Atmel/Studio/7.0/Packs/Atmel/AVR-Dx_DFP/1.7.85/gcc/dev/avr128db48/avrxmega4/crtavr128db48.o
                0x000000f4                __init
 *(.init0)
 *(.init1)
 *(.init1)
 *(.init2)
 .init2         0x000000f4        0xc C:/Program Files (x86)/Atmel/Studio/7.0/Packs/Atmel/AVR-Dx_DFP/1.7.85/gcc/dev/avr128db48/avrxmega4/crtavr128db48.o
 *(.init2)
 *(.init3)
 *(.init3)
 *(.init4)
 .init4         0x00000100       0x1a c:/program files (x86)/atmel/studio/7.0/toolchain/avr8/avr8-gnu-toolchain/bin/../lib/gcc/avr/5.4.0/avrxmega4\libgcc.a(_copy_data.o)
                0x00000100                __do_copy_data
 .init4         0x0000011a       0x10 c:/program files (x86)/atmel/studio/7.0/toolchain/avr8/avr8-gnu-toolchain/bin/../lib/gcc/avr/5.4.0/avrxmega4\libgcc.a(_clear_bss.o)
                0x0000011a                __do_clear_bss
 *(.init4)
 *(.init5)
 *(.init5)
 *(.init6)
 *(.init6)
 *(.init7)
 *(.init7)
 *(.init8)
 *(.init8)
 *(.init9)
 .init9         0x0000012a        0x8 C:/Program Files (x86)/Atmel/Studio/7.0/Packs/Atmel/AVR-Dx_DFP/1.7.85/gcc/dev/avr128db48/avrxmega4/crtavr128db48.o
 *(.init9)
 *(.text)
 .text          0x00000132        0x4 C:/Program Files (x86)/Atmel/Studio/7.0/Packs/Atmel/AVR-Dx_DFP/1.7.85/gcc/dev/avr128db48/avrxmega4/crtavr128db48.o
                0x00000132                __vector_38
                0x00000132                __vector_22
                0x00000132                __vector_1
                0x00000132                __vector_32
                0x00000132                __vector_34
                0x00000132                __vector_24
                0x00000132                __vector_12
                0x00000132                __vector_55
                0x00000132                __vector_46
                0x00000132                __bad_interrupt
                0x00000132                __vector_6
                0x00000132                __vector_35
                0x00000132                __vector_39
                0x00000132                __vector_3
                0x00000132                __vector_23
                0x00000132                __vector_30
                0x00000132                __vector_45
                0x00000132                __vector_25
                0x00000132                __vector_11
                0x00000132                __vector_54
                0x00000132                __vector_13
                0x00000132                __vector_19
                0x00000132                __vector_56
                0x00000132                __vector_7
                0x00000132                __vector_49
                0x00000132                __vector_41
                0x00000132                __vector_43
                0x00000132                __vector_27
                0x00000132                __vector_33
                0x00000132                __vector_47
                0x00000132                __vector_4
                0x00000132                __vector_44
                0x00000132                __vector_51
                0x00000132                __vector_9
                0x00000132                __vector_2
                0x00000132                __vector_21
                0x00000132                __vector_15
                0x00000132                __vector_36
                0x00000132                __vector_58
                0x00000132                __vector_29
                0x00000132                __vector_60
                0x00000132                __vector_40
                0x00000132                __vector_8
                0x00000132                __vector_26
                0x00000132                __vector_48
                0x00000132                __vector_57
                0x00000132                __vector_53
                0x00000132                __vector_10
                0x00000132                __vector_50
                0x00000132                __vector_16
                0x00000132                __vector_59
                0x00000132                __vector_18
                0x00000132                __vector_20
                0x00000132                __vector_42
                0x00000136                . = ALIGN (0x2)
 *(.text.*)
 .text.atmel_start_init
                0x00000136        0x6 atmel_start.o
                0x00000136                atmel_start_init
 .text.__vector_28
                0x0000013c       0x1e driver_isr.o
                0x0000013c                __vector_28
 .text.__vector_52
                0x0000015a       0x1e driver_isr.o
                0x0000015a                __vector_52
 .text.__vector_14
                0x00000178       0x1e driver_isr.o
                0x00000178                __vector_14
 .text.__vector_31
                0x00000196       0x1e driver_isr.o
                0x00000196                __vector_31
 .text.__vector_17
                0x000001b4       0x1e driver_isr.o
                0x000001b4                __vector_17
 .text.RTC_enable
                0x000001d2       0x14 main.o
                0x000001d2                RTC_enable
 .text.__vector_5
                0x000001e6       0x24 main.o
                0x000001e6                __vector_5
 .text.main     0x0000020a       0x34 main.o
                0x0000020a                main
 .text.BOD_init
                0x0000023e        0x8 src/bod.o
                0x0000023e                BOD_init
 .text.CLKCTRL_init
                0x00000246       0x3c src/clkctrl.o
                0x00000246                CLKCTRL_init
 .text.CPUINT_init
                0x00000282        0x6 src/cpuint.o
                0x00000282                CPUINT_init
 .text.mcu_init
                0x00000288       0x92 src/driver_init.o
                0x00000288                mcu_init
 .text.OPERATIONAL_AMPLIFIER_0_initialization
                0x0000031a       0x2a src/driver_init.o
                0x0000031a                OPERATIONAL_AMPLIFIER_0_initialization
 .text.USART_0_initialization
                0x00000344       0x22 src/driver_init.o
                0x00000344                USART_0_initialization
 .text.EVENT_SYSTEM_0_initialization
                0x00000366        0x6 src/driver_init.o
                0x00000366                EVENT_SYSTEM_0_initialization
 .text.ZCD_Rising_initialization
                0x0000036c       0x18 src/driver_init.o
                0x0000036c                ZCD_Rising_initialization
 .text.ZCD_Falling_initialization
                0x00000384       0x18 src/driver_init.o
                0x00000384                ZCD_Falling_initialization
 .text.SPI_ADF_initialization
                0x0000039c       0x2e src/driver_init.o
                0x0000039c                SPI_ADF_initialization
 .text.SPI_LMX_initialization
                0x000003ca       0x2e src/driver_init.o
                0x000003ca                SPI_LMX_initialization
 .text.TIMER_RISING_initialization
                0x000003f8        0x6 src/driver_init.o
                0x000003f8                TIMER_RISING_initialization
 .text.TIMER_Falling_initialization
                0x000003fe        0x6 src/driver_init.o
                0x000003fe                TIMER_Falling_initialization
 .text.TIMER_C_initialization
                0x00000404        0x6 src/driver_init.o
                0x00000404                TIMER_C_initialization
 .text.system_init
                0x0000040a       0x72 src/driver_init.o
                0x0000040a                system_init
 .text.EVENT_SYSTEM_0_init
                0x0000047c       0x22 src/evsys.o
                0x0000047c                EVENT_SYSTEM_0_init
 .text.OPERATIONAL_AMPLIFIER_0_init
                0x0000049e       0x20 src/opamp_basic.o
                0x0000049e                OPERATIONAL_AMPLIFIER_0_init
 .text.protected_write_io
                0x000004be        0xa src/protected_io.o
                0x000004be                protected_write_io
 .text.RTC_0_init
                0x000004c8       0x22 src/rtc.o
                0x000004c8                RTC_0_init
 .text.SLPCTRL_init
                0x000004ea        0x4 src/slpctrl.o
                0x000004ea                SLPCTRL_init
 .text.SPI_ADF_init
                0x000004ee       0x12 src/spi_basic.o
                0x000004ee                SPI_ADF_init
 .text.SPI_LMX_init
                0x00000500       0x18 src/spi_basic.o
                0x00000500                SPI_LMX_init
 .text.__vector_37
                0x00000518       0xae src/spi_basic.o
                0x00000518                __vector_37
 .text.TIMER_RISING_init
                0x000005c6       0x24 src/tcb.o
                0x000005c6                TIMER_RISING_init
 .text.TIMER_Falling_init
                0x000005ea       0x18 src/tcb.o
                0x000005ea                TIMER_Falling_init
 .text.TIMER_C_init
                0x00000602       0x2c src/tcd.o
                0x00000602                TIMER_C_init
 .text.USART_0_init
                0x0000062e       0x20 src/usart_basic.o
                0x0000062e                USART_0_init
 .text.USART_0_write
                0x0000064e        0xe src/usart_basic.o
                0x0000064e                USART_0_write
 .text.USART_0_printCHAR
                0x0000065c        0xa src/usart_basic.o
                0x0000065c                USART_0_printCHAR
 .text.ZCD_Rising_init
                0x00000666       0x10 src/zcd.o
                0x00000666                ZCD_Rising_init
 .text.ZCD_Falling_init
                0x00000676       0x10 src/zcd.o
                0x00000676                ZCD_Falling_init
 .text.avr-libc
                0x00000686       0x28 c:/program files (x86)/atmel/studio/7.0/toolchain/avr8/avr8-gnu-toolchain/bin/../lib/gcc/avr/5.4.0/../../../../avr/lib/avrxmega4\libc.a(printf.o)
                0x00000686                printf
 .text.avr-libc
                0x000006ae      0x408 c:/program files (x86)/atmel/studio/7.0/toolchain/avr8/avr8-gnu-toolchain/bin/../lib/gcc/avr/5.4.0/../../../../avr/lib/avrxmega4\libc.a(vfprintf_std.o)
                0x000006ae                vfprintf
 .text.avr-libc
                0x00000ab6       0x16 c:/program files (x86)/atmel/studio/7.0/toolchain/avr8/avr8-gnu-toolchain/bin/../lib/gcc/avr/5.4.0/../../../../avr/lib/avrxmega4\libc.a(strnlen_P.o)
                0x00000ab6                strnlen_P
 .text.avr-libc
                0x00000acc       0x16 c:/program files (x86)/atmel/studio/7.0/toolchain/avr8/avr8-gnu-toolchain/bin/../lib/gcc/avr/5.4.0/../../../../avr/lib/avrxmega4\libc.a(strnlen.o)
                0x00000acc                strnlen
 .text.avr-libc
                0x00000ae2       0x78 c:/program files (x86)/atmel/studio/7.0/toolchain/avr8/avr8-gnu-toolchain/bin/../lib/gcc/avr/5.4.0/../../../../avr/lib/avrxmega4\libc.a(fputc.o)
                0x00000ae2                fputc
 .text.avr-libc
                0x00000b5a       0xbc c:/program files (x86)/atmel/studio/7.0/toolchain/avr8/avr8-gnu-toolchain/bin/../lib/gcc/avr/5.4.0/../../../../avr/lib/avrxmega4\libc.a(ultoa_invert.o)
                0x00000b5a                __ultoa_invert
                0x00000c16                . = ALIGN (0x2)
 *(.fini9)
 .fini9         0x00000c16        0x0 c:/program files (x86)/atmel/studio/7.0/toolchain/avr8/avr8-gnu-toolchain/bin/../lib/gcc/avr/5.4.0/avrxmega4\libgcc.a(_exit.o)
                0x00000c16                _exit
                0x00000c16                exit
 *(.fini9)
 *(.fini8)
 *(.fini8)
 *(.fini7)
 *(.fini7)
 *(.fini6)
 *(.fini6)
 *(.fini5)
 *(.fini5)
 *(.fini4)
 *(.fini4)
 *(.fini3)
 *(.fini3)
 *(.fini2)
 *(.fini2)
 *(.fini1)
 *(.fini1)
 *(.fini0)
 .fini0         0x00000c16        0x4 c:/program files (x86)/atmel/studio/7.0/toolchain/avr8/avr8-gnu-toolchain/bin/../lib/gcc/avr/5.4.0/avrxmega4\libgcc.a(_exit.o)
 *(.fini0)
                0x00000c1a                _etext = .

.data           0x00804000       0x18 load address 0x00000c1a
                0x00804000                PROVIDE (__data_start, .)
 *(.data)
 *(.data*)
 .data.USART_0_stream
                0x00804000        0xe src/usart_basic.o
                0x00804000                USART_0_stream
 *(.gnu.linkonce.d*)
 *(.rodata)
 *(.rodata*)
 .rodata.str1.1
                0x0080400e        0x9 main.o
 *(.gnu.linkonce.r*)
                0x00804018                . = ALIGN (0x2)
 *fill*         0x00804017        0x1 
                0x00804018                _edata = .
                0x00804018                PROVIDE (__data_end, .)

.bss            0x00804018        0xe
                0x00804018                PROVIDE (__bss_start, .)
 *(.bss)
 *(.bss*)
 .bss.SPI_LMX_desc
                0x00804018        0x7 src/spi_basic.o
 .bss.SPI_ADF_desc
                0x0080401f        0x1 src/spi_basic.o
 *(COMMON)
 COMMON         0x00804020        0x6 c:/program files (x86)/atmel/studio/7.0/toolchain/avr8/avr8-gnu-toolchain/bin/../lib/gcc/avr/5.4.0/../../../../avr/lib/avrxmega4\libc.a(iob.o)
                0x00804020                __iob
                0x00804026                PROVIDE (__bss_end, .)
                0x00000c1a                __data_load_start = LOADADDR (.data)
                0x00000c32                __data_load_end = (__data_load_start + SIZEOF (.data))

.noinit         0x00804026        0x0
                [!provide]                PROVIDE (__noinit_start, .)
 *(.noinit*)
                [!provide]                PROVIDE (__noinit_end, .)
                0x00804026                _end = .
                [!provide]                PROVIDE (__heap_start, .)

.eeprom         0x00810000        0x0
 *(.eeprom*)
                0x00810000                __eeprom_end = .

.fuse
 *(.fuse)
 *(.lfuse)
 *(.hfuse)
 *(.efuse)

.lock
 *(.lock*)

.signature
 *(.signature*)

.user_signatures
 *(.user_signatures*)

.stab
 *(.stab)

.stabstr
 *(.stabstr)

.stab.excl
 *(.stab.excl)

.stab.exclstr
 *(.stab.exclstr)

.stab.index
 *(.stab.index)

.stab.indexstr
 *(.stab.indexstr)

.comment        0x00000000       0x5c
 *(.comment)
 .comment       0x00000000       0x30 atmel_start.o
                                 0x31 (size before relaxing)
 .comment       0x00000030       0x31 driver_isr.o
 .comment       0x00000030       0x31 main.o
 .comment       0x00000030       0x31 src/bod.o
 .comment       0x00000030       0x31 src/clkctrl.o
 .comment       0x00000030       0x31 src/cpuint.o
 .comment       0x00000030       0x31 src/driver_init.o
 .comment       0x00000030       0x31 src/evsys.o
 .comment       0x00000030       0x31 src/opamp_basic.o
 .comment       0x00000030       0x31 src/rtc.o
 .comment       0x00000030       0x31 src/slpctrl.o
 .comment       0x00000030       0x31 src/spi_basic.o
 .comment       0x00000030       0x31 src/tcb.o
 .comment       0x00000030       0x31 src/tcd.o
 .comment       0x00000030       0x31 src/usart_basic.o
 .comment       0x00000030       0x31 src/zcd.o
 .comment       0x00000030       0x31 c:/program files (x86)/atmel/studio/7.0/toolchain/avr8/avr8-gnu-toolchain/bin/../lib/gcc/avr/5.4.0/../../../../avr/lib/avrxmega4\libc.a(iob.o)
 .comment       0x00000030       0x31 c:/program files (x86)/atmel/studio/7.0/toolchain/avr8/avr8-gnu-toolchain/bin/../lib/gcc/avr/5.4.0/../../../../avr/lib/avrxmega4\libc.a(printf.o)
 .comment       0x00000030       0x2c c:/program files (x86)/atmel/studio/7.0/toolchain/avr8/avr8-gnu-toolchain/bin/../lib/gcc/avr/5.4.0/../../../../avr/lib/avrxmega4\libc.a(vfprintf_std.o)
                                 0x2d (size before relaxing)
 .comment       0x0000005c       0x31 c:/program files (x86)/atmel/studio/7.0/toolchain/avr8/avr8-gnu-toolchain/bin/../lib/gcc/avr/5.4.0/../../../../avr/lib/avrxmega4\libc.a(fputc.o)

.note.gnu.avr.deviceinfo
                0x00000000       0x40
 .note.gnu.avr.deviceinfo
                0x00000000       0x40 C:/Program Files (x86)/Atmel/Studio/7.0/Packs/Atmel/AVR-Dx_DFP/1.7.85/gcc/dev/avr128db48/avrxmega4/crtavr128db48.o

.note.gnu.build-id
 *(.note.gnu.build-id)

.debug
 *(.debug)

.line
 *(.line)

.debug_srcinfo
 *(.debug_srcinfo)

.debug_sfnames
 *(.debug_sfnames)

.debug_aranges  0x00000000      0x480
 *(.debug_aranges)
 .debug_aranges
                0x00000000       0x20 atmel_start.o
 .debug_aranges
                0x00000020       0x40 driver_isr.o
 .debug_aranges
                0x00000060       0x30 main.o
 .debug_aranges
                0x00000090       0x20 src/bod.o
 .debug_aranges
                0x000000b0       0x20 src/clkctrl.o
 .debug_aranges
                0x000000d0       0x20 src/cpuint.o
 .debug_aranges
                0x000000f0       0x78 src/driver_init.o
 .debug_aranges
                0x00000168       0x20 src/evsys.o
 .debug_aranges
                0x00000188       0xf0 src/opamp_basic.o
 .debug_aranges
                0x00000278       0x20 src/protected_io.o
 .debug_aranges
                0x00000298       0x20 src/rtc.o
 .debug_aranges
                0x000002b8       0x28 src/slpctrl.o
 .debug_aranges
                0x000002e0       0xb8 src/spi_basic.o
 .debug_aranges
                0x00000398       0x28 src/tcb.o
 .debug_aranges
                0x000003c0       0x20 src/tcd.o
 .debug_aranges
                0x000003e0       0x78 src/usart_basic.o
 .debug_aranges
                0x00000458       0x28 src/zcd.o

.debug_pubnames
 *(.debug_pubnames)

.debug_info     0x00000000     0x8360
 *(.debug_info .gnu.linkonce.wi.*)
 .debug_info    0x00000000     0x2f42 C:/Program Files (x86)/Atmel/Studio/7.0/Packs/Atmel/AVR-Dx_DFP/1.7.85/gcc/dev/avr128db48/avrxmega4/crtavr128db48.o
 .debug_info    0x00002f42       0x9a atmel_start.o
 .debug_info    0x00002fdc      0x6ba driver_isr.o
 .debug_info    0x00003696      0x483 main.o
 .debug_info    0x00003b19      0x188 src/bod.o
 .debug_info    0x00003ca1      0x489 src/clkctrl.o
 .debug_info    0x0000412a       0x8d src/cpuint.o
 .debug_info    0x000041b7     0x157f src/driver_init.o
 .debug_info    0x00005736      0x8b0 src/evsys.o
 .debug_info    0x00005fe6      0xa33 src/opamp_basic.o
 .debug_info    0x00006a19       0xb3 src/protected_io.o
 .debug_info    0x00006acc      0x389 src/rtc.o
 .debug_info    0x00006e55      0x136 src/slpctrl.o
 .debug_info    0x00006f8b      0x592 src/spi_basic.o
 .debug_info    0x0000751d      0x2ae src/tcb.o
 .debug_info    0x000077cb      0x589 src/tcd.o
 .debug_info    0x00007d54      0x492 src/usart_basic.o
 .debug_info    0x000081e6      0x17a src/zcd.o

.debug_abbrev   0x00000000     0x3e73
 *(.debug_abbrev)
 .debug_abbrev  0x00000000     0x2cc2 C:/Program Files (x86)/Atmel/Studio/7.0/Packs/Atmel/AVR-Dx_DFP/1.7.85/gcc/dev/avr128db48/avrxmega4/crtavr128db48.o
 .debug_abbrev  0x00002cc2       0x63 atmel_start.o
 .debug_abbrev  0x00002d25       0xd9 driver_isr.o
 .debug_abbrev  0x00002dfe      0x1fb main.o
 .debug_abbrev  0x00002ff9       0xaf src/bod.o
 .debug_abbrev  0x000030a8      0x131 src/clkctrl.o
 .debug_abbrev  0x000031d9       0x51 src/cpuint.o
 .debug_abbrev  0x0000322a      0x1f2 src/driver_init.o
 .debug_abbrev  0x0000341c       0xaf src/evsys.o
 .debug_abbrev  0x000034cb      0x12f src/opamp_basic.o
 .debug_abbrev  0x000035fa       0x14 src/protected_io.o
 .debug_abbrev  0x0000360e       0xe6 src/rtc.o
 .debug_abbrev  0x000036f4       0xc4 src/slpctrl.o
 .debug_abbrev  0x000037b8      0x226 src/spi_basic.o
 .debug_abbrev  0x000039de       0xf3 src/tcb.o
 .debug_abbrev  0x00003ad1       0xe6 src/tcd.o
 .debug_abbrev  0x00003bb7      0x20d src/usart_basic.o
 .debug_abbrev  0x00003dc4       0xaf src/zcd.o

.debug_line     0x00000000     0x1ff0
 *(.debug_line .debug_line.* .debug_line_end)
 .debug_line    0x00000000      0x205 C:/Program Files (x86)/Atmel/Studio/7.0/Packs/Atmel/AVR-Dx_DFP/1.7.85/gcc/dev/avr128db48/avrxmega4/crtavr128db48.o
 .debug_line    0x00000205       0x60 atmel_start.o
 .debug_line    0x00000265      0x182 driver_isr.o
 .debug_line    0x000003e7      0x237 main.o
 .debug_line    0x0000061e      0x10c src/bod.o
 .debug_line    0x0000072a      0x144 src/clkctrl.o
 .debug_line    0x0000086e       0xab src/cpuint.o
 .debug_line    0x00000919      0x4f5 src/driver_init.o
 .debug_line    0x00000e0e      0x12d src/evsys.o
 .debug_line    0x00000f3b      0x39a src/opamp_basic.o
 .debug_line    0x000012d5       0x5b src/protected_io.o
 .debug_line    0x00001330      0x128 src/rtc.o
 .debug_line    0x00001458      0x120 src/slpctrl.o
 .debug_line    0x00001578      0x44b src/spi_basic.o
 .debug_line    0x000019c3      0x165 src/tcb.o
 .debug_line    0x00001b28      0x134 src/tcd.o
 .debug_line    0x00001c5c      0x260 src/usart_basic.o
 .debug_line    0x00001ebc      0x134 src/zcd.o

.debug_frame    0x00000000      0x7c4
 *(.debug_frame)
 .debug_frame   0x00000000       0x24 atmel_start.o
 .debug_frame   0x00000024       0xb4 driver_isr.o
 .debug_frame   0x000000d8       0x60 main.o
 .debug_frame   0x00000138       0x24 src/bod.o
 .debug_frame   0x0000015c       0x24 src/clkctrl.o
 .debug_frame   0x00000180       0x24 src/cpuint.o
 .debug_frame   0x000001a4       0xd4 src/driver_init.o
 .debug_frame   0x00000278       0x24 src/evsys.o
 .debug_frame   0x0000029c      0x1c4 src/opamp_basic.o
 .debug_frame   0x00000460       0x24 src/rtc.o
 .debug_frame   0x00000484       0x34 src/slpctrl.o
 .debug_frame   0x000004b8      0x1ac src/spi_basic.o
 .debug_frame   0x00000664       0x34 src/tcb.o
 .debug_frame   0x00000698       0x24 src/tcd.o
 .debug_frame   0x000006bc       0xd4 src/usart_basic.o
 .debug_frame   0x00000790       0x34 src/zcd.o

.debug_str      0x00000000     0x55af
 *(.debug_str)
 .debug_str     0x00000000     0x14f0 C:/Program Files (x86)/Atmel/Studio/7.0/Packs/Atmel/AVR-Dx_DFP/1.7.85/gcc/dev/avr128db48/avrxmega4/crtavr128db48.o
 .debug_str     0x000014f0      0x193 atmel_start.o
                                0x1c7 (size before relaxing)
 .debug_str     0x00001683      0x231 driver_isr.o
                                0x3fa (size before relaxing)
 .debug_str     0x000018b4      0x114 main.o
                                0x34b (size before relaxing)
 .debug_str     0x000019c8       0x7e src/bod.o
                                0x26a (size before relaxing)
 .debug_str     0x00001a46      0x352 src/clkctrl.o
                                0x55d (size before relaxing)
 .debug_str     0x00001d98       0x1c src/cpuint.o
                                0x1ba (size before relaxing)
 .debug_str     0x00001db4      0x6a8 src/driver_init.o
                                0x8d8 (size before relaxing)
 .debug_str     0x0000245c     0x13f0 src/evsys.o
                               0x15ed (size before relaxing)
 .debug_str     0x0000384c     0x1250 src/opamp_basic.o
                               0x1465 (size before relaxing)
 .debug_str     0x00004a9c      0x201 src/rtc.o
                                0x491 (size before relaxing)
 .debug_str     0x00004c9d       0xb9 src/slpctrl.o
                                0x27e (size before relaxing)
 .debug_str     0x00004d56      0x30a src/spi_basic.o
                                0x514 (size before relaxing)
 .debug_str     0x00005060      0x130 src/tcb.o
                                0x397 (size before relaxing)
 .debug_str     0x00005190      0x1d7 src/tcd.o
                                0x54e (size before relaxing)
 .debug_str     0x00005367      0x1d5 src/usart_basic.o
                                0x3ff (size before relaxing)
 .debug_str     0x0000553c       0x73 src/zcd.o
                                0x282 (size before relaxing)

.debug_loc      0x00000000      0xe8d
 *(.debug_loc)
 .debug_loc     0x00000000      0x12c driver_isr.o
 .debug_loc     0x0000012c       0xd4 main.o
 .debug_loc     0x00000200       0x7d src/clkctrl.o
 .debug_loc     0x0000027d      0x635 src/driver_init.o
 .debug_loc     0x000008b2      0x1ef src/opamp_basic.o
 .debug_loc     0x00000aa1       0x21 src/slpctrl.o
 .debug_loc     0x00000ac2      0x384 src/spi_basic.o
 .debug_loc     0x00000e46       0x47 src/usart_basic.o

.debug_macinfo
 *(.debug_macinfo)

.debug_weaknames
 *(.debug_weaknames)

.debug_funcnames
 *(.debug_funcnames)

.debug_typenames
 *(.debug_typenames)

.debug_varnames
 *(.debug_varnames)

.debug_pubtypes
 *(.debug_pubtypes)

.debug_ranges   0x00000000      0x360
 *(.debug_ranges)
 .debug_ranges  0x00000000       0x10 atmel_start.o
 .debug_ranges  0x00000010       0x30 driver_isr.o
 .debug_ranges  0x00000040       0x20 main.o
 .debug_ranges  0x00000060       0x10 src/bod.o
 .debug_ranges  0x00000070       0x10 src/clkctrl.o
 .debug_ranges  0x00000080       0x10 src/cpuint.o
 .debug_ranges  0x00000090       0x68 src/driver_init.o
 .debug_ranges  0x000000f8       0x10 src/evsys.o
 .debug_ranges  0x00000108       0xe0 src/opamp_basic.o
 .debug_ranges  0x000001e8       0x10 src/rtc.o
 .debug_ranges  0x000001f8       0x18 src/slpctrl.o
 .debug_ranges  0x00000210       0xa8 src/spi_basic.o
 .debug_ranges  0x000002b8       0x18 src/tcb.o
 .debug_ranges  0x000002d0       0x10 src/tcd.o
 .debug_ranges  0x000002e0       0x68 src/usart_basic.o
 .debug_ranges  0x00000348       0x18 src/zcd.o

.debug_macro
 *(.debug_macro)
OUTPUT(AVR_CURIOSITY_BSP.elf elf32-avr)
LOAD linker stubs
