Archive member included to satisfy reference by file (symbol)

C:\Users\GMATEU~1\DOCUME~1\Trobina\DEVELO~1\Software\ATMEL_~1\ADF561~2\ADF561~1\library\libADF5610_AVR128DB_LIB.a(ADF5610Driver.o)
                              LTC5548HANDLER.o (_ZN14ADF5610_DriverC1Ev)
C:\Users\GMATEU~1\DOCUME~1\Trobina\DEVELO~1\Software\ATMEL_~1\ADF561~2\ADF561~1\library\libADF5610_AVR128DB_LIB.a(SPI_Syn_Class_ADF.o)
                              C:\Users\GMATEU~1\DOCUME~1\Trobina\DEVELO~1\Software\ATMEL_~1\ADF561~2\ADF561~1\library\libADF5610_AVR128DB_LIB.a(ADF5610Driver.o) (_ZN17SPI_Syn_Class_ADFC1Ev)
C:\Users\GMATEU~1\DOCUME~1\Trobina\DEVELO~1\Software\ATMEL_~1\AVR128~1\AVR128~1\Debug\libAVR128DB_BSP.a(atmel_start.o)
                              main.o (atmel_start_init)
C:\Users\GMATEU~1\DOCUME~1\Trobina\DEVELO~1\Software\ATMEL_~1\AVR128~1\AVR128~1\Debug\libAVR128DB_BSP.a(driver_init.o)
                              C:\Users\GMATEU~1\DOCUME~1\Trobina\DEVELO~1\Software\ATMEL_~1\AVR128~1\AVR128~1\Debug\libAVR128DB_BSP.a(atmel_start.o) (system_init)
C:\Users\GMATEU~1\DOCUME~1\Trobina\DEVELO~1\Software\ATMEL_~1\AVR128~1\AVR128~1\Debug\libAVR128DB_BSP.a(evsys.o)
                              C:\Users\GMATEU~1\DOCUME~1\Trobina\DEVELO~1\Software\ATMEL_~1\AVR128~1\AVR128~1\Debug\libAVR128DB_BSP.a(driver_init.o) (EVENT_SYSTEM_0_init)
C:\Users\GMATEU~1\DOCUME~1\Trobina\DEVELO~1\Software\ATMEL_~1\AVR128~1\AVR128~1\Debug\libAVR128DB_BSP.a(opamp_basic.o)
                              C:\Users\GMATEU~1\DOCUME~1\Trobina\DEVELO~1\Software\ATMEL_~1\AVR128~1\AVR128~1\Debug\libAVR128DB_BSP.a(driver_init.o) (OPERATIONAL_AMPLIFIER_0_init)
C:\Users\GMATEU~1\DOCUME~1\Trobina\DEVELO~1\Software\ATMEL_~1\AVR128~1\AVR128~1\Debug\libAVR128DB_BSP.a(rtc.o)
                              C:\Users\GMATEU~1\DOCUME~1\Trobina\DEVELO~1\Software\ATMEL_~1\AVR128~1\AVR128~1\Debug\libAVR128DB_BSP.a(driver_init.o) (RTC_0_init)
C:\Users\GMATEU~1\DOCUME~1\Trobina\DEVELO~1\Software\ATMEL_~1\AVR128~1\AVR128~1\Debug\libAVR128DB_BSP.a(slpctrl.o)
                              C:\Users\GMATEU~1\DOCUME~1\Trobina\DEVELO~1\Software\ATMEL_~1\AVR128~1\AVR128~1\Debug\libAVR128DB_BSP.a(driver_init.o) (SLPCTRL_init)
C:\Users\GMATEU~1\DOCUME~1\Trobina\DEVELO~1\Software\ATMEL_~1\AVR128~1\AVR128~1\Debug\libAVR128DB_BSP.a(spi_basic.o)
                              C:\Users\GMATEU~1\DOCUME~1\Trobina\DEVELO~1\Software\ATMEL_~1\AVR128~1\AVR128~1\Debug\libAVR128DB_BSP.a(driver_init.o) (SPI_ADF_init)
C:\Users\GMATEU~1\DOCUME~1\Trobina\DEVELO~1\Software\ATMEL_~1\AVR128~1\AVR128~1\Debug\libAVR128DB_BSP.a(tcb.o)
                              C:\Users\GMATEU~1\DOCUME~1\Trobina\DEVELO~1\Software\ATMEL_~1\AVR128~1\AVR128~1\Debug\libAVR128DB_BSP.a(driver_init.o) (TIMER_RISING_init)
C:\Users\GMATEU~1\DOCUME~1\Trobina\DEVELO~1\Software\ATMEL_~1\AVR128~1\AVR128~1\Debug\libAVR128DB_BSP.a(tcd.o)
                              C:\Users\GMATEU~1\DOCUME~1\Trobina\DEVELO~1\Software\ATMEL_~1\AVR128~1\AVR128~1\Debug\libAVR128DB_BSP.a(driver_init.o) (TIMER_0_init)
C:\Users\GMATEU~1\DOCUME~1\Trobina\DEVELO~1\Software\ATMEL_~1\AVR128~1\AVR128~1\Debug\libAVR128DB_BSP.a(usart_basic.o)
                              C:\Users\GMATEU~1\DOCUME~1\Trobina\DEVELO~1\Software\ATMEL_~1\AVR128~1\AVR128~1\Debug\libAVR128DB_BSP.a(driver_init.o) (USART_0_init)
C:\Users\GMATEU~1\DOCUME~1\Trobina\DEVELO~1\Software\ATMEL_~1\AVR128~1\AVR128~1\Debug\libAVR128DB_BSP.a(vref.o)
                              C:\Users\GMATEU~1\DOCUME~1\Trobina\DEVELO~1\Software\ATMEL_~1\AVR128~1\AVR128~1\Debug\libAVR128DB_BSP.a(driver_init.o) (VREF_0_init)
C:\Users\GMATEU~1\DOCUME~1\Trobina\DEVELO~1\Software\ATMEL_~1\AVR128~1\AVR128~1\Debug\libAVR128DB_BSP.a(zcd.o)
                              C:\Users\GMATEU~1\DOCUME~1\Trobina\DEVELO~1\Software\ATMEL_~1\AVR128~1\AVR128~1\Debug\libAVR128DB_BSP.a(driver_init.o) (ZCD_RISING_init)
C:\Users\GMATEU~1\DOCUME~1\Trobina\DEVELO~1\Software\ATMEL_~1\AVR128~1\AVR128~1\Debug\libAVR128DB_BSP.a(bod.o)
                              C:\Users\GMATEU~1\DOCUME~1\Trobina\DEVELO~1\Software\ATMEL_~1\AVR128~1\AVR128~1\Debug\libAVR128DB_BSP.a(driver_init.o) (BOD_init)
C:\Users\GMATEU~1\DOCUME~1\Trobina\DEVELO~1\Software\ATMEL_~1\AVR128~1\AVR128~1\Debug\libAVR128DB_BSP.a(clkctrl.o)
                              C:\Users\GMATEU~1\DOCUME~1\Trobina\DEVELO~1\Software\ATMEL_~1\AVR128~1\AVR128~1\Debug\libAVR128DB_BSP.a(driver_init.o) (CLKCTRL_init)
C:\Users\GMATEU~1\DOCUME~1\Trobina\DEVELO~1\Software\ATMEL_~1\AVR128~1\AVR128~1\Debug\libAVR128DB_BSP.a(cpuint.o)
                              C:\Users\GMATEU~1\DOCUME~1\Trobina\DEVELO~1\Software\ATMEL_~1\AVR128~1\AVR128~1\Debug\libAVR128DB_BSP.a(driver_init.o) (CPUINT_init)
C:\Users\GMATEU~1\DOCUME~1\Trobina\DEVELO~1\Software\ATMEL_~1\AVR128~1\AVR128~1\Debug\libAVR128DB_BSP.a(protected_io.o)
                              C:\Users\GMATEU~1\DOCUME~1\Trobina\DEVELO~1\Software\ATMEL_~1\AVR128~1\AVR128~1\Debug\libAVR128DB_BSP.a(clkctrl.o) (protected_write_io)
[...]
Memory Configuration

Name             Origin             Length             Attributes
text             0x00000000         0x00020000         xr
data             0x00804000         0x00004000         rw !x
eeprom           0x00810000         0x00000200         rw !x
fuse             0x00820000         0x00000010         rw !x
lock             0x00830000         0x00000400         rw !x
signature        0x00840000         0x00000400         rw !x
user_signatures  0x00850000         0x00000400         rw !x
*default*        0x00000000         0xffffffff

Linker script and memory map

Address of section .data set to 0x804000
                0x00008000                __RODATA_PM_OFFSET__ = 0x8000
LOAD C:/Program Files (x86)/Atmel/Studio/7.0/Packs/Atmel/AVR-Dx_DFP/1.7.85/gcc/dev/avr128db48/avrxmega4/crtavr128db48.o
LOAD LTC5548HANDLER.o
LOAD main.o
START GROUP
LOAD c:/program files (x86)/atmel/studio/7.0/toolchain/avr8/avr8-gnu-toolchain/bin/../lib/gcc/avr/5.4.0/../../../../avr/lib/avrxmega4\libm.a
LOAD C:\Users\GMATEU~1\DOCUME~1\Trobina\DEVELO~1\Software\ATMEL_~1\ADF561~2\ADF561~1\library\libADF5610_AVR128DB_LIB.a
LOAD C:\Users\GMATEU~1\DOCUME~1\Trobina\DEVELO~1\Software\ATMEL_~1\AVR128~1\AVR128~1\Debug\libAVR128DB_BSP.a
LOAD C:\Users\GMATEU~1\DOCUME~1\Trobina\DEVELO~1\Software\ATMEL_~1\LMX_AV~1\LMX_AV~1\library\libLMX_AVR128DB_LIB.a
LOAD C:\Users\GMATEU~1\DOCUME~1\Trobina\DEVELO~1\Software\ATMEL_~1\ZERO_C~1\ZERO_C~1\Debug\libZero_Cross_Detector_lib.a
END GROUP
LOAD c:/program files (x86)/atmel/studio/7.0/toolchain/avr8/avr8-gnu-toolchain/bin/../lib/gcc/avr/5.4.0/../../../../avr/lib/avrxmega4\libprintf_flt.a
LOAD c:/program files (x86)/atmel/studio/7.0/toolchain/avr8/avr8-gnu-toolchain/bin/../lib/gcc/avr/5.4.0/avrxmega4\libgcc.a
LOAD c:/program files (x86)/atmel/studio/7.0/toolchain/avr8/avr8-gnu-toolchain/bin/../lib/gcc/avr/5.4.0/../../../../avr/lib/avrxmega4\libm.a
START GROUP
LOAD c:/program files (x86)/atmel/studio/7.0/toolchain/avr8/avr8-gnu-toolchain/bin/../lib/gcc/avr/5.4.0/avrxmega4\libgcc.a
LOAD c:/program files (x86)/atmel/studio/7.0/toolchain/avr8/avr8-gnu-toolchain/bin/../lib/gcc/avr/5.4.0/../../../../avr/lib/avrxmega4\libm.a
LOAD c:/program files (x86)/atmel/studio/7.0/toolchain/avr8/avr8-gnu-toolchain/bin/../lib/gcc/avr/5.4.0/../../../../avr/lib/avrxmega4\libc.a
LOAD C:/Program Files (x86)/Atmel/Studio/7.0/Packs/Atmel/AVR-Dx_DFP/1.7.85/gcc/dev/avr128db48/avrxmega4\libavr128db48.a
END GROUP
                [0x00000000]                __TEXT_REGION_ORIGIN__ = DEFINED (__TEXT_REGION_ORIGIN__)?__TEXT_REGION_ORIGIN__:0x0
                [0x00804000]                __DATA_REGION_ORIGIN__ = DEFINED (__DATA_REGION_ORIGIN__)?__DATA_REGION_ORIGIN__:0x802000
                [0x00020000]                __TEXT_REGION_LENGTH__ = DEFINED (__TEXT_REGION_LENGTH__)?__TEXT_REGION_LENGTH__:0x100000
                [0x00004000]                __DATA_REGION_LENGTH__ = DEFINED (__DATA_REGION_LENGTH__)?__DATA_REGION_LENGTH__:0xffa0
                [0x00000200]                __EEPROM_REGION_LENGTH__ = DEFINED (__EEPROM_REGION_LENGTH__)?__EEPROM_REGION_LENGTH__:0x10000
                [0x00000010]                __FUSE_REGION_LENGTH__ = DEFINED (__FUSE_REGION_LENGTH__)?__FUSE_REGION_LENGTH__:0x400
                0x00000400                __LOCK_REGION_LENGTH__ = DEFINED (__LOCK_REGION_LENGTH__)?__LOCK_REGION_LENGTH__:0x400
                0x00000400                __SIGNATURE_REGION_LENGTH__ = DEFINED (__SIGNATURE_REGION_LENGTH__)?__SIGNATURE_REGION_LENGTH__:0x400
                0x00000400                __USER_SIGNATURE_REGION_LENGTH__ = DEFINED (__USER_SIGNATURE_REGION_LENGTH__)?__USER_SIGNATURE_REGION_LENGTH__:0x400

.hash
 *(.hash)

.dynsym
 *(.dynsym)

.dynstr
 *(.dynstr)

.gnu.version
 *(.gnu.version)

.gnu.version_d
 *(.gnu.version_d)

.gnu.version_r
 *(.gnu.version_r)

.rel.init
 *(.rel.init)

.rela.init
 *(.rela.init)

.rel.text
 *(.rel.text)
 *(.rel.text.*)
 *(.rel.gnu.linkonce.t*)

.rela.text
 *(.rela.text)
 *(.rela.text.*)
 *(.rela.gnu.linkonce.t*)

.rel.fini
 *(.rel.fini)

.rela.fini
 *(.rela.fini)

.rel.rodata
 *(.rel.rodata)
 *(.rel.rodata.*)
 *(.rel.gnu.linkonce.r*)

.rela.rodata
 *(.rela.rodata)
 *(.rela.rodata.*)
 *(.rela.gnu.linkonce.r*)

.rel.data
 *(.rel.data)
 *(.rel.data.*)
 *(.rel.gnu.linkonce.d*)

.rela.data
 *(.rela.data)
 *(.rela.data.*)
 *(.rela.gnu.linkonce.d*)

.rel.ctors
 *(.rel.ctors)

.rela.ctors
 *(.rela.ctors)

.rel.dtors
 *(.rel.dtors)

.rela.dtors
 *(.rela.dtors)

.rel.got
 *(.rel.got)

.rela.got
 *(.rela.got)

.rel.bss
 *(.rel.bss)

.rela.bss
 *(.rela.bss)

.rel.plt
 *(.rel.plt)

.rela.plt
 *(.rela.plt)

.text           0x00000000     0x5cc4
 *(.vectors)
 .vectors       0x00000000       0xf4 C:/Program Files (x86)/Atmel/Studio/7.0/Packs/Atmel/AVR-Dx_DFP/1.7.85/gcc/dev/avr128db48/avrxmega4/crtavr128db48.o
                0x00000000                __vector_default
                0x00000000                __vectors
 *(.vectors)
 *(.progmem.gcc*)
 .progmem.gcc_sw_table._ZN14ADF5610_Driver17InitiateRegistersEv
                0x000000f4       0x2e C:\Users\GMATEU~1\DOCUME~1\Trobina\DEVELO~1\Software\ATMEL_~1\ADF561~2\ADF561~1\library\libADF5610_AVR128DB_LIB.a(ADF5610Driver.o)
 .progmem.gcc_sw_table._ZN14ADF5610_Driver18CalculateVCOValuesEv
                0x00000122       0x28 C:\Users\GMATEU~1\DOCUME~1\Trobina\DEVELO~1\Software\ATMEL_~1\ADF561~2\ADF561~1\library\libADF5610_AVR128DB_LIB.a(ADF5610Driver.o)
 .progmem.gcc_fplib
                0x0000014a       0x5a c:/program files (x86)/atmel/studio/7.0/toolchain/avr8/avr8-gnu-toolchain/bin/../lib/gcc/avr/5.4.0/../../../../avr/lib/avrxmega4\libm.a(log.o)
 .progmem.gcc_fplib
                0x000001a4       0x28 c:/program files (x86)/atmel/studio/7.0/toolchain/avr8/avr8-gnu-toolchain/bin/../lib/gcc/avr/5.4.0/../../../../avr/lib/avrxmega4\libm.a(exp.o)
                0x000001cc                . = ALIGN (0x2)
                0x000001cc                __trampolines_start = .
 *(.trampolines)
 .trampolines   0x000001cc        0x0 linker stubs
 *(.trampolines*)
                0x000001cc                __trampolines_end = .
 *libprintf_flt.a:*(.progmem.data)
 .progmem.data  0x000001cc        0x8 c:/program files (x86)/atmel/studio/7.0/toolchain/avr8/avr8-gnu-toolchain/bin/../lib/gcc/avr/5.4.0/../../../../avr/lib/avrxmega4\libprintf_flt.a(vfprintf_flt.o)
 *libc.a:*(.progmem.data)
 .progmem.data  0x000001d4       0xfa c:/program files (x86)/atmel/studio/7.0/toolchain/avr8/avr8-gnu-toolchain/bin/../lib/gcc/avr/5.4.0/../../../../avr/lib/avrxmega4\libc.a(ftoa_engine.o)
 *(.progmem*)
                0x000002ce                . = ALIGN (0x2)
 *(.jumptables)
 *(.jumptables*)
 *(.lowtext)
 *(.lowtext*)
                0x000002ce                __ctors_start = .
 *(.ctors)
 .ctors         0x000002ce        0x2 LTC5548HANDLER.o
 .ctors         0x000002d0        0x2 main.o
 .ctors         0x000002d2        0x2 C:\Users\GMATEU~1\DOCUME~1\Trobina\DEVELO~1\Software\ATMEL_~1\ADF561~2\ADF561~1\library\libADF5610_AVR128DB_LIB.a(ADF5610Driver.o)
 .ctors         0x000002d4        0x2 C:\Users\GMATEU~1\DOCUME~1\Trobina\DEVELO~1\Software\ATMEL_~1\LMX_AV~1\LMX_AV~1\library\libLMX_AVR128DB_LIB.a(lmx2694Handler.o)
                0x000002d6                __ctors_end = .
                0x000002d6                __dtors_start = .
 *(.dtors)
 .dtors         0x000002d6        0x2 LTC5548HANDLER.o
 .dtors         0x000002d8        0x2 main.o
 .dtors         0x000002da        0x2 C:\Users\GMATEU~1\DOCUME~1\Trobina\DEVELO~1\Software\ATMEL_~1\ADF561~2\ADF561~1\library\libADF5610_AVR128DB_LIB.a(ADF5610Driver.o)
 .dtors         0x000002dc        0x2 C:\Users\GMATEU~1\DOCUME~1\Trobina\DEVELO~1\Software\ATMEL_~1\LMX_AV~1\LMX_AV~1\library\libLMX_AVR128DB_LIB.a(lmx2694Handler.o)
                0x000002de                __dtors_end = .
 SORT(*)(.ctors)
 SORT(*)(.dtors)
 *(.init0)
 .init0         0x000002de        0x0 C:/Program Files (x86)/Atmel/Studio/7.0/Packs/Atmel/AVR-Dx_DFP/1.7.85/gcc/dev/avr128db48/avrxmega4/crtavr128db48.o
                0x000002de                __init
 *(.init0)
 *(.init1)
 *(.init1)
 *(.init2)
 .init2         0x000002de        0xc C:/Program Files (x86)/Atmel/Studio/7.0/Packs/Atmel/AVR-Dx_DFP/1.7.85/gcc/dev/avr128db48/avrxmega4/crtavr128db48.o
 *(.init2)
 *(.init3)
 *(.init3)
 *(.init4)
 .init4         0x000002ea       0x1a c:/program files (x86)/atmel/studio/7.0/toolchain/avr8/avr8-gnu-toolchain/bin/../lib/gcc/avr/5.4.0/avrxmega4\libgcc.a(_copy_data.o)
                0x000002ea                __do_copy_data
 .init4         0x00000304       0x10 c:/program files (x86)/atmel/studio/7.0/toolchain/avr8/avr8-gnu-toolchain/bin/../lib/gcc/avr/5.4.0/avrxmega4\libgcc.a(_clear_bss.o)
                0x00000304                __do_clear_bss
 *(.init4)
 *(.init5)
 *(.init5)
 *(.init6)
 .init6         0x00000314       0x16 c:/program files (x86)/atmel/studio/7.0/toolchain/avr8/avr8-gnu-toolchain/bin/../lib/gcc/avr/5.4.0/avrxmega4\libgcc.a(_ctors.o)
                0x00000314                __do_global_ctors
 *(.init6)
 *(.init7)
 *(.init7)
 *(.init8)
 *(.init8)
 *(.init9)
 .init9         0x0000032a        0x8 C:/Program Files (x86)/Atmel/Studio/7.0/Packs/Atmel/AVR-Dx_DFP/1.7.85/gcc/dev/avr128db48/avrxmega4/crtavr128db48.o
 *(.init9)
 *(.text)
 .text          0x00000332        0x4 C:/Program Files (x86)/Atmel/Studio/7.0/Packs/Atmel/AVR-Dx_DFP/1.7.85/gcc/dev/avr128db48/avrxmega4/crtavr128db48.o
                0x00000332                __vector_38
                0x00000332                __vector_22
                0x00000332                __vector_1
                0x00000332                __vector_32
                0x00000332                __vector_34
                0x00000332                __vector_24
                0x00000332                __vector_12
                0x00000332                __vector_55
                0x00000332                __vector_46
                0x00000332                __bad_interrupt
                0x00000332                __vector_6
                0x00000332                __vector_31
                0x00000332                __vector_35
                0x00000332                __vector_39
                0x00000332                __vector_3
                0x00000332                __vector_23
                0x00000332                __vector_30
                0x00000332                __vector_45
                0x00000332                __vector_25
                0x00000332                __vector_11
                0x00000332                __vector_54
                0x00000332                __vector_13
                0x00000332                __vector_19
                0x00000332                __vector_56
                0x00000332                __vector_7
                0x00000332                __vector_49
                0x00000332                __vector_41
                0x00000332                __vector_43
                0x00000332                __vector_27
                0x00000332                __vector_33
                0x00000332                __vector_47
                0x00000332                __vector_37
                0x00000332                __vector_4
                0x00000332                __vector_44
                0x00000332                __vector_51
                0x00000332                __vector_9
                0x00000332                __vector_2
                0x00000332                __vector_21
                0x00000332                __vector_36
                0x00000332                __vector_58
                0x00000332                __vector_29
                0x00000332                __vector_60
                0x00000332                __vector_40
                0x00000332                __vector_8
                0x00000332                __vector_26
                0x00000332                __vector_48
                0x00000332                __vector_57
                0x00000332                __vector_53
                0x00000332                __vector_10
                0x00000332                __vector_50
                0x00000332                __vector_16
                0x00000332                __vector_59
                0x00000332                __vector_18
                0x00000332                __vector_20
                0x00000332                __vector_42
                0x00000336                . = ALIGN (0x2)
 *(.text.*)
 .text._Z41__static_initialization_and_destruction_0ii
                0x00000336       0x5a LTC5548HANDLER.o
 .text._ZN15LTC5548_HANDLERC2Ev
                0x00000390       0x24 LTC5548HANDLER.o
                0x00000390                _ZN15LTC5548_HANDLERC1Ev
                0x00000390                _ZN15LTC5548_HANDLERC2Ev
 .text._ZN15LTC5548_HANDLERD2Ev
                0x000003b4        0x2 LTC5548HANDLER.o
                0x000003b4                _ZN15LTC5548_HANDLERD1Ev
                0x000003b4                _ZN15LTC5548_HANDLERD2Ev
 .text._ZN15LTC5548_HANDLER8Start_RFEv
                0x000003b6       0x34 LTC5548HANDLER.o
                0x000003b6                _ZN15LTC5548_HANDLER8Start_RFEv
 .text._ZN15LTC5548_HANDLER8Start_LOEv
                0x000003ea       0x34 LTC5548HANDLER.o
                0x000003ea                _ZN15LTC5548_HANDLER8Start_LOEv
 .text._ZN15LTC5548_HANDLER10Set_EnableEb
                0x0000041e       0x1a LTC5548HANDLER.o
                0x0000041e                _ZN15LTC5548_HANDLER10Set_EnableEb
 .text._ZN15LTC5548_HANDLER11Start_MixerEv
                0x00000438       0xbe LTC5548HANDLER.o
                0x00000438                _ZN15LTC5548_HANDLER11Start_MixerEv
 .text._ZN15LTC5548_HANDLER4InitEv
                0x000004f6       0x3e LTC5548HANDLER.o
                0x000004f6                _ZN15LTC5548_HANDLER4InitEv
 .text._ZN15LTC5548_HANDLER21Read_Frequency_ValuesEv
                0x00000534      0x100 LTC5548HANDLER.o
                0x00000534                _ZN15LTC5548_HANDLER21Read_Frequency_ValuesEv
 .text._ZN15LTC5548_HANDLER11Check_MixerEv
                0x00000634       0x94 LTC5548HANDLER.o
                0x00000634                _ZN15LTC5548_HANDLER11Check_MixerEv
 .text._GLOBAL__sub_I__ZN15LTC5548_HANDLERC2Ev
                0x000006c8        0xe LTC5548HANDLER.o
 .text._GLOBAL__sub_D__ZN15LTC5548_HANDLERC2Ev
                0x000006d6        0xe LTC5548HANDLER.o
 .text._Z41__static_initialization_and_destruction_0ii
                0x000006e4       0x3a main.o
 .text._Z10RTC_enablev
                0x0000071e       0x14 main.o
                0x0000071e                _Z10RTC_enablev
 .text.__vector_5
                0x00000732       0x24 main.o
                0x00000732                __vector_5
 .text.main     0x00000756       0x24 main.o
                0x00000756                main
 .text._GLOBAL__sub_I__Z10RTC_enablev
                0x0000077a        0xe main.o
 .text._GLOBAL__sub_D__Z10RTC_enablev
                0x00000788        0xe main.o
 .text.PORTA_get_pin_level
                0x00000796       0x3e C:\Users\GMATEU~1\DOCUME~1\Trobina\DEVELO~1\Software\ATMEL_~1\ADF561~2\ADF561~1\library\libADF5610_AVR128DB_LIB.a(ADF5610Driver.o)
 .text.CS_ADF_get_level
                0x000007d4       0x14 C:\Users\GMATEU~1\DOCUME~1\Trobina\DEVELO~1\Software\ATMEL_~1\ADF561~2\ADF561~1\library\libADF5610_AVR128DB_LIB.a(ADF5610Driver.o)
 .text._ZN14ADF5610_DriverC2Ev
                0x000007e8      0x142 C:\Users\GMATEU~1\DOCUME~1\Trobina\DEVELO~1\Software\ATMEL_~1\ADF561~2\ADF561~1\library\libADF5610_AVR128DB_LIB.a(ADF5610Driver.o)
                0x000007e8                _ZN14ADF5610_DriverC2Ev
                0x000007e8                _ZN14ADF5610_DriverC1Ev
 .text._ZN14ADF5610_DriverD2Ev
                0x0000092a       0x1a C:\Users\GMATEU~1\DOCUME~1\Trobina\DEVELO~1\Software\ATMEL_~1\ADF561~2\ADF561~1\library\libADF5610_AVR128DB_LIB.a(ADF5610Driver.o)
                0x0000092a                _ZN14ADF5610_DriverD1Ev
                0x0000092a                _ZN14ADF5610_DriverD2Ev
 .text._ZN14ADF5610_Driver4InitEv
                0x00000944       0x84 C:\Users\GMATEU~1\DOCUME~1\Trobina\DEVELO~1\Software\ATMEL_~1\ADF561~2\ADF561~1\library\libADF5610_AVR128DB_LIB.a(ADF5610Driver.o)
                0x00000944                _ZN14ADF5610_Driver4InitEv
 .text._ZN14ADF5610_Driver7InitPLLEv
                0x000009c8      0x194 C:\Users\GMATEU~1\DOCUME~1\Trobina\DEVELO~1\Software\ATMEL_~1\ADF561~2\ADF561~1\library\libADF5610_AVR128DB_LIB.a(ADF5610Driver.o)
                0x000009c8                _ZN14ADF5610_Driver7InitPLLEv
 .text._ZN14ADF5610_Driver20Set_Target_FrequencyEf
                0x00000b5c       0x54 C:\Users\GMATEU~1\DOCUME~1\Trobina\DEVELO~1\Software\ATMEL_~1\ADF561~2\ADF561~1\library\libADF5610_AVR128DB_LIB.a(ADF5610Driver.o)
                0x00000b5c                _ZN14ADF5610_Driver20Set_Target_FrequencyEf
 .text._ZN14ADF5610_Driver13ShowRegistersEi
                0x00000bb0      0x190 C:\Users\GMATEU~1\DOCUME~1\Trobina\DEVELO~1\Software\ATMEL_~1\ADF561~2\ADF561~1\library\libADF5610_AVR128DB_LIB.a(ADF5610Driver.o)
                0x00000bb0                _ZN14ADF5610_Driver13ShowRegistersEi
 .text._ZN14ADF5610_Driver9Is_LockedEv
                0x00000d40       0x36 C:\Users\GMATEU~1\DOCUME~1\Trobina\DEVELO~1\Software\ATMEL_~1\ADF561~2\ADF561~1\library\libADF5610_AVR128DB_LIB.a(ADF5610Driver.o)
                0x00000d40                _ZN14ADF5610_Driver9Is_LockedEv
 .text._ZN14ADF5610_Driver14WriteRegistersEh
                0x00000d76      0x27e C:\Users\GMATEU~1\DOCUME~1\Trobina\DEVELO~1\Software\ATMEL_~1\ADF561~2\ADF561~1\library\libADF5610_AVR128DB_LIB.a(ADF5610Driver.o)
                0x00000d76                _ZN14ADF5610_Driver14WriteRegistersEh
 .text._ZN14ADF5610_Driver23ConvertU32FourByteArrayEPhm
                0x00000ff4       0x88 C:\Users\GMATEU~1\DOCUME~1\Trobina\DEVELO~1\Software\ATMEL_~1\ADF561~2\ADF561~1\library\libADF5610_AVR128DB_LIB.a(ADF5610Driver.o)
                0x00000ff4                _ZN14ADF5610_Driver23ConvertU32FourByteArrayEPhm
 .text._ZN14ADF5610_Driver13ReadRegistersEh
                0x0000107c      0x39a C:\Users\GMATEU~1\DOCUME~1\Trobina\DEVELO~1\Software\ATMEL_~1\ADF561~2\ADF561~1\library\libADF5610_AVR128DB_LIB.a(ADF5610Driver.o)
                0x0000107c                _ZN14ADF5610_Driver13ReadRegistersEh
 .text._ZN14ADF5610_Driver17InitiateRegistersEv
                0x00001416      0x3d6 C:\Users\GMATEU~1\DOCUME~1\Trobina\DEVELO~1\Software\ATMEL_~1\ADF561~2\ADF561~1\library\libADF5610_AVR128DB_LIB.a(ADF5610Driver.o)
                0x00001416                _ZN14ADF5610_Driver17InitiateRegistersEv
 .text._ZN14ADF5610_Driver25CompleteConfigurationFlowEj
                0x000017ec       0xbc C:\Users\GMATEU~1\DOCUME~1\Trobina\DEVELO~1\Software\ATMEL_~1\ADF561~2\ADF561~1\library\libADF5610_AVR128DB_LIB.a(ADF5610Driver.o)
                0x000017ec                _ZN14ADF5610_Driver25CompleteConfigurationFlowEj
 .text._ZN14ADF5610_Driver22ShortConfigurationFlowEv
                0x000018a8       0x40 C:\Users\GMATEU~1\DOCUME~1\Trobina\DEVELO~1\Software\ATMEL_~1\ADF561~2\ADF561~1\library\libADF5610_AVR128DB_LIB.a(ADF5610Driver.o)
                0x000018a8                _ZN14ADF5610_Driver22ShortConfigurationFlowEv
 .text._ZN14ADF5610_Driver11WriteSubVCOEv
                0x000018e8       0x38 C:\Users\GMATEU~1\DOCUME~1\Trobina\DEVELO~1\Software\ATMEL_~1\ADF561~2\ADF561~1\library\libADF5610_AVR128DB_LIB.a(ADF5610Driver.o)
                0x000018e8                _ZN14ADF5610_Driver11WriteSubVCOEv
 .text._ZN14ADF5610_Driver16ReadAllRegistersEv
                0x00001920       0x42 C:\Users\GMATEU~1\DOCUME~1\Trobina\DEVELO~1\Software\ATMEL_~1\ADF561~2\ADF561~1\library\libADF5610_AVR128DB_LIB.a(ADF5610Driver.o)
                0x00001920                _ZN14ADF5610_Driver16ReadAllRegistersEv
 .text._ZN14ADF5610_Driver18CalculateVCOValuesEv
                0x00001962      0x6e2 C:\Users\GMATEU~1\DOCUME~1\Trobina\DEVELO~1\Software\ATMEL_~1\ADF561~2\ADF561~1\library\libADF5610_AVR128DB_LIB.a(ADF5610Driver.o)
                0x00001962                _ZN14ADF5610_Driver18CalculateVCOValuesEv
 .text._ZN14ADF5610_Driver6usleepEl
                0x00002044      0x224 C:\Users\GMATEU~1\DOCUME~1\Trobina\DEVELO~1\Software\ATMEL_~1\ADF561~2\ADF561~1\library\libADF5610_AVR128DB_LIB.a(ADF5610Driver.o)
                0x00002044                _ZN14ADF5610_Driver6usleepEl
 .text._Z41__static_initialization_and_destruction_0ii
                0x00002268       0x52 C:\Users\GMATEU~1\DOCUME~1\Trobina\DEVELO~1\Software\ATMEL_~1\ADF561~2\ADF561~1\library\libADF5610_AVR128DB_LIB.a(ADF5610Driver.o)
 .text._GLOBAL__sub_I__ZN14ADF5610_DriverC2Ev
                0x000022ba       0x1a C:\Users\GMATEU~1\DOCUME~1\Trobina\DEVELO~1\Software\ATMEL_~1\ADF561~2\ADF561~1\library\libADF5610_AVR128DB_LIB.a(ADF5610Driver.o)
 .text._GLOBAL__sub_D__ZN14ADF5610_DriverC2Ev
                0x000022d4       0x1a C:\Users\GMATEU~1\DOCUME~1\Trobina\DEVELO~1\Software\ATMEL_~1\ADF561~2\ADF561~1\library\libADF5610_AVR128DB_LIB.a(ADF5610Driver.o)
 .text.PORTA_set_pin_level
                0x000022ee       0x74 C:\Users\GMATEU~1\DOCUME~1\Trobina\DEVELO~1\Software\ATMEL_~1\ADF561~2\ADF561~1\library\libADF5610_AVR128DB_LIB.a(SPI_Syn_Class_ADF.o)
 .text.CS_ADF_set_level
                0x00002362       0x1e C:\Users\GMATEU~1\DOCUME~1\Trobina\DEVELO~1\Software\ATMEL_~1\ADF561~2\ADF561~1\library\libADF5610_AVR128DB_LIB.a(SPI_Syn_Class_ADF.o)
 .text._ZN17SPI_Syn_Class_ADFC2Ev
                0x00002380       0x26 C:\Users\GMATEU~1\DOCUME~1\Trobina\DEVELO~1\Software\ATMEL_~1\ADF561~2\ADF561~1\library\libADF5610_AVR128DB_LIB.a(SPI_Syn_Class_ADF.o)
                0x00002380                _ZN17SPI_Syn_Class_ADFC2Ev
                0x00002380                _ZN17SPI_Syn_Class_ADFC1Ev
 .text._ZN17SPI_Syn_Class_ADFD2Ev
                0x000023a6       0x1a C:\Users\GMATEU~1\DOCUME~1\Trobina\DEVELO~1\Software\ATMEL_~1\ADF561~2\ADF561~1\library\libADF5610_AVR128DB_LIB.a(SPI_Syn_Class_ADF.o)
                0x000023a6                _ZN17SPI_Syn_Class_ADFD1Ev
                0x000023a6                _ZN17SPI_Syn_Class_ADFD2Ev
 .text._ZN17SPI_Syn_Class_ADF4InitEv
                0x000023c0       0x2c C:\Users\GMATEU~1\DOCUME~1\Trobina\DEVELO~1\Software\ATMEL_~1\ADF561~2\ADF561~1\library\libADF5610_AVR128DB_LIB.a(SPI_Syn_Class_ADF.o)
                0x000023c0                _ZN17SPI_Syn_Class_ADF4InitEv
 .text._ZN17SPI_Syn_Class_ADF6EnableEv
                0x000023ec       0x1e C:\Users\GMATEU~1\DOCUME~1\Trobina\DEVELO~1\Software\ATMEL_~1\ADF561~2\ADF561~1\library\libADF5610_AVR128DB_LIB.a(SPI_Syn_Class_ADF.o)
                0x000023ec                _ZN17SPI_Syn_Class_ADF6EnableEv
 .text._ZN17SPI_Syn_Class_ADF5WriteEPKhh
                0x0000240a       0x3c C:\Users\GMATEU~1\DOCUME~1\Trobina\DEVELO~1\Software\ATMEL_~1\ADF561~2\ADF561~1\library\libADF5610_AVR128DB_LIB.a(SPI_Syn_Class_ADF.o)
                0x0000240a                _ZN17SPI_Syn_Class_ADF5WriteEPKhh
 .text._ZN17SPI_Syn_Class_ADF4ReadEPhh
                0x00002446       0x3c C:\Users\GMATEU~1\DOCUME~1\Trobina\DEVELO~1\Software\ATMEL_~1\ADF561~2\ADF561~1\library\libADF5610_AVR128DB_LIB.a(SPI_Syn_Class_ADF.o)
                0x00002446                _ZN17SPI_Syn_Class_ADF4ReadEPhh
 .text._ZN17SPI_Syn_Class_ADF5SetCSEb
                0x00002482       0x26 C:\Users\GMATEU~1\DOCUME~1\Trobina\DEVELO~1\Software\ATMEL_~1\ADF561~2\ADF561~1\library\libADF5610_AVR128DB_LIB.a(SPI_Syn_Class_ADF.o)
                0x00002482                _ZN17SPI_Syn_Class_ADF5SetCSEb
 .text.atmel_start_init
                0x000024a8        0x6 C:\Users\GMATEU~1\DOCUME~1\Trobina\DEVELO~1\Software\ATMEL_~1\AVR128~1\AVR128~1\Debug\libAVR128DB_BSP.a(atmel_start.o)
                0x000024a8                atmel_start_init
 .text.mcu_init
                0x000024ae       0x92 C:\Users\GMATEU~1\DOCUME~1\Trobina\DEVELO~1\Software\ATMEL_~1\AVR128~1\AVR128~1\Debug\libAVR128DB_BSP.a(driver_init.o)
                0x000024ae                mcu_init
 .text.OPERATIONAL_AMPLIFIER_0_initialization
                0x00002540       0x2a C:\Users\GMATEU~1\DOCUME~1\Trobina\DEVELO~1\Software\ATMEL_~1\AVR128~1\AVR128~1\Debug\libAVR128DB_BSP.a(driver_init.o)
                0x00002540                OPERATIONAL_AMPLIFIER_0_initialization
 .text.USART_0_initialization
                0x0000256a       0x22 C:\Users\GMATEU~1\DOCUME~1\Trobina\DEVELO~1\Software\ATMEL_~1\AVR128~1\AVR128~1\Debug\libAVR128DB_BSP.a(driver_init.o)
                0x0000256a                USART_0_initialization
 .text.EVENT_SYSTEM_0_initialization
                0x0000258c        0x6 C:\Users\GMATEU~1\DOCUME~1\Trobina\DEVELO~1\Software\ATMEL_~1\AVR128~1\AVR128~1\Debug\libAVR128DB_BSP.a(driver_init.o)
                0x0000258c                EVENT_SYSTEM_0_initialization
 .text.ZCD_FALLING_initialization
                0x00002592       0x18 C:\Users\GMATEU~1\DOCUME~1\Trobina\DEVELO~1\Software\ATMEL_~1\AVR128~1\AVR128~1\Debug\libAVR128DB_BSP.a(driver_init.o)
                0x00002592                ZCD_FALLING_initialization
 .text.SPI_ADF_initialization
                0x000025aa       0x2e C:\Users\GMATEU~1\DOCUME~1\Trobina\DEVELO~1\Software\ATMEL_~1\AVR128~1\AVR128~1\Debug\libAVR128DB_BSP.a(driver_init.o)
                0x000025aa                SPI_ADF_initialization
 .text.SPI_LMX_initialization
                0x000025d8       0x2e C:\Users\GMATEU~1\DOCUME~1\Trobina\DEVELO~1\Software\ATMEL_~1\AVR128~1\AVR128~1\Debug\libAVR128DB_BSP.a(driver_init.o)
                0x000025d8                SPI_LMX_initialization
 .text.TIMER_FALLING_initialization
                0x00002606        0x6 C:\Users\GMATEU~1\DOCUME~1\Trobina\DEVELO~1\Software\ATMEL_~1\AVR128~1\AVR128~1\Debug\libAVR128DB_BSP.a(driver_init.o)
                0x00002606                TIMER_FALLING_initialization
 .text.TIMER_0_initialization
                0x0000260c        0x6 C:\Users\GMATEU~1\DOCUME~1\Trobina\DEVELO~1\Software\ATMEL_~1\AVR128~1\AVR128~1\Debug\libAVR128DB_BSP.a(driver_init.o)
                0x0000260c                TIMER_0_initialization
 .text.system_init
                0x00002612       0x62 C:\Users\GMATEU~1\DOCUME~1\Trobina\DEVELO~1\Software\ATMEL_~1\AVR128~1\AVR128~1\Debug\libAVR128DB_BSP.a(driver_init.o)
                0x00002612                system_init
 .text.EVENT_SYSTEM_0_init
                0x00002674       0x1e C:\Users\GMATEU~1\DOCUME~1\Trobina\DEVELO~1\Software\ATMEL_~1\AVR128~1\AVR128~1\Debug\libAVR128DB_BSP.a(evsys.o)
                0x00002674                EVENT_SYSTEM_0_init
 .text.OPERATIONAL_AMPLIFIER_0_init
                0x00002692       0x22 C:\Users\GMATEU~1\DOCUME~1\Trobina\DEVELO~1\Software\ATMEL_~1\AVR128~1\AVR128~1\Debug\libAVR128DB_BSP.a(opamp_basic.o)
                0x00002692                OPERATIONAL_AMPLIFIER_0_init
 .text.RTC_0_init
                0x000026b4       0x22 C:\Users\GMATEU~1\DOCUME~1\Trobina\DEVELO~1\Software\ATMEL_~1\AVR128~1\AVR128~1\Debug\libAVR128DB_BSP.a(rtc.o)
                0x000026b4                RTC_0_init
 .text.SLPCTRL_init
                0x000026d6        0x4 C:\Users\GMATEU~1\DOCUME~1\Trobina\DEVELO~1\Software\ATMEL_~1\AVR128~1\AVR128~1\Debug\libAVR128DB_BSP.a(slpctrl.o)
                0x000026d6                SLPCTRL_init
 .text.SPI_ADF_init
                0x000026da        0xc C:\Users\GMATEU~1\DOCUME~1\Trobina\DEVELO~1\Software\ATMEL_~1\AVR128~1\AVR128~1\Debug\libAVR128DB_BSP.a(spi_basic.o)
                0x000026da                SPI_ADF_init
 .text.SPI_ADF_enable
                0x000026e6        0xc C:\Users\GMATEU~1\DOCUME~1\Trobina\DEVELO~1\Software\ATMEL_~1\AVR128~1\AVR128~1\Debug\libAVR128DB_BSP.a(spi_basic.o)
                0x000026e6                SPI_ADF_enable
 .text.SPI_ADF_write_block
                0x000026f2       0x20 C:\Users\GMATEU~1\DOCUME~1\Trobina\DEVELO~1\Software\ATMEL_~1\AVR128~1\AVR128~1\Debug\libAVR128DB_BSP.a(spi_basic.o)
                0x000026f2                SPI_ADF_write_block
 .text.SPI_ADF_read_block
                0x00002712       0x22 C:\Users\GMATEU~1\DOCUME~1\Trobina\DEVELO~1\Software\ATMEL_~1\AVR128~1\AVR128~1\Debug\libAVR128DB_BSP.a(spi_basic.o)
                0x00002712                SPI_ADF_read_block
 .text.SPI_LMX_init
                0x00002734        0xc C:\Users\GMATEU~1\DOCUME~1\Trobina\DEVELO~1\Software\ATMEL_~1\AVR128~1\AVR128~1\Debug\libAVR128DB_BSP.a(spi_basic.o)
                0x00002734                SPI_LMX_init
 .text.SPI_LMX_enable
                0x00002740        0xc C:\Users\GMATEU~1\DOCUME~1\Trobina\DEVELO~1\Software\ATMEL_~1\AVR128~1\AVR128~1\Debug\libAVR128DB_BSP.a(spi_basic.o)
                0x00002740                SPI_LMX_enable
 .text.SPI_LMX_write_block
                0x0000274c       0x20 C:\Users\GMATEU~1\DOCUME~1\Trobina\DEVELO~1\Software\ATMEL_~1\AVR128~1\AVR128~1\Debug\libAVR128DB_BSP.a(spi_basic.o)
                0x0000274c                SPI_LMX_write_block
 .text.SPI_LMX_read_block
                0x0000276c       0x22 C:\Users\GMATEU~1\DOCUME~1\Trobina\DEVELO~1\Software\ATMEL_~1\AVR128~1\AVR128~1\Debug\libAVR128DB_BSP.a(spi_basic.o)
                0x0000276c                SPI_LMX_read_block
 .text.TIMER_FALLING_init
                0x0000278e       0x24 C:\Users\GMATEU~1\DOCUME~1\Trobina\DEVELO~1\Software\ATMEL_~1\AVR128~1\AVR128~1\Debug\libAVR128DB_BSP.a(tcb.o)
                0x0000278e                TIMER_FALLING_init
 .text.TIMER_0_init
                0x000027b2       0x2a C:\Users\GMATEU~1\DOCUME~1\Trobina\DEVELO~1\Software\ATMEL_~1\AVR128~1\AVR128~1\Debug\libAVR128DB_BSP.a(tcd.o)
                0x000027b2                TIMER_0_init
 .text.USART_0_init
                0x000027dc       0x20 C:\Users\GMATEU~1\DOCUME~1\Trobina\DEVELO~1\Software\ATMEL_~1\AVR128~1\AVR128~1\Debug\libAVR128DB_BSP.a(usart_basic.o)
                0x000027dc                USART_0_init
 .text.USART_0_write
                0x000027fc        0xe C:\Users\GMATEU~1\DOCUME~1\Trobina\DEVELO~1\Software\ATMEL_~1\AVR128~1\AVR128~1\Debug\libAVR128DB_BSP.a(usart_basic.o)
                0x000027fc                USART_0_write
 .text.USART_0_printCHAR
                0x0000280a        0xa C:\Users\GMATEU~1\DOCUME~1\Trobina\DEVELO~1\Software\ATMEL_~1\AVR128~1\AVR128~1\Debug\libAVR128DB_BSP.a(usart_basic.o)
                0x0000280a                USART_0_printCHAR
 .text.VREF_0_init
                0x00002814        0xa C:\Users\GMATEU~1\DOCUME~1\Trobina\DEVELO~1\Software\ATMEL_~1\AVR128~1\AVR128~1\Debug\libAVR128DB_BSP.a(vref.o)
                0x00002814                VREF_0_init
 .text.ZCD_FALLING_init
                0x0000281e        0xa C:\Users\GMATEU~1\DOCUME~1\Trobina\DEVELO~1\Software\ATMEL_~1\AVR128~1\AVR128~1\Debug\libAVR128DB_BSP.a(zcd.o)
                0x0000281e                ZCD_FALLING_init
 .text.BOD_init
                0x00002828        0x8 C:\Users\GMATEU~1\DOCUME~1\Trobina\DEVELO~1\Software\ATMEL_~1\AVR128~1\AVR128~1\Debug\libAVR128DB_BSP.a(bod.o)
                0x00002828                BOD_init
 .text.CLKCTRL_init
                0x00002830       0x1c C:\Users\GMATEU~1\DOCUME~1\Trobina\DEVELO~1\Software\ATMEL_~1\AVR128~1\AVR128~1\Debug\libAVR128DB_BSP.a(clkctrl.o)
                0x00002830                CLKCTRL_init
 .text.CPUINT_init
                0x0000284c        0x4 C:\Users\GMATEU~1\DOCUME~1\Trobina\DEVELO~1\Software\ATMEL_~1\AVR128~1\AVR128~1\Debug\libAVR128DB_BSP.a(cpuint.o)
                0x0000284c                CPUINT_init
 .text.protected_write_io
                0x00002850        0xa C:\Users\GMATEU~1\DOCUME~1\Trobina\DEVELO~1\Software\ATMEL_~1\AVR128~1\AVR128~1\Debug\libAVR128DB_BSP.a(protected_io.o)
                0x00002850                protected_write_io
 .text.PORTC_get_pin_level
                0x0000285a       0x3e C:\Users\GMATEU~1\DOCUME~1\Trobina\DEVELO~1\Software\ATMEL_~1\LMX_AV~1\LMX_AV~1\library\libLMX_AVR128DB_LIB.a(lmx2694Handler.o)
 .text.PC1_get_level
                0x00002898       0x14 C:\Users\GMATEU~1\DOCUME~1\Trobina\DEVELO~1\Software\ATMEL_~1\LMX_AV~1\LMX_AV~1\library\libLMX_AVR128DB_LIB.a(lmx2694Handler.o)
 .text._ZN15lmx2694_HandlerC2Ev
                0x000028ac       0xbe C:\Users\GMATEU~1\DOCUME~1\Trobina\DEVELO~1\Software\ATMEL_~1\LMX_AV~1\LMX_AV~1\library\libLMX_AVR128DB_LIB.a(lmx2694Handler.o)
                0x000028ac                _ZN15lmx2694_HandlerC1Ev
                0x000028ac                _ZN15lmx2694_HandlerC2Ev
 .text._ZN15lmx2694_HandlerD2Ev
                0x0000296a       0x1a C:\Users\GMATEU~1\DOCUME~1\Trobina\DEVELO~1\Software\ATMEL_~1\LMX_AV~1\LMX_AV~1\library\libLMX_AVR128DB_LIB.a(lmx2694Handler.o)
                0x0000296a                _ZN15lmx2694_HandlerD1Ev
                0x0000296a                _ZN15lmx2694_HandlerD2Ev
 .text._ZN15lmx2694_Handler4InitEv
                0x00002984      0x236 C:\Users\GMATEU~1\DOCUME~1\Trobina\DEVELO~1\Software\ATMEL_~1\LMX_AV~1\LMX_AV~1\library\libLMX_AVR128DB_LIB.a(lmx2694Handler.o)
                0x00002984                _ZN15lmx2694_Handler4InitEv
 .text._ZN15lmx2694_Handler9Is_LockedEv
                0x00002bba       0xfc C:\Users\GMATEU~1\DOCUME~1\Trobina\DEVELO~1\Software\ATMEL_~1\LMX_AV~1\LMX_AV~1\library\libLMX_AVR128DB_LIB.a(lmx2694Handler.o)
                0x00002bba                _ZN15lmx2694_Handler9Is_LockedEv
 .text._ZN15lmx2694_Handler11Get_OUT_MUXEh
                0x00002cb6       0x5c C:\Users\GMATEU~1\DOCUME~1\Trobina\DEVELO~1\Software\ATMEL_~1\LMX_AV~1\LMX_AV~1\library\libLMX_AVR128DB_LIB.a(lmx2694Handler.o)
                0x00002cb6                _ZN15lmx2694_Handler11Get_OUT_MUXEh
 .text._ZN15lmx2694_Handler25Get_Channel_Divider_ValueEb
                0x00002d12       0x9a C:\Users\GMATEU~1\DOCUME~1\Trobina\DEVELO~1\Software\ATMEL_~1\LMX_AV~1\LMX_AV~1\library\libLMX_AVR128DB_LIB.a(lmx2694Handler.o)
                0x00002d12                _ZN15lmx2694_Handler25Get_Channel_Divider_ValueEb
 .text._ZN15lmx2694_Handler13Get_N_DividerEb
                0x00002dac       0x86 C:\Users\GMATEU~1\DOCUME~1\Trobina\DEVELO~1\Software\ATMEL_~1\LMX_AV~1\LMX_AV~1\library\libLMX_AVR128DB_LIB.a(lmx2694Handler.o)
                0x00002dac                _ZN15lmx2694_Handler13Get_N_DividerEb
 .text._ZN15lmx2694_Handler13Get_NumeratorEb
                0x00002e32       0x86 C:\Users\GMATEU~1\DOCUME~1\Trobina\DEVELO~1\Software\ATMEL_~1\LMX_AV~1\LMX_AV~1\library\libLMX_AVR128DB_LIB.a(lmx2694Handler.o)
                0x00002e32                _ZN15lmx2694_Handler13Get_NumeratorEb
 .text._ZN15lmx2694_Handler15Get_DenominatorEb
                0x00002eb8       0x86 C:\Users\GMATEU~1\DOCUME~1\Trobina\DEVELO~1\Software\ATMEL_~1\LMX_AV~1\LMX_AV~1\library\libLMX_AVR128DB_LIB.a(lmx2694Handler.o)
                0x00002eb8                _ZN15lmx2694_Handler15Get_DenominatorEb
 .text._ZN15lmx2694_Handler27Calculate_Current_FrequencyEb
                0x00002f3e       0xe8 C:\Users\GMATEU~1\DOCUME~1\Trobina\DEVELO~1\Software\ATMEL_~1\LMX_AV~1\LMX_AV~1\library\libLMX_AVR128DB_LIB.a(lmx2694Handler.o)
                0x00002f3e                _ZN15lmx2694_Handler27Calculate_Current_FrequencyEb
 .text._ZN15lmx2694_Handler3GCDEmm
                0x00003026      0x106 C:\Users\GMATEU~1\DOCUME~1\Trobina\DEVELO~1\Software\ATMEL_~1\LMX_AV~1\LMX_AV~1\library\libLMX_AVR128DB_LIB.a(lmx2694Handler.o)
                0x00003026                _ZN15lmx2694_Handler3GCDEmm
 .text._ZN15lmx2694_Handler20Set_Target_FrequencyEf
                0x0000312c      0x2e4 C:\Users\GMATEU~1\DOCUME~1\Trobina\DEVELO~1\Software\ATMEL_~1\LMX_AV~1\LMX_AV~1\library\libLMX_AVR128DB_LIB.a(lmx2694Handler.o)
                0x0000312c                _ZN15lmx2694_Handler20Set_Target_FrequencyEf
 .text._ZN15lmx2694_Handler24Write_Division_RegistersEv
                0x00003410       0xdc C:\Users\GMATEU~1\DOCUME~1\Trobina\DEVELO~1\Software\ATMEL_~1\LMX_AV~1\LMX_AV~1\library\libLMX_AVR128DB_LIB.a(lmx2694Handler.o)
                0x00003410                _ZN15lmx2694_Handler24Write_Division_RegistersEv
 .text._ZN15lmx2694_Handler28Choose_Channel_Divider_IndexEv
                0x000034ec      0x150 C:\Users\GMATEU~1\DOCUME~1\Trobina\DEVELO~1\Software\ATMEL_~1\LMX_AV~1\LMX_AV~1\library\libLMX_AVR128DB_LIB.a(lmx2694Handler.o)
                0x000034ec                _ZN15lmx2694_Handler28Choose_Channel_Divider_IndexEv
 .text._ZN15lmx2694_Handler19Program_PFD_DLY_SELEf
                0x0000363c       0xf6 C:\Users\GMATEU~1\DOCUME~1\Trobina\DEVELO~1\Software\ATMEL_~1\LMX_AV~1\LMX_AV~1\library\libLMX_AVR128DB_LIB.a(lmx2694Handler.o)
                0x0000363c                _ZN15lmx2694_Handler19Program_PFD_DLY_SELEf
 .text._ZN15lmx2694_Handler19Program_PFD_DLY_SELEv
                0x00003732       0xd0 C:\Users\GMATEU~1\DOCUME~1\Trobina\DEVELO~1\Software\ATMEL_~1\LMX_AV~1\LMX_AV~1\library\libLMX_AVR128DB_LIB.a(lmx2694Handler.o)
                0x00003732                _ZN15lmx2694_Handler19Program_PFD_DLY_SELEv
 .text._ZN15lmx2694_Handler18Calculate_FractionEf
                0x00003802      0x126 C:\Users\GMATEU~1\DOCUME~1\Trobina\DEVELO~1\Software\ATMEL_~1\LMX_AV~1\LMX_AV~1\library\libLMX_AVR128DB_LIB.a(lmx2694Handler.o)
                0x00003802                _ZN15lmx2694_Handler18Calculate_FractionEf
 .text._ZN15lmx2694_Handler10Power_DownEv
                0x00003928       0x96 C:\Users\GMATEU~1\DOCUME~1\Trobina\DEVELO~1\Software\ATMEL_~1\LMX_AV~1\LMX_AV~1\library\libLMX_AVR128DB_LIB.a(lmx2694Handler.o)
                0x00003928                _ZN15lmx2694_Handler10Power_DownEv
 .text._ZN15lmx2694_Handler13Write_FCAL_ENEb
                0x000039be       0x98 C:\Users\GMATEU~1\DOCUME~1\Trobina\DEVELO~1\Software\ATMEL_~1\LMX_AV~1\LMX_AV~1\library\libLMX_AVR128DB_LIB.a(lmx2694Handler.o)
                0x000039be                _ZN15lmx2694_Handler13Write_FCAL_ENEb
 .text._ZN15lmx2694_Handler14Toggle_FCAL_ENEv
                0x00003a56      0x222 C:\Users\GMATEU~1\DOCUME~1\Trobina\DEVELO~1\Software\ATMEL_~1\LMX_AV~1\LMX_AV~1\library\libLMX_AVR128DB_LIB.a(lmx2694Handler.o)
                0x00003a56                _ZN15lmx2694_Handler14Toggle_FCAL_ENEv
 .text._ZN15lmx2694_Handler13Program_ResetEv
                0x00003c78      0x2d4 C:\Users\GMATEU~1\DOCUME~1\Trobina\DEVELO~1\Software\ATMEL_~1\LMX_AV~1\LMX_AV~1\library\libLMX_AVR128DB_LIB.a(lmx2694Handler.o)
                0x00003c78                _ZN15lmx2694_Handler13Program_ResetEv
 .text._ZN15lmx2694_Handler15Get_Three_BytesEm
                0x00003f4c       0x84 C:\Users\GMATEU~1\DOCUME~1\Trobina\DEVELO~1\Software\ATMEL_~1\LMX_AV~1\LMX_AV~1\library\libLMX_AVR128DB_LIB.a(lmx2694Handler.o)
                0x00003f4c                _ZN15lmx2694_Handler15Get_Three_BytesEm
 .text._ZN15lmx2694_Handler16Make_Three_BytesEhj
                0x00003fd0       0x88 C:\Users\GMATEU~1\DOCUME~1\Trobina\DEVELO~1\Software\ATMEL_~1\LMX_AV~1\LMX_AV~1\library\libLMX_AVR128DB_LIB.a(lmx2694Handler.o)
                0x00003fd0                _ZN15lmx2694_Handler16Make_Three_BytesEhj
 .text._ZN15lmx2694_Handler18Initiate_RegistersEv
                0x00004058       0xc2 C:\Users\GMATEU~1\DOCUME~1\Trobina\DEVELO~1\Software\ATMEL_~1\LMX_AV~1\LMX_AV~1\library\libLMX_AVR128DB_LIB.a(lmx2694Handler.o)
                0x00004058                _ZN15lmx2694_Handler18Initiate_RegistersEv
 .text._ZN15lmx2694_Handler21Write_Single_RegisterEhj
                0x0000411a      0x100 C:\Users\GMATEU~1\DOCUME~1\Trobina\DEVELO~1\Software\ATMEL_~1\LMX_AV~1\LMX_AV~1\library\libLMX_AVR128DB_LIB.a(lmx2694Handler.o)
                0x0000411a                _ZN15lmx2694_Handler21Write_Single_RegisterEhj
 .text._ZN15lmx2694_Handler20Read_Single_RegisterEh
                0x0000421a      0x168 C:\Users\GMATEU~1\DOCUME~1\Trobina\DEVELO~1\Software\ATMEL_~1\LMX_AV~1\LMX_AV~1\library\libLMX_AVR128DB_LIB.a(lmx2694Handler.o)
                0x0000421a                _ZN15lmx2694_Handler20Read_Single_RegisterEh
 .text._ZN15lmx2694_Handler19Set_MUXOUT_READBACKEb
                0x00004382       0x8e C:\Users\GMATEU~1\DOCUME~1\Trobina\DEVELO~1\Software\ATMEL_~1\LMX_AV~1\LMX_AV~1\library\libLMX_AVR128DB_LIB.a(lmx2694Handler.o)
                0x00004382                _ZN15lmx2694_Handler19Set_MUXOUT_READBACKEb
 .text._Z41__static_initialization_and_destruction_0ii
                0x00004410       0x52 C:\Users\GMATEU~1\DOCUME~1\Trobina\DEVELO~1\Software\ATMEL_~1\LMX_AV~1\LMX_AV~1\library\libLMX_AVR128DB_LIB.a(lmx2694Handler.o)
 .text._GLOBAL__sub_I__ZN15lmx2694_HandlerC2Ev
                0x00004462       0x1a C:\Users\GMATEU~1\DOCUME~1\Trobina\DEVELO~1\Software\ATMEL_~1\LMX_AV~1\LMX_AV~1\library\libLMX_AVR128DB_LIB.a(lmx2694Handler.o)
 .text._GLOBAL__sub_D__ZN15lmx2694_HandlerC2Ev
                0x0000447c       0x1a C:\Users\GMATEU~1\DOCUME~1\Trobina\DEVELO~1\Software\ATMEL_~1\LMX_AV~1\LMX_AV~1\library\libLMX_AVR128DB_LIB.a(lmx2694Handler.o)
 .text.PORTC_set_pin_level
                0x00004496       0x74 C:\Users\GMATEU~1\DOCUME~1\Trobina\DEVELO~1\Software\ATMEL_~1\LMX_AV~1\LMX_AV~1\library\libLMX_AVR128DB_LIB.a(SPI_Syn_Class.o)
 .text.CS_LMX_set_level
                0x0000450a       0x1e C:\Users\GMATEU~1\DOCUME~1\Trobina\DEVELO~1\Software\ATMEL_~1\LMX_AV~1\LMX_AV~1\library\libLMX_AVR128DB_LIB.a(SPI_Syn_Class.o)
 .text._ZN13SPI_Syn_ClassC2Ev
                0x00004528       0x26 C:\Users\GMATEU~1\DOCUME~1\Trobina\DEVELO~1\Software\ATMEL_~1\LMX_AV~1\LMX_AV~1\library\libLMX_AVR128DB_LIB.a(SPI_Syn_Class.o)
                0x00004528                _ZN13SPI_Syn_ClassC1Ev
                0x00004528                _ZN13SPI_Syn_ClassC2Ev
 .text._ZN13SPI_Syn_ClassD2Ev
                0x0000454e       0x1a C:\Users\GMATEU~1\DOCUME~1\Trobina\DEVELO~1\Software\ATMEL_~1\LMX_AV~1\LMX_AV~1\library\libLMX_AVR128DB_LIB.a(SPI_Syn_Class.o)
                0x0000454e                _ZN13SPI_Syn_ClassD1Ev
                0x0000454e                _ZN13SPI_Syn_ClassD2Ev
 .text._ZN13SPI_Syn_Class4InitEv
                0x00004568       0x2c C:\Users\GMATEU~1\DOCUME~1\Trobina\DEVELO~1\Software\ATMEL_~1\LMX_AV~1\LMX_AV~1\library\libLMX_AVR128DB_LIB.a(SPI_Syn_Class.o)
                0x00004568                _ZN13SPI_Syn_Class4InitEv
 .text._ZN13SPI_Syn_Class6EnableEv
                0x00004594       0x1e C:\Users\GMATEU~1\DOCUME~1\Trobina\DEVELO~1\Software\ATMEL_~1\LMX_AV~1\LMX_AV~1\library\libLMX_AVR128DB_LIB.a(SPI_Syn_Class.o)
                0x00004594                _ZN13SPI_Syn_Class6EnableEv
 .text._ZN13SPI_Syn_Class5WriteEPKhh
                0x000045b2       0x38 C:\Users\GMATEU~1\DOCUME~1\Trobina\DEVELO~1\Software\ATMEL_~1\LMX_AV~1\LMX_AV~1\library\libLMX_AVR128DB_LIB.a(SPI_Syn_Class.o)
                0x000045b2                _ZN13SPI_Syn_Class5WriteEPKhh
 .text._ZN13SPI_Syn_Class4ReadEPhh
                0x000045ea       0x38 C:\Users\GMATEU~1\DOCUME~1\Trobina\DEVELO~1\Software\ATMEL_~1\LMX_AV~1\LMX_AV~1\library\libLMX_AVR128DB_LIB.a(SPI_Syn_Class.o)
                0x000045ea                _ZN13SPI_Syn_Class4ReadEPhh
 .text._ZN13SPI_Syn_Class5SetCSEb
                0x00004622       0x26 C:\Users\GMATEU~1\DOCUME~1\Trobina\DEVELO~1\Software\ATMEL_~1\LMX_AV~1\LMX_AV~1\library\libLMX_AVR128DB_LIB.a(SPI_Syn_Class.o)
                0x00004622                _ZN13SPI_Syn_Class5SetCSEb
 .text.__vector_28
                0x00004648       0x42 C:\Users\GMATEU~1\DOCUME~1\Trobina\DEVELO~1\Software\ATMEL_~1\ZERO_C~1\ZERO_C~1\Debug\libZero_Cross_Detector_lib.a(Zero_Cross_Counter.o)
                0x00004648                __vector_28
 .text.__vector_52
                0x0000468a       0x3a C:\Users\GMATEU~1\DOCUME~1\Trobina\DEVELO~1\Software\ATMEL_~1\ZERO_C~1\ZERO_C~1\Debug\libZero_Cross_Detector_lib.a(Zero_Cross_Counter.o)
                0x0000468a                __vector_52
 .text._ZN18Zero_Cross_CounterC2Ev
                0x000046c4        0xa C:\Users\GMATEU~1\DOCUME~1\Trobina\DEVELO~1\Software\ATMEL_~1\ZERO_C~1\ZERO_C~1\Debug\libZero_Cross_Detector_lib.a(Zero_Cross_Counter.o)
                0x000046c4                _ZN18Zero_Cross_CounterC1Ev
                0x000046c4                _ZN18Zero_Cross_CounterC2Ev
 .text._ZN18Zero_Cross_CounterD2Ev
                0x000046ce        0x2 C:\Users\GMATEU~1\DOCUME~1\Trobina\DEVELO~1\Software\ATMEL_~1\ZERO_C~1\ZERO_C~1\Debug\libZero_Cross_Detector_lib.a(Zero_Cross_Counter.o)
                0x000046ce                _ZN18Zero_Cross_CounterD2Ev
                0x000046ce                _ZN18Zero_Cross_CounterD1Ev
 .text._ZN18Zero_Cross_Counter15ZCD_RISING_InitEv
                0x000046d0       0x1a C:\Users\GMATEU~1\DOCUME~1\Trobina\DEVELO~1\Software\ATMEL_~1\ZERO_C~1\ZERO_C~1\Debug\libZero_Cross_Detector_lib.a(Zero_Cross_Counter.o)
                0x000046d0                _ZN18Zero_Cross_Counter15ZCD_RISING_InitEv
 .text._ZN18Zero_Cross_Counter17TIMER_RISING_InitEv
                0x000046ea       0x18 C:\Users\GMATEU~1\DOCUME~1\Trobina\DEVELO~1\Software\ATMEL_~1\ZERO_C~1\ZERO_C~1\Debug\libZero_Cross_Detector_lib.a(Zero_Cross_Counter.o)
                0x000046ea                _ZN18Zero_Cross_Counter17TIMER_RISING_InitEv
 .text._ZN18Zero_Cross_Counter4InitEv
                0x00004702       0x1e C:\Users\GMATEU~1\DOCUME~1\Trobina\DEVELO~1\Software\ATMEL_~1\ZERO_C~1\ZERO_C~1\Debug\libZero_Cross_Detector_lib.a(Zero_Cross_Counter.o)
                0x00004702                _ZN18Zero_Cross_Counter4InitEv
 .text._ZN18Zero_Cross_Counter15CaptureCounterCEv
                0x00004720       0x50 C:\Users\GMATEU~1\DOCUME~1\Trobina\DEVELO~1\Software\ATMEL_~1\ZERO_C~1\ZERO_C~1\Debug\libZero_Cross_Detector_lib.a(Zero_Cross_Counter.o)
                0x00004720                _ZN18Zero_Cross_Counter15CaptureCounterCEv
 .text.__vector_17
                0x00004770       0x66 C:\Users\GMATEU~1\DOCUME~1\Trobina\DEVELO~1\Software\ATMEL_~1\ZERO_C~1\ZERO_C~1\Debug\libZero_Cross_Detector_lib.a(Zero_Cross_Counter.o)
                0x00004770                __vector_17
 .text._ZN18Zero_Cross_Counter22CaptureCounterB_RisingEv
                0x000047d6       0x10 C:\Users\GMATEU~1\DOCUME~1\Trobina\DEVELO~1\Software\ATMEL_~1\ZERO_C~1\ZERO_C~1\Debug\libZero_Cross_Detector_lib.a(Zero_Cross_Counter.o)
                0x000047d6                _ZN18Zero_Cross_Counter22CaptureCounterB_RisingEv
 .text.__vector_14
                0x000047e6       0x74 C:\Users\GMATEU~1\DOCUME~1\Trobina\DEVELO~1\Software\ATMEL_~1\ZERO_C~1\ZERO_C~1\Debug\libZero_Cross_Detector_lib.a(Zero_Cross_Counter.o)
                0x000047e6                __vector_14
 .text._ZN18Zero_Cross_Counter23CaptureCounterB_FallingEv
                0x0000485a       0x10 C:\Users\GMATEU~1\DOCUME~1\Trobina\DEVELO~1\Software\ATMEL_~1\ZERO_C~1\ZERO_C~1\Debug\libZero_Cross_Detector_lib.a(Zero_Cross_Counter.o)
                0x0000485a                _ZN18Zero_Cross_Counter23CaptureCounterB_FallingEv
 .text.__vector_15
                0x0000486a       0x74 C:\Users\GMATEU~1\DOCUME~1\Trobina\DEVELO~1\Software\ATMEL_~1\ZERO_C~1\ZERO_C~1\Debug\libZero_Cross_Detector_lib.a(Zero_Cross_Counter.o)
                0x0000486a                __vector_15
 .text.avr-libc.fplib
                0x000048de        0xe c:/program files (x86)/atmel/studio/7.0/toolchain/avr8/avr8-gnu-toolchain/bin/../lib/gcc/avr/5.4.0/../../../../avr/lib/avrxmega4\libm.a(addsf3.o)
                0x000048de                __subsf3
                0x000048e0                __addsf3
 .text.avr-libc.fplib
                0x000048ec       0xcc c:/program files (x86)/atmel/studio/7.0/toolchain/avr8/avr8-gnu-toolchain/bin/../lib/gcc/avr/5.4.0/../../../../avr/lib/avrxmega4\libm.a(addsf3x.o)
                0x0000490e                __addsf3x
 .text.avr-libc.fplib
                0x000049b8        0xa c:/program files (x86)/atmel/studio/7.0/toolchain/avr8/avr8-gnu-toolchain/bin/../lib/gcc/avr/5.4.0/../../../../avr/lib/avrxmega4\libm.a(cmpsf2.o)
                0x000049b8                __nesf2
                0x000049b8                __eqsf2
                0x000049b8                __cmpsf2
                0x000049b8                __ltsf2
                0x000049b8                __lesf2
 .text.avr-libc.fplib
                0x000049c2        0x8 c:/program files (x86)/atmel/studio/7.0/toolchain/avr8/avr8-gnu-toolchain/bin/../lib/gcc/avr/5.4.0/../../../../avr/lib/avrxmega4\libm.a(divsf3.o)
                0x000049c2                __divsf3
 .text.avr-libc.fplib
                0x000049ca       0xdc c:/program files (x86)/atmel/studio/7.0/toolchain/avr8/avr8-gnu-toolchain/bin/../lib/gcc/avr/5.4.0/../../../../avr/lib/avrxmega4\libm.a(divsf3x.o)
                0x000049ea                __divsf3x
                0x000049f0                __divsf3_pse
 .text.avr-libc.fplib
                0x00004aa6        0xe c:/program files (x86)/atmel/studio/7.0/toolchain/avr8/avr8-gnu-toolchain/bin/../lib/gcc/avr/5.4.0/../../../../avr/lib/avrxmega4\libm.a(fixsfsi.o)
                0x00004aa6                __fixsfsi
 .text.avr-libc.fplib
                0x00004ab4       0x5e c:/program files (x86)/atmel/studio/7.0/toolchain/avr8/avr8-gnu-toolchain/bin/../lib/gcc/avr/5.4.0/../../../../avr/lib/avrxmega4\libm.a(fixunssfsi.o)
                0x00004ab4                __fixunssfsi
 .text.avr-libc.fplib
                0x00004b12       0x7a c:/program files (x86)/atmel/studio/7.0/toolchain/avr8/avr8-gnu-toolchain/bin/../lib/gcc/avr/5.4.0/../../../../avr/lib/avrxmega4\libm.a(floatsisf.o)
                0x00004b12                __floatunsisf
                0x00004b16                __floatsisf
 .text.avr-libc.fplib
                0x00004b8c       0x2e c:/program files (x86)/atmel/studio/7.0/toolchain/avr8/avr8-gnu-toolchain/bin/../lib/gcc/avr/5.4.0/../../../../avr/lib/avrxmega4\libm.a(floor.o)
                0x00004b8c                floor
 .text.avr-libc.fplib
                0x00004bba       0x48 c:/program files (x86)/atmel/studio/7.0/toolchain/avr8/avr8-gnu-toolchain/bin/../lib/gcc/avr/5.4.0/../../../../avr/lib/avrxmega4\libm.a(fp_cmp.o)
                0x00004bba                __fp_cmp
 .text.avr-libc.fplib
                0x00004c02        0xc c:/program files (x86)/atmel/studio/7.0/toolchain/avr8/avr8-gnu-toolchain/bin/../lib/gcc/avr/5.4.0/../../../../avr/lib/avrxmega4\libm.a(fp_inf.o)
                0x00004c02                __fp_inf
 .text.avr-libc.fplib
                0x00004c0e       0x36 c:/program files (x86)/atmel/studio/7.0/toolchain/avr8/avr8-gnu-toolchain/bin/../lib/gcc/avr/5.4.0/../../../../avr/lib/avrxmega4\libm.a(fp_mintl.o)
                0x00004c0e                __fp_mintl
 .text.avr-libc.fplib
                0x00004c44       0x1c c:/program files (x86)/atmel/studio/7.0/toolchain/avr8/avr8-gnu-toolchain/bin/../lib/gcc/avr/5.4.0/../../../../avr/lib/avrxmega4\libm.a(fp_mpack.o)
                0x00004c44                __fp_mpack
                0x00004c48                __fp_mpack_finite
 .text.avr-libc.fplib
                0x00004c60        0x6 c:/program files (x86)/atmel/studio/7.0/toolchain/avr8/avr8-gnu-toolchain/bin/../lib/gcc/avr/5.4.0/../../../../avr/lib/avrxmega4\libm.a(fp_nan.o)
                0x00004c60                __fp_nan
 .text.avr-libc.fplib
                0x00004c66        0xe c:/program files (x86)/atmel/studio/7.0/toolchain/avr8/avr8-gnu-toolchain/bin/../lib/gcc/avr/5.4.0/../../../../avr/lib/avrxmega4\libm.a(fp_pscA.o)
                0x00004c66                __fp_pscA
 .text.avr-libc.fplib
                0x00004c74        0xe c:/program files (x86)/atmel/studio/7.0/toolchain/avr8/avr8-gnu-toolchain/bin/../lib/gcc/avr/5.4.0/../../../../avr/lib/avrxmega4\libm.a(fp_pscB.o)
                0x00004c74                __fp_pscB
 .text.avr-libc.fplib
                0x00004c82       0x22 c:/program files (x86)/atmel/studio/7.0/toolchain/avr8/avr8-gnu-toolchain/bin/../lib/gcc/avr/5.4.0/../../../../avr/lib/avrxmega4\libm.a(fp_round.o)
                0x00004c82                __fp_round
 .text.avr-libc.fplib
                0x00004ca4       0x44 c:/program files (x86)/atmel/studio/7.0/toolchain/avr8/avr8-gnu-toolchain/bin/../lib/gcc/avr/5.4.0/../../../../avr/lib/avrxmega4\libm.a(fp_split3.o)
                0x00004ca4                __fp_split3
                0x00004cb4                __fp_splitA
 .text.avr-libc.fplib
                0x00004ce8       0x30 c:/program files (x86)/atmel/studio/7.0/toolchain/avr8/avr8-gnu-toolchain/bin/../lib/gcc/avr/5.4.0/../../../../avr/lib/avrxmega4\libm.a(fp_trunc.o)
                0x00004ce8                __fp_trunc
 .text.avr-libc.fplib
                0x00004d18        0xe c:/program files (x86)/atmel/studio/7.0/toolchain/avr8/avr8-gnu-toolchain/bin/../lib/gcc/avr/5.4.0/../../../../avr/lib/avrxmega4\libm.a(fp_zero.o)
                0x00004d18                __fp_zero
                0x00004d1a                __fp_szero
 .text.avr-libc.fplib
                0x00004d26        0xa c:/program files (x86)/atmel/studio/7.0/toolchain/avr8/avr8-gnu-toolchain/bin/../lib/gcc/avr/5.4.0/../../../../avr/lib/avrxmega4\libm.a(gesf2.o)
                0x00004d26                __gesf2
                0x00004d26                __gtsf2
 .text.avr-libc.fplib
                0x00004d30       0xa0 c:/program files (x86)/atmel/studio/7.0/toolchain/avr8/avr8-gnu-toolchain/bin/../lib/gcc/avr/5.4.0/../../../../avr/lib/avrxmega4\libm.a(log.o)
                0x00004d40                log
 .text.avr-libc.fplib
                0x00004dd0        0x8 c:/program files (x86)/atmel/studio/7.0/toolchain/avr8/avr8-gnu-toolchain/bin/../lib/gcc/avr/5.4.0/../../../../avr/lib/avrxmega4\libm.a(mulsf3.o)
                0x00004dd0                __mulsf3
 .text.avr-libc.fplib
                0x00004dd8       0xd2 c:/program files (x86)/atmel/studio/7.0/toolchain/avr8/avr8-gnu-toolchain/bin/../lib/gcc/avr/5.4.0/../../../../avr/lib/avrxmega4\libm.a(mulsf3x.o)
                0x00004df6                __mulsf3x
                0x00004dfc                __mulsf3_pse
 .text.avr-libc.fplib
                0x00004eaa       0xa0 c:/program files (x86)/atmel/studio/7.0/toolchain/avr8/avr8-gnu-toolchain/bin/../lib/gcc/avr/5.4.0/../../../../avr/lib/avrxmega4\libm.a(pow.o)
                0x00004eaa                pow
 .text.avr-libc.fplib
                0x00004f4a       0x48 c:/program files (x86)/atmel/studio/7.0/toolchain/avr8/avr8-gnu-toolchain/bin/../lib/gcc/avr/5.4.0/../../../../avr/lib/avrxmega4\libm.a(round.o)
                0x00004f4a                round
 .text.avr-libc.fplib
                0x00004f92       0x74 c:/program files (x86)/atmel/studio/7.0/toolchain/avr8/avr8-gnu-toolchain/bin/../lib/gcc/avr/5.4.0/../../../../avr/lib/avrxmega4\libm.a(exp.o)
                0x00004fa2                exp
 .text.avr-libc.fplib
                0x00005006       0x4e c:/program files (x86)/atmel/studio/7.0/toolchain/avr8/avr8-gnu-toolchain/bin/../lib/gcc/avr/5.4.0/../../../../avr/lib/avrxmega4\libm.a(fp_powser.o)
                0x00005006                __fp_powser
 .text.avr-libc.fplib
                0x00005054       0x10 c:/program files (x86)/atmel/studio/7.0/toolchain/avr8/avr8-gnu-toolchain/bin/../lib/gcc/avr/5.4.0/../../../../avr/lib/avrxmega4\libm.a(inverse.o)
                0x00005054                inverse
 .text.avr-libc.fplib
                0x00005064       0x74 c:/program files (x86)/atmel/studio/7.0/toolchain/avr8/avr8-gnu-toolchain/bin/../lib/gcc/avr/5.4.0/../../../../avr/lib/avrxmega4\libm.a(ldexp.o)
                0x0000506c                ldexp
 .text.avr-libc.fplib
                0x000050d8       0x68 c:/program files (x86)/atmel/studio/7.0/toolchain/avr8/avr8-gnu-toolchain/bin/../lib/gcc/avr/5.4.0/../../../../avr/lib/avrxmega4\libm.a(modf.o)
                0x000050d8                modf
                0x000050d8                modff
 .text.avr-libc
                0x00005140      0x740 c:/program files (x86)/atmel/studio/7.0/toolchain/avr8/avr8-gnu-toolchain/bin/../lib/gcc/avr/5.4.0/../../../../avr/lib/avrxmega4\libprintf_flt.a(vfprintf_flt.o)
                0x00005140                vfprintf
 .text.libgcc.div
                0x00005880       0x28 c:/program files (x86)/atmel/studio/7.0/toolchain/avr8/avr8-gnu-toolchain/bin/../lib/gcc/avr/5.4.0/avrxmega4\libgcc.a(_divmodhi4.o)
                0x00005880                _div
                0x00005880                __divmodhi4
 .text.libgcc.div
                0x000058a8       0x44 c:/program files (x86)/atmel/studio/7.0/toolchain/avr8/avr8-gnu-toolchain/bin/../lib/gcc/avr/5.4.0/avrxmega4\libgcc.a(_udivmodsi4.o)
                0x000058a8                __udivmodsi4
 .text.libgcc.div
                0x000058ec       0x2e c:/program files (x86)/atmel/studio/7.0/toolchain/avr8/avr8-gnu-toolchain/bin/../lib/gcc/avr/5.4.0/avrxmega4\libgcc.a(_divmodsi4.o)
                0x000058ec                __divmodsi4
 .text.libgcc.div
                0x0000591a       0x10 c:/program files (x86)/atmel/studio/7.0/toolchain/avr8/avr8-gnu-toolchain/bin/../lib/gcc/avr/5.4.0/avrxmega4\libgcc.a(_negsi2.o)
                0x0000591a                __negsi2
 .text.libgcc   0x0000592a       0x12 c:/program files (x86)/atmel/studio/7.0/toolchain/avr8/avr8-gnu-toolchain/bin/../lib/gcc/avr/5.4.0/avrxmega4\libgcc.a(_tablejump2.o)
                0x0000592a                __tablejump2__
 .text.libgcc.div
                0x0000593c       0x28 c:/program files (x86)/atmel/studio/7.0/toolchain/avr8/avr8-gnu-toolchain/bin/../lib/gcc/avr/5.4.0/avrxmega4\libgcc.a(_udivmodhi4.o)
                0x0000593c                __udivmodhi4
 .text.avr-libc
                0x00005964      0x1b0 c:/program files (x86)/atmel/studio/7.0/toolchain/avr8/avr8-gnu-toolchain/bin/../lib/gcc/avr/5.4.0/../../../../avr/lib/avrxmega4\libc.a(ftoa_engine.o)
                0x00005964                __ftoa_engine
 .text.avr-libc
                0x00005b14       0x16 c:/program files (x86)/atmel/studio/7.0/toolchain/avr8/avr8-gnu-toolchain/bin/../lib/gcc/avr/5.4.0/../../../../avr/lib/avrxmega4\libc.a(strnlen_P.o)
                0x00005b14                strnlen_P
 .text.avr-libc
                0x00005b2a        0xe c:/program files (x86)/atmel/studio/7.0/toolchain/avr8/avr8-gnu-toolchain/bin/../lib/gcc/avr/5.4.0/../../../../avr/lib/avrxmega4\libc.a(memset.o)
                0x00005b2a                memset
 .text.avr-libc
                0x00005b38       0x16 c:/program files (x86)/atmel/studio/7.0/toolchain/avr8/avr8-gnu-toolchain/bin/../lib/gcc/avr/5.4.0/../../../../avr/lib/avrxmega4\libc.a(strnlen.o)
                0x00005b38                strnlen
 .text.avr-libc
                0x00005b4e       0x78 c:/program files (x86)/atmel/studio/7.0/toolchain/avr8/avr8-gnu-toolchain/bin/../lib/gcc/avr/5.4.0/../../../../avr/lib/avrxmega4\libc.a(fputc.o)
                0x00005b4e                fputc
 .text.avr-libc
                0x00005bc6       0x28 c:/program files (x86)/atmel/studio/7.0/toolchain/avr8/avr8-gnu-toolchain/bin/../lib/gcc/avr/5.4.0/../../../../avr/lib/avrxmega4\libc.a(printf.o)
                0x00005bc6                printf
 .text.avr-libc
                0x00005bee       0xbc c:/program files (x86)/atmel/studio/7.0/toolchain/avr8/avr8-gnu-toolchain/bin/../lib/gcc/avr/5.4.0/../../../../avr/lib/avrxmega4\libc.a(ultoa_invert.o)
                0x00005bee                __ultoa_invert
                0x00005caa                . = ALIGN (0x2)
 *(.fini9)
 .fini9         0x00005caa        0x0 c:/program files (x86)/atmel/studio/7.0/toolchain/avr8/avr8-gnu-toolchain/bin/../lib/gcc/avr/5.4.0/avrxmega4\libgcc.a(_exit.o)
                0x00005caa                _exit
                0x00005caa                exit
 *(.fini9)
 *(.fini8)
 *(.fini8)
 *(.fini7)
 *(.fini7)
 *(.fini6)
 .fini6         0x00005caa       0x16 c:/program files (x86)/atmel/studio/7.0/toolchain/avr8/avr8-gnu-toolchain/bin/../lib/gcc/avr/5.4.0/avrxmega4\libgcc.a(_dtors.o)
                0x00005caa                __do_global_dtors
 *(.fini6)
 *(.fini5)
 *(.fini5)
 *(.fini4)
 *(.fini4)
 *(.fini3)
 *(.fini3)
 *(.fini2)
 *(.fini2)
 *(.fini1)
 *(.fini1)
 *(.fini0)
 .fini0         0x00005cc0        0x4 c:/program files (x86)/atmel/studio/7.0/toolchain/avr8/avr8-gnu-toolchain/bin/../lib/gcc/avr/5.4.0/avrxmega4\libgcc.a(_exit.o)
 *(.fini0)
                0x00005cc4                _etext = .

.data           0x00804000      0x1da load address 0x00005cc4
                0x00804000                PROVIDE (__data_start, .)
 *(.data)
 *(.data*)
 .data.USART_0_stream
                0x00804000        0xe C:\Users\GMATEU~1\DOCUME~1\Trobina\DEVELO~1\Software\ATMEL_~1\AVR128~1\AVR128~1\Debug\libAVR128DB_BSP.a(usart_basic.o)
                0x00804000                USART_0_stream
 *(.gnu.linkonce.d*)
 *(.rodata)
 .rodata        0x0080400e       0x94 C:\Users\GMATEU~1\DOCUME~1\Trobina\DEVELO~1\Software\ATMEL_~1\ADF561~2\ADF561~1\library\libADF5610_AVR128DB_LIB.a(ADF5610Driver.o)
 *(.rodata*)
 .rodata.str1.1
                0x008040a2       0x35 LTC5548HANDLER.o
 .rodata._ZL17default_registers
                0x008040d7       0xe6 C:\Users\GMATEU~1\DOCUME~1\Trobina\DEVELO~1\Software\ATMEL_~1\LMX_AV~1\LMX_AV~1\library\libLMX_AVR128DB_LIB.a(lmx2694Handler.o)
 .rodata._ZL22channel_divider_values
                0x008041bd       0x1c C:\Users\GMATEU~1\DOCUME~1\Trobina\DEVELO~1\Software\ATMEL_~1\LMX_AV~1\LMX_AV~1\library\libLMX_AVR128DB_LIB.a(lmx2694Handler.o)
 *(.gnu.linkonce.r*)
                0x008041da                . = ALIGN (0x2)
 *fill*         0x008041d9        0x1 
                0x008041da                _edata = .
                0x008041da                PROVIDE (__data_end, .)

.bss            0x008041da      0x3bc
                0x008041da                PROVIDE (__bss_start, .)
 *(.bss)
 *(.bss*)
 .bss._ZL13local_counter
                0x008041da        0xc LTC5548HANDLER.o
 .bss._ZL9local_adf
                0x008041e6      0x165 LTC5548HANDLER.o
 .bss._ZL9local_lmx
                0x0080434b       0x48 LTC5548HANDLER.o
 .bss._ZL3ltc   0x00804393       0x1b main.o
 .bss._ZL9staticSPI
                0x008043ae        0x5 C:\Users\GMATEU~1\DOCUME~1\Trobina\DEVELO~1\Software\ATMEL_~1\ADF561~2\ADF561~1\library\libADF5610_AVR128DB_LIB.a(ADF5610Driver.o)
 .bss.ptrSPISync_adf
                0x008043b3        0x2 C:\Users\GMATEU~1\DOCUME~1\Trobina\DEVELO~1\Software\ATMEL_~1\ADF561~2\ADF561~1\library\libADF5610_AVR128DB_LIB.a(SPI_Syn_Class_ADF.o)
                0x008043b3                ptrSPISync_adf
 .bss.SPI_LMX_desc
                0x008043b5        0x1 C:\Users\GMATEU~1\DOCUME~1\Trobina\DEVELO~1\Software\ATMEL_~1\AVR128~1\AVR128~1\Debug\libAVR128DB_BSP.a(spi_basic.o)
 .bss.SPI_ADF_desc
                0x008043b6        0x1 C:\Users\GMATEU~1\DOCUME~1\Trobina\DEVELO~1\Software\ATMEL_~1\AVR128~1\AVR128~1\Debug\libAVR128DB_BSP.a(spi_basic.o)
 .bss._ZL9staticSPI
                0x008043b7        0x5 C:\Users\GMATEU~1\DOCUME~1\Trobina\DEVELO~1\Software\ATMEL_~1\LMX_AV~1\LMX_AV~1\library\libLMX_AVR128DB_LIB.a(lmx2694Handler.o)
 .bss._ZL20local_read_registers
                0x008043bc       0xe6 C:\Users\GMATEU~1\DOCUME~1\Trobina\DEVELO~1\Software\ATMEL_~1\LMX_AV~1\LMX_AV~1\library\libLMX_AVR128DB_LIB.a(lmx2694Handler.o)
 .bss._ZL21local_write_registers
                0x008044a2       0xe6 C:\Users\GMATEU~1\DOCUME~1\Trobina\DEVELO~1\Software\ATMEL_~1\LMX_AV~1\LMX_AV~1\library\libLMX_AVR128DB_LIB.a(lmx2694Handler.o)
 .bss.ptrSPISync
                0x00804588        0x2 C:\Users\GMATEU~1\DOCUME~1\Trobina\DEVELO~1\Software\ATMEL_~1\LMX_AV~1\LMX_AV~1\library\libLMX_AVR128DB_LIB.a(SPI_Syn_Class.o)
                0x00804588                ptrSPISync
 .bss._ZL21capture_value_falling
                0x0080458a        0x2 C:\Users\GMATEU~1\DOCUME~1\Trobina\DEVELO~1\Software\ATMEL_~1\ZERO_C~1\ZERO_C~1\Debug\libZero_Cross_Detector_lib.a(Zero_Cross_Counter.o)
 .bss._ZL20capture_value_rising
                0x0080458c        0x2 C:\Users\GMATEU~1\DOCUME~1\Trobina\DEVELO~1\Software\ATMEL_~1\ZERO_C~1\ZERO_C~1\Debug\libZero_Cross_Detector_lib.a(Zero_Cross_Counter.o)
 .bss.ptr_zero_cross_handler
                0x0080458e        0x2 C:\Users\GMATEU~1\DOCUME~1\Trobina\DEVELO~1\Software\ATMEL_~1\ZERO_C~1\ZERO_C~1\Debug\libZero_Cross_Detector_lib.a(Zero_Cross_Counter.o)
                0x0080458e                ptr_zero_cross_handler
 *(COMMON)
 COMMON         0x00804590        0x6 c:/program files (x86)/atmel/studio/7.0/toolchain/avr8/avr8-gnu-toolchain/bin/../lib/gcc/avr/5.4.0/../../../../avr/lib/avrxmega4\libc.a(iob.o)
                0x00804590                __iob
                0x00804596                PROVIDE (__bss_end, .)
                0x00005cc4                __data_load_start = LOADADDR (.data)
                0x00005e9e                __data_load_end = (__data_load_start + SIZEOF (.data))

.noinit         0x00804596        0x0
                [!provide]                PROVIDE (__noinit_start, .)
 *(.noinit*)
                [!provide]                PROVIDE (__noinit_end, .)
                0x00804596                _end = .
                [!provide]                PROVIDE (__heap_start, .)

.eeprom         0x00810000        0x0
 *(.eeprom*)
                0x00810000                __eeprom_end = .

.fuse
 *(.fuse)
 *(.lfuse)
 *(.hfuse)
 *(.efuse)

.lock
 *(.lock*)

.signature
 *(.signature*)

.user_signatures
 *(.user_signatures*)

.stab
 *(.stab)

.stabstr
 *(.stabstr)

.stab.excl
 *(.stab.excl)

.stab.exclstr
 *(.stab.exclstr)

.stab.index
 *(.stab.index)

.stab.indexstr
 *(.stab.indexstr)

.comment        0x00000000       0x5c
 *(.comment)
 .comment       0x00000000       0x30 LTC5548HANDLER.o
                                 0x31 (size before relaxing)
 .comment       0x00000030       0x31 main.o
 .comment       0x00000030       0x31 C:\Users\GMATEU~1\DOCUME~1\Trobina\DEVELO~1\Software\ATMEL_~1\ADF561~2\ADF561~1\library\libADF5610_AVR128DB_LIB.a(ADF5610Driver.o)
 .comment       0x00000030       0x31 C:\Users\GMATEU~1\DOCUME~1\Trobina\DEVELO~1\Software\ATMEL_~1\ADF561~2\ADF561~1\library\libADF5610_AVR128DB_LIB.a(SPI_Syn_Class_ADF.o)
 .comment       0x00000030       0x31 C:\Users\GMATEU~1\DOCUME~1\Trobina\DEVELO~1\Software\ATMEL_~1\AVR128~1\AVR128~1\Debug\libAVR128DB_BSP.a(atmel_start.o)
 .comment       0x00000030       0x31 C:\Users\GMATEU~1\DOCUME~1\Trobina\DEVELO~1\Software\ATMEL_~1\AVR128~1\AVR128~1\Debug\libAVR128DB_BSP.a(driver_init.o)
 .comment       0x00000030       0x31 C:\Users\GMATEU~1\DOCUME~1\Trobina\DEVELO~1\Software\ATMEL_~1\AVR128~1\AVR128~1\Debug\libAVR128DB_BSP.a(evsys.o)
 .comment       0x00000030       0x31 C:\Users\GMATEU~1\DOCUME~1\Trobina\DEVELO~1\Software\ATMEL_~1\AVR128~1\AVR128~1\Debug\libAVR128DB_BSP.a(opamp_basic.o)
 .comment       0x00000030       0x31 C:\Users\GMATEU~1\DOCUME~1\Trobina\DEVELO~1\Software\ATMEL_~1\AVR128~1\AVR128~1\Debug\libAVR128DB_BSP.a(rtc.o)
 .comment       0x00000030       0x31 C:\Users\GMATEU~1\DOCUME~1\Trobina\DEVELO~1\Software\ATMEL_~1\AVR128~1\AVR128~1\Debug\libAVR128DB_BSP.a(slpctrl.o)
 .comment       0x00000030       0x31 C:\Users\GMATEU~1\DOCUME~1\Trobina\DEVELO~1\Software\ATMEL_~1\AVR128~1\AVR128~1\Debug\libAVR128DB_BSP.a(spi_basic.o)
 .comment       0x00000030       0x31 C:\Users\GMATEU~1\DOCUME~1\Trobina\DEVELO~1\Software\ATMEL_~1\AVR128~1\AVR128~1\Debug\libAVR128DB_BSP.a(tcb.o)
 .comment       0x00000030       0x31 C:\Users\GMATEU~1\DOCUME~1\Trobina\DEVELO~1\Software\ATMEL_~1\AVR128~1\AVR128~1\Debug\libAVR128DB_BSP.a(tcd.o)
 .comment       0x00000030       0x31 C:\Users\GMATEU~1\DOCUME~1\Trobina\DEVELO~1\Software\ATMEL_~1\AVR128~1\AVR128~1\Debug\libAVR128DB_BSP.a(usart_basic.o)
 .comment       0x00000030       0x31 C:\Users\GMATEU~1\DOCUME~1\Trobina\DEVELO~1\Software\ATMEL_~1\AVR128~1\AVR128~1\Debug\libAVR128DB_BSP.a(vref.o)
 .comment       0x00000030       0x31 C:\Users\GMATEU~1\DOCUME~1\Trobina\DEVELO~1\Software\ATMEL_~1\AVR128~1\AVR128~1\Debug\libAVR128DB_BSP.a(zcd.o)
 .comment       0x00000030       0x31 C:\Users\GMATEU~1\DOCUME~1\Trobina\DEVELO~1\Software\ATMEL_~1\AVR128~1\AVR128~1\Debug\libAVR128DB_BSP.a(bod.o)
 .comment       0x00000030       0x31 C:\Users\GMATEU~1\DOCUME~1\Trobina\DEVELO~1\Software\ATMEL_~1\AVR128~1\AVR128~1\Debug\libAVR128DB_BSP.a(clkctrl.o)
 .comment       0x00000030       0x31 C:\Users\GMATEU~1\DOCUME~1\Trobina\DEVELO~1\Software\ATMEL_~1\AVR128~1\AVR128~1\Debug\libAVR128DB_BSP.a(cpuint.o)
 .comment       0x00000030       0x31 C:\Users\GMATEU~1\DOCUME~1\Trobina\DEVELO~1\Software\ATMEL_~1\LMX_AV~1\LMX_AV~1\library\libLMX_AVR128DB_LIB.a(lmx2694Handler.o)
 .comment       0x00000030       0x31 C:\Users\GMATEU~1\DOCUME~1\Trobina\DEVELO~1\Software\ATMEL_~1\LMX_AV~1\LMX_AV~1\library\libLMX_AVR128DB_LIB.a(SPI_Syn_Class.o)
 .comment       0x00000030       0x31 C:\Users\GMATEU~1\DOCUME~1\Trobina\DEVELO~1\Software\ATMEL_~1\ZERO_C~1\ZERO_C~1\Debug\libZero_Cross_Detector_lib.a(Zero_Cross_Counter.o)
 .comment       0x00000030       0x2c c:/program files (x86)/atmel/studio/7.0/toolchain/avr8/avr8-gnu-toolchain/bin/../lib/gcc/avr/5.4.0/../../../../avr/lib/avrxmega4\libprintf_flt.a(vfprintf_flt.o)
                                 0x2d (size before relaxing)
 .comment       0x0000005c       0x31 c:/program files (x86)/atmel/studio/7.0/toolchain/avr8/avr8-gnu-toolchain/bin/../lib/gcc/avr/5.4.0/../../../../avr/lib/avrxmega4\libc.a(fputc.o)
 .comment       0x0000005c       0x31 c:/program files (x86)/atmel/studio/7.0/toolchain/avr8/avr8-gnu-toolchain/bin/../lib/gcc/avr/5.4.0/../../../../avr/lib/avrxmega4\libc.a(iob.o)
 .comment       0x0000005c       0x31 c:/program files (x86)/atmel/studio/7.0/toolchain/avr8/avr8-gnu-toolchain/bin/../lib/gcc/avr/5.4.0/../../../../avr/lib/avrxmega4\libc.a(printf.o)

.note.gnu.avr.deviceinfo
                0x00000000       0x40
 .note.gnu.avr.deviceinfo
                0x00000000       0x40 C:/Program Files (x86)/Atmel/Studio/7.0/Packs/Atmel/AVR-Dx_DFP/1.7.85/gcc/dev/avr128db48/avrxmega4/crtavr128db48.o

.note.gnu.build-id
 *(.note.gnu.build-id)

.debug
 *(.debug)

.line
 *(.line)

.debug_srcinfo
 *(.debug_srcinfo)

.debug_sfnames
 *(.debug_sfnames)

.debug_aranges  0x00000000      0x878
 *(.debug_aranges)
 .debug_aranges
                0x00000000       0x90 LTC5548HANDLER.o
 .debug_aranges
                0x00000090       0x48 main.o
 .debug_aranges
                0x000000d8      0x108 C:\Users\GMATEU~1\DOCUME~1\Trobina\DEVELO~1\Software\ATMEL_~1\ADF561~2\ADF561~1\library\libADF5610_AVR128DB_LIB.a(ADF5610Driver.o)
 .debug_aranges
                0x000001e0       0x70 C:\Users\GMATEU~1\DOCUME~1\Trobina\DEVELO~1\Software\ATMEL_~1\ADF561~2\ADF561~1\library\libADF5610_AVR128DB_LIB.a(SPI_Syn_Class_ADF.o)
 .debug_aranges
                0x00000250       0x20 C:\Users\GMATEU~1\DOCUME~1\Trobina\DEVELO~1\Software\ATMEL_~1\AVR128~1\AVR128~1\Debug\libAVR128DB_BSP.a(atmel_start.o)
 .debug_aranges
                0x00000270       0x78 C:\Users\GMATEU~1\DOCUME~1\Trobina\DEVELO~1\Software\ATMEL_~1\AVR128~1\AVR128~1\Debug\libAVR128DB_BSP.a(driver_init.o)
 .debug_aranges
                0x000002e8       0x20 C:\Users\GMATEU~1\DOCUME~1\Trobina\DEVELO~1\Software\ATMEL_~1\AVR128~1\AVR128~1\Debug\libAVR128DB_BSP.a(evsys.o)
 .debug_aranges
                0x00000308       0xf0 C:\Users\GMATEU~1\DOCUME~1\Trobina\DEVELO~1\Software\ATMEL_~1\AVR128~1\AVR128~1\Debug\libAVR128DB_BSP.a(opamp_basic.o)
 .debug_aranges
                0x000003f8       0x20 C:\Users\GMATEU~1\DOCUME~1\Trobina\DEVELO~1\Software\ATMEL_~1\AVR128~1\AVR128~1\Debug\libAVR128DB_BSP.a(rtc.o)
 .debug_aranges
                0x00000418       0x28 C:\Users\GMATEU~1\DOCUME~1\Trobina\DEVELO~1\Software\ATMEL_~1\AVR128~1\AVR128~1\Debug\libAVR128DB_BSP.a(slpctrl.o)
 .debug_aranges
                0x00000440       0x88 C:\Users\GMATEU~1\DOCUME~1\Trobina\DEVELO~1\Software\ATMEL_~1\AVR128~1\AVR128~1\Debug\libAVR128DB_BSP.a(spi_basic.o)
 .debug_aranges
                0x000004c8       0x28 C:\Users\GMATEU~1\DOCUME~1\Trobina\DEVELO~1\Software\ATMEL_~1\AVR128~1\AVR128~1\Debug\libAVR128DB_BSP.a(tcb.o)
 .debug_aranges
                0x000004f0       0x20 C:\Users\GMATEU~1\DOCUME~1\Trobina\DEVELO~1\Software\ATMEL_~1\AVR128~1\AVR128~1\Debug\libAVR128DB_BSP.a(tcd.o)
 .debug_aranges
                0x00000510       0x78 C:\Users\GMATEU~1\DOCUME~1\Trobina\DEVELO~1\Software\ATMEL_~1\AVR128~1\AVR128~1\Debug\libAVR128DB_BSP.a(usart_basic.o)
 .debug_aranges
                0x00000588       0x20 C:\Users\GMATEU~1\DOCUME~1\Trobina\DEVELO~1\Software\ATMEL_~1\AVR128~1\AVR128~1\Debug\libAVR128DB_BSP.a(vref.o)
 .debug_aranges
                0x000005a8       0x28 C:\Users\GMATEU~1\DOCUME~1\Trobina\DEVELO~1\Software\ATMEL_~1\AVR128~1\AVR128~1\Debug\libAVR128DB_BSP.a(zcd.o)
 .debug_aranges
                0x000005d0       0x20 C:\Users\GMATEU~1\DOCUME~1\Trobina\DEVELO~1\Software\ATMEL_~1\AVR128~1\AVR128~1\Debug\libAVR128DB_BSP.a(bod.o)
 .debug_aranges
                0x000005f0       0x20 C:\Users\GMATEU~1\DOCUME~1\Trobina\DEVELO~1\Software\ATMEL_~1\AVR128~1\AVR128~1\Debug\libAVR128DB_BSP.a(clkctrl.o)
 .debug_aranges
                0x00000610       0x20 C:\Users\GMATEU~1\DOCUME~1\Trobina\DEVELO~1\Software\ATMEL_~1\AVR128~1\AVR128~1\Debug\libAVR128DB_BSP.a(cpuint.o)
 .debug_aranges
                0x00000630       0x20 C:\Users\GMATEU~1\DOCUME~1\Trobina\DEVELO~1\Software\ATMEL_~1\AVR128~1\AVR128~1\Debug\libAVR128DB_BSP.a(protected_io.o)
 .debug_aranges
                0x00000650      0x138 C:\Users\GMATEU~1\DOCUME~1\Trobina\DEVELO~1\Software\ATMEL_~1\LMX_AV~1\LMX_AV~1\library\libLMX_AVR128DB_LIB.a(lmx2694Handler.o)
 .debug_aranges
                0x00000788       0x70 C:\Users\GMATEU~1\DOCUME~1\Trobina\DEVELO~1\Software\ATMEL_~1\LMX_AV~1\LMX_AV~1\library\libLMX_AVR128DB_LIB.a(SPI_Syn_Class.o)
 .debug_aranges
                0x000007f8       0x80 C:\Users\GMATEU~1\DOCUME~1\Trobina\DEVELO~1\Software\ATMEL_~1\ZERO_C~1\ZERO_C~1\Debug\libZero_Cross_Detector_lib.a(Zero_Cross_Counter.o)

.debug_pubnames
 *(.debug_pubnames)

.debug_info     0x00000000     0xf33d
 *(.debug_info .gnu.linkonce.wi.*)
 .debug_info    0x00000000     0x2f42 C:/Program Files (x86)/Atmel/Studio/7.0/Packs/Atmel/AVR-Dx_DFP/1.7.85/gcc/dev/avr128db48/avrxmega4/crtavr128db48.o
 .debug_info    0x00002f42     0x1dc4 LTC5548HANDLER.o
 .debug_info    0x00004d06     0x18fe main.o
 .debug_info    0x00006604     0x1222 C:\Users\GMATEU~1\DOCUME~1\Trobina\DEVELO~1\Software\ATMEL_~1\ADF561~2\ADF561~1\library\libADF5610_AVR128DB_LIB.a(ADF5610Driver.o)
 .debug_info    0x00007826      0x55c C:\Users\GMATEU~1\DOCUME~1\Trobina\DEVELO~1\Software\ATMEL_~1\ADF561~2\ADF561~1\library\libADF5610_AVR128DB_LIB.a(SPI_Syn_Class_ADF.o)
 .debug_info    0x00007d82       0x9a C:\Users\GMATEU~1\DOCUME~1\Trobina\DEVELO~1\Software\ATMEL_~1\AVR128~1\AVR128~1\Debug\libAVR128DB_BSP.a(atmel_start.o)
 .debug_info    0x00007e1c     0x147d C:\Users\GMATEU~1\DOCUME~1\Trobina\DEVELO~1\Software\ATMEL_~1\AVR128~1\AVR128~1\Debug\libAVR128DB_BSP.a(driver_init.o)
 .debug_info    0x00009299      0x8b0 C:\Users\GMATEU~1\DOCUME~1\Trobina\DEVELO~1\Software\ATMEL_~1\AVR128~1\AVR128~1\Debug\libAVR128DB_BSP.a(evsys.o)
 .debug_info    0x00009b49      0xa33 C:\Users\GMATEU~1\DOCUME~1\Trobina\DEVELO~1\Software\ATMEL_~1\AVR128~1\AVR128~1\Debug\libAVR128DB_BSP.a(opamp_basic.o)
 .debug_info    0x0000a57c      0x389 C:\Users\GMATEU~1\DOCUME~1\Trobina\DEVELO~1\Software\ATMEL_~1\AVR128~1\AVR128~1\Debug\libAVR128DB_BSP.a(rtc.o)
 .debug_info    0x0000a905      0x136 C:\Users\GMATEU~1\DOCUME~1\Trobina\DEVELO~1\Software\ATMEL_~1\AVR128~1\AVR128~1\Debug\libAVR128DB_BSP.a(slpctrl.o)
 .debug_info    0x0000aa3b      0x46d C:\Users\GMATEU~1\DOCUME~1\Trobina\DEVELO~1\Software\ATMEL_~1\AVR128~1\AVR128~1\Debug\libAVR128DB_BSP.a(spi_basic.o)
 .debug_info    0x0000aea8      0x2ae C:\Users\GMATEU~1\DOCUME~1\Trobina\DEVELO~1\Software\ATMEL_~1\AVR128~1\AVR128~1\Debug\libAVR128DB_BSP.a(tcb.o)
 .debug_info    0x0000b156      0x589 C:\Users\GMATEU~1\DOCUME~1\Trobina\DEVELO~1\Software\ATMEL_~1\AVR128~1\AVR128~1\Debug\libAVR128DB_BSP.a(tcd.o)
 .debug_info    0x0000b6df      0x492 C:\Users\GMATEU~1\DOCUME~1\Trobina\DEVELO~1\Software\ATMEL_~1\AVR128~1\AVR128~1\Debug\libAVR128DB_BSP.a(usart_basic.o)
 .debug_info    0x0000bb71      0x15d C:\Users\GMATEU~1\DOCUME~1\Trobina\DEVELO~1\Software\ATMEL_~1\AVR128~1\AVR128~1\Debug\libAVR128DB_BSP.a(vref.o)
 .debug_info    0x0000bcce      0x150 C:\Users\GMATEU~1\DOCUME~1\Trobina\DEVELO~1\Software\ATMEL_~1\AVR128~1\AVR128~1\Debug\libAVR128DB_BSP.a(zcd.o)
 .debug_info    0x0000be1e      0x188 C:\Users\GMATEU~1\DOCUME~1\Trobina\DEVELO~1\Software\ATMEL_~1\AVR128~1\AVR128~1\Debug\libAVR128DB_BSP.a(bod.o)
 .debug_info    0x0000bfa6      0x38a C:\Users\GMATEU~1\DOCUME~1\Trobina\DEVELO~1\Software\ATMEL_~1\AVR128~1\AVR128~1\Debug\libAVR128DB_BSP.a(clkctrl.o)
 .debug_info    0x0000c330       0x8d C:\Users\GMATEU~1\DOCUME~1\Trobina\DEVELO~1\Software\ATMEL_~1\AVR128~1\AVR128~1\Debug\libAVR128DB_BSP.a(cpuint.o)
 .debug_info    0x0000c3bd       0xa6 C:\Users\GMATEU~1\DOCUME~1\Trobina\DEVELO~1\Software\ATMEL_~1\AVR128~1\AVR128~1\Debug\libAVR128DB_BSP.a(protected_io.o)
 .debug_info    0x0000c463     0x1647 C:\Users\GMATEU~1\DOCUME~1\Trobina\DEVELO~1\Software\ATMEL_~1\LMX_AV~1\LMX_AV~1\library\libLMX_AVR128DB_LIB.a(lmx2694Handler.o)
 .debug_info    0x0000daaa      0x55f C:\Users\GMATEU~1\DOCUME~1\Trobina\DEVELO~1\Software\ATMEL_~1\LMX_AV~1\LMX_AV~1\library\libLMX_AVR128DB_LIB.a(SPI_Syn_Class.o)
 .debug_info    0x0000e009     0x1334 C:\Users\GMATEU~1\DOCUME~1\Trobina\DEVELO~1\Software\ATMEL_~1\ZERO_C~1\ZERO_C~1\Debug\libZero_Cross_Detector_lib.a(Zero_Cross_Counter.o)

.debug_abbrev   0x00000000     0x5167
 *(.debug_abbrev)
 .debug_abbrev  0x00000000     0x2cc2 C:/Program Files (x86)/Atmel/Studio/7.0/Packs/Atmel/AVR-Dx_DFP/1.7.85/gcc/dev/avr128db48/avrxmega4/crtavr128db48.o
 .debug_abbrev  0x00002cc2      0x3bf LTC5548HANDLER.o
 .debug_abbrev  0x00003081      0x33a main.o
 .debug_abbrev  0x000033bb      0x3ad C:\Users\GMATEU~1\DOCUME~1\Trobina\DEVELO~1\Software\ATMEL_~1\ADF561~2\ADF561~1\library\libADF5610_AVR128DB_LIB.a(ADF5610Driver.o)
 .debug_abbrev  0x00003768      0x223 C:\Users\GMATEU~1\DOCUME~1\Trobina\DEVELO~1\Software\ATMEL_~1\ADF561~2\ADF561~1\library\libADF5610_AVR128DB_LIB.a(SPI_Syn_Class_ADF.o)
 .debug_abbrev  0x0000398b       0x63 C:\Users\GMATEU~1\DOCUME~1\Trobina\DEVELO~1\Software\ATMEL_~1\AVR128~1\AVR128~1\Debug\libAVR128DB_BSP.a(atmel_start.o)
 .debug_abbrev  0x000039ee      0x1e1 C:\Users\GMATEU~1\DOCUME~1\Trobina\DEVELO~1\Software\ATMEL_~1\AVR128~1\AVR128~1\Debug\libAVR128DB_BSP.a(driver_init.o)
 .debug_abbrev  0x00003bcf       0xaf C:\Users\GMATEU~1\DOCUME~1\Trobina\DEVELO~1\Software\ATMEL_~1\AVR128~1\AVR128~1\Debug\libAVR128DB_BSP.a(evsys.o)
 .debug_abbrev  0x00003c7e      0x12f C:\Users\GMATEU~1\DOCUME~1\Trobina\DEVELO~1\Software\ATMEL_~1\AVR128~1\AVR128~1\Debug\libAVR128DB_BSP.a(opamp_basic.o)
 .debug_abbrev  0x00003dad       0xe6 C:\Users\GMATEU~1\DOCUME~1\Trobina\DEVELO~1\Software\ATMEL_~1\AVR128~1\AVR128~1\Debug\libAVR128DB_BSP.a(rtc.o)
 .debug_abbrev  0x00003e93       0xc4 C:\Users\GMATEU~1\DOCUME~1\Trobina\DEVELO~1\Software\ATMEL_~1\AVR128~1\AVR128~1\Debug\libAVR128DB_BSP.a(slpctrl.o)
 .debug_abbrev  0x00003f57      0x19f C:\Users\GMATEU~1\DOCUME~1\Trobina\DEVELO~1\Software\ATMEL_~1\AVR128~1\AVR128~1\Debug\libAVR128DB_BSP.a(spi_basic.o)
 .debug_abbrev  0x000040f6       0xf3 C:\Users\GMATEU~1\DOCUME~1\Trobina\DEVELO~1\Software\ATMEL_~1\AVR128~1\AVR128~1\Debug\libAVR128DB_BSP.a(tcb.o)
 .debug_abbrev  0x000041e9       0xe6 C:\Users\GMATEU~1\DOCUME~1\Trobina\DEVELO~1\Software\ATMEL_~1\AVR128~1\AVR128~1\Debug\libAVR128DB_BSP.a(tcd.o)
 .debug_abbrev  0x000042cf      0x20d C:\Users\GMATEU~1\DOCUME~1\Trobina\DEVELO~1\Software\ATMEL_~1\AVR128~1\AVR128~1\Debug\libAVR128DB_BSP.a(usart_basic.o)
 .debug_abbrev  0x000044dc       0xaf C:\Users\GMATEU~1\DOCUME~1\Trobina\DEVELO~1\Software\ATMEL_~1\AVR128~1\AVR128~1\Debug\libAVR128DB_BSP.a(vref.o)
 .debug_abbrev  0x0000458b       0x95 C:\Users\GMATEU~1\DOCUME~1\Trobina\DEVELO~1\Software\ATMEL_~1\AVR128~1\AVR128~1\Debug\libAVR128DB_BSP.a(zcd.o)
 .debug_abbrev  0x00004620       0xaf C:\Users\GMATEU~1\DOCUME~1\Trobina\DEVELO~1\Software\ATMEL_~1\AVR128~1\AVR128~1\Debug\libAVR128DB_BSP.a(bod.o)
 .debug_abbrev  0x000046cf      0x128 C:\Users\GMATEU~1\DOCUME~1\Trobina\DEVELO~1\Software\ATMEL_~1\AVR128~1\AVR128~1\Debug\libAVR128DB_BSP.a(clkctrl.o)
 .debug_abbrev  0x000047f7       0x51 C:\Users\GMATEU~1\DOCUME~1\Trobina\DEVELO~1\Software\ATMEL_~1\AVR128~1\AVR128~1\Debug\libAVR128DB_BSP.a(cpuint.o)
 .debug_abbrev  0x00004848       0x14 C:\Users\GMATEU~1\DOCUME~1\Trobina\DEVELO~1\Software\ATMEL_~1\AVR128~1\AVR128~1\Debug\libAVR128DB_BSP.a(protected_io.o)
 .debug_abbrev  0x0000485c      0x38d C:\Users\GMATEU~1\DOCUME~1\Trobina\DEVELO~1\Software\ATMEL_~1\LMX_AV~1\LMX_AV~1\library\libLMX_AVR128DB_LIB.a(lmx2694Handler.o)
 .debug_abbrev  0x00004be9      0x223 C:\Users\GMATEU~1\DOCUME~1\Trobina\DEVELO~1\Software\ATMEL_~1\LMX_AV~1\LMX_AV~1\library\libLMX_AVR128DB_LIB.a(SPI_Syn_Class.o)
 .debug_abbrev  0x00004e0c      0x35b C:\Users\GMATEU~1\DOCUME~1\Trobina\DEVELO~1\Software\ATMEL_~1\ZERO_C~1\ZERO_C~1\Debug\libZero_Cross_Detector_lib.a(Zero_Cross_Counter.o)

.debug_line     0x00000000     0x4cc7
 *(.debug_line .debug_line.* .debug_line_end)
 .debug_line    0x00000000      0x205 C:/Program Files (x86)/Atmel/Studio/7.0/Packs/Atmel/AVR-Dx_DFP/1.7.85/gcc/dev/avr128db48/avrxmega4/crtavr128db48.o
 .debug_line    0x00000205      0x62a LTC5548HANDLER.o
 .debug_line    0x0000082f      0x3ab main.o
 .debug_line    0x00000bda      0xeba C:\Users\GMATEU~1\DOCUME~1\Trobina\DEVELO~1\Software\ATMEL_~1\ADF561~2\ADF561~1\library\libADF5610_AVR128DB_LIB.a(ADF5610Driver.o)
 .debug_line    0x00001a94      0x2f4 C:\Users\GMATEU~1\DOCUME~1\Trobina\DEVELO~1\Software\ATMEL_~1\ADF561~2\ADF561~1\library\libADF5610_AVR128DB_LIB.a(SPI_Syn_Class_ADF.o)
 .debug_line    0x00001d88       0x60 C:\Users\GMATEU~1\DOCUME~1\Trobina\DEVELO~1\Software\ATMEL_~1\AVR128~1\AVR128~1\Debug\libAVR128DB_BSP.a(atmel_start.o)
 .debug_line    0x00001de8      0x4ec C:\Users\GMATEU~1\DOCUME~1\Trobina\DEVELO~1\Software\ATMEL_~1\AVR128~1\AVR128~1\Debug\libAVR128DB_BSP.a(driver_init.o)
 .debug_line    0x000022d4      0x127 C:\Users\GMATEU~1\DOCUME~1\Trobina\DEVELO~1\Software\ATMEL_~1\AVR128~1\AVR128~1\Debug\libAVR128DB_BSP.a(evsys.o)
 .debug_line    0x000023fb      0x3a0 C:\Users\GMATEU~1\DOCUME~1\Trobina\DEVELO~1\Software\ATMEL_~1\AVR128~1\AVR128~1\Debug\libAVR128DB_BSP.a(opamp_basic.o)
 .debug_line    0x0000279b      0x128 C:\Users\GMATEU~1\DOCUME~1\Trobina\DEVELO~1\Software\ATMEL_~1\AVR128~1\AVR128~1\Debug\libAVR128DB_BSP.a(rtc.o)
 .debug_line    0x000028c3      0x120 C:\Users\GMATEU~1\DOCUME~1\Trobina\DEVELO~1\Software\ATMEL_~1\AVR128~1\AVR128~1\Debug\libAVR128DB_BSP.a(slpctrl.o)
 .debug_line    0x000029e3      0x369 C:\Users\GMATEU~1\DOCUME~1\Trobina\DEVELO~1\Software\ATMEL_~1\AVR128~1\AVR128~1\Debug\libAVR128DB_BSP.a(spi_basic.o)
 .debug_line    0x00002d4c      0x165 C:\Users\GMATEU~1\DOCUME~1\Trobina\DEVELO~1\Software\ATMEL_~1\AVR128~1\AVR128~1\Debug\libAVR128DB_BSP.a(tcb.o)
 .debug_line    0x00002eb1      0x12e C:\Users\GMATEU~1\DOCUME~1\Trobina\DEVELO~1\Software\ATMEL_~1\AVR128~1\AVR128~1\Debug\libAVR128DB_BSP.a(tcd.o)
 .debug_line    0x00002fdf      0x260 C:\Users\GMATEU~1\DOCUME~1\Trobina\DEVELO~1\Software\ATMEL_~1\AVR128~1\AVR128~1\Debug\libAVR128DB_BSP.a(usart_basic.o)
 .debug_line    0x0000323f      0x10d C:\Users\GMATEU~1\DOCUME~1\Trobina\DEVELO~1\Software\ATMEL_~1\AVR128~1\AVR128~1\Debug\libAVR128DB_BSP.a(vref.o)
 .debug_line    0x0000334c      0x128 C:\Users\GMATEU~1\DOCUME~1\Trobina\DEVELO~1\Software\ATMEL_~1\AVR128~1\AVR128~1\Debug\libAVR128DB_BSP.a(zcd.o)
 .debug_line    0x00003474      0x10c C:\Users\GMATEU~1\DOCUME~1\Trobina\DEVELO~1\Software\ATMEL_~1\AVR128~1\AVR128~1\Debug\libAVR128DB_BSP.a(bod.o)
 .debug_line    0x00003580      0x13a C:\Users\GMATEU~1\DOCUME~1\Trobina\DEVELO~1\Software\ATMEL_~1\AVR128~1\AVR128~1\Debug\libAVR128DB_BSP.a(clkctrl.o)
 .debug_line    0x000036ba       0xa5 C:\Users\GMATEU~1\DOCUME~1\Trobina\DEVELO~1\Software\ATMEL_~1\AVR128~1\AVR128~1\Debug\libAVR128DB_BSP.a(cpuint.o)
 .debug_line    0x0000375f       0x5b C:\Users\GMATEU~1\DOCUME~1\Trobina\DEVELO~1\Software\ATMEL_~1\AVR128~1\AVR128~1\Debug\libAVR128DB_BSP.a(protected_io.o)
 .debug_line    0x000037ba      0xed6 C:\Users\GMATEU~1\DOCUME~1\Trobina\DEVELO~1\Software\ATMEL_~1\LMX_AV~1\LMX_AV~1\library\libLMX_AVR128DB_LIB.a(lmx2694Handler.o)
 .debug_line    0x00004690      0x2d3 C:\Users\GMATEU~1\DOCUME~1\Trobina\DEVELO~1\Software\ATMEL_~1\LMX_AV~1\LMX_AV~1\library\libLMX_AVR128DB_LIB.a(SPI_Syn_Class.o)
 .debug_line    0x00004963      0x364 C:\Users\GMATEU~1\DOCUME~1\Trobina\DEVELO~1\Software\ATMEL_~1\ZERO_C~1\ZERO_C~1\Debug\libZero_Cross_Detector_lib.a(Zero_Cross_Counter.o)

.debug_frame    0x00000000     0x1740
 *(.debug_frame)
 .debug_frame   0x00000000      0x1ac LTC5548HANDLER.o
 .debug_frame   0x000001ac       0x98 main.o
 .debug_frame   0x00000244      0x484 C:\Users\GMATEU~1\DOCUME~1\Trobina\DEVELO~1\Software\ATMEL_~1\ADF561~2\ADF561~1\library\libADF5610_AVR128DB_LIB.a(ADF5610Driver.o)
 .debug_frame   0x000006c8      0x174 C:\Users\GMATEU~1\DOCUME~1\Trobina\DEVELO~1\Software\ATMEL_~1\ADF561~2\ADF561~1\library\libADF5610_AVR128DB_LIB.a(SPI_Syn_Class_ADF.o)
 .debug_frame   0x0000083c       0x24 C:\Users\GMATEU~1\DOCUME~1\Trobina\DEVELO~1\Software\ATMEL_~1\AVR128~1\AVR128~1\Debug\libAVR128DB_BSP.a(atmel_start.o)
 .debug_frame   0x00000860       0xd4 C:\Users\GMATEU~1\DOCUME~1\Trobina\DEVELO~1\Software\ATMEL_~1\AVR128~1\AVR128~1\Debug\libAVR128DB_BSP.a(driver_init.o)
 .debug_frame   0x00000934       0x24 C:\Users\GMATEU~1\DOCUME~1\Trobina\DEVELO~1\Software\ATMEL_~1\AVR128~1\AVR128~1\Debug\libAVR128DB_BSP.a(evsys.o)
 .debug_frame   0x00000958      0x1c4 C:\Users\GMATEU~1\DOCUME~1\Trobina\DEVELO~1\Software\ATMEL_~1\AVR128~1\AVR128~1\Debug\libAVR128DB_BSP.a(opamp_basic.o)
 .debug_frame   0x00000b1c       0x24 C:\Users\GMATEU~1\DOCUME~1\Trobina\DEVELO~1\Software\ATMEL_~1\AVR128~1\AVR128~1\Debug\libAVR128DB_BSP.a(rtc.o)
 .debug_frame   0x00000b40       0x34 C:\Users\GMATEU~1\DOCUME~1\Trobina\DEVELO~1\Software\ATMEL_~1\AVR128~1\AVR128~1\Debug\libAVR128DB_BSP.a(slpctrl.o)
 .debug_frame   0x00000b74       0xf4 C:\Users\GMATEU~1\DOCUME~1\Trobina\DEVELO~1\Software\ATMEL_~1\AVR128~1\AVR128~1\Debug\libAVR128DB_BSP.a(spi_basic.o)
 .debug_frame   0x00000c68       0x34 C:\Users\GMATEU~1\DOCUME~1\Trobina\DEVELO~1\Software\ATMEL_~1\AVR128~1\AVR128~1\Debug\libAVR128DB_BSP.a(tcb.o)
 .debug_frame   0x00000c9c       0x24 C:\Users\GMATEU~1\DOCUME~1\Trobina\DEVELO~1\Software\ATMEL_~1\AVR128~1\AVR128~1\Debug\libAVR128DB_BSP.a(tcd.o)
 .debug_frame   0x00000cc0       0xd4 C:\Users\GMATEU~1\DOCUME~1\Trobina\DEVELO~1\Software\ATMEL_~1\AVR128~1\AVR128~1\Debug\libAVR128DB_BSP.a(usart_basic.o)
 .debug_frame   0x00000d94       0x24 C:\Users\GMATEU~1\DOCUME~1\Trobina\DEVELO~1\Software\ATMEL_~1\AVR128~1\AVR128~1\Debug\libAVR128DB_BSP.a(vref.o)
 .debug_frame   0x00000db8       0x34 C:\Users\GMATEU~1\DOCUME~1\Trobina\DEVELO~1\Software\ATMEL_~1\AVR128~1\AVR128~1\Debug\libAVR128DB_BSP.a(zcd.o)
 .debug_frame   0x00000dec       0x24 C:\Users\GMATEU~1\DOCUME~1\Trobina\DEVELO~1\Software\ATMEL_~1\AVR128~1\AVR128~1\Debug\libAVR128DB_BSP.a(bod.o)
 .debug_frame   0x00000e10       0x24 C:\Users\GMATEU~1\DOCUME~1\Trobina\DEVELO~1\Software\ATMEL_~1\AVR128~1\AVR128~1\Debug\libAVR128DB_BSP.a(clkctrl.o)
 .debug_frame   0x00000e34       0x24 C:\Users\GMATEU~1\DOCUME~1\Trobina\DEVELO~1\Software\ATMEL_~1\AVR128~1\AVR128~1\Debug\libAVR128DB_BSP.a(cpuint.o)
 .debug_frame   0x00000e58      0x564 C:\Users\GMATEU~1\DOCUME~1\Trobina\DEVELO~1\Software\ATMEL_~1\LMX_AV~1\LMX_AV~1\library\libLMX_AVR128DB_LIB.a(lmx2694Handler.o)
 .debug_frame   0x000013bc      0x174 C:\Users\GMATEU~1\DOCUME~1\Trobina\DEVELO~1\Software\ATMEL_~1\LMX_AV~1\LMX_AV~1\library\libLMX_AVR128DB_LIB.a(SPI_Syn_Class.o)
 .debug_frame   0x00001530      0x210 C:\Users\GMATEU~1\DOCUME~1\Trobina\DEVELO~1\Software\ATMEL_~1\ZERO_C~1\ZERO_C~1\Debug\libZero_Cross_Detector_lib.a(Zero_Cross_Counter.o)

.debug_str      0x00000000     0x7143
 *(.debug_str)
 .debug_str     0x00000000     0x14f0 C:/Program Files (x86)/Atmel/Studio/7.0/Packs/Atmel/AVR-Dx_DFP/1.7.85/gcc/dev/avr128db48/avrxmega4/crtavr128db48.o
 .debug_str     0x000014f0     0x183d LTC5548HANDLER.o
                               0x194b (size before relaxing)
 .debug_str     0x00002d2d      0x112 main.o
                               0x1958 (size before relaxing)
 .debug_str     0x00002e3f      0x26b C:\Users\GMATEU~1\DOCUME~1\Trobina\DEVELO~1\Software\ATMEL_~1\ADF561~2\ADF561~1\library\libADF5610_AVR128DB_LIB.a(ADF5610Driver.o)
                                0xb7a (size before relaxing)
 .debug_str     0x000030aa       0xa3 C:\Users\GMATEU~1\DOCUME~1\Trobina\DEVELO~1\Software\ATMEL_~1\ADF561~2\ADF561~1\library\libADF5610_AVR128DB_LIB.a(SPI_Syn_Class_ADF.o)
                                0x48f (size before relaxing)
 .debug_str     0x0000314d      0x139 C:\Users\GMATEU~1\DOCUME~1\Trobina\DEVELO~1\Software\ATMEL_~1\AVR128~1\AVR128~1\Debug\libAVR128DB_BSP.a(atmel_start.o)
                                0x1ba (size before relaxing)
 .debug_str     0x00003286      0x663 C:\Users\GMATEU~1\DOCUME~1\Trobina\DEVELO~1\Software\ATMEL_~1\AVR128~1\AVR128~1\Debug\libAVR128DB_BSP.a(driver_init.o)
                                0x889 (size before relaxing)
 .debug_str     0x000038e9     0x1406 C:\Users\GMATEU~1\DOCUME~1\Trobina\DEVELO~1\Software\ATMEL_~1\AVR128~1\AVR128~1\Debug\libAVR128DB_BSP.a(evsys.o)
                               0x15e0 (size before relaxing)
 .debug_str     0x00004cef     0x1250 C:\Users\GMATEU~1\DOCUME~1\Trobina\DEVELO~1\Software\ATMEL_~1\AVR128~1\AVR128~1\Debug\libAVR128DB_BSP.a(opamp_basic.o)
                               0x1458 (size before relaxing)
 .debug_str     0x00005f3f      0x201 C:\Users\GMATEU~1\DOCUME~1\Trobina\DEVELO~1\Software\ATMEL_~1\AVR128~1\AVR128~1\Debug\libAVR128DB_BSP.a(rtc.o)
                                0x484 (size before relaxing)
 .debug_str     0x00006140       0xb9 C:\Users\GMATEU~1\DOCUME~1\Trobina\DEVELO~1\Software\ATMEL_~1\AVR128~1\AVR128~1\Debug\libAVR128DB_BSP.a(slpctrl.o)
                                0x271 (size before relaxing)
 .debug_str     0x000061f9      0x226 C:\Users\GMATEU~1\DOCUME~1\Trobina\DEVELO~1\Software\ATMEL_~1\AVR128~1\AVR128~1\Debug\libAVR128DB_BSP.a(spi_basic.o)
                                0x41d (size before relaxing)
 .debug_str     0x0000641f      0x159 C:\Users\GMATEU~1\DOCUME~1\Trobina\DEVELO~1\Software\ATMEL_~1\AVR128~1\AVR128~1\Debug\libAVR128DB_BSP.a(tcb.o)
                                0x38a (size before relaxing)
 .debug_str     0x00006578      0x310 C:\Users\GMATEU~1\DOCUME~1\Trobina\DEVELO~1\Software\ATMEL_~1\AVR128~1\AVR128~1\Debug\libAVR128DB_BSP.a(tcd.o)
                                0x541 (size before relaxing)
 .debug_str     0x00006888      0x1d5 C:\Users\GMATEU~1\DOCUME~1\Trobina\DEVELO~1\Software\ATMEL_~1\AVR128~1\AVR128~1\Debug\libAVR128DB_BSP.a(usart_basic.o)
                                0x3f2 (size before relaxing)
 .debug_str     0x00006a5d       0xc4 C:\Users\GMATEU~1\DOCUME~1\Trobina\DEVELO~1\Software\ATMEL_~1\AVR128~1\AVR128~1\Debug\libAVR128DB_BSP.a(vref.o)
                                0x28b (size before relaxing)
 .debug_str     0x00006b21       0x1e C:\Users\GMATEU~1\DOCUME~1\Trobina\DEVELO~1\Software\ATMEL_~1\AVR128~1\AVR128~1\Debug\libAVR128DB_BSP.a(zcd.o)
                                0x20f (size before relaxing)
 .debug_str     0x00006b3f       0x75 C:\Users\GMATEU~1\DOCUME~1\Trobina\DEVELO~1\Software\ATMEL_~1\AVR128~1\AVR128~1\Debug\libAVR128DB_BSP.a(bod.o)
                                0x25d (size before relaxing)
 .debug_str     0x00006bb4      0x215 C:\Users\GMATEU~1\DOCUME~1\Trobina\DEVELO~1\Software\ATMEL_~1\AVR128~1\AVR128~1\Debug\libAVR128DB_BSP.a(clkctrl.o)
                                0x426 (size before relaxing)
 .debug_str     0x00006dc9       0x10 C:\Users\GMATEU~1\DOCUME~1\Trobina\DEVELO~1\Software\ATMEL_~1\AVR128~1\AVR128~1\Debug\libAVR128DB_BSP.a(cpuint.o)
                                0x1ad (size before relaxing)
 .debug_str     0x00006dd9      0x1a2 C:\Users\GMATEU~1\DOCUME~1\Trobina\DEVELO~1\Software\ATMEL_~1\LMX_AV~1\LMX_AV~1\library\libLMX_AVR128DB_LIB.a(lmx2694Handler.o)
                                0xda4 (size before relaxing)
 .debug_str     0x00006f7b       0x50 C:\Users\GMATEU~1\DOCUME~1\Trobina\DEVELO~1\Software\ATMEL_~1\LMX_AV~1\LMX_AV~1\library\libLMX_AVR128DB_LIB.a(SPI_Syn_Class.o)
                                0x443 (size before relaxing)
 .debug_str     0x00006fcb      0x178 C:\Users\GMATEU~1\DOCUME~1\Trobina\DEVELO~1\Software\ATMEL_~1\ZERO_C~1\ZERO_C~1\Debug\libZero_Cross_Detector_lib.a(Zero_Cross_Counter.o)
                                0xee2 (size before relaxing)

.debug_loc      0x00000000     0x3503
 *(.debug_loc)
 .debug_loc     0x00000000      0x776 LTC5548HANDLER.o
 .debug_loc     0x00000776      0x105 main.o
 .debug_loc     0x0000087b      0x9f7 C:\Users\GMATEU~1\DOCUME~1\Trobina\DEVELO~1\Software\ATMEL_~1\ADF561~2\ADF561~1\library\libADF5610_AVR128DB_LIB.a(ADF5610Driver.o)
 .debug_loc     0x00001272      0x316 C:\Users\GMATEU~1\DOCUME~1\Trobina\DEVELO~1\Software\ATMEL_~1\ADF561~2\ADF561~1\library\libADF5610_AVR128DB_LIB.a(SPI_Syn_Class_ADF.o)
 .debug_loc     0x00001588      0x5e5 C:\Users\GMATEU~1\DOCUME~1\Trobina\DEVELO~1\Software\ATMEL_~1\AVR128~1\AVR128~1\Debug\libAVR128DB_BSP.a(driver_init.o)
 .debug_loc     0x00001b6d      0x1ef C:\Users\GMATEU~1\DOCUME~1\Trobina\DEVELO~1\Software\ATMEL_~1\AVR128~1\AVR128~1\Debug\libAVR128DB_BSP.a(opamp_basic.o)
 .debug_loc     0x00001d5c       0x21 C:\Users\GMATEU~1\DOCUME~1\Trobina\DEVELO~1\Software\ATMEL_~1\AVR128~1\AVR128~1\Debug\libAVR128DB_BSP.a(slpctrl.o)
 .debug_loc     0x00001d7d      0x34c C:\Users\GMATEU~1\DOCUME~1\Trobina\DEVELO~1\Software\ATMEL_~1\AVR128~1\AVR128~1\Debug\libAVR128DB_BSP.a(spi_basic.o)
 .debug_loc     0x000020c9       0x47 C:\Users\GMATEU~1\DOCUME~1\Trobina\DEVELO~1\Software\ATMEL_~1\AVR128~1\AVR128~1\Debug\libAVR128DB_BSP.a(usart_basic.o)
 .debug_loc     0x00002110       0x54 C:\Users\GMATEU~1\DOCUME~1\Trobina\DEVELO~1\Software\ATMEL_~1\AVR128~1\AVR128~1\Debug\libAVR128DB_BSP.a(clkctrl.o)
 .debug_loc     0x00002164      0xbf3 C:\Users\GMATEU~1\DOCUME~1\Trobina\DEVELO~1\Software\ATMEL_~1\LMX_AV~1\LMX_AV~1\library\libLMX_AVR128DB_LIB.a(lmx2694Handler.o)
 .debug_loc     0x00002d57      0x316 C:\Users\GMATEU~1\DOCUME~1\Trobina\DEVELO~1\Software\ATMEL_~1\LMX_AV~1\LMX_AV~1\library\libLMX_AVR128DB_LIB.a(SPI_Syn_Class.o)
 .debug_loc     0x0000306d      0x496 C:\Users\GMATEU~1\DOCUME~1\Trobina\DEVELO~1\Software\ATMEL_~1\ZERO_C~1\ZERO_C~1\Debug\libZero_Cross_Detector_lib.a(Zero_Cross_Counter.o)

.debug_macinfo
 *(.debug_macinfo)

.debug_weaknames
 *(.debug_weaknames)

.debug_funcnames
 *(.debug_funcnames)

.debug_typenames
 *(.debug_typenames)

.debug_varnames
 *(.debug_varnames)

.debug_pubtypes