Archive member included to satisfy reference by file (symbol)

C:\Users\GMATEU~1\DOCUME~1\Trobina\DEVELO~1\Software\ATMEL_~1\ADF561~2\ADF561~1\Debug\libADF5610_AVR128DB_LIB.a(ADF5610Driver.o)
                              LTC5548HANDLER.o (_ZN14ADF5610_DriverC1Ev)
C:\Users\GMATEU~1\DOCUME~1\Trobina\DEVELO~1\Software\ATMEL_~1\ADF561~2\ADF561~1\Debug\libADF5610_AVR128DB_LIB.a(SPI_Syn_Class.o)
                              C:\Users\GMATEU~1\DOCUME~1\Trobina\DEVELO~1\Software\ATMEL_~1\ADF561~2\ADF561~1\Debug\libADF5610_AVR128DB_LIB.a(ADF5610Driver.o) (_ZN13SPI_Syn_ClassC1Ev)
C:\Users\GMATEU~1\DOCUME~1\Trobina\DEVELO~1\Software\ATMEL_~1\AVR_CU~1\AVR_CU~1\Debug\libAVR_CURIOSITY_BSP.a(atmel_start.o)
                              main.o (atmel_start_init)
C:\Users\GMATEU~1\DOCUME~1\Trobina\DEVELO~1\Software\ATMEL_~1\AVR_CU~1\AVR_CU~1\Debug\libAVR_CURIOSITY_BSP.a(driver_init.o)
                              C:\Users\GMATEU~1\DOCUME~1\Trobina\DEVELO~1\Software\ATMEL_~1\AVR_CU~1\AVR_CU~1\Debug\libAVR_CURIOSITY_BSP.a(atmel_start.o) (system_init)
C:\Users\GMATEU~1\DOCUME~1\Trobina\DEVELO~1\Software\ATMEL_~1\AVR_CU~1\AVR_CU~1\Debug\libAVR_CURIOSITY_BSP.a(evsys.o)
                              C:\Users\GMATEU~1\DOCUME~1\Trobina\DEVELO~1\Software\ATMEL_~1\AVR_CU~1\AVR_CU~1\Debug\libAVR_CURIOSITY_BSP.a(driver_init.o) (EVENT_SYSTEM_0_init)
C:\Users\GMATEU~1\DOCUME~1\Trobina\DEVELO~1\Software\ATMEL_~1\AVR_CU~1\AVR_CU~1\Debug\libAVR_CURIOSITY_BSP.a(rtc.o)
                              C:\Users\GMATEU~1\DOCUME~1\Trobina\DEVELO~1\Software\ATMEL_~1\AVR_CU~1\AVR_CU~1\Debug\libAVR_CURIOSITY_BSP.a(driver_init.o) (RTC_0_init)
C:\Users\GMATEU~1\DOCUME~1\Trobina\DEVELO~1\Software\ATMEL_~1\AVR_CU~1\AVR_CU~1\Debug\libAVR_CURIOSITY_BSP.a(slpctrl.o)
                              C:\Users\GMATEU~1\DOCUME~1\Trobina\DEVELO~1\Software\ATMEL_~1\AVR_CU~1\AVR_CU~1\Debug\libAVR_CURIOSITY_BSP.a(driver_init.o) (SLPCTRL_init)
C:\Users\GMATEU~1\DOCUME~1\Trobina\DEVELO~1\Software\ATMEL_~1\AVR_CU~1\AVR_CU~1\Debug\libAVR_CURIOSITY_BSP.a(spi_basic.o)
                              C:\Users\GMATEU~1\DOCUME~1\Trobina\DEVELO~1\Software\ATMEL_~1\AVR_CU~1\AVR_CU~1\Debug\libAVR_CURIOSITY_BSP.a(driver_init.o) (SPI_ADF_init)
C:\Users\GMATEU~1\DOCUME~1\Trobina\DEVELO~1\Software\ATMEL_~1\AVR_CU~1\AVR_CU~1\Debug\libAVR_CURIOSITY_BSP.a(tcb.o)
                              C:\Users\GMATEU~1\DOCUME~1\Trobina\DEVELO~1\Software\ATMEL_~1\AVR_CU~1\AVR_CU~1\Debug\libAVR_CURIOSITY_BSP.a(driver_init.o) (TIMER_RISING_init)
C:\Users\GMATEU~1\DOCUME~1\Trobina\DEVELO~1\Software\ATMEL_~1\AVR_CU~1\AVR_CU~1\Debug\libAVR_CURIOSITY_BSP.a(tcd.o)
                              C:\Users\GMATEU~1\DOCUME~1\Trobina\DEVELO~1\Software\ATMEL_~1\AVR_CU~1\AVR_CU~1\Debug\libAVR_CURIOSITY_BSP.a(driver_init.o) (TIMER_C_init)
C:\Users\GMATEU~1\DOCUME~1\Trobina\DEVELO~1\Software\ATMEL_~1\AVR_CU~1\AVR_CU~1\Debug\libAVR_CURIOSITY_BSP.a(usart_basic.o)
                              C:\Users\GMATEU~1\DOCUME~1\Trobina\DEVELO~1\Software\ATMEL_~1\AVR_CU~1\AVR_CU~1\Debug\libAVR_CURIOSITY_BSP.a(driver_init.o) (USART_0_init)
C:\Users\GMATEU~1\DOCUME~1\Trobina\DEVELO~1\Software\ATMEL_~1\AVR_CU~1\AVR_CU~1\Debug\libAVR_CURIOSITY_BSP.a(zcd.o)
                              C:\Users\GMATEU~1\DOCUME~1\Trobina\DEVELO~1\Software\ATMEL_~1\AVR_CU~1\AVR_CU~1\Debug\libAVR_CURIOSITY_BSP.a(driver_init.o) (ZCD_Rising_init)
C:\Users\GMATEU~1\DOCUME~1\Trobina\DEVELO~1\Software\ATMEL_~1\AVR_CU~1\AVR_CU~1\Debug\libAVR_CURIOSITY_BSP.a(bod.o)
                              C:\Users\GMATEU~1\DOCUME~1\Trobina\DEVELO~1\Software\ATMEL_~1\AVR_CU~1\AVR_CU~1\Debug\libAVR_CURIOSITY_BSP.a(driver_init.o) (BOD_init)
C:\Users\GMATEU~1\DOCUME~1\Trobina\DEVELO~1\Software\ATMEL_~1\AVR_CU~1\AVR_CU~1\Debug\libAVR_CURIOSITY_BSP.a(clkctrl.o)
                              C:\Users\GMATEU~1\DOCUME~1\Trobina\DEVELO~1\Software\ATMEL_~1\AVR_CU~1\AVR_CU~1\Debug\libAVR_CURIOSITY_BSP.a(driver_init.o) (CLKCTRL_init)
C:\Users\GMATEU~1\DOCUME~1\Trobina\DEVELO~1\Software\ATMEL_~1\AVR_CU~1\AVR_CU~1\Debug\libAVR_CURIOSITY_BSP.a(cpuint.o)
                              C:\Users\GMATEU~1\DOCUME~1\Trobina\DEVELO~1\Software\ATMEL_~1\AVR_CU~1\AVR_CU~1\Debug\libAVR_CURIOSITY_BSP.a(driver_init.o) (CPUINT_init)
C:\Users\GMATEU~1\DOCUME~1\Trobina\DEVELO~1\Software\ATMEL_~1\AVR_CU~1\AVR_CU~1\Debug\libAVR_CURIOSITY_BSP.a(protected_io.o)
                              C:\Users\GMATEU~1\DOCUME~1\Trobina\DEVELO~1\Software\ATMEL_~1\AVR_CU~1\AVR_CU~1\Debug\libAVR_CURIOSITY_BSP.a(clkctrl.o) (protected_write_io)
C:\Users\GMATEU~1\DOCUME~1\Trobina\DEVELO~1\Software\ATMEL_~1\LMX_AV~1\LMX_AV~1\Debug\libLMX_AVR128DB_LIB.a(lmx2694Handler.o)
                              LTC5548HANDLER.o (_ZN15lmx2694_HandlerC1Ev)
C:\Users\GMATEU~1\DOCUME~1\Trobina\DEVELO~1\Software\ATMEL_~1\ZERO_C~1\ZERO_C~1\Debug\libZero_Cross_Detector_lib.a(Zero_Cross_Counter.o)
                              LTC5548HANDLER.o (_ZN18Zero_Cross_CounterC1Ev)
[...]
Memory Configuration

Name             Origin             Length             Attributes
text             0x00000000         0x00020000         xr
data             0x00804000         0x00004000         rw !x
eeprom           0x00810000         0x00000200         rw !x
fuse             0x00820000         0x00000010         rw !x
lock             0x00830000         0x00000400         rw !x
signature        0x00840000         0x00000400         rw !x
user_signatures  0x00850000         0x00000400         rw !x
*default*        0x00000000         0xffffffff

Linker script and memory map

Address of section .data set to 0x804000
                0x00008000                __RODATA_PM_OFFSET__ = 0x8000
LOAD C:/Program Files (x86)/Atmel/Studio/7.0/Packs/Atmel/AVR-Dx_DFP/1.7.85/gcc/dev/avr128db48/avrxmega4/crtavr128db48.o
LOAD LTC5548HANDLER.o
LOAD main.o
START GROUP
LOAD c:/program files (x86)/atmel/studio/7.0/toolchain/avr8/avr8-gnu-toolchain/bin/../lib/gcc/avr/5.4.0/../../../../avr/lib/avrxmega4\libm.a
LOAD C:\Users\GMATEU~1\DOCUME~1\Trobina\DEVELO~1\Software\ATMEL_~1\ADF561~2\ADF561~1\Debug\libADF5610_AVR128DB_LIB.a
LOAD C:\Users\GMATEU~1\DOCUME~1\Trobina\DEVELO~1\Software\ATMEL_~1\AVR_CU~1\AVR_CU~1\Debug\libAVR_CURIOSITY_BSP.a
LOAD C:\Users\GMATEU~1\DOCUME~1\Trobina\DEVELO~1\Software\ATMEL_~1\LMX_AV~1\LMX_AV~1\Debug\libLMX_AVR128DB_LIB.a
LOAD C:\Users\GMATEU~1\DOCUME~1\Trobina\DEVELO~1\Software\ATMEL_~1\ZERO_C~1\ZERO_C~1\Debug\libZero_Cross_Detector_lib.a
END GROUP
LOAD c:/program files (x86)/atmel/studio/7.0/toolchain/avr8/avr8-gnu-toolchain/bin/../lib/gcc/avr/5.4.0/../../../../avr/lib/avrxmega4\libprintf_flt.a
LOAD c:/program files (x86)/atmel/studio/7.0/toolchain/avr8/avr8-gnu-toolchain/bin/../lib/gcc/avr/5.4.0/avrxmega4\libgcc.a
LOAD c:/program files (x86)/atmel/studio/7.0/toolchain/avr8/avr8-gnu-toolchain/bin/../lib/gcc/avr/5.4.0/../../../../avr/lib/avrxmega4\libm.a
START GROUP
LOAD c:/program files (x86)/atmel/studio/7.0/toolchain/avr8/avr8-gnu-toolchain/bin/../lib/gcc/avr/5.4.0/avrxmega4\libgcc.a
LOAD c:/program files (x86)/atmel/studio/7.0/toolchain/avr8/avr8-gnu-toolchain/bin/../lib/gcc/avr/5.4.0/../../../../avr/lib/avrxmega4\libm.a
LOAD c:/program files (x86)/atmel/studio/7.0/toolchain/avr8/avr8-gnu-toolchain/bin/../lib/gcc/avr/5.4.0/../../../../avr/lib/avrxmega4\libc.a
LOAD C:/Program Files (x86)/Atmel/Studio/7.0/Packs/Atmel/AVR-Dx_DFP/1.7.85/gcc/dev/avr128db48/avrxmega4\libavr128db48.a
END GROUP
                [0x00000000]                __TEXT_REGION_ORIGIN__ = DEFINED (__TEXT_REGION_ORIGIN__)?__TEXT_REGION_ORIGIN__:0x0
                [0x00804000]                __DATA_REGION_ORIGIN__ = DEFINED (__DATA_REGION_ORIGIN__)?__DATA_REGION_ORIGIN__:0x802000
                [0x00020000]                __TEXT_REGION_LENGTH__ = DEFINED (__TEXT_REGION_LENGTH__)?__TEXT_REGION_LENGTH__:0x100000
                [0x00004000]                __DATA_REGION_LENGTH__ = DEFINED (__DATA_REGION_LENGTH__)?__DATA_REGION_LENGTH__:0xffa0
                [0x00000200]                __EEPROM_REGION_LENGTH__ = DEFINED (__EEPROM_REGION_LENGTH__)?__EEPROM_REGION_LENGTH__:0x10000
                [0x00000010]                __FUSE_REGION_LENGTH__ = DEFINED (__FUSE_REGION_LENGTH__)?__FUSE_REGION_LENGTH__:0x400
                0x00000400                __LOCK_REGION_LENGTH__ = DEFINED (__LOCK_REGION_LENGTH__)?__LOCK_REGION_LENGTH__:0x400
                0x00000400                __SIGNATURE_REGION_LENGTH__ = DEFINED (__SIGNATURE_REGION_LENGTH__)?__SIGNATURE_REGION_LENGTH__:0x400
                0x00000400                __USER_SIGNATURE_REGION_LENGTH__ = DEFINED (__USER_SIGNATURE_REGION_LENGTH__)?__USER_SIGNATURE_REGION_LENGTH__:0x400

.hash
 *(.hash)

.dynsym
 *(.dynsym)

.dynstr
 *(.dynstr)

.gnu.version
 *(.gnu.version)

.gnu.version_d
 *(.gnu.version_d)

.gnu.version_r
 *(.gnu.version_r)

.rel.init
 *(.rel.init)

.rela.init
 *(.rela.init)

.rel.text
 *(.rel.text)
 *(.rel.text.*)
 *(.rel.gnu.linkonce.t*)

.rela.text
 *(.rela.text)
 *(.rela.text.*)
 *(.rela.gnu.linkonce.t*)

.rel.fini
 *(.rel.fini)

.rela.fini
 *(.rela.fini)

.rel.rodata
 *(.rel.rodata)
 *(.rel.rodata.*)
 *(.rel.gnu.linkonce.r*)

.rela.rodata
 *(.rela.rodata)
 *(.rela.rodata.*)
 *(.rela.gnu.linkonce.r*)

.rel.data
 *(.rel.data)
 *(.rel.data.*)
 *(.rel.gnu.linkonce.d*)

.rela.data
 *(.rela.data)
 *(.rela.data.*)
 *(.rela.gnu.linkonce.d*)

.rel.ctors
 *(.rel.ctors)

.rela.ctors
 *(.rela.ctors)

.rel.dtors
 *(.rel.dtors)

.rela.dtors
 *(.rela.dtors)

.rel.got
 *(.rel.got)

.rela.got
 *(.rela.got)

.rel.bss
 *(.rel.bss)

.rela.bss
 *(.rela.bss)

.rel.plt
 *(.rel.plt)

.rela.plt
 *(.rela.plt)

.text           0x00000000     0x3f7a
 *(.vectors)
 .vectors       0x00000000       0xf4 C:/Program Files (x86)/Atmel/Studio/7.0/Packs/Atmel/AVR-Dx_DFP/1.7.85/gcc/dev/avr128db48/avrxmega4/crtavr128db48.o
                0x00000000                __vector_default
                0x00000000                __vectors
 *(.vectors)
 *(.progmem.gcc*)
 .progmem.gcc_sw_table._ZN14ADF5610_Driver17InitiateRegistersEv
                0x000000f4       0x2e C:\Users\GMATEU~1\DOCUME~1\Trobina\DEVELO~1\Software\ATMEL_~1\ADF561~2\ADF561~1\Debug\libADF5610_AVR128DB_LIB.a(ADF5610Driver.o)
 .progmem.gcc_sw_table._ZN14ADF5610_Driver18CalculateVCOValuesEv
                0x00000122       0x28 C:\Users\GMATEU~1\DOCUME~1\Trobina\DEVELO~1\Software\ATMEL_~1\ADF561~2\ADF561~1\Debug\libADF5610_AVR128DB_LIB.a(ADF5610Driver.o)
 .progmem.gcc_fplib
                0x0000014a       0x5a c:/program files (x86)/atmel/studio/7.0/toolchain/avr8/avr8-gnu-toolchain/bin/../lib/gcc/avr/5.4.0/../../../../avr/lib/avrxmega4\libm.a(log.o)
 .progmem.gcc_fplib
                0x000001a4       0x28 c:/program files (x86)/atmel/studio/7.0/toolchain/avr8/avr8-gnu-toolchain/bin/../lib/gcc/avr/5.4.0/../../../../avr/lib/avrxmega4\libm.a(exp.o)
                0x000001cc                . = ALIGN (0x2)
                0x000001cc                __trampolines_start = .
 *(.trampolines)
 .trampolines   0x000001cc        0x0 linker stubs
 *(.trampolines*)
                0x000001cc                __trampolines_end = .
 *libprintf_flt.a:*(.progmem.data)
 .progmem.data  0x000001cc        0x8 c:/program files (x86)/atmel/studio/7.0/toolchain/avr8/avr8-gnu-toolchain/bin/../lib/gcc/avr/5.4.0/../../../../avr/lib/avrxmega4\libprintf_flt.a(vfprintf_flt.o)
 *libc.a:*(.progmem.data)
 .progmem.data  0x000001d4       0xfa c:/program files (x86)/atmel/studio/7.0/toolchain/avr8/avr8-gnu-toolchain/bin/../lib/gcc/avr/5.4.0/../../../../avr/lib/avrxmega4\libc.a(ftoa_engine.o)
 *(.progmem*)
                0x000002ce                . = ALIGN (0x2)
 *(.jumptables)
 *(.jumptables*)
 *(.lowtext)
 *(.lowtext*)
                0x000002ce                __ctors_start = .
 *(.ctors)
 .ctors         0x000002ce        0x2 LTC5548HANDLER.o
 .ctors         0x000002d0        0x2 main.o
 .ctors         0x000002d2        0x2 C:\Users\GMATEU~1\DOCUME~1\Trobina\DEVELO~1\Software\ATMEL_~1\ADF561~2\ADF561~1\Debug\libADF5610_AVR128DB_LIB.a(ADF5610Driver.o)
 .ctors         0x000002d4        0x2 C:\Users\GMATEU~1\DOCUME~1\Trobina\DEVELO~1\Software\ATMEL_~1\LMX_AV~1\LMX_AV~1\Debug\libLMX_AVR128DB_LIB.a(lmx2694Handler.o)
                0x000002d6                __ctors_end = .
                0x000002d6                __dtors_start = .
 *(.dtors)
 .dtors         0x000002d6        0x2 LTC5548HANDLER.o
 .dtors         0x000002d8        0x2 main.o
 .dtors         0x000002da        0x2 C:\Users\GMATEU~1\DOCUME~1\Trobina\DEVELO~1\Software\ATMEL_~1\ADF561~2\ADF561~1\Debug\libADF5610_AVR128DB_LIB.a(ADF5610Driver.o)
 .dtors         0x000002dc        0x2 C:\Users\GMATEU~1\DOCUME~1\Trobina\DEVELO~1\Software\ATMEL_~1\LMX_AV~1\LMX_AV~1\Debug\libLMX_AVR128DB_LIB.a(lmx2694Handler.o)
                0x000002de                __dtors_end = .
 SORT(*)(.ctors)
 SORT(*)(.dtors)
 *(.init0)
 .init0         0x000002de        0x0 C:/Program Files (x86)/Atmel/Studio/7.0/Packs/Atmel/AVR-Dx_DFP/1.7.85/gcc/dev/avr128db48/avrxmega4/crtavr128db48.o
                0x000002de                __init
 *(.init0)
 *(.init1)
 *(.init1)
 *(.init2)
 .init2         0x000002de        0xc C:/Program Files (x86)/Atmel/Studio/7.0/Packs/Atmel/AVR-Dx_DFP/1.7.85/gcc/dev/avr128db48/avrxmega4/crtavr128db48.o
 *(.init2)
 *(.init3)
 *(.init3)
 *(.init4)
 .init4         0x000002ea       0x1a c:/program files (x86)/atmel/studio/7.0/toolchain/avr8/avr8-gnu-toolchain/bin/../lib/gcc/avr/5.4.0/avrxmega4\libgcc.a(_copy_data.o)
                0x000002ea                __do_copy_data
 .init4         0x00000304       0x10 c:/program files (x86)/atmel/studio/7.0/toolchain/avr8/avr8-gnu-toolchain/bin/../lib/gcc/avr/5.4.0/avrxmega4\libgcc.a(_clear_bss.o)
                0x00000304                __do_clear_bss
 *(.init4)
 *(.init5)
 *(.init5)
 *(.init6)
 .init6         0x00000314       0x16 c:/program files (x86)/atmel/studio/7.0/toolchain/avr8/avr8-gnu-toolchain/bin/../lib/gcc/avr/5.4.0/avrxmega4\libgcc.a(_ctors.o)
                0x00000314                __do_global_ctors
 *(.init6)
 *(.init7)
 *(.init7)
 *(.init8)
 *(.init8)
 *(.init9)
 .init9         0x0000032a        0x8 C:/Program Files (x86)/Atmel/Studio/7.0/Packs/Atmel/AVR-Dx_DFP/1.7.85/gcc/dev/avr128db48/avrxmega4/crtavr128db48.o
 *(.init9)
 *(.text)
 .text          0x00000332        0x4 C:/Program Files (x86)/Atmel/Studio/7.0/Packs/Atmel/AVR-Dx_DFP/1.7.85/gcc/dev/avr128db48/avrxmega4/crtavr128db48.o
                0x00000332                __vector_38
                0x00000332                __vector_22
                0x00000332                __vector_1
                0x00000332                __vector_32
                0x00000332                __vector_34
                0x00000332                __vector_24
                0x00000332                __vector_12
                0x00000332                __vector_55
                0x00000332                __vector_46
                0x00000332                __bad_interrupt
                0x00000332                __vector_6
                0x00000332                __vector_35
                0x00000332                __vector_39
                0x00000332                __vector_3
                0x00000332                __vector_23
                0x00000332                __vector_30
                0x00000332                __vector_45
                0x00000332                __vector_25
                0x00000332                __vector_11
                0x00000332                __vector_54
                0x00000332                __vector_13
                0x00000332                __vector_19
                0x00000332                __vector_56
                0x00000332                __vector_7
                0x00000332                __vector_49
                0x00000332                __vector_41
                0x00000332                __vector_43
                0x00000332                __vector_27
                0x00000332                __vector_33
                0x00000332                __vector_47
                0x00000332                __vector_37
                0x00000332                __vector_4
                0x00000332                __vector_44
                0x00000332                __vector_51
                0x00000332                __vector_9
                0x00000332                __vector_2
                0x00000332                __vector_21
                0x00000332                __vector_15
                0x00000332                __vector_36
                0x00000332                __vector_58
                0x00000332                __vector_29
                0x00000332                __vector_60
                0x00000332                __vector_40
                0x00000332                __vector_8
                0x00000332                __vector_26
                0x00000332                __vector_48
                0x00000332                __vector_57
                0x00000332                __vector_53
                0x00000332                __vector_10
                0x00000332                __vector_50
                0x00000332                __vector_16
                0x00000332                __vector_59
                0x00000332                __vector_18
                0x00000332                __vector_20
                0x00000332                __vector_42
                0x00000336                . = ALIGN (0x2)
 *(.text.*)
 .text._Z41__static_initialization_and_destruction_0ii
                0x00000336       0x5a LTC5548HANDLER.o
 .text._ZN15LTC5548_HANDLERC2Ev
                0x00000390       0x24 LTC5548HANDLER.o
                0x00000390                _ZN15LTC5548_HANDLERC1Ev
                0x00000390                _ZN15LTC5548_HANDLERC2Ev
 .text._ZN15LTC5548_HANDLERD2Ev
                0x000003b4        0x2 LTC5548HANDLER.o
                0x000003b4                _ZN15LTC5548_HANDLERD1Ev
                0x000003b4                _ZN15LTC5548_HANDLERD2Ev
 .text._ZN15LTC5548_HANDLER8Start_RFEv
                0x000003b6       0x36 LTC5548HANDLER.o
                0x000003b6                _ZN15LTC5548_HANDLER8Start_RFEv
 .text._ZN15LTC5548_HANDLER8Start_LOEv
                0x000003ec       0x36 LTC5548HANDLER.o
                0x000003ec                _ZN15LTC5548_HANDLER8Start_LOEv
 .text._ZN15LTC5548_HANDLER10Set_EnableEb
                0x00000422       0x1a LTC5548HANDLER.o
                0x00000422                _ZN15LTC5548_HANDLER10Set_EnableEb
 .text._ZN15LTC5548_HANDLER11Start_MixerEv
                0x0000043c       0x84 LTC5548HANDLER.o
                0x0000043c                _ZN15LTC5548_HANDLER11Start_MixerEv
 .text._ZN15LTC5548_HANDLER4InitEv
                0x000004c0       0x36 LTC5548HANDLER.o
                0x000004c0                _ZN15LTC5548_HANDLER4InitEv
 .text._ZN15LTC5548_HANDLER21Read_Frequency_ValuesEv
                0x000004f6       0xe0 LTC5548HANDLER.o
                0x000004f6                _ZN15LTC5548_HANDLER21Read_Frequency_ValuesEv
 .text._ZN15LTC5548_HANDLER11Check_MixerEv
                0x000005d6       0x70 LTC5548HANDLER.o
                0x000005d6                _ZN15LTC5548_HANDLER11Check_MixerEv
 .text._GLOBAL__sub_I__ZN15LTC5548_HANDLERC2Ev
                0x00000646        0xe LTC5548HANDLER.o
 .text._GLOBAL__sub_D__ZN15LTC5548_HANDLERC2Ev
                0x00000654        0xe LTC5548HANDLER.o
 .text._Z41__static_initialization_and_destruction_0ii
                0x00000662       0x3a main.o
 .text._Z10RTC_enablev
                0x0000069c       0x14 main.o
                0x0000069c                _Z10RTC_enablev
 .text.__vector_5
                0x000006b0       0x24 main.o
                0x000006b0                __vector_5
 .text.main     0x000006d4       0x30 main.o
                0x000006d4                main
 .text._GLOBAL__sub_I__Z10RTC_enablev
                0x00000704        0xe main.o
 .text._GLOBAL__sub_D__Z10RTC_enablev
                0x00000712        0xe main.o
 .text._Z41__static_initialization_and_destruction_0ii
                0x00000720       0x3a C:\Users\GMATEU~1\DOCUME~1\Trobina\DEVELO~1\Software\ATMEL_~1\ADF561~2\ADF561~1\Debug\libADF5610_AVR128DB_LIB.a(ADF5610Driver.o)
 .text._ZN14ADF5610_DriverC2Ev
                0x0000075a       0x8a C:\Users\GMATEU~1\DOCUME~1\Trobina\DEVELO~1\Software\ATMEL_~1\ADF561~2\ADF561~1\Debug\libADF5610_AVR128DB_LIB.a(ADF5610Driver.o)
                0x0000075a                _ZN14ADF5610_DriverC2Ev
                0x0000075a                _ZN14ADF5610_DriverC1Ev
 .text._ZN14ADF5610_DriverD2Ev
                0x000007e4        0x2 C:\Users\GMATEU~1\DOCUME~1\Trobina\DEVELO~1\Software\ATMEL_~1\ADF561~2\ADF561~1\Debug\libADF5610_AVR128DB_LIB.a(ADF5610Driver.o)
                0x000007e4                _ZN14ADF5610_DriverD1Ev
                0x000007e4                _ZN14ADF5610_DriverD2Ev
 .text._ZN14ADF5610_Driver13ShowRegistersEi
                0x000007e6       0xf6 C:\Users\GMATEU~1\DOCUME~1\Trobina\DEVELO~1\Software\ATMEL_~1\ADF561~2\ADF561~1\Debug\libADF5610_AVR128DB_LIB.a(ADF5610Driver.o)
                0x000007e6                _ZN14ADF5610_Driver13ShowRegistersEi
 .text._ZN14ADF5610_Driver8IsLockedEv
                0x000008dc       0x1a C:\Users\GMATEU~1\DOCUME~1\Trobina\DEVELO~1\Software\ATMEL_~1\ADF561~2\ADF561~1\Debug\libADF5610_AVR128DB_LIB.a(ADF5610Driver.o)
                0x000008dc                _ZN14ADF5610_Driver8IsLockedEv
 .text._ZN14ADF5610_Driver23ConvertU32FourByteArrayEPhm
                0x000008f6       0x5c C:\Users\GMATEU~1\DOCUME~1\Trobina\DEVELO~1\Software\ATMEL_~1\ADF561~2\ADF561~1\Debug\libADF5610_AVR128DB_LIB.a(ADF5610Driver.o)
                0x000008f6                _ZN14ADF5610_Driver23ConvertU32FourByteArrayEPhm
 .text._ZN14ADF5610_Driver13ReadRegistersEh
                0x00000952      0x126 C:\Users\GMATEU~1\DOCUME~1\Trobina\DEVELO~1\Software\ATMEL_~1\ADF561~2\ADF561~1\Debug\libADF5610_AVR128DB_LIB.a(ADF5610Driver.o)
                0x00000952                _ZN14ADF5610_Driver13ReadRegistersEh
 .text._ZN14ADF5610_Driver17InitiateRegistersEv
                0x00000a78      0x33c C:\Users\GMATEU~1\DOCUME~1\Trobina\DEVELO~1\Software\ATMEL_~1\ADF561~2\ADF561~1\Debug\libADF5610_AVR128DB_LIB.a(ADF5610Driver.o)
                0x00000a78                _ZN14ADF5610_Driver17InitiateRegistersEv
 .text._ZN14ADF5610_Driver16ReadAllRegistersEv
                0x00000db4       0x2a C:\Users\GMATEU~1\DOCUME~1\Trobina\DEVELO~1\Software\ATMEL_~1\ADF561~2\ADF561~1\Debug\libADF5610_AVR128DB_LIB.a(ADF5610Driver.o)
                0x00000db4                _ZN14ADF5610_Driver16ReadAllRegistersEv
 .text._ZN14ADF5610_Driver18CalculateVCOValuesEv
                0x00000dde      0x466 C:\Users\GMATEU~1\DOCUME~1\Trobina\DEVELO~1\Software\ATMEL_~1\ADF561~2\ADF561~1\Debug\libADF5610_AVR128DB_LIB.a(ADF5610Driver.o)
                0x00000dde                _ZN14ADF5610_Driver18CalculateVCOValuesEv
 .text._ZN14ADF5610_Driver16SetNextFrequencyEv
                0x00001244        0x6 C:\Users\GMATEU~1\DOCUME~1\Trobina\DEVELO~1\Software\ATMEL_~1\ADF561~2\ADF561~1\Debug\libADF5610_AVR128DB_LIB.a(ADF5610Driver.o)
                0x00001244                _ZN14ADF5610_Driver16SetNextFrequencyEv
 .text._ZN14ADF5610_Driver18SetTargetFrequencyEf
                0x0000124a       0x14 C:\Users\GMATEU~1\DOCUME~1\Trobina\DEVELO~1\Software\ATMEL_~1\ADF561~2\ADF561~1\Debug\libADF5610_AVR128DB_LIB.a(ADF5610Driver.o)
                0x0000124a                _ZN14ADF5610_Driver18SetTargetFrequencyEf
 .text._ZN14ADF5610_Driver6usleepEl
                0x0000125e       0xc6 C:\Users\GMATEU~1\DOCUME~1\Trobina\DEVELO~1\Software\ATMEL_~1\ADF561~2\ADF561~1\Debug\libADF5610_AVR128DB_LIB.a(ADF5610Driver.o)
                0x0000125e                _ZN14ADF5610_Driver6usleepEl
 .text._ZN14ADF5610_Driver14WriteRegistersEh
                0x00001324      0x1aa C:\Users\GMATEU~1\DOCUME~1\Trobina\DEVELO~1\Software\ATMEL_~1\ADF561~2\ADF561~1\Debug\libADF5610_AVR128DB_LIB.a(ADF5610Driver.o)
                0x00001324                _ZN14ADF5610_Driver14WriteRegistersEh
 .text._ZN14ADF5610_Driver25CompleteConfigurationFlowEj
                0x000014ce       0x72 C:\Users\GMATEU~1\DOCUME~1\Trobina\DEVELO~1\Software\ATMEL_~1\ADF561~2\ADF561~1\Debug\libADF5610_AVR128DB_LIB.a(ADF5610Driver.o)
                0x000014ce                _ZN14ADF5610_Driver25CompleteConfigurationFlowEj
 .text._ZN14ADF5610_Driver7InitPLLEv
                0x00001540       0x6c C:\Users\GMATEU~1\DOCUME~1\Trobina\DEVELO~1\Software\ATMEL_~1\ADF561~2\ADF561~1\Debug\libADF5610_AVR128DB_LIB.a(ADF5610Driver.o)
                0x00001540                _ZN14ADF5610_Driver7InitPLLEv
 .text._ZN14ADF5610_Driver4InitEv
                0x000015ac       0x48 C:\Users\GMATEU~1\DOCUME~1\Trobina\DEVELO~1\Software\ATMEL_~1\ADF561~2\ADF561~1\Debug\libADF5610_AVR128DB_LIB.a(ADF5610Driver.o)
                0x000015ac                _ZN14ADF5610_Driver4InitEv
 .text._ZN14ADF5610_Driver11WriteSubVCOEv
                0x000015f4       0x22 C:\Users\GMATEU~1\DOCUME~1\Trobina\DEVELO~1\Software\ATMEL_~1\ADF561~2\ADF561~1\Debug\libADF5610_AVR128DB_LIB.a(ADF5610Driver.o)
                0x000015f4                _ZN14ADF5610_Driver11WriteSubVCOEv
 .text._ZN14ADF5610_Driver22ShortConfigurationFlowEv
                0x00001616       0x28 C:\Users\GMATEU~1\DOCUME~1\Trobina\DEVELO~1\Software\ATMEL_~1\ADF561~2\ADF561~1\Debug\libADF5610_AVR128DB_LIB.a(ADF5610Driver.o)
                0x00001616                _ZN14ADF5610_Driver22ShortConfigurationFlowEv
 .text._ZN14ADF5610_Driver13Keep_WooblingEv
                0x0000163e      0x1e0 C:\Users\GMATEU~1\DOCUME~1\Trobina\DEVELO~1\Software\ATMEL_~1\ADF561~2\ADF561~1\Debug\libADF5610_AVR128DB_LIB.a(ADF5610Driver.o)
                0x0000163e                _ZN14ADF5610_Driver13Keep_WooblingEv
 .text._ZN14ADF5610_Driver14Start_WooblingEff
                0x0000181e       0xc8 C:\Users\GMATEU~1\DOCUME~1\Trobina\DEVELO~1\Software\ATMEL_~1\ADF561~2\ADF561~1\Debug\libADF5610_AVR128DB_LIB.a(ADF5610Driver.o)
                0x0000181e                _ZN14ADF5610_Driver14Start_WooblingEff
 .text._GLOBAL__sub_I__ZN14ADF5610_DriverC2Ev
                0x000018e6        0xe C:\Users\GMATEU~1\DOCUME~1\Trobina\DEVELO~1\Software\ATMEL_~1\ADF561~2\ADF561~1\Debug\libADF5610_AVR128DB_LIB.a(ADF5610Driver.o)
 .text._GLOBAL__sub_D__ZN14ADF5610_DriverC2Ev
                0x000018f4        0xe C:\Users\GMATEU~1\DOCUME~1\Trobina\DEVELO~1\Software\ATMEL_~1\ADF561~2\ADF561~1\Debug\libADF5610_AVR128DB_LIB.a(ADF5610Driver.o)
 .text._ZN13SPI_Syn_ClassC2Ev
                0x00001902        0xa C:\Users\GMATEU~1\DOCUME~1\Trobina\DEVELO~1\Software\ATMEL_~1\ADF561~2\ADF561~1\Debug\libADF5610_AVR128DB_LIB.a(SPI_Syn_Class.o)
                0x00001902                _ZN13SPI_Syn_ClassC1Ev
                0x00001902                _ZN13SPI_Syn_ClassC2Ev
 .text._ZN13SPI_Syn_ClassD2Ev
                0x0000190c        0x2 C:\Users\GMATEU~1\DOCUME~1\Trobina\DEVELO~1\Software\ATMEL_~1\ADF561~2\ADF561~1\Debug\libADF5610_AVR128DB_LIB.a(SPI_Syn_Class.o)
                0x0000190c                _ZN13SPI_Syn_ClassD1Ev
                0x0000190c                _ZN13SPI_Syn_ClassD2Ev
 .text._ZN13SPI_Syn_Class6EnableEv
                0x0000190e        0x8 C:\Users\GMATEU~1\DOCUME~1\Trobina\DEVELO~1\Software\ATMEL_~1\ADF561~2\ADF561~1\Debug\libADF5610_AVR128DB_LIB.a(SPI_Syn_Class.o)
                0x0000190e                _ZN13SPI_Syn_Class6EnableEv
 .text._ZN13SPI_Syn_Class4InitEv
                0x00001916       0x14 C:\Users\GMATEU~1\DOCUME~1\Trobina\DEVELO~1\Software\ATMEL_~1\ADF561~2\ADF561~1\Debug\libADF5610_AVR128DB_LIB.a(SPI_Syn_Class.o)
                0x00001916                _ZN13SPI_Syn_Class4InitEv
 .text._ZN13SPI_Syn_Class5WriteEPKhh
                0x0000192a       0x16 C:\Users\GMATEU~1\DOCUME~1\Trobina\DEVELO~1\Software\ATMEL_~1\ADF561~2\ADF561~1\Debug\libADF5610_AVR128DB_LIB.a(SPI_Syn_Class.o)
                0x0000192a                _ZN13SPI_Syn_Class5WriteEPKhh
 .text._ZN13SPI_Syn_Class4ReadEPhh
                0x00001940       0x16 C:\Users\GMATEU~1\DOCUME~1\Trobina\DEVELO~1\Software\ATMEL_~1\ADF561~2\ADF561~1\Debug\libADF5610_AVR128DB_LIB.a(SPI_Syn_Class.o)
                0x00001940                _ZN13SPI_Syn_Class4ReadEPhh
 .text._ZN13SPI_Syn_Class5SetCSEb
                0x00001956       0x14 C:\Users\GMATEU~1\DOCUME~1\Trobina\DEVELO~1\Software\ATMEL_~1\ADF561~2\ADF561~1\Debug\libADF5610_AVR128DB_LIB.a(SPI_Syn_Class.o)
                0x00001956                _ZN13SPI_Syn_Class5SetCSEb
 .text.atmel_start_init
                0x0000196a        0x6 C:\Users\GMATEU~1\DOCUME~1\Trobina\DEVELO~1\Software\ATMEL_~1\AVR_CU~1\AVR_CU~1\Debug\libAVR_CURIOSITY_BSP.a(atmel_start.o)
                0x0000196a                atmel_start_init
 .text.mcu_init
                0x00001970       0x92 C:\Users\GMATEU~1\DOCUME~1\Trobina\DEVELO~1\Software\ATMEL_~1\AVR_CU~1\AVR_CU~1\Debug\libAVR_CURIOSITY_BSP.a(driver_init.o)
                0x00001970                mcu_init
 .text.USART_0_initialization
                0x00001a02       0x22 C:\Users\GMATEU~1\DOCUME~1\Trobina\DEVELO~1\Software\ATMEL_~1\AVR_CU~1\AVR_CU~1\Debug\libAVR_CURIOSITY_BSP.a(driver_init.o)
                0x00001a02                USART_0_initialization
 .text.EVENT_SYSTEM_0_initialization
                0x00001a24        0x6 C:\Users\GMATEU~1\DOCUME~1\Trobina\DEVELO~1\Software\ATMEL_~1\AVR_CU~1\AVR_CU~1\Debug\libAVR_CURIOSITY_BSP.a(driver_init.o)
                0x00001a24                EVENT_SYSTEM_0_initialization
 .text.ZCD_Rising_initialization
                0x00001a2a       0x18 C:\Users\GMATEU~1\DOCUME~1\Trobina\DEVELO~1\Software\ATMEL_~1\AVR_CU~1\AVR_CU~1\Debug\libAVR_CURIOSITY_BSP.a(driver_init.o)
                0x00001a2a                ZCD_Rising_initialization
 .text.ZCD_Falling_initialization
                0x00001a42       0x18 C:\Users\GMATEU~1\DOCUME~1\Trobina\DEVELO~1\Software\ATMEL_~1\AVR_CU~1\AVR_CU~1\Debug\libAVR_CURIOSITY_BSP.a(driver_init.o)
                0x00001a42                ZCD_Falling_initialization
 .text.SPI_ADF_initialization
                0x00001a5a       0x2e C:\Users\GMATEU~1\DOCUME~1\Trobina\DEVELO~1\Software\ATMEL_~1\AVR_CU~1\AVR_CU~1\Debug\libAVR_CURIOSITY_BSP.a(driver_init.o)
                0x00001a5a                SPI_ADF_initialization
 .text.SPI_LMX_initialization
                0x00001a88       0x2e C:\Users\GMATEU~1\DOCUME~1\Trobina\DEVELO~1\Software\ATMEL_~1\AVR_CU~1\AVR_CU~1\Debug\libAVR_CURIOSITY_BSP.a(driver_init.o)
                0x00001a88                SPI_LMX_initialization
 .text.TIMER_RISING_initialization
                0x00001ab6        0x6 C:\Users\GMATEU~1\DOCUME~1\Trobina\DEVELO~1\Software\ATMEL_~1\AVR_CU~1\AVR_CU~1\Debug\libAVR_CURIOSITY_BSP.a(driver_init.o)
                0x00001ab6                TIMER_RISING_initialization
 .text.TIMER_Falling_initialization
                0x00001abc        0x6 C:\Users\GMATEU~1\DOCUME~1\Trobina\DEVELO~1\Software\ATMEL_~1\AVR_CU~1\AVR_CU~1\Debug\libAVR_CURIOSITY_BSP.a(driver_init.o)
                0x00001abc                TIMER_Falling_initialization
 .text.TIMER_C_initialization
                0x00001ac2        0x6 C:\Users\GMATEU~1\DOCUME~1\Trobina\DEVELO~1\Software\ATMEL_~1\AVR_CU~1\AVR_CU~1\Debug\libAVR_CURIOSITY_BSP.a(driver_init.o)
                0x00001ac2                TIMER_C_initialization
 .text.system_init
                0x00001ac8       0x6e C:\Users\GMATEU~1\DOCUME~1\Trobina\DEVELO~1\Software\ATMEL_~1\AVR_CU~1\AVR_CU~1\Debug\libAVR_CURIOSITY_BSP.a(driver_init.o)
                0x00001ac8                system_init
 .text.EVENT_SYSTEM_0_init
                0x00001b36       0x22 C:\Users\GMATEU~1\DOCUME~1\Trobina\DEVELO~1\Software\ATMEL_~1\AVR_CU~1\AVR_CU~1\Debug\libAVR_CURIOSITY_BSP.a(evsys.o)
                0x00001b36                EVENT_SYSTEM_0_init
 .text.RTC_0_init
                0x00001b58       0x22 C:\Users\GMATEU~1\DOCUME~1\Trobina\DEVELO~1\Software\ATMEL_~1\AVR_CU~1\AVR_CU~1\Debug\libAVR_CURIOSITY_BSP.a(rtc.o)
                0x00001b58                RTC_0_init
 .text.SLPCTRL_init
                0x00001b7a        0x4 C:\Users\GMATEU~1\DOCUME~1\Trobina\DEVELO~1\Software\ATMEL_~1\AVR_CU~1\AVR_CU~1\Debug\libAVR_CURIOSITY_BSP.a(slpctrl.o)
                0x00001b7a                SLPCTRL_init
 .text.SPI_ADF_init
                0x00001b7e       0x12 C:\Users\GMATEU~1\DOCUME~1\Trobina\DEVELO~1\Software\ATMEL_~1\AVR_CU~1\AVR_CU~1\Debug\libAVR_CURIOSITY_BSP.a(spi_basic.o)
                0x00001b7e                SPI_ADF_init
 .text.SPI_ADF_enable
                0x00001b90        0xc C:\Users\GMATEU~1\DOCUME~1\Trobina\DEVELO~1\Software\ATMEL_~1\AVR_CU~1\AVR_CU~1\Debug\libAVR_CURIOSITY_BSP.a(spi_basic.o)
                0x00001b90                SPI_ADF_enable
 .text.SPI_ADF_write_block
                0x00001b9c       0x20 C:\Users\GMATEU~1\DOCUME~1\Trobina\DEVELO~1\Software\ATMEL_~1\AVR_CU~1\AVR_CU~1\Debug\libAVR_CURIOSITY_BSP.a(spi_basic.o)
                0x00001b9c                SPI_ADF_write_block
 .text.SPI_ADF_read_block
                0x00001bbc       0x22 C:\Users\GMATEU~1\DOCUME~1\Trobina\DEVELO~1\Software\ATMEL_~1\AVR_CU~1\AVR_CU~1\Debug\libAVR_CURIOSITY_BSP.a(spi_basic.o)
                0x00001bbc                SPI_ADF_read_block
 .text.SPI_LMX_init
                0x00001bde       0x12 C:\Users\GMATEU~1\DOCUME~1\Trobina\DEVELO~1\Software\ATMEL_~1\AVR_CU~1\AVR_CU~1\Debug\libAVR_CURIOSITY_BSP.a(spi_basic.o)
                0x00001bde                SPI_LMX_init
 .text.TIMER_RISING_init
                0x00001bf0       0x24 C:\Users\GMATEU~1\DOCUME~1\Trobina\DEVELO~1\Software\ATMEL_~1\AVR_CU~1\AVR_CU~1\Debug\libAVR_CURIOSITY_BSP.a(tcb.o)
                0x00001bf0                TIMER_RISING_init
 .text.TIMER_Falling_init
                0x00001c14       0x16 C:\Users\GMATEU~1\DOCUME~1\Trobina\DEVELO~1\Software\ATMEL_~1\AVR_CU~1\AVR_CU~1\Debug\libAVR_CURIOSITY_BSP.a(tcb.o)
                0x00001c14                TIMER_Falling_init
 .text.TIMER_C_init
                0x00001c2a       0x2c C:\Users\GMATEU~1\DOCUME~1\Trobina\DEVELO~1\Software\ATMEL_~1\AVR_CU~1\AVR_CU~1\Debug\libAVR_CURIOSITY_BSP.a(tcd.o)
                0x00001c2a                TIMER_C_init
 .text.USART_0_init
                0x00001c56       0x20 C:\Users\GMATEU~1\DOCUME~1\Trobina\DEVELO~1\Software\ATMEL_~1\AVR_CU~1\AVR_CU~1\Debug\libAVR_CURIOSITY_BSP.a(usart_basic.o)
                0x00001c56                USART_0_init
 .text.USART_0_write
                0x00001c76        0xe C:\Users\GMATEU~1\DOCUME~1\Trobina\DEVELO~1\Software\ATMEL_~1\AVR_CU~1\AVR_CU~1\Debug\libAVR_CURIOSITY_BSP.a(usart_basic.o)
                0x00001c76                USART_0_write
 .text.USART_0_printCHAR
                0x00001c84        0xa C:\Users\GMATEU~1\DOCUME~1\Trobina\DEVELO~1\Software\ATMEL_~1\AVR_CU~1\AVR_CU~1\Debug\libAVR_CURIOSITY_BSP.a(usart_basic.o)
                0x00001c84                USART_0_printCHAR
 .text.ZCD_Rising_init
                0x00001c8e        0xe C:\Users\GMATEU~1\DOCUME~1\Trobina\DEVELO~1\Software\ATMEL_~1\AVR_CU~1\AVR_CU~1\Debug\libAVR_CURIOSITY_BSP.a(zcd.o)
                0x00001c8e                ZCD_Rising_init
 .text.ZCD_Falling_init
                0x00001c9c       0x10 C:\Users\GMATEU~1\DOCUME~1\Trobina\DEVELO~1\Software\ATMEL_~1\AVR_CU~1\AVR_CU~1\Debug\libAVR_CURIOSITY_BSP.a(zcd.o)
                0x00001c9c                ZCD_Falling_init
 .text.BOD_init
                0x00001cac        0x8 C:\Users\GMATEU~1\DOCUME~1\Trobina\DEVELO~1\Software\ATMEL_~1\AVR_CU~1\AVR_CU~1\Debug\libAVR_CURIOSITY_BSP.a(bod.o)
                0x00001cac                BOD_init
 .text.CLKCTRL_init
                0x00001cb4       0x34 C:\Users\GMATEU~1\DOCUME~1\Trobina\DEVELO~1\Software\ATMEL_~1\AVR_CU~1\AVR_CU~1\Debug\libAVR_CURIOSITY_BSP.a(clkctrl.o)
                0x00001cb4                CLKCTRL_init
 .text.CPUINT_init
                0x00001ce8        0x4 C:\Users\GMATEU~1\DOCUME~1\Trobina\DEVELO~1\Software\ATMEL_~1\AVR_CU~1\AVR_CU~1\Debug\libAVR_CURIOSITY_BSP.a(cpuint.o)
                0x00001ce8                CPUINT_init
 .text.protected_write_io
                0x00001cec        0xa C:\Users\GMATEU~1\DOCUME~1\Trobina\DEVELO~1\Software\ATMEL_~1\AVR_CU~1\AVR_CU~1\Debug\libAVR_CURIOSITY_BSP.a(protected_io.o)
                0x00001cec                protected_write_io
 .text._ZN15lmx2694_HandlerC2Ev
                0x00001cf6       0x4e C:\Users\GMATEU~1\DOCUME~1\Trobina\DEVELO~1\Software\ATMEL_~1\LMX_AV~1\LMX_AV~1\Debug\libLMX_AVR128DB_LIB.a(lmx2694Handler.o)
                0x00001cf6                _ZN15lmx2694_HandlerC1Ev
                0x00001cf6                _ZN15lmx2694_HandlerC2Ev
 .text._ZN15lmx2694_HandlerD2Ev
                0x00001d44        0x2 C:\Users\GMATEU~1\DOCUME~1\Trobina\DEVELO~1\Software\ATMEL_~1\LMX_AV~1\LMX_AV~1\Debug\libLMX_AVR128DB_LIB.a(lmx2694Handler.o)
                0x00001d44                _ZN15lmx2694_HandlerD1Ev
                0x00001d44                _ZN15lmx2694_HandlerD2Ev
 .text._ZN15lmx2694_Handler13Get_N_DividerEb
                0x00001d46       0x40 C:\Users\GMATEU~1\DOCUME~1\Trobina\DEVELO~1\Software\ATMEL_~1\LMX_AV~1\LMX_AV~1\Debug\libLMX_AVR128DB_LIB.a(lmx2694Handler.o)
                0x00001d46                _ZN15lmx2694_Handler13Get_N_DividerEb
 .text._ZN15lmx2694_Handler13Get_NumeratorEb
                0x00001d86       0x40 C:\Users\GMATEU~1\DOCUME~1\Trobina\DEVELO~1\Software\ATMEL_~1\LMX_AV~1\LMX_AV~1\Debug\libLMX_AVR128DB_LIB.a(lmx2694Handler.o)
                0x00001d86                _ZN15lmx2694_Handler13Get_NumeratorEb
 .text._ZN15lmx2694_Handler15Get_DenominatorEb
                0x00001dc6       0x40 C:\Users\GMATEU~1\DOCUME~1\Trobina\DEVELO~1\Software\ATMEL_~1\LMX_AV~1\LMX_AV~1\Debug\libLMX_AVR128DB_LIB.a(lmx2694Handler.o)
                0x00001dc6                _ZN15lmx2694_Handler15Get_DenominatorEb
 .text._ZN15lmx2694_Handler27Calculate_Current_FrequencyEb
                0x00001e06       0xb4 C:\Users\GMATEU~1\DOCUME~1\Trobina\DEVELO~1\Software\ATMEL_~1\LMX_AV~1\LMX_AV~1\Debug\libLMX_AVR128DB_LIB.a(lmx2694Handler.o)
                0x00001e06                _ZN15lmx2694_Handler27Calculate_Current_FrequencyEb
 .text._ZN15lmx2694_Handler3GCDEmm
                0x00001eba       0xb0 C:\Users\GMATEU~1\DOCUME~1\Trobina\DEVELO~1\Software\ATMEL_~1\LMX_AV~1\LMX_AV~1\Debug\libLMX_AVR128DB_LIB.a(lmx2694Handler.o)
                0x00001eba                _ZN15lmx2694_Handler3GCDEmm
 .text._ZN15lmx2694_Handler28Choose_Channel_Divider_IndexEv
                0x00001f6a       0xe6 C:\Users\GMATEU~1\DOCUME~1\Trobina\DEVELO~1\Software\ATMEL_~1\LMX_AV~1\LMX_AV~1\Debug\libLMX_AVR128DB_LIB.a(lmx2694Handler.o)
                0x00001f6a                _ZN15lmx2694_Handler28Choose_Channel_Divider_IndexEv
 .text._ZN15lmx2694_Handler18Calculate_FractionEf
                0x00002050       0x9e C:\Users\GMATEU~1\DOCUME~1\Trobina\DEVELO~1\Software\ATMEL_~1\LMX_AV~1\LMX_AV~1\Debug\libLMX_AVR128DB_LIB.a(lmx2694Handler.o)
                0x00002050                _ZN15lmx2694_Handler18Calculate_FractionEf
 .text._ZN15lmx2694_Handler15Get_Three_BytesEm
                0x000020ee        0xa C:\Users\GMATEU~1\DOCUME~1\Trobina\DEVELO~1\Software\ATMEL_~1\LMX_AV~1\LMX_AV~1\Debug\libLMX_AVR128DB_LIB.a(lmx2694Handler.o)
                0x000020ee                _ZN15lmx2694_Handler15Get_Three_BytesEm
 .text._ZN15lmx2694_Handler10Power_DownEv
                0x000020f8       0x52 C:\Users\GMATEU~1\DOCUME~1\Trobina\DEVELO~1\Software\ATMEL_~1\LMX_AV~1\LMX_AV~1\Debug\libLMX_AVR128DB_LIB.a(lmx2694Handler.o)
                0x000020f8                _ZN15lmx2694_Handler10Power_DownEv
 .text._ZN15lmx2694_Handler13Program_ResetEv
                0x0000214a       0x98 C:\Users\GMATEU~1\DOCUME~1\Trobina\DEVELO~1\Software\ATMEL_~1\LMX_AV~1\LMX_AV~1\Debug\libLMX_AVR128DB_LIB.a(lmx2694Handler.o)
                0x0000214a                _ZN15lmx2694_Handler13Program_ResetEv
 .text._ZN15lmx2694_Handler16Make_Three_BytesEhj
                0x000021e2        0xa C:\Users\GMATEU~1\DOCUME~1\Trobina\DEVELO~1\Software\ATMEL_~1\LMX_AV~1\LMX_AV~1\Debug\libLMX_AVR128DB_LIB.a(lmx2694Handler.o)
                0x000021e2                _ZN15lmx2694_Handler16Make_Three_BytesEhj
 .text._ZN15lmx2694_Handler21Write_Single_RegisterEhj
                0x000021ec       0x98 C:\Users\GMATEU~1\DOCUME~1\Trobina\DEVELO~1\Software\ATMEL_~1\LMX_AV~1\LMX_AV~1\Debug\libLMX_AVR128DB_LIB.a(lmx2694Handler.o)
                0x000021ec                _ZN15lmx2694_Handler21Write_Single_RegisterEhj
 .text._ZN15lmx2694_Handler19Program_PFD_DLY_SELEf
                0x00002284       0xbc C:\Users\GMATEU~1\DOCUME~1\Trobina\DEVELO~1\Software\ATMEL_~1\LMX_AV~1\LMX_AV~1\Debug\libLMX_AVR128DB_LIB.a(lmx2694Handler.o)
                0x00002284                _ZN15lmx2694_Handler19Program_PFD_DLY_SELEf
 .text._ZN15lmx2694_Handler13Write_FCAL_ENEb
                0x00002340       0x48 C:\Users\GMATEU~1\DOCUME~1\Trobina\DEVELO~1\Software\ATMEL_~1\LMX_AV~1\LMX_AV~1\Debug\libLMX_AVR128DB_LIB.a(lmx2694Handler.o)
                0x00002340                _ZN15lmx2694_Handler13Write_FCAL_ENEb
 .text._ZN15lmx2694_Handler14Toggle_FCAL_ENEv
                0x00002388       0x24 C:\Users\GMATEU~1\DOCUME~1\Trobina\DEVELO~1\Software\ATMEL_~1\LMX_AV~1\LMX_AV~1\Debug\libLMX_AVR128DB_LIB.a(lmx2694Handler.o)
                0x00002388                _ZN15lmx2694_Handler14Toggle_FCAL_ENEv
 .text._ZN15lmx2694_Handler18Initiate_RegistersEv
                0x000023ac       0x6c C:\Users\GMATEU~1\DOCUME~1\Trobina\DEVELO~1\Software\ATMEL_~1\LMX_AV~1\LMX_AV~1\Debug\libLMX_AVR128DB_LIB.a(lmx2694Handler.o)
                0x000023ac                _ZN15lmx2694_Handler18Initiate_RegistersEv
 .text._ZN15lmx2694_Handler19Set_MUXOUT_READBACKEb
                0x00002418       0x3e C:\Users\GMATEU~1\DOCUME~1\Trobina\DEVELO~1\Software\ATMEL_~1\LMX_AV~1\LMX_AV~1\Debug\libLMX_AVR128DB_LIB.a(lmx2694Handler.o)
                0x00002418                _ZN15lmx2694_Handler19Set_MUXOUT_READBACKEb
 .text._ZN15lmx2694_Handler20Read_Single_RegisterEh
                0x00002456       0xd6 C:\Users\GMATEU~1\DOCUME~1\Trobina\DEVELO~1\Software\ATMEL_~1\LMX_AV~1\LMX_AV~1\Debug\libLMX_AVR128DB_LIB.a(lmx2694Handler.o)
                0x00002456                _ZN15lmx2694_Handler20Read_Single_RegisterEh
 .text._ZN15lmx2694_Handler25Get_Channel_Divider_ValueEb
                0x0000252c       0x60 C:\Users\GMATEU~1\DOCUME~1\Trobina\DEVELO~1\Software\ATMEL_~1\LMX_AV~1\LMX_AV~1\Debug\libLMX_AVR128DB_LIB.a(lmx2694Handler.o)
                0x0000252c                _ZN15lmx2694_Handler25Get_Channel_Divider_ValueEb
 .text._ZN15lmx2694_Handler8IsLockedEv
                0x0000258c       0xa8 C:\Users\GMATEU~1\DOCUME~1\Trobina\DEVELO~1\Software\ATMEL_~1\LMX_AV~1\LMX_AV~1\Debug\libLMX_AVR128DB_LIB.a(lmx2694Handler.o)
                0x0000258c                _ZN15lmx2694_Handler8IsLockedEv
 .text._ZN15lmx2694_Handler4InitEv
                0x00002634       0x5a C:\Users\GMATEU~1\DOCUME~1\Trobina\DEVELO~1\Software\ATMEL_~1\LMX_AV~1\LMX_AV~1\Debug\libLMX_AVR128DB_LIB.a(lmx2694Handler.o)
                0x00002634                _ZN15lmx2694_Handler4InitEv
 .text._ZN15lmx2694_Handler19Program_PFD_DLY_SELEv
                0x0000268e       0x74 C:\Users\GMATEU~1\DOCUME~1\Trobina\DEVELO~1\Software\ATMEL_~1\LMX_AV~1\LMX_AV~1\Debug\libLMX_AVR128DB_LIB.a(lmx2694Handler.o)
                0x0000268e                _ZN15lmx2694_Handler19Program_PFD_DLY_SELEv
 .text._ZN15lmx2694_Handler24Write_Division_RegistersEv
                0x00002702       0x76 C:\Users\GMATEU~1\DOCUME~1\Trobina\DEVELO~1\Software\ATMEL_~1\LMX_AV~1\LMX_AV~1\Debug\libLMX_AVR128DB_LIB.a(lmx2694Handler.o)
                0x00002702                _ZN15lmx2694_Handler24Write_Division_RegistersEv
 .text._ZN15lmx2694_Handler20Set_Target_FrequencyEf
                0x00002778      0x1a4 C:\Users\GMATEU~1\DOCUME~1\Trobina\DEVELO~1\Software\ATMEL_~1\LMX_AV~1\LMX_AV~1\Debug\libLMX_AVR128DB_LIB.a(lmx2694Handler.o)
                0x00002778                _ZN15lmx2694_Handler20Set_Target_FrequencyEf
 .text._GLOBAL__sub_I__ZN15lmx2694_HandlerC2Ev
                0x0000291c        0xa C:\Users\GMATEU~1\DOCUME~1\Trobina\DEVELO~1\Software\ATMEL_~1\LMX_AV~1\LMX_AV~1\Debug\libLMX_AVR128DB_LIB.a(lmx2694Handler.o)
 .text._GLOBAL__sub_D__ZN15lmx2694_HandlerC2Ev
                0x00002926        0xa C:\Users\GMATEU~1\DOCUME~1\Trobina\DEVELO~1\Software\ATMEL_~1\LMX_AV~1\LMX_AV~1\Debug\libLMX_AVR128DB_LIB.a(lmx2694Handler.o)
 .text.__vector_28
                0x00002930       0x42 C:\Users\GMATEU~1\DOCUME~1\Trobina\DEVELO~1\Software\ATMEL_~1\ZERO_C~1\ZERO_C~1\Debug\libZero_Cross_Detector_lib.a(Zero_Cross_Counter.o)
                0x00002930                __vector_28
 .text.__vector_52
                0x00002972       0x3a C:\Users\GMATEU~1\DOCUME~1\Trobina\DEVELO~1\Software\ATMEL_~1\ZERO_C~1\ZERO_C~1\Debug\libZero_Cross_Detector_lib.a(Zero_Cross_Counter.o)
                0x00002972                __vector_52
 .text._ZN18Zero_Cross_CounterC2Ev
                0x000029ac        0xa C:\Users\GMATEU~1\DOCUME~1\Trobina\DEVELO~1\Software\ATMEL_~1\ZERO_C~1\ZERO_C~1\Debug\libZero_Cross_Detector_lib.a(Zero_Cross_Counter.o)
                0x000029ac                _ZN18Zero_Cross_CounterC1Ev
                0x000029ac                _ZN18Zero_Cross_CounterC2Ev
 .text._ZN18Zero_Cross_CounterD2Ev
                0x000029b6        0x2 C:\Users\GMATEU~1\DOCUME~1\Trobina\DEVELO~1\Software\ATMEL_~1\ZERO_C~1\ZERO_C~1\Debug\libZero_Cross_Detector_lib.a(Zero_Cross_Counter.o)
                0x000029b6                _ZN18Zero_Cross_CounterD2Ev
                0x000029b6                _ZN18Zero_Cross_CounterD1Ev
 .text._ZN18Zero_Cross_Counter15CaptureCounterCEv
                0x000029b8       0x18 C:\Users\GMATEU~1\DOCUME~1\Trobina\DEVELO~1\Software\ATMEL_~1\ZERO_C~1\ZERO_C~1\Debug\libZero_Cross_Detector_lib.a(Zero_Cross_Counter.o)
                0x000029b8                _ZN18Zero_Cross_Counter15CaptureCounterCEv
 .text.__vector_17
                0x000029d0       0x66 C:\Users\GMATEU~1\DOCUME~1\Trobina\DEVELO~1\Software\ATMEL_~1\ZERO_C~1\ZERO_C~1\Debug\libZero_Cross_Detector_lib.a(Zero_Cross_Counter.o)
                0x000029d0                __vector_17
 .text._ZN18Zero_Cross_Counter22CaptureCounterB_RisingEv
                0x00002a36       0x10 C:\Users\GMATEU~1\DOCUME~1\Trobina\DEVELO~1\Software\ATMEL_~1\ZERO_C~1\ZERO_C~1\Debug\libZero_Cross_Detector_lib.a(Zero_Cross_Counter.o)
                0x00002a36                _ZN18Zero_Cross_Counter22CaptureCounterB_RisingEv
 .text.__vector_14
                0x00002a46       0x76 C:\Users\GMATEU~1\DOCUME~1\Trobina\DEVELO~1\Software\ATMEL_~1\ZERO_C~1\ZERO_C~1\Debug\libZero_Cross_Detector_lib.a(Zero_Cross_Counter.o)
                0x00002a46                __vector_14
 .text._ZN18Zero_Cross_Counter23CaptureCounterB_FallingEv
                0x00002abc       0x10 C:\Users\GMATEU~1\DOCUME~1\Trobina\DEVELO~1\Software\ATMEL_~1\ZERO_C~1\ZERO_C~1\Debug\libZero_Cross_Detector_lib.a(Zero_Cross_Counter.o)
                0x00002abc                _ZN18Zero_Cross_Counter23CaptureCounterB_FallingEv
 .text.__vector_31
                0x00002acc       0x76 C:\Users\GMATEU~1\DOCUME~1\Trobina\DEVELO~1\Software\ATMEL_~1\ZERO_C~1\ZERO_C~1\Debug\libZero_Cross_Detector_lib.a(Zero_Cross_Counter.o)
                0x00002acc                __vector_31
 .text.avr-libc.fplib
                0x00002b42        0xe c:/program files (x86)/atmel/studio/7.0/toolchain/avr8/avr8-gnu-toolchain/bin/../lib/gcc/avr/5.4.0/../../../../avr/lib/avrxmega4\libm.a(addsf3.o)
                0x00002b42                __subsf3
                0x00002b44                __addsf3
 .text.avr-libc.fplib
                0x00002b50       0xcc c:/program files (x86)/atmel/studio/7.0/toolchain/avr8/avr8-gnu-toolchain/bin/../lib/gcc/avr/5.4.0/../../../../avr/lib/avrxmega4\libm.a(addsf3x.o)
                0x00002b72                __addsf3x
 .text.avr-libc.fplib
                0x00002c1c        0xa c:/program files (x86)/atmel/studio/7.0/toolchain/avr8/avr8-gnu-toolchain/bin/../lib/gcc/avr/5.4.0/../../../../avr/lib/avrxmega4\libm.a(cmpsf2.o)
                0x00002c1c                __nesf2
                0x00002c1c                __eqsf2
                0x00002c1c                __cmpsf2
                0x00002c1c                __ltsf2
                0x00002c1c                __lesf2
 .text.avr-libc.fplib
                0x00002c26        0x8 c:/program files (x86)/atmel/studio/7.0/toolchain/avr8/avr8-gnu-toolchain/bin/../lib/gcc/avr/5.4.0/../../../../avr/lib/avrxmega4\libm.a(divsf3.o)
                0x00002c26                __divsf3
 .text.avr-libc.fplib
                0x00002c2e       0xdc c:/program files (x86)/atmel/studio/7.0/toolchain/avr8/avr8-gnu-toolchain/bin/../lib/gcc/avr/5.4.0/../../../../avr/lib/avrxmega4\libm.a(divsf3x.o)
                0x00002c4e                __divsf3x
                0x00002c54                __divsf3_pse
 .text.avr-libc.fplib
                0x00002d0a        0xe c:/program files (x86)/atmel/studio/7.0/toolchain/avr8/avr8-gnu-toolchain/bin/../lib/gcc/avr/5.4.0/../../../../avr/lib/avrxmega4\libm.a(fixsfsi.o)
                0x00002d0a                __fixsfsi
 .text.avr-libc.fplib
                0x00002d18       0x5e c:/program files (x86)/atmel/studio/7.0/toolchain/avr8/avr8-gnu-toolchain/bin/../lib/gcc/avr/5.4.0/../../../../avr/lib/avrxmega4\libm.a(fixunssfsi.o)
                0x00002d18                __fixunssfsi
 .text.avr-libc.fplib
                0x00002d76       0x7a c:/program files (x86)/atmel/studio/7.0/toolchain/avr8/avr8-gnu-toolchain/bin/../lib/gcc/avr/5.4.0/../../../../avr/lib/avrxmega4\libm.a(floatsisf.o)
                0x00002d76                __floatunsisf
                0x00002d7a                __floatsisf
 .text.avr-libc.fplib
                0x00002df0       0x2e c:/program files (x86)/atmel/studio/7.0/toolchain/avr8/avr8-gnu-toolchain/bin/../lib/gcc/avr/5.4.0/../../../../avr/lib/avrxmega4\libm.a(floor.o)
                0x00002df0                floor
 .text.avr-libc.fplib
                0x00002e1e       0x48 c:/program files (x86)/atmel/studio/7.0/toolchain/avr8/avr8-gnu-toolchain/bin/../lib/gcc/avr/5.4.0/../../../../avr/lib/avrxmega4\libm.a(fp_cmp.o)
                0x00002e1e                __fp_cmp
 .text.avr-libc.fplib
                0x00002e66        0xc c:/program files (x86)/atmel/studio/7.0/toolchain/avr8/avr8-gnu-toolchain/bin/../lib/gcc/avr/5.4.0/../../../../avr/lib/avrxmega4\libm.a(fp_inf.o)
                0x00002e66                __fp_inf
 .text.avr-libc.fplib
                0x00002e72       0x36 c:/program files (x86)/atmel/studio/7.0/toolchain/avr8/avr8-gnu-toolchain/bin/../lib/gcc/avr/5.4.0/../../../../avr/lib/avrxmega4\libm.a(fp_mintl.o)
                0x00002e72                __fp_mintl
 .text.avr-libc.fplib
                0x00002ea8       0x1c c:/program files (x86)/atmel/studio/7.0/toolchain/avr8/avr8-gnu-toolchain/bin/../lib/gcc/avr/5.4.0/../../../../avr/lib/avrxmega4\libm.a(fp_mpack.o)
                0x00002ea8                __fp_mpack
                0x00002eac                __fp_mpack_finite
 .text.avr-libc.fplib
                0x00002ec4        0x6 c:/program files (x86)/atmel/studio/7.0/toolchain/avr8/avr8-gnu-toolchain/bin/../lib/gcc/avr/5.4.0/../../../../avr/lib/avrxmega4\libm.a(fp_nan.o)
                0x00002ec4                __fp_nan
 .text.avr-libc.fplib
                0x00002eca        0xe c:/program files (x86)/atmel/studio/7.0/toolchain/avr8/avr8-gnu-toolchain/bin/../lib/gcc/avr/5.4.0/../../../../avr/lib/avrxmega4\libm.a(fp_pscA.o)
                0x00002eca                __fp_pscA
 .text.avr-libc.fplib
                0x00002ed8        0xe c:/program files (x86)/atmel/studio/7.0/toolchain/avr8/avr8-gnu-toolchain/bin/../lib/gcc/avr/5.4.0/../../../../avr/lib/avrxmega4\libm.a(fp_pscB.o)
                0x00002ed8                __fp_pscB
 .text.avr-libc.fplib
                0x00002ee6       0x22 c:/program files (x86)/atmel/studio/7.0/toolchain/avr8/avr8-gnu-toolchain/bin/../lib/gcc/avr/5.4.0/../../../../avr/lib/avrxmega4\libm.a(fp_round.o)
                0x00002ee6                __fp_round
 .text.avr-libc.fplib
                0x00002f08       0x44 c:/program files (x86)/atmel/studio/7.0/toolchain/avr8/avr8-gnu-toolchain/bin/../lib/gcc/avr/5.4.0/../../../../avr/lib/avrxmega4\libm.a(fp_split3.o)
                0x00002f08                __fp_split3
                0x00002f18                __fp_splitA
 .text.avr-libc.fplib
                0x00002f4c       0x30 c:/program files (x86)/atmel/studio/7.0/toolchain/avr8/avr8-gnu-toolchain/bin/../lib/gcc/avr/5.4.0/../../../../avr/lib/avrxmega4\libm.a(fp_trunc.o)
                0x00002f4c                __fp_trunc
 .text.avr-libc.fplib
                0x00002f7c        0xe c:/program files (x86)/atmel/studio/7.0/toolchain/avr8/avr8-gnu-toolchain/bin/../lib/gcc/avr/5.4.0/../../../../avr/lib/avrxmega4\libm.a(fp_zero.o)
                0x00002f7c                __fp_zero
                0x00002f7e                __fp_szero
 .text.avr-libc.fplib
                0x00002f8a        0xa c:/program files (x86)/atmel/studio/7.0/toolchain/avr8/avr8-gnu-toolchain/bin/../lib/gcc/avr/5.4.0/../../../../avr/lib/avrxmega4\libm.a(gesf2.o)
                0x00002f8a                __gesf2
                0x00002f8a                __gtsf2
 .text.avr-libc.fplib
                0x00002f94       0xa0 c:/program files (x86)/atmel/studio/7.0/toolchain/avr8/avr8-gnu-toolchain/bin/../lib/gcc/avr/5.4.0/../../../../avr/lib/avrxmega4\libm.a(log.o)
                0x00002fa4                log
 .text.avr-libc.fplib
                0x00003034        0x8 c:/program files (x86)/atmel/studio/7.0/toolchain/avr8/avr8-gnu-toolchain/bin/../lib/gcc/avr/5.4.0/../../../../avr/lib/avrxmega4\libm.a(mulsf3.o)
                0x00003034                __mulsf3
 .text.avr-libc.fplib
                0x0000303c       0xd2 c:/program files (x86)/atmel/studio/7.0/toolchain/avr8/avr8-gnu-toolchain/bin/../lib/gcc/avr/5.4.0/../../../../avr/lib/avrxmega4\libm.a(mulsf3x.o)
                0x0000305a                __mulsf3x
                0x00003060                __mulsf3_pse
 .text.avr-libc.fplib
                0x0000310e       0xa0 c:/program files (x86)/atmel/studio/7.0/toolchain/avr8/avr8-gnu-toolchain/bin/../lib/gcc/avr/5.4.0/../../../../avr/lib/avrxmega4\libm.a(pow.o)
                0x0000310e                pow
 .text.avr-libc.fplib
                0x000031ae       0x48 c:/program files (x86)/atmel/studio/7.0/toolchain/avr8/avr8-gnu-toolchain/bin/../lib/gcc/avr/5.4.0/../../../../avr/lib/avrxmega4\libm.a(round.o)
                0x000031ae                round
 .text.avr-libc.fplib
                0x000031f6       0x74 c:/program files (x86)/atmel/studio/7.0/toolchain/avr8/avr8-gnu-toolchain/bin/../lib/gcc/avr/5.4.0/../../../../avr/lib/avrxmega4\libm.a(exp.o)
                0x00003206                exp
 .text.avr-libc.fplib
                0x0000326a       0x4e c:/program files (x86)/atmel/studio/7.0/toolchain/avr8/avr8-gnu-toolchain/bin/../lib/gcc/avr/5.4.0/../../../../avr/lib/avrxmega4\libm.a(fp_powser.o)
                0x0000326a                __fp_powser
 .text.avr-libc.fplib
                0x000032b8       0x10 c:/program files (x86)/atmel/studio/7.0/toolchain/avr8/avr8-gnu-toolchain/bin/../lib/gcc/avr/5.4.0/../../../../avr/lib/avrxmega4\libm.a(inverse.o)
                0x000032b8                inverse
 .text.avr-libc.fplib
                0x000032c8       0x74 c:/program files (x86)/atmel/studio/7.0/toolchain/avr8/avr8-gnu-toolchain/bin/../lib/gcc/avr/5.4.0/../../../../avr/lib/avrxmega4\libm.a(ldexp.o)
                0x000032d0                ldexp
 .text.avr-libc.fplib
                0x0000333c       0x68 c:/program files (x86)/atmel/studio/7.0/toolchain/avr8/avr8-gnu-toolchain/bin/../lib/gcc/avr/5.4.0/../../../../avr/lib/avrxmega4\libm.a(modf.o)
                0x0000333c                modf
                0x0000333c                modff
 .text.avr-libc
                0x000033a4      0x740 c:/program files (x86)/atmel/studio/7.0/toolchain/avr8/avr8-gnu-toolchain/bin/../lib/gcc/avr/5.4.0/../../../../avr/lib/avrxmega4\libprintf_flt.a(vfprintf_flt.o)
                0x000033a4                vfprintf
 .text.libgcc.div
                0x00003ae4       0x28 c:/program files (x86)/atmel/studio/7.0/toolchain/avr8/avr8-gnu-toolchain/bin/../lib/gcc/avr/5.4.0/avrxmega4\libgcc.a(_divmodhi4.o)
                0x00003ae4                _div
                0x00003ae4                __divmodhi4
 .text.libgcc.div
                0x00003b0c       0x44 c:/program files (x86)/atmel/studio/7.0/toolchain/avr8/avr8-gnu-toolchain/bin/../lib/gcc/avr/5.4.0/avrxmega4\libgcc.a(_udivmodsi4.o)
                0x00003b0c                __udivmodsi4
 .text.libgcc.div
                0x00003b50       0x2e c:/program files (x86)/atmel/studio/7.0/toolchain/avr8/avr8-gnu-toolchain/bin/../lib/gcc/avr/5.4.0/avrxmega4\libgcc.a(_divmodsi4.o)
                0x00003b50                __divmodsi4
 .text.libgcc.div
                0x00003b7e       0x10 c:/program files (x86)/atmel/studio/7.0/toolchain/avr8/avr8-gnu-toolchain/bin/../lib/gcc/avr/5.4.0/avrxmega4\libgcc.a(_negsi2.o)
                0x00003b7e                __negsi2
 .text.libgcc   0x00003b8e       0x12 c:/program files (x86)/atmel/studio/7.0/toolchain/avr8/avr8-gnu-toolchain/bin/../lib/gcc/avr/5.4.0/avrxmega4\libgcc.a(_tablejump2.o)
                0x00003b8e                __tablejump2__
 .text.libgcc.div
                0x00003ba0       0x28 c:/program files (x86)/atmel/studio/7.0/toolchain/avr8/avr8-gnu-toolchain/bin/../lib/gcc/avr/5.4.0/avrxmega4\libgcc.a(_udivmodhi4.o)
                0x00003ba0                __udivmodhi4
 .text.avr-libc
                0x00003bc8      0x1b0 c:/program files (x86)/atmel/studio/7.0/toolchain/avr8/avr8-gnu-toolchain/bin/../lib/gcc/avr/5.4.0/../../../../avr/lib/avrxmega4\libc.a(ftoa_engine.o)
                0x00003bc8                __ftoa_engine
 .text.avr-libc
                0x00003d78       0x16 c:/program files (x86)/atmel/studio/7.0/toolchain/avr8/avr8-gnu-toolchain/bin/../lib/gcc/avr/5.4.0/../../../../avr/lib/avrxmega4\libc.a(strnlen_P.o)
                0x00003d78                strnlen_P
 .text.avr-libc
                0x00003d8e       0x16 c:/program files (x86)/atmel/studio/7.0/toolchain/avr8/avr8-gnu-toolchain/bin/../lib/gcc/avr/5.4.0/../../../../avr/lib/avrxmega4\libc.a(strnlen.o)
                0x00003d8e                strnlen
 .text.avr-libc
                0x00003da4       0x78 c:/program files (x86)/atmel/studio/7.0/toolchain/avr8/avr8-gnu-toolchain/bin/../lib/gcc/avr/5.4.0/../../../../avr/lib/avrxmega4\libc.a(fputc.o)
                0x00003da4                fputc
 .text.avr-libc
                0x00003e1c       0x28 c:/program files (x86)/atmel/studio/7.0/toolchain/avr8/avr8-gnu-toolchain/bin/../lib/gcc/avr/5.4.0/../../../../avr/lib/avrxmega4\libc.a(printf.o)
                0x00003e1c                printf
 .text.avr-libc
                0x00003e44       0x60 c:/program files (x86)/atmel/studio/7.0/toolchain/avr8/avr8-gnu-toolchain/bin/../lib/gcc/avr/5.4.0/../../../../avr/lib/avrxmega4\libc.a(puts.o)
                0x00003e44                puts
 .text.avr-libc
                0x00003ea4       0xbc c:/program files (x86)/atmel/studio/7.0/toolchain/avr8/avr8-gnu-toolchain/bin/../lib/gcc/avr/5.4.0/../../../../avr/lib/avrxmega4\libc.a(ultoa_invert.o)
                0x00003ea4                __ultoa_invert
                0x00003f60                . = ALIGN (0x2)
 *(.fini9)
 .fini9         0x00003f60        0x0 c:/program files (x86)/atmel/studio/7.0/toolchain/avr8/avr8-gnu-toolchain/bin/../lib/gcc/avr/5.4.0/avrxmega4\libgcc.a(_exit.o)
                0x00003f60                _exit
                0x00003f60                exit
 *(.fini9)
 *(.fini8)
 *(.fini8)
 *(.fini7)
 *(.fini7)
 *(.fini6)
 .fini6         0x00003f60       0x16 c:/program files (x86)/atmel/studio/7.0/toolchain/avr8/avr8-gnu-toolchain/bin/../lib/gcc/avr/5.4.0/avrxmega4\libgcc.a(_dtors.o)
                0x00003f60                __do_global_dtors
 *(.fini6)
 *(.fini5)
 *(.fini5)
 *(.fini4)
 *(.fini4)
 *(.fini3)
 *(.fini3)
 *(.fini2)
 *(.fini2)
 *(.fini1)
 *(.fini1)
 *(.fini0)
 .fini0         0x00003f76        0x4 c:/program files (x86)/atmel/studio/7.0/toolchain/avr8/avr8-gnu-toolchain/bin/../lib/gcc/avr/5.4.0/avrxmega4\libgcc.a(_exit.o)
 *(.fini0)
                0x00003f7a                _etext = .

.data           0x00804000      0x1e0 load address 0x00003f7a
                0x00804000                PROVIDE (__data_start, .)
 *(.data)
 *(.data*)
 .data.USART_0_stream
                0x00804000        0xe C:\Users\GMATEU~1\DOCUME~1\Trobina\DEVELO~1\Software\ATMEL_~1\AVR_CU~1\AVR_CU~1\Debug\libAVR_CURIOSITY_BSP.a(usart_basic.o)
                0x00804000                USART_0_stream
 *(.gnu.linkonce.d*)
 *(.rodata)
 *(.rodata*)
 .rodata.str1.1
                0x0080400e       0x3c LTC5548HANDLER.o
 .rodata.str1.1
                0x0080404a       0x94 C:\Users\GMATEU~1\DOCUME~1\Trobina\DEVELO~1\Software\ATMEL_~1\ADF561~2\ADF561~1\Debug\libADF5610_AVR128DB_LIB.a(ADF5610Driver.o)
 .rodata._ZL22channel_divider_values
                0x008040de       0x1c C:\Users\GMATEU~1\DOCUME~1\Trobina\DEVELO~1\Software\ATMEL_~1\LMX_AV~1\LMX_AV~1\Debug\libLMX_AVR128DB_LIB.a(lmx2694Handler.o)
 .rodata._ZL17default_registers
                0x008040fa       0xe6 C:\Users\GMATEU~1\DOCUME~1\Trobina\DEVELO~1\Software\ATMEL_~1\LMX_AV~1\LMX_AV~1\Debug\libLMX_AVR128DB_LIB.a(lmx2694Handler.o)
 *(.gnu.linkonce.r*)
                0x008041e0                . = ALIGN (0x2)
                0x008041e0                _edata = .
                0x008041e0                PROVIDE (__data_end, .)

.bss            0x008041e0      0x3ae
                0x008041e0                PROVIDE (__bss_start, .)
 *(.bss)
 *(.bss*)
 .bss._ZL13local_counter
                0x008041e0        0x8 LTC5548HANDLER.o
 .bss._ZL9local_adf
                0x008041e8      0x165 LTC5548HANDLER.o
 .bss._ZL9local_lmx
                0x0080434d       0x40 LTC5548HANDLER.o
 .bss._ZL3ltc   0x0080438d       0x1b main.o
 .bss._ZL9staticSPI
                0x008043a8        0x5 C:\Users\GMATEU~1\DOCUME~1\Trobina\DEVELO~1\Software\ATMEL_~1\ADF561~2\ADF561~1\Debug\libADF5610_AVR128DB_LIB.a(ADF5610Driver.o)
 .bss.ptrSPISync
                0x008043ad        0x2 C:\Users\GMATEU~1\DOCUME~1\Trobina\DEVELO~1\Software\ATMEL_~1\ADF561~2\ADF561~1\Debug\libADF5610_AVR128DB_LIB.a(SPI_Syn_Class.o)
                0x008043ad                ptrSPISync
 .bss.SPI_LMX_desc
                0x008043af        0x1 C:\Users\GMATEU~1\DOCUME~1\Trobina\DEVELO~1\Software\ATMEL_~1\AVR_CU~1\AVR_CU~1\Debug\libAVR_CURIOSITY_BSP.a(spi_basic.o)
 .bss.SPI_ADF_desc
                0x008043b0        0x1 C:\Users\GMATEU~1\DOCUME~1\Trobina\DEVELO~1\Software\ATMEL_~1\AVR_CU~1\AVR_CU~1\Debug\libAVR_CURIOSITY_BSP.a(spi_basic.o)
 .bss._ZL21local_write_registers
                0x008043b1       0xe6 C:\Users\GMATEU~1\DOCUME~1\Trobina\DEVELO~1\Software\ATMEL_~1\LMX_AV~1\LMX_AV~1\Debug\libLMX_AVR128DB_LIB.a(lmx2694Handler.o)
 .bss._ZL20local_read_registers
                0x00804497       0xe6 C:\Users\GMATEU~1\DOCUME~1\Trobina\DEVELO~1\Software\ATMEL_~1\LMX_AV~1\LMX_AV~1\Debug\libLMX_AVR128DB_LIB.a(lmx2694Handler.o)
 .bss._ZL9staticSPI
                0x0080457d        0x5 C:\Users\GMATEU~1\DOCUME~1\Trobina\DEVELO~1\Software\ATMEL_~1\LMX_AV~1\LMX_AV~1\Debug\libLMX_AVR128DB_LIB.a(lmx2694Handler.o)
 .bss._ZL21capture_value_falling
                0x00804582        0x2 C:\Users\GMATEU~1\DOCUME~1\Trobina\DEVELO~1\Software\ATMEL_~1\ZERO_C~1\ZERO_C~1\Debug\libZero_Cross_Detector_lib.a(Zero_Cross_Counter.o)
 .bss._ZL20capture_value_rising
                0x00804584        0x2 C:\Users\GMATEU~1\DOCUME~1\Trobina\DEVELO~1\Software\ATMEL_~1\ZERO_C~1\ZERO_C~1\Debug\libZero_Cross_Detector_lib.a(Zero_Cross_Counter.o)
 .bss.ptr_zero_cross_handler
                0x00804586        0x2 C:\Users\GMATEU~1\DOCUME~1\Trobina\DEVELO~1\Software\ATMEL_~1\ZERO_C~1\ZERO_C~1\Debug\libZero_Cross_Detector_lib.a(Zero_Cross_Counter.o)
                0x00804586                ptr_zero_cross_handler
 *(COMMON)
 COMMON         0x00804588        0x6 c:/program files (x86)/atmel/studio/7.0/toolchain/avr8/avr8-gnu-toolchain/bin/../lib/gcc/avr/5.4.0/../../../../avr/lib/avrxmega4\libc.a(iob.o)
                0x00804588                __iob
                0x0080458e                PROVIDE (__bss_end, .)
                0x00003f7a                __data_load_start = LOADADDR (.data)
                0x0000415a                __data_load_end = (__data_load_start + SIZEOF (.data))

.noinit         0x0080458e        0x0
                [!provide]                PROVIDE (__noinit_start, .)
 *(.noinit*)
                [!provide]                PROVIDE (__noinit_end, .)
                0x0080458e                _end = .
                [!provide]                PROVIDE (__heap_start, .)

.eeprom         0x00810000        0x0
 *(.eeprom*)
                0x00810000                __eeprom_end = .

.fuse
 *(.fuse)
 *(.lfuse)
 *(.hfuse)
 *(.efuse)

.lock
 *(.lock*)

.signature
 *(.signature*)

.user_signatures
 *(.user_signatures*)

.stab
 *(.stab)

.stabstr
 *(.stabstr)

.stab.excl
 *(.stab.excl)

.stab.exclstr
 *(.stab.exclstr)

.stab.index
 *(.stab.index)

.stab.indexstr
 *(.stab.indexstr)

.comment        0x00000000       0x5c
 *(.comment)
 .comment       0x00000000       0x30 LTC5548HANDLER.o
                                 0x31 (size before relaxing)
 .comment       0x00000030       0x31 main.o
 .comment       0x00000030       0x31 C:\Users\GMATEU~1\DOCUME~1\Trobina\DEVELO~1\Software\ATMEL_~1\ADF561~2\ADF561~1\Debug\libADF5610_AVR128DB_LIB.a(ADF5610Driver.o)
 .comment       0x00000030       0x31 C:\Users\GMATEU~1\DOCUME~1\Trobina\DEVELO~1\Software\ATMEL_~1\ADF561~2\ADF561~1\Debug\libADF5610_AVR128DB_LIB.a(SPI_Syn_Class.o)
 .comment       0x00000030       0x31 C:\Users\GMATEU~1\DOCUME~1\Trobina\DEVELO~1\Software\ATMEL_~1\AVR_CU~1\AVR_CU~1\Debug\libAVR_CURIOSITY_BSP.a(atmel_start.o)
 .comment       0x00000030       0x31 C:\Users\GMATEU~1\DOCUME~1\Trobina\DEVELO~1\Software\ATMEL_~1\AVR_CU~1\AVR_CU~1\Debug\libAVR_CURIOSITY_BSP.a(driver_init.o)
 .comment       0x00000030       0x31 C:\Users\GMATEU~1\DOCUME~1\Trobina\DEVELO~1\Software\ATMEL_~1\AVR_CU~1\AVR_CU~1\Debug\libAVR_CURIOSITY_BSP.a(evsys.o)
 .comment       0x00000030       0x31 C:\Users\GMATEU~1\DOCUME~1\Trobina\DEVELO~1\Software\ATMEL_~1\AVR_CU~1\AVR_CU~1\Debug\libAVR_CURIOSITY_BSP.a(rtc.o)
 .comment       0x00000030       0x31 C:\Users\GMATEU~1\DOCUME~1\Trobina\DEVELO~1\Software\ATMEL_~1\AVR_CU~1\AVR_CU~1\Debug\libAVR_CURIOSITY_BSP.a(slpctrl.o)
 .comment       0x00000030       0x31 C:\Users\GMATEU~1\DOCUME~1\Trobina\DEVELO~1\Software\ATMEL_~1\AVR_CU~1\AVR_CU~1\Debug\libAVR_CURIOSITY_BSP.a(spi_basic.o)
 .comment       0x00000030       0x31 C:\Users\GMATEU~1\DOCUME~1\Trobina\DEVELO~1\Software\ATMEL_~1\AVR_CU~1\AVR_CU~1\Debug\libAVR_CURIOSITY_BSP.a(tcb.o)
 .comment       0x00000030       0x31 C:\Users\GMATEU~1\DOCUME~1\Trobina\DEVELO~1\Software\ATMEL_~1\AVR_CU~1\AVR_CU~1\Debug\libAVR_CURIOSITY_BSP.a(tcd.o)
 .comment       0x00000030       0x31 C:\Users\GMATEU~1\DOCUME~1\Trobina\DEVELO~1\Software\ATMEL_~1\AVR_CU~1\AVR_CU~1\Debug\libAVR_CURIOSITY_BSP.a(usart_basic.o)
 .comment       0x00000030       0x31 C:\Users\GMATEU~1\DOCUME~1\Trobina\DEVELO~1\Software\ATMEL_~1\AVR_CU~1\AVR_CU~1\Debug\libAVR_CURIOSITY_BSP.a(zcd.o)
 .comment       0x00000030       0x31 C:\Users\GMATEU~1\DOCUME~1\Trobina\DEVELO~1\Software\ATMEL_~1\AVR_CU~1\AVR_CU~1\Debug\libAVR_CURIOSITY_BSP.a(bod.o)
 .comment       0x00000030       0x31 C:\Users\GMATEU~1\DOCUME~1\Trobina\DEVELO~1\Software\ATMEL_~1\AVR_CU~1\AVR_CU~1\Debug\libAVR_CURIOSITY_BSP.a(clkctrl.o)
 .comment       0x00000030       0x31 C:\Users\GMATEU~1\DOCUME~1\Trobina\DEVELO~1\Software\ATMEL_~1\AVR_CU~1\AVR_CU~1\Debug\libAVR_CURIOSITY_BSP.a(cpuint.o)
 .comment       0x00000030       0x31 C:\Users\GMATEU~1\DOCUME~1\Trobina\DEVELO~1\Software\ATMEL_~1\LMX_AV~1\LMX_AV~1\Debug\libLMX_AVR128DB_LIB.a(lmx2694Handler.o)
 .comment       0x00000030       0x31 C:\Users\GMATEU~1\DOCUME~1\Trobina\DEVELO~1\Software\ATMEL_~1\ZERO_C~1\ZERO_C~1\Debug\libZero_Cross_Detector_lib.a(Zero_Cross_Counter.o)
 .comment       0x00000030       0x2c c:/program files (x86)/atmel/studio/7.0/toolchain/avr8/avr8-gnu-toolchain/bin/../lib/gcc/avr/5.4.0/../../../../avr/lib/avrxmega4\libprintf_flt.a(vfprintf_flt.o)
                                 0x2d (size before relaxing)
 .comment       0x0000005c       0x31 c:/program files (x86)/atmel/studio/7.0/toolchain/avr8/avr8-gnu-toolchain/bin/../lib/gcc/avr/5.4.0/../../../../avr/lib/avrxmega4\libc.a(fputc.o)
 .comment       0x0000005c       0x31 c:/program files (x86)/atmel/studio/7.0/toolchain/avr8/avr8-gnu-toolchain/bin/../lib/gcc/avr/5.4.0/../../../../avr/lib/avrxmega4\libc.a(iob.o)
 .comment       0x0000005c       0x31 c:/program files (x86)/atmel/studio/7.0/toolchain/avr8/avr8-gnu-toolchain/bin/../lib/gcc/avr/5.4.0/../../../../avr/lib/avrxmega4\libc.a(printf.o)
 .comment       0x0000005c       0x31 c:/program files (x86)/atmel/studio/7.0/toolchain/avr8/avr8-gnu-toolchain/bin/../lib/gcc/avr/5.4.0/../../../../avr/lib/avrxmega4\libc.a(puts.o)

.note.gnu.avr.deviceinfo
                0x00000000       0x40
 .note.gnu.avr.deviceinfo
                0x00000000       0x40 C:/Program Files (x86)/Atmel/Studio/7.0/Packs/Atmel/AVR-Dx_DFP/1.7.85/gcc/dev/avr128db48/avrxmega4/crtavr128db48.o

.note.gnu.build-id
 *(.note.gnu.build-id)

.debug
 *(.debug)

.line
 *(.line)

.debug_srcinfo
 *(.debug_srcinfo)

.debug_sfnames
 *(.debug_sfnames)

.debug_aranges  0x00000000      0x690
 *(.debug_aranges)
 .debug_aranges
                0x00000000       0x90 LTC5548HANDLER.o
 .debug_aranges
                0x00000090       0x48 main.o
 .debug_aranges
                0x000000d8       0xf8 C:\Users\GMATEU~1\DOCUME~1\Trobina\DEVELO~1\Software\ATMEL_~1\ADF561~2\ADF561~1\Debug\libADF5610_AVR128DB_LIB.a(ADF5610Driver.o)
 .debug_aranges
                0x000001d0       0x60 C:\Users\GMATEU~1\DOCUME~1\Trobina\DEVELO~1\Software\ATMEL_~1\ADF561~2\ADF561~1\Debug\libADF5610_AVR128DB_LIB.a(SPI_Syn_Class.o)
 .debug_aranges
                0x00000230       0x20 C:\Users\GMATEU~1\DOCUME~1\Trobina\DEVELO~1\Software\ATMEL_~1\AVR_CU~1\AVR_CU~1\Debug\libAVR_CURIOSITY_BSP.a(atmel_start.o)
 .debug_aranges
                0x00000250       0x70 C:\Users\GMATEU~1\DOCUME~1\Trobina\DEVELO~1\Software\ATMEL_~1\AVR_CU~1\AVR_CU~1\Debug\libAVR_CURIOSITY_BSP.a(driver_init.o)
 .debug_aranges
                0x000002c0       0x20 C:\Users\GMATEU~1\DOCUME~1\Trobina\DEVELO~1\Software\ATMEL_~1\AVR_CU~1\AVR_CU~1\Debug\libAVR_CURIOSITY_BSP.a(evsys.o)
 .debug_aranges
                0x000002e0       0x20 C:\Users\GMATEU~1\DOCUME~1\Trobina\DEVELO~1\Software\ATMEL_~1\AVR_CU~1\AVR_CU~1\Debug\libAVR_CURIOSITY_BSP.a(rtc.o)
 .debug_aranges
                0x00000300       0x28 C:\Users\GMATEU~1\DOCUME~1\Trobina\DEVELO~1\Software\ATMEL_~1\AVR_CU~1\AVR_CU~1\Debug\libAVR_CURIOSITY_BSP.a(slpctrl.o)
 .debug_aranges
                0x00000328       0x88 C:\Users\GMATEU~1\DOCUME~1\Trobina\DEVELO~1\Software\ATMEL_~1\AVR_CU~1\AVR_CU~1\Debug\libAVR_CURIOSITY_BSP.a(spi_basic.o)
 .debug_aranges
                0x000003b0       0x28 C:\Users\GMATEU~1\DOCUME~1\Trobina\DEVELO~1\Software\ATMEL_~1\AVR_CU~1\AVR_CU~1\Debug\libAVR_CURIOSITY_BSP.a(tcb.o)
 .debug_aranges
                0x000003d8       0x20 C:\Users\GMATEU~1\DOCUME~1\Trobina\DEVELO~1\Software\ATMEL_~1\AVR_CU~1\AVR_CU~1\Debug\libAVR_CURIOSITY_BSP.a(tcd.o)
 .debug_aranges
                0x000003f8       0x78 C:\Users\GMATEU~1\DOCUME~1\Trobina\DEVELO~1\Software\ATMEL_~1\AVR_CU~1\AVR_CU~1\Debug\libAVR_CURIOSITY_BSP.a(usart_basic.o)
 .debug_aranges
                0x00000470       0x28 C:\Users\GMATEU~1\DOCUME~1\Trobina\DEVELO~1\Software\ATMEL_~1\AVR_CU~1\AVR_CU~1\Debug\libAVR_CURIOSITY_BSP.a(zcd.o)
 .debug_aranges
                0x00000498       0x20 C:\Users\GMATEU~1\DOCUME~1\Trobina\DEVELO~1\Software\ATMEL_~1\AVR_CU~1\AVR_CU~1\Debug\libAVR_CURIOSITY_BSP.a(bod.o)
 .debug_aranges
                0x000004b8       0x20 C:\Users\GMATEU~1\DOCUME~1\Trobina\DEVELO~1\Software\ATMEL_~1\AVR_CU~1\AVR_CU~1\Debug\libAVR_CURIOSITY_BSP.a(clkctrl.o)
 .debug_aranges
                0x000004d8       0x20 C:\Users\GMATEU~1\DOCUME~1\Trobina\DEVELO~1\Software\ATMEL_~1\AVR_CU~1\AVR_CU~1\Debug\libAVR_CURIOSITY_BSP.a(cpuint.o)
 .debug_aranges
                0x000004f8       0x20 C:\Users\GMATEU~1\DOCUME~1\Trobina\DEVELO~1\Software\ATMEL_~1\AVR_CU~1\AVR_CU~1\Debug\libAVR_CURIOSITY_BSP.a(protected_io.o)
 .debug_aranges
                0x00000518      0x110 C:\Users\GMATEU~1\DOCUME~1\Trobina\DEVELO~1\Software\ATMEL_~1\LMX_AV~1\LMX_AV~1\Debug\libLMX_AVR128DB_LIB.a(lmx2694Handler.o)
 .debug_aranges
                0x00000628       0x68 C:\Users\GMATEU~1\DOCUME~1\Trobina\DEVELO~1\Software\ATMEL_~1\ZERO_C~1\ZERO_C~1\Debug\libZero_Cross_Detector_lib.a(Zero_Cross_Counter.o)

.debug_pubnames
 *(.debug_pubnames)

.debug_info     0x00000000     0xe128
 *(.debug_info .gnu.linkonce.wi.*)
 .debug_info    0x00000000     0x2f42 C:/Program Files (x86)/Atmel/Studio/7.0/Packs/Atmel/AVR-Dx_DFP/1.7.85/gcc/dev/avr128db48/avrxmega4/crtavr128db48.o
 .debug_info    0x00002f42     0x1a0a LTC5548HANDLER.o
 .debug_info    0x0000494c     0x1686 main.o
 .debug_info    0x00005fd2     0x185b C:\Users\GMATEU~1\DOCUME~1\Trobina\DEVELO~1\Software\ATMEL_~1\ADF561~2\ADF561~1\Debug\libADF5610_AVR128DB_LIB.a(ADF5610Driver.o)
 .debug_info    0x0000782d      0x610 C:\Users\GMATEU~1\DOCUME~1\Trobina\DEVELO~1\Software\ATMEL_~1\ADF561~2\ADF561~1\Debug\libADF5610_AVR128DB_LIB.a(SPI_Syn_Class.o)
 .debug_info    0x00007e3d       0x9a C:\Users\GMATEU~1\DOCUME~1\Trobina\DEVELO~1\Software\ATMEL_~1\AVR_CU~1\AVR_CU~1\Debug\libAVR_CURIOSITY_BSP.a(atmel_start.o)
 .debug_info    0x00007ed7     0x138b C:\Users\GMATEU~1\DOCUME~1\Trobina\DEVELO~1\Software\ATMEL_~1\AVR_CU~1\AVR_CU~1\Debug\libAVR_CURIOSITY_BSP.a(driver_init.o)
 .debug_info    0x00009262      0x8b0 C:\Users\GMATEU~1\DOCUME~1\Trobina\DEVELO~1\Software\ATMEL_~1\AVR_CU~1\AVR_CU~1\Debug\libAVR_CURIOSITY_BSP.a(evsys.o)
 .debug_info    0x00009b12      0x389 C:\Users\GMATEU~1\DOCUME~1\Trobina\DEVELO~1\Software\ATMEL_~1\AVR_CU~1\AVR_CU~1\Debug\libAVR_CURIOSITY_BSP.a(rtc.o)
 .debug_info    0x00009e9b      0x136 C:\Users\GMATEU~1\DOCUME~1\Trobina\DEVELO~1\Software\ATMEL_~1\AVR_CU~1\AVR_CU~1\Debug\libAVR_CURIOSITY_BSP.a(slpctrl.o)
 .debug_info    0x00009fd1      0x46d C:\Users\GMATEU~1\DOCUME~1\Trobina\DEVELO~1\Software\ATMEL_~1\AVR_CU~1\AVR_CU~1\Debug\libAVR_CURIOSITY_BSP.a(spi_basic.o)
 .debug_info    0x0000a43e      0x2ae C:\Users\GMATEU~1\DOCUME~1\Trobina\DEVELO~1\Software\ATMEL_~1\AVR_CU~1\AVR_CU~1\Debug\libAVR_CURIOSITY_BSP.a(tcb.o)
 .debug_info    0x0000a6ec      0x589 C:\Users\GMATEU~1\DOCUME~1\Trobina\DEVELO~1\Software\ATMEL_~1\AVR_CU~1\AVR_CU~1\Debug\libAVR_CURIOSITY_BSP.a(tcd.o)
 .debug_info    0x0000ac75      0x492 C:\Users\GMATEU~1\DOCUME~1\Trobina\DEVELO~1\Software\ATMEL_~1\AVR_CU~1\AVR_CU~1\Debug\libAVR_CURIOSITY_BSP.a(usart_basic.o)
 .debug_info    0x0000b107      0x17a C:\Users\GMATEU~1\DOCUME~1\Trobina\DEVELO~1\Software\ATMEL_~1\AVR_CU~1\AVR_CU~1\Debug\libAVR_CURIOSITY_BSP.a(zcd.o)
 .debug_info    0x0000b281      0x188 C:\Users\GMATEU~1\DOCUME~1\Trobina\DEVELO~1\Software\ATMEL_~1\AVR_CU~1\AVR_CU~1\Debug\libAVR_CURIOSITY_BSP.a(bod.o)
 .debug_info    0x0000b409      0x48f C:\Users\GMATEU~1\DOCUME~1\Trobina\DEVELO~1\Software\ATMEL_~1\AVR_CU~1\AVR_CU~1\Debug\libAVR_CURIOSITY_BSP.a(clkctrl.o)
 .debug_info    0x0000b898       0x8d C:\Users\GMATEU~1\DOCUME~1\Trobina\DEVELO~1\Software\ATMEL_~1\AVR_CU~1\AVR_CU~1\Debug\libAVR_CURIOSITY_BSP.a(cpuint.o)
 .debug_info    0x0000b925       0xb0 C:\Users\GMATEU~1\DOCUME~1\Trobina\DEVELO~1\Software\ATMEL_~1\AVR_CU~1\AVR_CU~1\Debug\libAVR_CURIOSITY_BSP.a(protected_io.o)
 .debug_info    0x0000b9d5     0x1d93 C:\Users\GMATEU~1\DOCUME~1\Trobina\DEVELO~1\Software\ATMEL_~1\LMX_AV~1\LMX_AV~1\Debug\libLMX_AVR128DB_LIB.a(lmx2694Handler.o)
 .debug_info    0x0000d768      0x9c0 C:\Users\GMATEU~1\DOCUME~1\Trobina\DEVELO~1\Software\ATMEL_~1\ZERO_C~1\ZERO_C~1\Debug\libZero_Cross_Detector_lib.a(Zero_Cross_Counter.o)

.debug_abbrev   0x00000000     0x4f0c
 *(.debug_abbrev)
 .debug_abbrev  0x00000000     0x2cc2 C:/Program Files (x86)/Atmel/Studio/7.0/Packs/Atmel/AVR-Dx_DFP/1.7.85/gcc/dev/avr128db48/avrxmega4/crtavr128db48.o
 .debug_abbrev  0x00002cc2      0x3c0 LTC5548HANDLER.o
 .debug_abbrev  0x00003082      0x33a main.o
 .debug_abbrev  0x000033bc      0x4e6 C:\Users\GMATEU~1\DOCUME~1\Trobina\DEVELO~1\Software\ATMEL_~1\ADF561~2\ADF561~1\Debug\libADF5610_AVR128DB_LIB.a(ADF5610Driver.o)
 .debug_abbrev  0x000038a2      0x286 C:\Users\GMATEU~1\DOCUME~1\Trobina\DEVELO~1\Software\ATMEL_~1\ADF561~2\ADF561~1\Debug\libADF5610_AVR128DB_LIB.a(SPI_Syn_Class.o)
 .debug_abbrev  0x00003b28       0x63 C:\Users\GMATEU~1\DOCUME~1\Trobina\DEVELO~1\Software\ATMEL_~1\AVR_CU~1\AVR_CU~1\Debug\libAVR_CURIOSITY_BSP.a(atmel_start.o)
 .debug_abbrev  0x00003b8b      0x1e1 C:\Users\GMATEU~1\DOCUME~1\Trobina\DEVELO~1\Software\ATMEL_~1\AVR_CU~1\AVR_CU~1\Debug\libAVR_CURIOSITY_BSP.a(driver_init.o)
 .debug_abbrev  0x00003d6c       0xaf C:\Users\GMATEU~1\DOCUME~1\Trobina\DEVELO~1\Software\ATMEL_~1\AVR_CU~1\AVR_CU~1\Debug\libAVR_CURIOSITY_BSP.a(evsys.o)
 .debug_abbrev  0x00003e1b       0xe6 C:\Users\GMATEU~1\DOCUME~1\Trobina\DEVELO~1\Software\ATMEL_~1\AVR_CU~1\AVR_CU~1\Debug\libAVR_CURIOSITY_BSP.a(rtc.o)
 .debug_abbrev  0x00003f01       0xc4 C:\Users\GMATEU~1\DOCUME~1\Trobina\DEVELO~1\Software\ATMEL_~1\AVR_CU~1\AVR_CU~1\Debug\libAVR_CURIOSITY_BSP.a(slpctrl.o)
 .debug_abbrev  0x00003fc5      0x19f C:\Users\GMATEU~1\DOCUME~1\Trobina\DEVELO~1\Software\ATMEL_~1\AVR_CU~1\AVR_CU~1\Debug\libAVR_CURIOSITY_BSP.a(spi_basic.o)
 .debug_abbrev  0x00004164       0xf3 C:\Users\GMATEU~1\DOCUME~1\Trobina\DEVELO~1\Software\ATMEL_~1\AVR_CU~1\AVR_CU~1\Debug\libAVR_CURIOSITY_BSP.a(tcb.o)
 .debug_abbrev  0x00004257       0xe6 C:\Users\GMATEU~1\DOCUME~1\Trobina\DEVELO~1\Software\ATMEL_~1\AVR_CU~1\AVR_CU~1\Debug\libAVR_CURIOSITY_BSP.a(tcd.o)
 .debug_abbrev  0x0000433d      0x20d C:\Users\GMATEU~1\DOCUME~1\Trobina\DEVELO~1\Software\ATMEL_~1\AVR_CU~1\AVR_CU~1\Debug\libAVR_CURIOSITY_BSP.a(usart_basic.o)
 .debug_abbrev  0x0000454a       0xaf C:\Users\GMATEU~1\DOCUME~1\Trobina\DEVELO~1\Software\ATMEL_~1\AVR_CU~1\AVR_CU~1\Debug\libAVR_CURIOSITY_BSP.a(zcd.o)
 .debug_abbrev  0x000045f9       0xaf C:\Users\GMATEU~1\DOCUME~1\Trobina\DEVELO~1\Software\ATMEL_~1\AVR_CU~1\AVR_CU~1\Debug\libAVR_CURIOSITY_BSP.a(bod.o)
 .debug_abbrev  0x000046a8      0x128 C:\Users\GMATEU~1\DOCUME~1\Trobina\DEVELO~1\Software\ATMEL_~1\AVR_CU~1\AVR_CU~1\Debug\libAVR_CURIOSITY_BSP.a(clkctrl.o)
 .debug_abbrev  0x000047d0       0x51 C:\Users\GMATEU~1\DOCUME~1\Trobina\DEVELO~1\Software\ATMEL_~1\AVR_CU~1\AVR_CU~1\Debug\libAVR_CURIOSITY_BSP.a(cpuint.o)
 .debug_abbrev  0x00004821       0x14 C:\Users\GMATEU~1\DOCUME~1\Trobina\DEVELO~1\Software\ATMEL_~1\AVR_CU~1\AVR_CU~1\Debug\libAVR_CURIOSITY_BSP.a(protected_io.o)
 .debug_abbrev  0x00004835      0x48c C:\Users\GMATEU~1\DOCUME~1\Trobina\DEVELO~1\Software\ATMEL_~1\LMX_AV~1\LMX_AV~1\Debug\libLMX_AVR128DB_LIB.a(lmx2694Handler.o)
 .debug_abbrev  0x00004cc1      0x24b C:\Users\GMATEU~1\DOCUME~1\Trobina\DEVELO~1\Software\ATMEL_~1\ZERO_C~1\ZERO_C~1\Debug\libZero_Cross_Detector_lib.a(Zero_Cross_Counter.o)

.debug_line     0x00000000     0x3c8a
 *(.debug_line .debug_line.* .debug_line_end)
 .debug_line    0x00000000      0x205 C:/Program Files (x86)/Atmel/Studio/7.0/Packs/Atmel/AVR-Dx_DFP/1.7.85/gcc/dev/avr128db48/avrxmega4/crtavr128db48.o
 .debug_line    0x00000205      0x5e0 LTC5548HANDLER.o
 .debug_line    0x000007e5      0x39e main.o
 .debug_line    0x00000b83      0xc82 C:\Users\GMATEU~1\DOCUME~1\Trobina\DEVELO~1\Software\ATMEL_~1\ADF561~2\ADF561~1\Debug\libADF5610_AVR128DB_LIB.a(ADF5610Driver.o)
 .debug_line    0x00001805      0x26b C:\Users\GMATEU~1\DOCUME~1\Trobina\DEVELO~1\Software\ATMEL_~1\ADF561~2\ADF561~1\Debug\libADF5610_AVR128DB_LIB.a(SPI_Syn_Class.o)
 .debug_line    0x00001a70       0x60 C:\Users\GMATEU~1\DOCUME~1\Trobina\DEVELO~1\Software\ATMEL_~1\AVR_CU~1\AVR_CU~1\Debug\libAVR_CURIOSITY_BSP.a(atmel_start.o)
 .debug_line    0x00001ad0      0x4a8 C:\Users\GMATEU~1\DOCUME~1\Trobina\DEVELO~1\Software\ATMEL_~1\AVR_CU~1\AVR_CU~1\Debug\libAVR_CURIOSITY_BSP.a(driver_init.o)
 .debug_line    0x00001f78      0x12d C:\Users\GMATEU~1\DOCUME~1\Trobina\DEVELO~1\Software\ATMEL_~1\AVR_CU~1\AVR_CU~1\Debug\libAVR_CURIOSITY_BSP.a(evsys.o)
 .debug_line    0x000020a5      0x128 C:\Users\GMATEU~1\DOCUME~1\Trobina\DEVELO~1\Software\ATMEL_~1\AVR_CU~1\AVR_CU~1\Debug\libAVR_CURIOSITY_BSP.a(rtc.o)
 .debug_line    0x000021cd      0x120 C:\Users\GMATEU~1\DOCUME~1\Trobina\DEVELO~1\Software\ATMEL_~1\AVR_CU~1\AVR_CU~1\Debug\libAVR_CURIOSITY_BSP.a(slpctrl.o)
 .debug_line    0x000022ed      0x375 C:\Users\GMATEU~1\DOCUME~1\Trobina\DEVELO~1\Software\ATMEL_~1\AVR_CU~1\AVR_CU~1\Debug\libAVR_CURIOSITY_BSP.a(spi_basic.o)
 .debug_line    0x00002662      0x15f C:\Users\GMATEU~1\DOCUME~1\Trobina\DEVELO~1\Software\ATMEL_~1\AVR_CU~1\AVR_CU~1\Debug\libAVR_CURIOSITY_BSP.a(tcb.o)
 .debug_line    0x000027c1      0x134 C:\Users\GMATEU~1\DOCUME~1\Trobina\DEVELO~1\Software\ATMEL_~1\AVR_CU~1\AVR_CU~1\Debug\libAVR_CURIOSITY_BSP.a(tcd.o)
 .debug_line    0x000028f5      0x260 C:\Users\GMATEU~1\DOCUME~1\Trobina\DEVELO~1\Software\ATMEL_~1\AVR_CU~1\AVR_CU~1\Debug\libAVR_CURIOSITY_BSP.a(usart_basic.o)
 .debug_line    0x00002b55      0x134 C:\Users\GMATEU~1\DOCUME~1\Trobina\DEVELO~1\Software\ATMEL_~1\AVR_CU~1\AVR_CU~1\Debug\libAVR_CURIOSITY_BSP.a(zcd.o)
 .debug_line    0x00002c89      0x10c C:\Users\GMATEU~1\DOCUME~1\Trobina\DEVELO~1\Software\ATMEL_~1\AVR_CU~1\AVR_CU~1\Debug\libAVR_CURIOSITY_BSP.a(bod.o)
 .debug_line    0x00002d95      0x13a C:\Users\GMATEU~1\DOCUME~1\Trobina\DEVELO~1\Software\ATMEL_~1\AVR_CU~1\AVR_CU~1\Debug\libAVR_CURIOSITY_BSP.a(clkctrl.o)
 .debug_line    0x00002ecf       0xa5 C:\Users\GMATEU~1\DOCUME~1\Trobina\DEVELO~1\Software\ATMEL_~1\AVR_CU~1\AVR_CU~1\Debug\libAVR_CURIOSITY_BSP.a(cpuint.o)
 .debug_line    0x00002f74       0x5b C:\Users\GMATEU~1\DOCUME~1\Trobina\DEVELO~1\Software\ATMEL_~1\AVR_CU~1\AVR_CU~1\Debug\libAVR_CURIOSITY_BSP.a(protected_io.o)
 .debug_line    0x00002fcf      0xa4b C:\Users\GMATEU~1\DOCUME~1\Trobina\DEVELO~1\Software\ATMEL_~1\LMX_AV~1\LMX_AV~1\Debug\libLMX_AVR128DB_LIB.a(lmx2694Handler.o)
 .debug_line    0x00003a1a      0x270 C:\Users\GMATEU~1\DOCUME~1\Trobina\DEVELO~1\Software\ATMEL_~1\ZERO_C~1\ZERO_C~1\Debug\libZero_Cross_Detector_lib.a(Zero_Cross_Counter.o)

.debug_frame    0x00000000     0x1394
 *(.debug_frame)
 .debug_frame   0x00000000      0x1c8 LTC5548HANDLER.o
 .debug_frame   0x000001c8       0x98 main.o
 .debug_frame   0x00000260      0x5bc C:\Users\GMATEU~1\DOCUME~1\Trobina\DEVELO~1\Software\ATMEL_~1\ADF561~2\ADF561~1\Debug\libADF5610_AVR128DB_LIB.a(ADF5610Driver.o)
 .debug_frame   0x0000081c       0xc0 C:\Users\GMATEU~1\DOCUME~1\Trobina\DEVELO~1\Software\ATMEL_~1\ADF561~2\ADF561~1\Debug\libADF5610_AVR128DB_LIB.a(SPI_Syn_Class.o)
 .debug_frame   0x000008dc       0x24 C:\Users\GMATEU~1\DOCUME~1\Trobina\DEVELO~1\Software\ATMEL_~1\AVR_CU~1\AVR_CU~1\Debug\libAVR_CURIOSITY_BSP.a(atmel_start.o)
 .debug_frame   0x00000900       0xc4 C:\Users\GMATEU~1\DOCUME~1\Trobina\DEVELO~1\Software\ATMEL_~1\AVR_CU~1\AVR_CU~1\Debug\libAVR_CURIOSITY_BSP.a(driver_init.o)
 .debug_frame   0x000009c4       0x24 C:\Users\GMATEU~1\DOCUME~1\Trobina\DEVELO~1\Software\ATMEL_~1\AVR_CU~1\AVR_CU~1\Debug\libAVR_CURIOSITY_BSP.a(evsys.o)
 .debug_frame   0x000009e8       0x24 C:\Users\GMATEU~1\DOCUME~1\Trobina\DEVELO~1\Software\ATMEL_~1\AVR_CU~1\AVR_CU~1\Debug\libAVR_CURIOSITY_BSP.a(rtc.o)
 .debug_frame   0x00000a0c       0x34 C:\Users\GMATEU~1\DOCUME~1\Trobina\DEVELO~1\Software\ATMEL_~1\AVR_CU~1\AVR_CU~1\Debug\libAVR_CURIOSITY_BSP.a(slpctrl.o)
 .debug_frame   0x00000a40       0xf4 C:\Users\GMATEU~1\DOCUME~1\Trobina\DEVELO~1\Software\ATMEL_~1\AVR_CU~1\AVR_CU~1\Debug\libAVR_CURIOSITY_BSP.a(spi_basic.o)
 .debug_frame   0x00000b34       0x34 C:\Users\GMATEU~1\DOCUME~1\Trobina\DEVELO~1\Software\ATMEL_~1\AVR_CU~1\AVR_CU~1\Debug\libAVR_CURIOSITY_BSP.a(tcb.o)
 .debug_frame   0x00000b68       0x24 C:\Users\GMATEU~1\DOCUME~1\Trobina\DEVELO~1\Software\ATMEL_~1\AVR_CU~1\AVR_CU~1\Debug\libAVR_CURIOSITY_BSP.a(tcd.o)
 .debug_frame   0x00000b8c       0xd4 C:\Users\GMATEU~1\DOCUME~1\Trobina\DEVELO~1\Software\ATMEL_~1\AVR_CU~1\AVR_CU~1\Debug\libAVR_CURIOSITY_BSP.a(usart_basic.o)
 .debug_frame   0x00000c60       0x34 C:\Users\GMATEU~1\DOCUME~1\Trobina\DEVELO~1\Software\ATMEL_~1\AVR_CU~1\AVR_CU~1\Debug\libAVR_CURIOSITY_BSP.a(zcd.o)
 .debug_frame   0x00000c94       0x24 C:\Users\GMATEU~1\DOCUME~1\Trobina\DEVELO~1\Software\ATMEL_~1\AVR_CU~1\AVR_CU~1\Debug\libAVR_CURIOSITY_BSP.a(bod.o)
 .debug_frame   0x00000cb8       0x24 C:\Users\GMATEU~1\DOCUME~1\Trobina\DEVELO~1\Software\ATMEL_~1\AVR_CU~1\AVR_CU~1\Debug\libAVR_CURIOSITY_BSP.a(clkctrl.o)
 .debug_frame   0x00000cdc       0x24 C:\Users\GMATEU~1\DOCUME~1\Trobina\DEVELO~1\Software\ATMEL_~1\AVR_CU~1\AVR_CU~1\Debug\libAVR_CURIOSITY_BSP.a(cpuint.o)
 .debug_frame   0x00000d00      0x4d0 C:\Users\GMATEU~1\DOCUME~1\Trobina\DEVELO~1\Software\ATMEL_~1\LMX_AV~1\LMX_AV~1\Debug\libLMX_AVR128DB_LIB.a(lmx2694Handler.o)
 .debug_frame   0x000011d0      0x1c4 C:\Users\GMATEU~1\DOCUME~1\Trobina\DEVELO~1\Software\ATMEL_~1\ZERO_C~1\ZERO_C~1\Debug\libZero_Cross_Detector_lib.a(Zero_Cross_Counter.o)

.debug_str      0x00000000     0x5c77
 *(.debug_str)
 .debug_str     0x00000000     0x14f0 C:/Program Files (x86)/Atmel/Studio/7.0/Packs/Atmel/AVR-Dx_DFP/1.7.85/gcc/dev/avr128db48/avrxmega4/crtavr128db48.o
 .debug_str     0x000014f0     0x15d7 LTC5548HANDLER.o
                               0x16ce (size before relaxing)
 .debug_str     0x00002ac7      0x112 main.o
                               0x16e3 (size before relaxing)
 .debug_str     0x00002bd9      0x177 C:\Users\GMATEU~1\DOCUME~1\Trobina\DEVELO~1\Software\ATMEL_~1\ADF561~2\ADF561~1\Debug\libADF5610_AVR128DB_LIB.a(ADF5610Driver.o)
                                0xb3c (size before relaxing)
 .debug_str     0x00002d50       0xd9 C:\Users\GMATEU~1\DOCUME~1\Trobina\DEVELO~1\Software\ATMEL_~1\ADF561~2\ADF561~1\Debug\libADF5610_AVR128DB_LIB.a(SPI_Syn_Class.o)
                                0x48f (size before relaxing)
 .debug_str     0x00002e29      0x143 C:\Users\GMATEU~1\DOCUME~1\Trobina\DEVELO~1\Software\ATMEL_~1\AVR_CU~1\AVR_CU~1\Debug\libAVR_CURIOSITY_BSP.a(atmel_start.o)
                                0x1c4 (size before relaxing)
 .debug_str     0x00002f6c      0x5fc C:\Users\GMATEU~1\DOCUME~1\Trobina\DEVELO~1\Software\ATMEL_~1\AVR_CU~1\AVR_CU~1\Debug\libAVR_CURIOSITY_BSP.a(driver_init.o)
                                0x855 (size before relaxing)
 .debug_str     0x00003568     0x1406 C:\Users\GMATEU~1\DOCUME~1\Trobina\DEVELO~1\Software\ATMEL_~1\AVR_CU~1\AVR_CU~1\Debug\libAVR_CURIOSITY_BSP.a(evsys.o)
                               0x15ea (size before relaxing)
 .debug_str     0x0000496e      0x201 C:\Users\GMATEU~1\DOCUME~1\Trobina\DEVELO~1\Software\ATMEL_~1\AVR_CU~1\AVR_CU~1\Debug\libAVR_CURIOSITY_BSP.a(rtc.o)
                                0x48e (size before relaxing)
 .debug_str     0x00004b6f       0xb9 C:\Users\GMATEU~1\DOCUME~1\Trobina\DEVELO~1\Software\ATMEL_~1\AVR_CU~1\AVR_CU~1\Debug\libAVR_CURIOSITY_BSP.a(slpctrl.o)
                                0x27b (size before relaxing)
 .debug_str     0x00004c28      0x1e0 C:\Users\GMATEU~1\DOCUME~1\Trobina\DEVELO~1\Software\ATMEL_~1\AVR_CU~1\AVR_CU~1\Debug\libAVR_CURIOSITY_BSP.a(spi_basic.o)
                                0x427 (size before relaxing)
 .debug_str     0x00004e08      0x159 C:\Users\GMATEU~1\DOCUME~1\Trobina\DEVELO~1\Software\ATMEL_~1\AVR_CU~1\AVR_CU~1\Debug\libAVR_CURIOSITY_BSP.a(tcb.o)
                                0x394 (size before relaxing)
 .debug_str     0x00004f61      0x310 C:\Users\GMATEU~1\DOCUME~1\Trobina\DEVELO~1\Software\ATMEL_~1\AVR_CU~1\AVR_CU~1\Debug\libAVR_CURIOSITY_BSP.a(tcd.o)
                                0x54b (size before relaxing)
 .debug_str     0x00005271      0x1d5 C:\Users\GMATEU~1\DOCUME~1\Trobina\DEVELO~1\Software\ATMEL_~1\AVR_CU~1\AVR_CU~1\Debug\libAVR_CURIOSITY_BSP.a(usart_basic.o)
                                0x3fc (size before relaxing)
 .debug_str     0x00005446       0x84 C:\Users\GMATEU~1\DOCUME~1\Trobina\DEVELO~1\Software\ATMEL_~1\AVR_CU~1\AVR_CU~1\Debug\libAVR_CURIOSITY_BSP.a(zcd.o)
                                0x27f (size before relaxing)
 .debug_str     0x000054ca       0x75 C:\Users\GMATEU~1\DOCUME~1\Trobina\DEVELO~1\Software\ATMEL_~1\AVR_CU~1\AVR_CU~1\Debug\libAVR_CURIOSITY_BSP.a(bod.o)
                                0x267 (size before relaxing)
 .debug_str     0x0000553f      0x33f C:\Users\GMATEU~1\DOCUME~1\Trobina\DEVELO~1\Software\ATMEL_~1\AVR_CU~1\AVR_CU~1\Debug\libAVR_CURIOSITY_BSP.a(clkctrl.o)
                                0x55a (size before relaxing)
 .debug_str     0x0000587e       0x10 C:\Users\GMATEU~1\DOCUME~1\Trobina\DEVELO~1\Software\ATMEL_~1\AVR_CU~1\AVR_CU~1\Debug\libAVR_CURIOSITY_BSP.a(cpuint.o)
                                0x1b7 (size before relaxing)
 .debug_str     0x0000588e      0x287 C:\Users\GMATEU~1\DOCUME~1\Trobina\DEVELO~1\Software\ATMEL_~1\LMX_AV~1\LMX_AV~1\Debug\libLMX_AVR128DB_LIB.a(lmx2694Handler.o)
                                0xd28 (size before relaxing)
 .debug_str     0x00005b15      0x162 C:\Users\GMATEU~1\DOCUME~1\Trobina\DEVELO~1\Software\ATMEL_~1\ZERO_C~1\ZERO_C~1\Debug\libZero_Cross_Detector_lib.a(Zero_Cross_Counter.o)
                                0x6c5 (size before relaxing)

.debug_loc      0x00000000     0x4827
 *(.debug_loc)
 .debug_loc     0x00000000      0x697 LTC5548HANDLER.o
 .debug_loc     0x00000697      0x105 main.o
 .debug_loc     0x0000079c     0x1a35 C:\Users\GMATEU~1\DOCUME~1\Trobina\DEVELO~1\Software\ATMEL_~1\ADF561~2\ADF561~1\Debug\libADF5610_AVR128DB_LIB.a(ADF5610Driver.o)
 .debug_loc     0x000021d1      0x2b0 C:\Users\GMATEU~1\DOCUME~1\Trobina\DEVELO~1\Software\ATMEL_~1\ADF561~2\ADF561~1\Debug\libADF5610_AVR128DB_LIB.a(SPI_Syn_Class.o)
 .debug_loc     0x00002481      0x53d C:\Users\GMATEU~1\DOCUME~1\Trobina\DEVELO~1\Software\ATMEL_~1\AVR_CU~1\AVR_CU~1\Debug\libAVR_CURIOSITY_BSP.a(driver_init.o)
 .debug_loc     0x000029be       0x21 C:\Users\GMATEU~1\DOCUME~1\Trobina\DEVELO~1\Software\ATMEL_~1\AVR_CU~1\AVR_CU~1\Debug\libAVR_CURIOSITY_BSP.a(slpctrl.o)
 .debug_loc     0x000029df      0x34c C:\Users\GMATEU~1\DOCUME~1\Trobina\DEVELO~1\Software\ATMEL_~1\AVR_CU~1\AVR_CU~1\Debug\libAVR_CURIOSITY_BSP.a(spi_basic.o)
 .debug_loc     0x00002d2b       0x47 C:\Users\GMATEU~1\DOCUME~1\Trobina\DEVELO~1\Software\ATMEL_~1\AVR_CU~1\AVR_CU~1\Debug\libAVR_CURIOSITY_BSP.a(usart_basic.o)
 .debug_loc     0x00002d72       0xa7 C:\Users\GMATEU~1\DOCUME~1\Trobina\DEVELO~1\Software\ATMEL_~1\AVR_CU~1\AVR_CU~1\Debug\libAVR_CURIOSITY_BSP.a(clkctrl.o)
 .debug_loc     0x00002e19     0x16d9 C:\Users\GMATEU~1\DOCUME~1\Trobina\DEVELO~1\Software\ATMEL_~1\LMX_AV~1\LMX_AV~1\Debug\libLMX_AVR128DB_LIB.a(lmx2694Handler.o)
 .debug_loc     0x000044f2      0x335 C:\Users\GMATEU~1\DOCUME~1\Trobina\DEVELO~1\Software\ATMEL_~1\ZERO_C~1\ZERO_C~1\Debug\libZero_Cross_Detector_lib.a(Zero_Cross_Counter.o)

.debug_macinfo
 *(.debug_macinfo)

.debug_weaknames
 *(.debug_weaknames)

.debug_funcnames
 *(.debug_funcnames)

.debug_typenames
 *(.debug_typenames)

.debug_varnames
 *(.debug_varnames)

.debug_pubtypes
 *(.debug_pubtypes)

.debug_ranges   0x00000000      0x5a0
 *(.debug_ranges)
 .debug_ranges  0x00000000       0x80 LTC5548HANDLER.o
 .debug_ranges  0x00000080       0x38 main.o
 .debug_ranges  0x000000b8      0x100 C:\Users\GMATEU~1\DOCUME~1\Trobina\DEVELO~1\Software\ATMEL_~1\ADF561~2\ADF561~1\Debug\libADF5610_AVR128DB_LIB.a(ADF5610Driver.o)
 .debug_ranges  0x000001b8       0x50 C:\Users\GMATEU~1\DOCUME~1\Trobina\DEVELO~1\Software\ATMEL_~1\ADF561~2\ADF561~1\Debug\libADF5610_AVR128DB_LIB.a(SPI_Syn_Class.o)
 .debug_ranges  0x00000208       0x10 C:\Users\GMATEU~1\DOCUME~1\Trobina\DEVELO~1\Software\ATMEL_~1\AVR_CU~1\AVR_CU~1\Debug\libAVR_CURIOSITY_BSP.a(atmel_start.o)
 .debug_ranges  0x00000218       0x60 C:\Users\GMATEU~1\DOCUME~1\Trobina\DEVELO~1\Software\ATMEL_~1\AVR_CU~1\AVR_CU~1\Debug\libAVR_CURIOSITY_BSP.a(driver_init.o)
 .debug_ranges  0x00000278       0x10 C:\Users\GMATEU~1\DOCUME~1\Trobina\DEVELO~1\Software\ATMEL_~1\AVR_CU~1\AVR_CU~1\Debug\libAVR_CURIOSITY_BSP.a(evsys.o)
 .debug_ranges  0x00000288       0x10 C:\Users\GMATEU~1\DOCUME~1\Trobina\DEVELO~1\Software\ATMEL_~1\AVR_CU~1\AVR_CU~1\Debug\libAVR_CURIOSITY_BSP.a(rtc.o)
 .debug_ranges  0x00000298       0x18 C:\Users\GMATEU~1\DOCUME~1\Trobina\DEVELO~1\Software\ATMEL_~1\AVR_CU~1\AVR_CU~1\Debug\libAVR_CURIOSITY_BSP.a(slpctrl.o)
 .debug_ranges  0x000002b0       0x78 C:\Users\GMATEU~1\DOCUME~1\Trobina\DEVELO~1\Software\ATMEL_~1\AVR_CU~1\AVR_CU~1\Debug\libAVR_CURIOSITY_BSP.a(spi_basic.o)
 .debug_ranges  0x00000328       0x18 C:\Users\GMATEU~1\DOCUME~1\Trobina\DEVELO~1\Software\ATMEL_~1\AVR_CU~1\AVR_CU~1\Debug\libAVR_CURIOSITY_BSP.a(tcb.o)
 .debug_ranges  0x00000340       0x10 C:\Users\GMATEU~1\DOCUME~1\Trobina\DEVELO~1\Software\ATMEL_~1\AVR_CU~1\AVR_CU~1\Debug\libAVR_CURIOSITY_BSP.a(tcd.o)
 .debug_ranges  0x00000350       0x68 C:\Users\GMATEU~1\DOCUME~1\Trobina\DEVELO~1\Software\ATMEL_~1\AVR_CU~1\AVR_CU~1\Debug\libAVR_CURIOSITY_BSP.a(usart_basic.o)
 .debug_ranges  0x000003b8       0x18 C:\Users\GMATEU~1\DOCUME~1\Trobina\DEVELO~1\Software\ATMEL_~1\AVR_CU~1\AVR_CU~1\Debug\libAVR_CURIOSITY_BSP.a(zcd.o)
 .debug_ranges  0x000003d0       0x10 C:\Users\GMATEU~1\DOCUME~1\Trobina\DEVELO~1\Software\ATMEL_~1\AVR_CU~1\AVR_CU~1\Debug\libAVR_CURIOSITY_BSP.a(bod.o)
 .debug_ranges  0x000003e0       0x10 C:\Users\GMATEU~1\DOCUME~1\Trobina\DEVELO~1\Software\ATMEL_~1\AVR_CU~1\AVR_CU~1\Debug\libAVR_CURIOSITY_BSP.a(clkctrl.o)
 .debug_ranges  0x000003f0       0x10 C:\Users\GMATEU~1\DOCUME~1\Trobina\DEVELO~1\Software\ATMEL_~1\AVR_CU~1\AVR_CU~1\Debug\libAVR_CURIOSITY_BSP.a(cpuint.o)
 .debug_ranges  0x00000400      0x148 C:\Users\GMATEU~1\DOCUME~1\Trobina\DEVELO~1\Software\ATMEL_~1\LMX_AV~1\LMX_AV~1\Debug\libLMX_AVR128DB_LIB.a(lmx2694Handler.o)
 .debug_ranges  0x00000548       0x58 C:\Users\GMATEU~1\DOCUME~1\Trobina\DEVELO~1\Software\ATMEL_~1\ZERO_C~1\ZERO_C~1\Debug\libZero_Cross_Detector_lib.a(Zero_Cross_Counter.o)

.debug_macro
 *(.debug_macro)
OUTPUT(LTC5548_AVR128DB_LIB.elf elf32-avr)
LOAD linker stubs
