Archive member included to satisfy reference by file (symbol)

c:/program files (x86)/atmel/studio/7.0/toolchain/avr8/avr8-gnu-toolchain/bin/../lib/gcc/avr/5.4.0/../../../../avr/lib/avrxmega4\libm.a(addsf3.o)
                              lmx2694Handler.o (__subsf3)
c:/program files (x86)/atmel/studio/7.0/toolchain/avr8/avr8-gnu-toolchain/bin/../lib/gcc/avr/5.4.0/../../../../avr/lib/avrxmega4\libm.a(addsf3x.o)
                              c:/program files (x86)/atmel/studio/7.0/toolchain/avr8/avr8-gnu-toolchain/bin/../lib/gcc/avr/5.4.0/../../../../avr/lib/avrxmega4\libm.a(addsf3.o) (__addsf3x)
c:/program files (x86)/atmel/studio/7.0/toolchain/avr8/avr8-gnu-toolchain/bin/../lib/gcc/avr/5.4.0/../../../../avr/lib/avrxmega4\libm.a(cmpsf2.o)
                              lmx2694Handler.o (__ltsf2)
c:/program files (x86)/atmel/studio/7.0/toolchain/avr8/avr8-gnu-toolchain/bin/../lib/gcc/avr/5.4.0/../../../../avr/lib/avrxmega4\libm.a(divsf3.o)
                              lmx2694Handler.o (__divsf3)
c:/program files (x86)/atmel/studio/7.0/toolchain/avr8/avr8-gnu-toolchain/bin/../lib/gcc/avr/5.4.0/../../../../avr/lib/avrxmega4\libm.a(divsf3x.o)
                              c:/program files (x86)/atmel/studio/7.0/toolchain/avr8/avr8-gnu-toolchain/bin/../lib/gcc/avr/5.4.0/../../../../avr/lib/avrxmega4\libm.a(divsf3.o) (__divsf3x)
c:/program files (x86)/atmel/studio/7.0/toolchain/avr8/avr8-gnu-toolchain/bin/../lib/gcc/avr/5.4.0/../../../../avr/lib/avrxmega4\libm.a(fixunssfsi.o)
                              lmx2694Handler.o (__fixunssfsi)
c:/program files (x86)/atmel/studio/7.0/toolchain/avr8/avr8-gnu-toolchain/bin/../lib/gcc/avr/5.4.0/../../../../avr/lib/avrxmega4\libm.a(floatsisf.o)
                              lmx2694Handler.o (__floatunsisf)
c:/program files (x86)/atmel/studio/7.0/toolchain/avr8/avr8-gnu-toolchain/bin/../lib/gcc/avr/5.4.0/../../../../avr/lib/avrxmega4\libm.a(floor.o)
                              lmx2694Handler.o (floor)
c:/program files (x86)/atmel/studio/7.0/toolchain/avr8/avr8-gnu-toolchain/bin/../lib/gcc/avr/5.4.0/../../../../avr/lib/avrxmega4\libm.a(fp_cmp.o)
                              c:/program files (x86)/atmel/studio/7.0/toolchain/avr8/avr8-gnu-toolchain/bin/../lib/gcc/avr/5.4.0/../../../../avr/lib/avrxmega4\libm.a(cmpsf2.o) (__fp_cmp)
c:/program files (x86)/atmel/studio/7.0/toolchain/avr8/avr8-gnu-toolchain/bin/../lib/gcc/avr/5.4.0/../../../../avr/lib/avrxmega4\libm.a(fp_inf.o)
                              c:/program files (x86)/atmel/studio/7.0/toolchain/avr8/avr8-gnu-toolchain/bin/../lib/gcc/avr/5.4.0/../../../../avr/lib/avrxmega4\libm.a(addsf3x.o) (__fp_inf)
c:/program files (x86)/atmel/studio/7.0/toolchain/avr8/avr8-gnu-toolchain/bin/../lib/gcc/avr/5.4.0/../../../../avr/lib/avrxmega4\libm.a(fp_mintl.o)
                              c:/program files (x86)/atmel/studio/7.0/toolchain/avr8/avr8-gnu-toolchain/bin/../lib/gcc/avr/5.4.0/../../../../avr/lib/avrxmega4\libm.a(floor.o) (__fp_mintl)
c:/program files (x86)/atmel/studio/7.0/toolchain/avr8/avr8-gnu-toolchain/bin/../lib/gcc/avr/5.4.0/../../../../avr/lib/avrxmega4\libm.a(fp_mpack.o)
                              c:/program files (x86)/atmel/studio/7.0/toolchain/avr8/avr8-gnu-toolchain/bin/../lib/gcc/avr/5.4.0/../../../../avr/lib/avrxmega4\libm.a(floor.o) (__fp_mpack)
c:/program files (x86)/atmel/studio/7.0/toolchain/avr8/avr8-gnu-toolchain/bin/../lib/gcc/avr/5.4.0/../../../../avr/lib/avrxmega4\libm.a(fp_nan.o)
                              c:/program files (x86)/atmel/studio/7.0/toolchain/avr8/avr8-gnu-toolchain/bin/../lib/gcc/avr/5.4.0/../../../../avr/lib/avrxmega4\libm.a(addsf3x.o) (__fp_nan)
c:/program files (x86)/atmel/studio/7.0/toolchain/avr8/avr8-gnu-toolchain/bin/../lib/gcc/avr/5.4.0/../../../../avr/lib/avrxmega4\libm.a(fp_pscA.o)
                              c:/program files (x86)/atmel/studio/7.0/toolchain/avr8/avr8-gnu-toolchain/bin/../lib/gcc/avr/5.4.0/../../../../avr/lib/avrxmega4\libm.a(addsf3x.o) (__fp_pscA)
c:/program files (x86)/atmel/studio/7.0/toolchain/avr8/avr8-gnu-toolchain/bin/../lib/gcc/avr/5.4.0/../../../../avr/lib/avrxmega4\libm.a(fp_pscB.o)
                              c:/program files (x86)/atmel/studio/7.0/toolchain/avr8/avr8-gnu-toolchain/bin/../lib/gcc/avr/5.4.0/../../../../avr/lib/avrxmega4\libm.a(addsf3x.o) (__fp_pscB)
c:/program files (x86)/atmel/studio/7.0/toolchain/avr8/avr8-gnu-toolchain/bin/../lib/gcc/avr/5.4.0/../../../../avr/lib/avrxmega4\libm.a(fp_round.o)
                              c:/program files (x86)/atmel/studio/7.0/toolchain/avr8/avr8-gnu-toolchain/bin/../lib/gcc/avr/5.4.0/../../../../avr/lib/avrxmega4\libm.a(addsf3.o) (__fp_round)
c:/program files (x86)/atmel/studio/7.0/toolchain/avr8/avr8-gnu-toolchain/bin/../lib/gcc/avr/5.4.0/../../../../avr/lib/avrxmega4\libm.a(fp_split3.o)
                              c:/program files (x86)/atmel/studio/7.0/toolchain/avr8/avr8-gnu-toolchain/bin/../lib/gcc/avr/5.4.0/../../../../avr/lib/avrxmega4\libm.a(addsf3x.o) (__fp_split3)
[...]
Memory Configuration

Name             Origin             Length             Attributes
text             0x00000000         0x00020000         xr
data             0x00804000         0x00004000         rw !x
eeprom           0x00810000         0x00000200         rw !x
fuse             0x00820000         0x00000010         rw !x
lock             0x00830000         0x00000400         rw !x
signature        0x00840000         0x00000400         rw !x
user_signatures  0x00850000         0x00000400         rw !x
*default*        0x00000000         0xffffffff

Linker script and memory map

Address of section .data set to 0x804000
                0x00008000                __RODATA_PM_OFFSET__ = 0x8000
LOAD C:/Program Files (x86)/Atmel/Studio/7.0/Packs/Atmel/AVR-Dx_DFP/1.7.85/gcc/dev/avr128db48/avrxmega4/crtavr128db48.o
LOAD lmx2694Handler.o
LOAD main.o
LOAD SPI_Async_Handler.o
LOAD SPI_Syn_Class.o
START GROUP
LOAD c:/program files (x86)/atmel/studio/7.0/toolchain/avr8/avr8-gnu-toolchain/bin/../lib/gcc/avr/5.4.0/../../../../avr/lib/avrxmega4\libm.a
LOAD C:\Users\GMATEU~1\DOCUME~1\Trobina\DEVELO~1\Software\ATMEL_~1\AVR128~1\AVR128~1\Debug\libAVR128DB_BSP.a
END GROUP
LOAD c:/program files (x86)/atmel/studio/7.0/toolchain/avr8/avr8-gnu-toolchain/bin/../lib/gcc/avr/5.4.0/../../../../avr/lib/avrxmega4\libprintf_flt.a
LOAD c:/program files (x86)/atmel/studio/7.0/toolchain/avr8/avr8-gnu-toolchain/bin/../lib/gcc/avr/5.4.0/avrxmega4\libgcc.a
LOAD c:/program files (x86)/atmel/studio/7.0/toolchain/avr8/avr8-gnu-toolchain/bin/../lib/gcc/avr/5.4.0/../../../../avr/lib/avrxmega4\libm.a
START GROUP
LOAD c:/program files (x86)/atmel/studio/7.0/toolchain/avr8/avr8-gnu-toolchain/bin/../lib/gcc/avr/5.4.0/avrxmega4\libgcc.a
LOAD c:/program files (x86)/atmel/studio/7.0/toolchain/avr8/avr8-gnu-toolchain/bin/../lib/gcc/avr/5.4.0/../../../../avr/lib/avrxmega4\libm.a
LOAD c:/program files (x86)/atmel/studio/7.0/toolchain/avr8/avr8-gnu-toolchain/bin/../lib/gcc/avr/5.4.0/../../../../avr/lib/avrxmega4\libc.a
LOAD C:/Program Files (x86)/Atmel/Studio/7.0/Packs/Atmel/AVR-Dx_DFP/1.7.85/gcc/dev/avr128db48/avrxmega4\libavr128db48.a
END GROUP
                [0x00000000]                __TEXT_REGION_ORIGIN__ = DEFINED (__TEXT_REGION_ORIGIN__)?__TEXT_REGION_ORIGIN__:0x0
                [0x00804000]                __DATA_REGION_ORIGIN__ = DEFINED (__DATA_REGION_ORIGIN__)?__DATA_REGION_ORIGIN__:0x802000
                [0x00020000]                __TEXT_REGION_LENGTH__ = DEFINED (__TEXT_REGION_LENGTH__)?__TEXT_REGION_LENGTH__:0x100000
                [0x00004000]                __DATA_REGION_LENGTH__ = DEFINED (__DATA_REGION_LENGTH__)?__DATA_REGION_LENGTH__:0xffa0
                [0x00000200]                __EEPROM_REGION_LENGTH__ = DEFINED (__EEPROM_REGION_LENGTH__)?__EEPROM_REGION_LENGTH__:0x10000
                [0x00000010]                __FUSE_REGION_LENGTH__ = DEFINED (__FUSE_REGION_LENGTH__)?__FUSE_REGION_LENGTH__:0x400
                0x00000400                __LOCK_REGION_LENGTH__ = DEFINED (__LOCK_REGION_LENGTH__)?__LOCK_REGION_LENGTH__:0x400
                0x00000400                __SIGNATURE_REGION_LENGTH__ = DEFINED (__SIGNATURE_REGION_LENGTH__)?__SIGNATURE_REGION_LENGTH__:0x400
                0x00000400                __USER_SIGNATURE_REGION_LENGTH__ = DEFINED (__USER_SIGNATURE_REGION_LENGTH__)?__USER_SIGNATURE_REGION_LENGTH__:0x400

.hash
 *(.hash)

.dynsym
 *(.dynsym)

.dynstr
 *(.dynstr)

.gnu.version
 *(.gnu.version)

.gnu.version_d
 *(.gnu.version_d)

.gnu.version_r
 *(.gnu.version_r)

.rel.init
 *(.rel.init)

.rela.init
 *(.rela.init)

.rel.text
 *(.rel.text)
 *(.rel.text.*)
 *(.rel.gnu.linkonce.t*)

.rela.text
 *(.rela.text)
 *(.rela.text.*)
 *(.rela.gnu.linkonce.t*)

.rel.fini
 *(.rel.fini)

.rela.fini
 *(.rela.fini)

.rel.rodata
 *(.rel.rodata)
 *(.rel.rodata.*)
 *(.rel.gnu.linkonce.r*)

.rela.rodata
 *(.rela.rodata)
 *(.rela.rodata.*)
 *(.rela.gnu.linkonce.r*)

.rel.data
 *(.rel.data)
 *(.rel.data.*)
 *(.rel.gnu.linkonce.d*)

.rela.data
 *(.rela.data)
 *(.rela.data.*)
 *(.rela.gnu.linkonce.d*)

.rel.ctors
 *(.rel.ctors)

.rela.ctors
 *(.rela.ctors)

.rel.dtors
 *(.rel.dtors)

.rela.dtors
 *(.rela.dtors)

.rel.got
 *(.rel.got)

.rela.got
 *(.rela.got)

.rel.bss
 *(.rel.bss)

.rela.bss
 *(.rela.bss)

.rel.plt
 *(.rel.plt)

.rela.plt
 *(.rela.plt)

.text           0x00000000     0x3e44
 *(.vectors)
 .vectors       0x00000000       0xf4 C:/Program Files (x86)/Atmel/Studio/7.0/Packs/Atmel/AVR-Dx_DFP/1.7.85/gcc/dev/avr128db48/avrxmega4/crtavr128db48.o
                0x00000000                __vector_default
                0x00000000                __vectors
 *(.vectors)
 *(.progmem.gcc*)
                0x000000f4                . = ALIGN (0x2)
                0x000000f4                __trampolines_start = .
 *(.trampolines)
 .trampolines   0x000000f4        0x0 linker stubs
 *(.trampolines*)
                0x000000f4                __trampolines_end = .
 *libprintf_flt.a:*(.progmem.data)
 .progmem.data  0x000000f4        0x8 c:/program files (x86)/atmel/studio/7.0/toolchain/avr8/avr8-gnu-toolchain/bin/../lib/gcc/avr/5.4.0/../../../../avr/lib/avrxmega4\libprintf_flt.a(vfprintf_flt.o)
 *libc.a:*(.progmem.data)
 .progmem.data  0x000000fc       0xfa c:/program files (x86)/atmel/studio/7.0/toolchain/avr8/avr8-gnu-toolchain/bin/../lib/gcc/avr/5.4.0/../../../../avr/lib/avrxmega4\libc.a(ftoa_engine.o)
 *(.progmem*)
                0x000001f6                . = ALIGN (0x2)
 *(.jumptables)
 *(.jumptables*)
 *(.lowtext)
 *(.lowtext*)
                0x000001f6                __ctors_start = .
 *(.ctors)
 .ctors         0x000001f6        0x2 lmx2694Handler.o
 .ctors         0x000001f8        0x2 main.o
                0x000001fa                __ctors_end = .
                0x000001fa                __dtors_start = .
 *(.dtors)
 .dtors         0x000001fa        0x2 lmx2694Handler.o
 .dtors         0x000001fc        0x2 main.o
                0x000001fe                __dtors_end = .
 SORT(*)(.ctors)
 SORT(*)(.dtors)
 *(.init0)
 .init0         0x000001fe        0x0 C:/Program Files (x86)/Atmel/Studio/7.0/Packs/Atmel/AVR-Dx_DFP/1.7.85/gcc/dev/avr128db48/avrxmega4/crtavr128db48.o
                0x000001fe                __init
 *(.init0)
 *(.init1)
 *(.init1)
 *(.init2)
 .init2         0x000001fe        0xc C:/Program Files (x86)/Atmel/Studio/7.0/Packs/Atmel/AVR-Dx_DFP/1.7.85/gcc/dev/avr128db48/avrxmega4/crtavr128db48.o
 *(.init2)
 *(.init3)
 *(.init3)
 *(.init4)
 .init4         0x0000020a       0x1a c:/program files (x86)/atmel/studio/7.0/toolchain/avr8/avr8-gnu-toolchain/bin/../lib/gcc/avr/5.4.0/avrxmega4\libgcc.a(_copy_data.o)
                0x0000020a                __do_copy_data
 .init4         0x00000224       0x10 c:/program files (x86)/atmel/studio/7.0/toolchain/avr8/avr8-gnu-toolchain/bin/../lib/gcc/avr/5.4.0/avrxmega4\libgcc.a(_clear_bss.o)
                0x00000224                __do_clear_bss
 *(.init4)
 *(.init5)
 *(.init5)
 *(.init6)
 .init6         0x00000234       0x16 c:/program files (x86)/atmel/studio/7.0/toolchain/avr8/avr8-gnu-toolchain/bin/../lib/gcc/avr/5.4.0/avrxmega4\libgcc.a(_ctors.o)
                0x00000234                __do_global_ctors
 *(.init6)
 *(.init7)
 *(.init7)
 *(.init8)
 *(.init8)
 *(.init9)
 .init9         0x0000024a        0x8 C:/Program Files (x86)/Atmel/Studio/7.0/Packs/Atmel/AVR-Dx_DFP/1.7.85/gcc/dev/avr128db48/avrxmega4/crtavr128db48.o
 *(.init9)
 *(.text)
 .text          0x00000252        0x4 C:/Program Files (x86)/Atmel/Studio/7.0/Packs/Atmel/AVR-Dx_DFP/1.7.85/gcc/dev/avr128db48/avrxmega4/crtavr128db48.o
                0x00000252                __vector_38
                0x00000252                __vector_22
                0x00000252                __vector_28
                0x00000252                __vector_1
                0x00000252                __vector_32
                0x00000252                __vector_34
                0x00000252                __vector_24
                0x00000252                __vector_12
                0x00000252                __vector_55
                0x00000252                __vector_46
                0x00000252                __bad_interrupt
                0x00000252                __vector_6
                0x00000252                __vector_31
                0x00000252                __vector_35
                0x00000252                __vector_39
                0x00000252                __vector_3
                0x00000252                __vector_23
                0x00000252                __vector_30
                0x00000252                __vector_45
                0x00000252                __vector_25
                0x00000252                __vector_11
                0x00000252                __vector_54
                0x00000252                __vector_13
                0x00000252                __vector_17
                0x00000252                __vector_19
                0x00000252                __vector_56
                0x00000252                __vector_7
                0x00000252                __vector_49
                0x00000252                __vector_41
                0x00000252                __vector_43
                0x00000252                __vector_27
                0x00000252                __vector_33
                0x00000252                __vector_47
                0x00000252                __vector_52
                0x00000252                __vector_37
                0x00000252                __vector_4
                0x00000252                __vector_44
                0x00000252                __vector_51
                0x00000252                __vector_9
                0x00000252                __vector_2
                0x00000252                __vector_21
                0x00000252                __vector_15
                0x00000252                __vector_36
                0x00000252                __vector_58
                0x00000252                __vector_29
                0x00000252                __vector_60
                0x00000252                __vector_40
                0x00000252                __vector_8
                0x00000252                __vector_26
                0x00000252                __vector_48
                0x00000252                __vector_14
                0x00000252                __vector_57
                0x00000252                __vector_53
                0x00000252                __vector_10
                0x00000252                __vector_50
                0x00000252                __vector_16
                0x00000252                __vector_59
                0x00000252                __vector_18
                0x00000252                __vector_42
                0x00000256                . = ALIGN (0x2)
 *(.text.*)
 .text.PORTC_get_pin_level
                0x00000256       0x3e lmx2694Handler.o
 .text.PC1_get_level
                0x00000294       0x14 lmx2694Handler.o
 .text._ZN15lmx2694_HandlerC2Ev
                0x000002a8       0xbe lmx2694Handler.o
                0x000002a8                _ZN15lmx2694_HandlerC1Ev
                0x000002a8                _ZN15lmx2694_HandlerC2Ev
 .text._ZN15lmx2694_HandlerD2Ev
                0x00000366       0x1a lmx2694Handler.o
                0x00000366                _ZN15lmx2694_HandlerD1Ev
                0x00000366                _ZN15lmx2694_HandlerD2Ev
 .text._ZN15lmx2694_Handler4InitEv
                0x00000380      0x236 lmx2694Handler.o
                0x00000380                _ZN15lmx2694_Handler4InitEv
 .text._ZN15lmx2694_Handler9Is_LockedEv
                0x000005b6       0xfc lmx2694Handler.o
                0x000005b6                _ZN15lmx2694_Handler9Is_LockedEv
 .text._ZN15lmx2694_Handler11Get_OUT_MUXEh
                0x000006b2       0x5c lmx2694Handler.o
                0x000006b2                _ZN15lmx2694_Handler11Get_OUT_MUXEh
 .text._ZN15lmx2694_Handler25Get_Channel_Divider_ValueEb
                0x0000070e       0x9a lmx2694Handler.o
                0x0000070e                _ZN15lmx2694_Handler25Get_Channel_Divider_ValueEb
 .text._ZN15lmx2694_Handler13Get_N_DividerEb
                0x000007a8       0x86 lmx2694Handler.o
                0x000007a8                _ZN15lmx2694_Handler13Get_N_DividerEb
 .text._ZN15lmx2694_Handler13Get_NumeratorEb
                0x0000082e       0x86 lmx2694Handler.o
                0x0000082e                _ZN15lmx2694_Handler13Get_NumeratorEb
 .text._ZN15lmx2694_Handler15Get_DenominatorEb
                0x000008b4       0x86 lmx2694Handler.o
                0x000008b4                _ZN15lmx2694_Handler15Get_DenominatorEb
 .text._ZN15lmx2694_Handler27Calculate_Current_FrequencyEb
                0x0000093a       0xe8 lmx2694Handler.o
                0x0000093a                _ZN15lmx2694_Handler27Calculate_Current_FrequencyEb
 .text._ZN15lmx2694_Handler3GCDEmm
                0x00000a22      0x106 lmx2694Handler.o
                0x00000a22                _ZN15lmx2694_Handler3GCDEmm
 .text._ZN15lmx2694_Handler20Set_Target_FrequencyEf
                0x00000b28      0x2e4 lmx2694Handler.o
                0x00000b28                _ZN15lmx2694_Handler20Set_Target_FrequencyEf
 .text._ZN15lmx2694_Handler24Write_Division_RegistersEv
                0x00000e0c       0xdc lmx2694Handler.o
                0x00000e0c                _ZN15lmx2694_Handler24Write_Division_RegistersEv
 .text._ZN15lmx2694_Handler28Choose_Channel_Divider_IndexEv
                0x00000ee8      0x150 lmx2694Handler.o
                0x00000ee8                _ZN15lmx2694_Handler28Choose_Channel_Divider_IndexEv
 .text._ZN15lmx2694_Handler19Program_PFD_DLY_SELEf
                0x00001038       0xf6 lmx2694Handler.o
                0x00001038                _ZN15lmx2694_Handler19Program_PFD_DLY_SELEf
 .text._ZN15lmx2694_Handler19Program_PFD_DLY_SELEv
                0x0000112e       0xd0 lmx2694Handler.o
                0x0000112e                _ZN15lmx2694_Handler19Program_PFD_DLY_SELEv
 .text._ZN15lmx2694_Handler18Calculate_FractionEf
                0x000011fe      0x126 lmx2694Handler.o
                0x000011fe                _ZN15lmx2694_Handler18Calculate_FractionEf
 .text._ZN15lmx2694_Handler10Power_DownEv
                0x00001324       0x96 lmx2694Handler.o
                0x00001324                _ZN15lmx2694_Handler10Power_DownEv
 .text._ZN15lmx2694_Handler13Write_FCAL_ENEb
                0x000013ba       0x98 lmx2694Handler.o
                0x000013ba                _ZN15lmx2694_Handler13Write_FCAL_ENEb
 .text._ZN15lmx2694_Handler14Toggle_FCAL_ENEv
                0x00001452      0x222 lmx2694Handler.o
                0x00001452                _ZN15lmx2694_Handler14Toggle_FCAL_ENEv
 .text._ZN15lmx2694_Handler13Program_ResetEv
                0x00001674      0x2d4 lmx2694Handler.o
                0x00001674                _ZN15lmx2694_Handler13Program_ResetEv
 .text._ZN15lmx2694_Handler15Get_Three_BytesEm
                0x00001948       0x84 lmx2694Handler.o
                0x00001948                _ZN15lmx2694_Handler15Get_Three_BytesEm
 .text._ZN15lmx2694_Handler16Make_Three_BytesEhj
                0x000019cc       0x88 lmx2694Handler.o
                0x000019cc                _ZN15lmx2694_Handler16Make_Three_BytesEhj
 .text._ZN15lmx2694_Handler18Initiate_RegistersEv
                0x00001a54       0xc2 lmx2694Handler.o
                0x00001a54                _ZN15lmx2694_Handler18Initiate_RegistersEv
 .text._ZN15lmx2694_Handler21Write_Single_RegisterEhj
                0x00001b16      0x100 lmx2694Handler.o
                0x00001b16                _ZN15lmx2694_Handler21Write_Single_RegisterEhj
 .text._ZN15lmx2694_Handler20Read_Single_RegisterEh
                0x00001c16      0x168 lmx2694Handler.o
                0x00001c16                _ZN15lmx2694_Handler20Read_Single_RegisterEh
 .text._ZN15lmx2694_Handler19Set_MUXOUT_READBACKEb
                0x00001d7e       0x8e lmx2694Handler.o
                0x00001d7e                _ZN15lmx2694_Handler19Set_MUXOUT_READBACKEb
 .text._ZN15lmx2694_Handler9Self_TestEv
                0x00001e0c      0x4b2 lmx2694Handler.o
                0x00001e0c                _ZN15lmx2694_Handler9Self_TestEv
 .text._Z41__static_initialization_and_destruction_0ii
                0x000022be       0x52 lmx2694Handler.o
 .text._GLOBAL__sub_I__ZN15lmx2694_HandlerC2Ev
                0x00002310       0x1a lmx2694Handler.o
 .text._GLOBAL__sub_D__ZN15lmx2694_HandlerC2Ev
                0x0000232a       0x1a lmx2694Handler.o
 .text.PORTB_set_pin_level
                0x00002344       0x74 main.o
 .text.PORTB_toggle_pin_level
                0x000023b8       0x3e main.o
 .text.LED0_set_level
                0x000023f6       0x1e main.o
 .text.LED0_toggle_level
                0x00002414       0x16 main.o
 .text._Z10RTC_enablev
                0x0000242a       0x40 main.o
                0x0000242a                _Z10RTC_enablev
 .text.__vector_5
                0x0000246a       0x70 main.o
                0x0000246a                __vector_5
 .text.main     0x000024da      0x220 main.o
                0x000024da                main
 .text._Z41__static_initialization_and_destruction_0ii
                0x000026fa       0x52 main.o
 .text._GLOBAL__sub_I__Z10RTC_enablev
                0x0000274c       0x1a main.o
 .text._GLOBAL__sub_D__Z10RTC_enablev
                0x00002766       0x1a main.o
 .text.PORTC_set_pin_level
                0x00002780       0x74 SPI_Syn_Class.o
 .text.CS_LMX_set_level
                0x000027f4       0x1e SPI_Syn_Class.o
 .text._ZN13SPI_Syn_ClassC2Ev
                0x00002812       0x26 SPI_Syn_Class.o
                0x00002812                _ZN13SPI_Syn_ClassC1Ev
                0x00002812                _ZN13SPI_Syn_ClassC2Ev
 .text._ZN13SPI_Syn_ClassD2Ev
                0x00002838       0x1a SPI_Syn_Class.o
                0x00002838                _ZN13SPI_Syn_ClassD1Ev
                0x00002838                _ZN13SPI_Syn_ClassD2Ev
 .text._ZN13SPI_Syn_Class4InitEv
                0x00002852       0x2c SPI_Syn_Class.o
                0x00002852                _ZN13SPI_Syn_Class4InitEv
 .text._ZN13SPI_Syn_Class6EnableEv
                0x0000287e       0x1e SPI_Syn_Class.o
                0x0000287e                _ZN13SPI_Syn_Class6EnableEv
 .text._ZN13SPI_Syn_Class5WriteEPKhh
                0x0000289c       0x38 SPI_Syn_Class.o
                0x0000289c                _ZN13SPI_Syn_Class5WriteEPKhh
 .text._ZN13SPI_Syn_Class4ReadEPhh
                0x000028d4       0x38 SPI_Syn_Class.o
                0x000028d4                _ZN13SPI_Syn_Class4ReadEPhh
 .text._ZN13SPI_Syn_Class5SetCSEb
                0x0000290c       0x26 SPI_Syn_Class.o
                0x0000290c                _ZN13SPI_Syn_Class5SetCSEb
 .text.avr-libc.fplib
                0x00002932        0xe c:/program files (x86)/atmel/studio/7.0/toolchain/avr8/avr8-gnu-toolchain/bin/../lib/gcc/avr/5.4.0/../../../../avr/lib/avrxmega4\libm.a(addsf3.o)
                0x00002932                __subsf3
                0x00002934                __addsf3
 .text.avr-libc.fplib
                0x00002940       0xcc c:/program files (x86)/atmel/studio/7.0/toolchain/avr8/avr8-gnu-toolchain/bin/../lib/gcc/avr/5.4.0/../../../../avr/lib/avrxmega4\libm.a(addsf3x.o)
                0x00002962                __addsf3x
 .text.avr-libc.fplib
                0x00002a0c        0xa c:/program files (x86)/atmel/studio/7.0/toolchain/avr8/avr8-gnu-toolchain/bin/../lib/gcc/avr/5.4.0/../../../../avr/lib/avrxmega4\libm.a(cmpsf2.o)
                0x00002a0c                __nesf2
                0x00002a0c                __eqsf2
                0x00002a0c                __cmpsf2
                0x00002a0c                __ltsf2
                0x00002a0c                __lesf2
 .text.avr-libc.fplib
                0x00002a16        0x8 c:/program files (x86)/atmel/studio/7.0/toolchain/avr8/avr8-gnu-toolchain/bin/../lib/gcc/avr/5.4.0/../../../../avr/lib/avrxmega4\libm.a(divsf3.o)
                0x00002a16                __divsf3
 .text.avr-libc.fplib
                0x00002a1e       0xdc c:/program files (x86)/atmel/studio/7.0/toolchain/avr8/avr8-gnu-toolchain/bin/../lib/gcc/avr/5.4.0/../../../../avr/lib/avrxmega4\libm.a(divsf3x.o)
                0x00002a3e                __divsf3x
                0x00002a44                __divsf3_pse
 .text.avr-libc.fplib
                0x00002afa       0x5e c:/program files (x86)/atmel/studio/7.0/toolchain/avr8/avr8-gnu-toolchain/bin/../lib/gcc/avr/5.4.0/../../../../avr/lib/avrxmega4\libm.a(fixunssfsi.o)
                0x00002afa                __fixunssfsi
 .text.avr-libc.fplib
                0x00002b58       0x7a c:/program files (x86)/atmel/studio/7.0/toolchain/avr8/avr8-gnu-toolchain/bin/../lib/gcc/avr/5.4.0/../../../../avr/lib/avrxmega4\libm.a(floatsisf.o)
                0x00002b58                __floatunsisf
                0x00002b5c                __floatsisf
 .text.avr-libc.fplib
                0x00002bd2       0x2e c:/program files (x86)/atmel/studio/7.0/toolchain/avr8/avr8-gnu-toolchain/bin/../lib/gcc/avr/5.4.0/../../../../avr/lib/avrxmega4\libm.a(floor.o)
                0x00002bd2                floor
 .text.avr-libc.fplib
                0x00002c00       0x48 c:/program files (x86)/atmel/studio/7.0/toolchain/avr8/avr8-gnu-toolchain/bin/../lib/gcc/avr/5.4.0/../../../../avr/lib/avrxmega4\libm.a(fp_cmp.o)
                0x00002c00                __fp_cmp
 .text.avr-libc.fplib
                0x00002c48        0xc c:/program files (x86)/atmel/studio/7.0/toolchain/avr8/avr8-gnu-toolchain/bin/../lib/gcc/avr/5.4.0/../../../../avr/lib/avrxmega4\libm.a(fp_inf.o)
                0x00002c48                __fp_inf
 .text.avr-libc.fplib
                0x00002c54       0x36 c:/program files (x86)/atmel/studio/7.0/toolchain/avr8/avr8-gnu-toolchain/bin/../lib/gcc/avr/5.4.0/../../../../avr/lib/avrxmega4\libm.a(fp_mintl.o)
                0x00002c54                __fp_mintl
 .text.avr-libc.fplib
                0x00002c8a       0x1c c:/program files (x86)/atmel/studio/7.0/toolchain/avr8/avr8-gnu-toolchain/bin/../lib/gcc/avr/5.4.0/../../../../avr/lib/avrxmega4\libm.a(fp_mpack.o)
                0x00002c8a                __fp_mpack
                0x00002c8e                __fp_mpack_finite
 .text.avr-libc.fplib
                0x00002ca6        0x6 c:/program files (x86)/atmel/studio/7.0/toolchain/avr8/avr8-gnu-toolchain/bin/../lib/gcc/avr/5.4.0/../../../../avr/lib/avrxmega4\libm.a(fp_nan.o)
                0x00002ca6                __fp_nan
 .text.avr-libc.fplib
                0x00002cac        0xe c:/program files (x86)/atmel/studio/7.0/toolchain/avr8/avr8-gnu-toolchain/bin/../lib/gcc/avr/5.4.0/../../../../avr/lib/avrxmega4\libm.a(fp_pscA.o)
                0x00002cac                __fp_pscA
 .text.avr-libc.fplib
                0x00002cba        0xe c:/program files (x86)/atmel/studio/7.0/toolchain/avr8/avr8-gnu-toolchain/bin/../lib/gcc/avr/5.4.0/../../../../avr/lib/avrxmega4\libm.a(fp_pscB.o)
                0x00002cba                __fp_pscB
 .text.avr-libc.fplib
                0x00002cc8       0x22 c:/program files (x86)/atmel/studio/7.0/toolchain/avr8/avr8-gnu-toolchain/bin/../lib/gcc/avr/5.4.0/../../../../avr/lib/avrxmega4\libm.a(fp_round.o)
                0x00002cc8                __fp_round
 .text.avr-libc.fplib
                0x00002cea       0x44 c:/program files (x86)/atmel/studio/7.0/toolchain/avr8/avr8-gnu-toolchain/bin/../lib/gcc/avr/5.4.0/../../../../avr/lib/avrxmega4\libm.a(fp_split3.o)
                0x00002cea                __fp_split3
                0x00002cfa                __fp_splitA
 .text.avr-libc.fplib
                0x00002d2e       0x30 c:/program files (x86)/atmel/studio/7.0/toolchain/avr8/avr8-gnu-toolchain/bin/../lib/gcc/avr/5.4.0/../../../../avr/lib/avrxmega4\libm.a(fp_trunc.o)
                0x00002d2e                __fp_trunc
 .text.avr-libc.fplib
                0x00002d5e        0xe c:/program files (x86)/atmel/studio/7.0/toolchain/avr8/avr8-gnu-toolchain/bin/../lib/gcc/avr/5.4.0/../../../../avr/lib/avrxmega4\libm.a(fp_zero.o)
                0x00002d5e                __fp_zero
                0x00002d60                __fp_szero
 .text.avr-libc.fplib
                0x00002d6c        0xa c:/program files (x86)/atmel/studio/7.0/toolchain/avr8/avr8-gnu-toolchain/bin/../lib/gcc/avr/5.4.0/../../../../avr/lib/avrxmega4\libm.a(gesf2.o)
                0x00002d6c                __gesf2
                0x00002d6c                __gtsf2
 .text.avr-libc.fplib
                0x00002d76        0x8 c:/program files (x86)/atmel/studio/7.0/toolchain/avr8/avr8-gnu-toolchain/bin/../lib/gcc/avr/5.4.0/../../../../avr/lib/avrxmega4\libm.a(mulsf3.o)
                0x00002d76                __mulsf3
 .text.avr-libc.fplib
                0x00002d7e       0xd2 c:/program files (x86)/atmel/studio/7.0/toolchain/avr8/avr8-gnu-toolchain/bin/../lib/gcc/avr/5.4.0/../../../../avr/lib/avrxmega4\libm.a(mulsf3x.o)
                0x00002d9c                __mulsf3x
                0x00002da2                __mulsf3_pse
 .text.avr-libc.fplib
                0x00002e50       0x48 c:/program files (x86)/atmel/studio/7.0/toolchain/avr8/avr8-gnu-toolchain/bin/../lib/gcc/avr/5.4.0/../../../../avr/lib/avrxmega4\libm.a(round.o)
                0x00002e50                round
 .text.atmel_start_init
                0x00002e98        0x6 C:\Users\GMATEU~1\DOCUME~1\Trobina\DEVELO~1\Software\ATMEL_~1\AVR128~1\AVR128~1\Debug\libAVR128DB_BSP.a(atmel_start.o)
                0x00002e98                atmel_start_init
 .text.mcu_init
                0x00002e9e       0x92 C:\Users\GMATEU~1\DOCUME~1\Trobina\DEVELO~1\Software\ATMEL_~1\AVR128~1\AVR128~1\Debug\libAVR128DB_BSP.a(driver_init.o)
                0x00002e9e                mcu_init
 .text.OPERATIONAL_AMPLIFIER_0_initialization
                0x00002f30       0x2a C:\Users\GMATEU~1\DOCUME~1\Trobina\DEVELO~1\Software\ATMEL_~1\AVR128~1\AVR128~1\Debug\libAVR128DB_BSP.a(driver_init.o)
                0x00002f30                OPERATIONAL_AMPLIFIER_0_initialization
 .text.USART_0_initialization
                0x00002f5a       0x22 C:\Users\GMATEU~1\DOCUME~1\Trobina\DEVELO~1\Software\ATMEL_~1\AVR128~1\AVR128~1\Debug\libAVR128DB_BSP.a(driver_init.o)
                0x00002f5a                USART_0_initialization
 .text.EVENT_SYSTEM_0_initialization
                0x00002f7c        0x6 C:\Users\GMATEU~1\DOCUME~1\Trobina\DEVELO~1\Software\ATMEL_~1\AVR128~1\AVR128~1\Debug\libAVR128DB_BSP.a(driver_init.o)
                0x00002f7c                EVENT_SYSTEM_0_initialization
 .text.ZCD_RISING_initialization
                0x00002f82       0x18 C:\Users\GMATEU~1\DOCUME~1\Trobina\DEVELO~1\Software\ATMEL_~1\AVR128~1\AVR128~1\Debug\libAVR128DB_BSP.a(driver_init.o)
                0x00002f82                ZCD_RISING_initialization
 .text.ZCD_FALLING_initialization
                0x00002f9a       0x18 C:\Users\GMATEU~1\DOCUME~1\Trobina\DEVELO~1\Software\ATMEL_~1\AVR128~1\AVR128~1\Debug\libAVR128DB_BSP.a(driver_init.o)
                0x00002f9a                ZCD_FALLING_initialization
 .text.SPI_ADF_initialization
                0x00002fb2       0x2e C:\Users\GMATEU~1\DOCUME~1\Trobina\DEVELO~1\Software\ATMEL_~1\AVR128~1\AVR128~1\Debug\libAVR128DB_BSP.a(driver_init.o)
                0x00002fb2                SPI_ADF_initialization
 .text.SPI_LMX_initialization
                0x00002fe0       0x2e C:\Users\GMATEU~1\DOCUME~1\Trobina\DEVELO~1\Software\ATMEL_~1\AVR128~1\AVR128~1\Debug\libAVR128DB_BSP.a(driver_init.o)
                0x00002fe0                SPI_LMX_initialization
 .text.TIMER_RISING_initialization
                0x0000300e        0x6 C:\Users\GMATEU~1\DOCUME~1\Trobina\DEVELO~1\Software\ATMEL_~1\AVR128~1\AVR128~1\Debug\libAVR128DB_BSP.a(driver_init.o)
                0x0000300e                TIMER_RISING_initialization
 .text.TIMER_FALLING_initialization
                0x00003014        0x6 C:\Users\GMATEU~1\DOCUME~1\Trobina\DEVELO~1\Software\ATMEL_~1\AVR128~1\AVR128~1\Debug\libAVR128DB_BSP.a(driver_init.o)
                0x00003014                TIMER_FALLING_initialization
 .text.TIMER_0_initialization
                0x0000301a        0x6 C:\Users\GMATEU~1\DOCUME~1\Trobina\DEVELO~1\Software\ATMEL_~1\AVR128~1\AVR128~1\Debug\libAVR128DB_BSP.a(driver_init.o)
                0x0000301a                TIMER_0_initialization
 .text.system_init
                0x00003020       0x6a C:\Users\GMATEU~1\DOCUME~1\Trobina\DEVELO~1\Software\ATMEL_~1\AVR128~1\AVR128~1\Debug\libAVR128DB_BSP.a(driver_init.o)
                0x00003020                system_init
 .text.EVENT_SYSTEM_0_init
                0x0000308a       0x1e C:\Users\GMATEU~1\DOCUME~1\Trobina\DEVELO~1\Software\ATMEL_~1\AVR128~1\AVR128~1\Debug\libAVR128DB_BSP.a(evsys.o)
                0x0000308a                EVENT_SYSTEM_0_init
 .text.OPERATIONAL_AMPLIFIER_0_init
                0x000030a8       0x22 C:\Users\GMATEU~1\DOCUME~1\Trobina\DEVELO~1\Software\ATMEL_~1\AVR128~1\AVR128~1\Debug\libAVR128DB_BSP.a(opamp_basic.o)
                0x000030a8                OPERATIONAL_AMPLIFIER_0_init
 .text.RTC_0_init
                0x000030ca       0x22 C:\Users\GMATEU~1\DOCUME~1\Trobina\DEVELO~1\Software\ATMEL_~1\AVR128~1\AVR128~1\Debug\libAVR128DB_BSP.a(rtc.o)
                0x000030ca                RTC_0_init
 .text.SLPCTRL_init
                0x000030ec        0x4 C:\Users\GMATEU~1\DOCUME~1\Trobina\DEVELO~1\Software\ATMEL_~1\AVR128~1\AVR128~1\Debug\libAVR128DB_BSP.a(slpctrl.o)
                0x000030ec                SLPCTRL_init
 .text.SPI_ADF_init
                0x000030f0       0x18 C:\Users\GMATEU~1\DOCUME~1\Trobina\DEVELO~1\Software\ATMEL_~1\AVR128~1\AVR128~1\Debug\libAVR128DB_BSP.a(spi_basic.o)
                0x000030f0                SPI_ADF_init
 .text.__vector_20
                0x00003108       0xae C:\Users\GMATEU~1\DOCUME~1\Trobina\DEVELO~1\Software\ATMEL_~1\AVR128~1\AVR128~1\Debug\libAVR128DB_BSP.a(spi_basic.o)
                0x00003108                __vector_20
 .text.SPI_LMX_init
                0x000031b6        0xc C:\Users\GMATEU~1\DOCUME~1\Trobina\DEVELO~1\Software\ATMEL_~1\AVR128~1\AVR128~1\Debug\libAVR128DB_BSP.a(spi_basic.o)
                0x000031b6                SPI_LMX_init
 .text.SPI_LMX_enable
                0x000031c2        0xc C:\Users\GMATEU~1\DOCUME~1\Trobina\DEVELO~1\Software\ATMEL_~1\AVR128~1\AVR128~1\Debug\libAVR128DB_BSP.a(spi_basic.o)
                0x000031c2                SPI_LMX_enable
 .text.SPI_LMX_write_block
                0x000031ce       0x20 C:\Users\GMATEU~1\DOCUME~1\Trobina\DEVELO~1\Software\ATMEL_~1\AVR128~1\AVR128~1\Debug\libAVR128DB_BSP.a(spi_basic.o)
                0x000031ce                SPI_LMX_write_block
 .text.SPI_LMX_read_block
                0x000031ee       0x22 C:\Users\GMATEU~1\DOCUME~1\Trobina\DEVELO~1\Software\ATMEL_~1\AVR128~1\AVR128~1\Debug\libAVR128DB_BSP.a(spi_basic.o)
                0x000031ee                SPI_LMX_read_block
 .text.TIMER_RISING_init
                0x00003210       0x18 C:\Users\GMATEU~1\DOCUME~1\Trobina\DEVELO~1\Software\ATMEL_~1\AVR128~1\AVR128~1\Debug\libAVR128DB_BSP.a(tcb.o)
                0x00003210                TIMER_RISING_init
 .text.TIMER_FALLING_init
                0x00003228       0x24 C:\Users\GMATEU~1\DOCUME~1\Trobina\DEVELO~1\Software\ATMEL_~1\AVR128~1\AVR128~1\Debug\libAVR128DB_BSP.a(tcb.o)
                0x00003228                TIMER_FALLING_init
 .text.TIMER_0_init
                0x0000324c       0x2a C:\Users\GMATEU~1\DOCUME~1\Trobina\DEVELO~1\Software\ATMEL_~1\AVR128~1\AVR128~1\Debug\libAVR128DB_BSP.a(tcd.o)
                0x0000324c                TIMER_0_init
 .text.USART_0_init
                0x00003276       0x20 C:\Users\GMATEU~1\DOCUME~1\Trobina\DEVELO~1\Software\ATMEL_~1\AVR128~1\AVR128~1\Debug\libAVR128DB_BSP.a(usart_basic.o)
                0x00003276                USART_0_init
 .text.USART_0_write
                0x00003296        0xe C:\Users\GMATEU~1\DOCUME~1\Trobina\DEVELO~1\Software\ATMEL_~1\AVR128~1\AVR128~1\Debug\libAVR128DB_BSP.a(usart_basic.o)
                0x00003296                USART_0_write
 .text.USART_0_printCHAR
                0x000032a4        0xa C:\Users\GMATEU~1\DOCUME~1\Trobina\DEVELO~1\Software\ATMEL_~1\AVR128~1\AVR128~1\Debug\libAVR128DB_BSP.a(usart_basic.o)
                0x000032a4                USART_0_printCHAR
 .text.VREF_0_init
                0x000032ae        0xa C:\Users\GMATEU~1\DOCUME~1\Trobina\DEVELO~1\Software\ATMEL_~1\AVR128~1\AVR128~1\Debug\libAVR128DB_BSP.a(vref.o)
                0x000032ae                VREF_0_init
 .text.ZCD_RISING_init
                0x000032b8        0xa C:\Users\GMATEU~1\DOCUME~1\Trobina\DEVELO~1\Software\ATMEL_~1\AVR128~1\AVR128~1\Debug\libAVR128DB_BSP.a(zcd.o)
                0x000032b8                ZCD_RISING_init
 .text.ZCD_FALLING_init
                0x000032c2        0xa C:\Users\GMATEU~1\DOCUME~1\Trobina\DEVELO~1\Software\ATMEL_~1\AVR128~1\AVR128~1\Debug\libAVR128DB_BSP.a(zcd.o)
                0x000032c2                ZCD_FALLING_init
 .text.BOD_init
                0x000032cc        0x8 C:\Users\GMATEU~1\DOCUME~1\Trobina\DEVELO~1\Software\ATMEL_~1\AVR128~1\AVR128~1\Debug\libAVR128DB_BSP.a(bod.o)
                0x000032cc                BOD_init
 .text.CLKCTRL_init
                0x000032d4       0x1c C:\Users\GMATEU~1\DOCUME~1\Trobina\DEVELO~1\Software\ATMEL_~1\AVR128~1\AVR128~1\Debug\libAVR128DB_BSP.a(clkctrl.o)
                0x000032d4                CLKCTRL_init
 .text.CPUINT_init
                0x000032f0        0x4 C:\Users\GMATEU~1\DOCUME~1\Trobina\DEVELO~1\Software\ATMEL_~1\AVR128~1\AVR128~1\Debug\libAVR128DB_BSP.a(cpuint.o)
                0x000032f0                CPUINT_init
 .text.protected_write_io
                0x000032f4        0xa C:\Users\GMATEU~1\DOCUME~1\Trobina\DEVELO~1\Software\ATMEL_~1\AVR128~1\AVR128~1\Debug\libAVR128DB_BSP.a(protected_io.o)
                0x000032f4                protected_write_io
 .text.avr-libc
                0x000032fe      0x740 c:/program files (x86)/atmel/studio/7.0/toolchain/avr8/avr8-gnu-toolchain/bin/../lib/gcc/avr/5.4.0/../../../../avr/lib/avrxmega4\libprintf_flt.a(vfprintf_flt.o)
                0x000032fe                vfprintf
 .text.libgcc.div
                0x00003a3e       0x28 c:/program files (x86)/atmel/studio/7.0/toolchain/avr8/avr8-gnu-toolchain/bin/../lib/gcc/avr/5.4.0/avrxmega4\libgcc.a(_divmodhi4.o)
                0x00003a3e                _div
                0x00003a3e                __divmodhi4
 .text.libgcc.div
                0x00003a66       0x44 c:/program files (x86)/atmel/studio/7.0/toolchain/avr8/avr8-gnu-toolchain/bin/../lib/gcc/avr/5.4.0/avrxmega4\libgcc.a(_udivmodsi4.o)
                0x00003a66                __udivmodsi4
 .text.libgcc.div
                0x00003aaa       0x28 c:/program files (x86)/atmel/studio/7.0/toolchain/avr8/avr8-gnu-toolchain/bin/../lib/gcc/avr/5.4.0/avrxmega4\libgcc.a(_udivmodhi4.o)
                0x00003aaa                __udivmodhi4
 .text.libgcc   0x00003ad2       0x12 c:/program files (x86)/atmel/studio/7.0/toolchain/avr8/avr8-gnu-toolchain/bin/../lib/gcc/avr/5.4.0/avrxmega4\libgcc.a(_tablejump2.o)
                0x00003ad2                __tablejump2__
 .text.avr-libc
                0x00003ae4      0x1b0 c:/program files (x86)/atmel/studio/7.0/toolchain/avr8/avr8-gnu-toolchain/bin/../lib/gcc/avr/5.4.0/../../../../avr/lib/avrxmega4\libc.a(ftoa_engine.o)
                0x00003ae4                __ftoa_engine
 .text.avr-libc
                0x00003c94       0x16 c:/program files (x86)/atmel/studio/7.0/toolchain/avr8/avr8-gnu-toolchain/bin/../lib/gcc/avr/5.4.0/../../../../avr/lib/avrxmega4\libc.a(strnlen_P.o)
                0x00003c94                strnlen_P
 .text.avr-libc
                0x00003caa        0xe c:/program files (x86)/atmel/studio/7.0/toolchain/avr8/avr8-gnu-toolchain/bin/../lib/gcc/avr/5.4.0/../../../../avr/lib/avrxmega4\libc.a(memset.o)
                0x00003caa                memset
 .text.avr-libc
                0x00003cb8       0x16 c:/program files (x86)/atmel/studio/7.0/toolchain/avr8/avr8-gnu-toolchain/bin/../lib/gcc/avr/5.4.0/../../../../avr/lib/avrxmega4\libc.a(strnlen.o)
                0x00003cb8                strnlen
 .text.avr-libc
                0x00003cce       0x78 c:/program files (x86)/atmel/studio/7.0/toolchain/avr8/avr8-gnu-toolchain/bin/../lib/gcc/avr/5.4.0/../../../../avr/lib/avrxmega4\libc.a(fputc.o)
                0x00003cce                fputc
 .text.avr-libc
                0x00003d46       0x28 c:/program files (x86)/atmel/studio/7.0/toolchain/avr8/avr8-gnu-toolchain/bin/../lib/gcc/avr/5.4.0/../../../../avr/lib/avrxmega4\libc.a(printf.o)
                0x00003d46                printf
 .text.avr-libc
                0x00003d6e       0xbc c:/program files (x86)/atmel/studio/7.0/toolchain/avr8/avr8-gnu-toolchain/bin/../lib/gcc/avr/5.4.0/../../../../avr/lib/avrxmega4\libc.a(ultoa_invert.o)
                0x00003d6e                __ultoa_invert
                0x00003e2a                . = ALIGN (0x2)
 *(.fini9)
 .fini9         0x00003e2a        0x0 c:/program files (x86)/atmel/studio/7.0/toolchain/avr8/avr8-gnu-toolchain/bin/../lib/gcc/avr/5.4.0/avrxmega4\libgcc.a(_exit.o)
                0x00003e2a                _exit
                0x00003e2a                exit
 *(.fini9)
 *(.fini8)
 *(.fini8)
 *(.fini7)
 *(.fini7)
 *(.fini6)
 .fini6         0x00003e2a       0x16 c:/program files (x86)/atmel/studio/7.0/toolchain/avr8/avr8-gnu-toolchain/bin/../lib/gcc/avr/5.4.0/avrxmega4\libgcc.a(_dtors.o)
                0x00003e2a                __do_global_dtors
 *(.fini6)
 *(.fini5)
 *(.fini5)
 *(.fini4)
 *(.fini4)
 *(.fini3)
 *(.fini3)
 *(.fini2)
 *(.fini2)
 *(.fini1)
 *(.fini1)
 *(.fini0)
 .fini0         0x00003e40        0x4 c:/program files (x86)/atmel/studio/7.0/toolchain/avr8/avr8-gnu-toolchain/bin/../lib/gcc/avr/5.4.0/avrxmega4\libgcc.a(_exit.o)
 *(.fini0)
                0x00003e44                _etext = .

.data           0x00804000      0x148 load address 0x00003e44
                0x00804000                PROVIDE (__data_start, .)
 *(.data)
 *(.data*)
 .data.USART_0_stream
                0x00804000        0xe C:\Users\GMATEU~1\DOCUME~1\Trobina\DEVELO~1\Software\ATMEL_~1\AVR128~1\AVR128~1\Debug\libAVR128DB_BSP.a(usart_basic.o)
                0x00804000                USART_0_stream
 *(.gnu.linkonce.d*)
 *(.rodata)
 .rodata        0x0080400e       0x30 lmx2694Handler.o
 .rodata        0x0080403e        0x8 main.o
 *(.rodata*)
 .rodata._ZL17default_registers
                0x00804046       0xe6 lmx2694Handler.o
 .rodata._ZL22channel_divider_values
                0x0080412c       0x1c lmx2694Handler.o
 *(.gnu.linkonce.r*)
                0x00804148                . = ALIGN (0x2)
                0x00804148                _edata = .
                0x00804148                PROVIDE (__data_end, .)

.bss            0x00804148      0x229
                0x00804148                PROVIDE (__bss_start, .)
 *(.bss)
 *(.bss*)
 .bss._ZL9staticSPI
                0x00804148        0x5 lmx2694Handler.o
 .bss._ZL20local_read_registers
                0x0080414d       0xe6 lmx2694Handler.o
 .bss._ZL21local_write_registers
                0x00804233       0xe6 lmx2694Handler.o
 .bss._ZL3lmx   0x00804319       0x48 main.o
 .bss.ptrSPISync
                0x00804361        0x2 SPI_Syn_Class.o
                0x00804361                ptrSPISync
 .bss.SPI_LMX_desc
                0x00804363        0x1 C:\Users\GMATEU~1\DOCUME~1\Trobina\DEVELO~1\Software\ATMEL_~1\AVR128~1\AVR128~1\Debug\libAVR128DB_BSP.a(spi_basic.o)
 .bss.SPI_ADF_desc
                0x00804364        0x7 C:\Users\GMATEU~1\DOCUME~1\Trobina\DEVELO~1\Software\ATMEL_~1\AVR128~1\AVR128~1\Debug\libAVR128DB_BSP.a(spi_basic.o)
 *(COMMON)
 COMMON         0x0080436b        0x6 c:/program files (x86)/atmel/studio/7.0/toolchain/avr8/avr8-gnu-toolchain/bin/../lib/gcc/avr/5.4.0/../../../../avr/lib/avrxmega4\libc.a(iob.o)
                0x0080436b                __iob
                0x00804371                PROVIDE (__bss_end, .)
                0x00003e44                __data_load_start = LOADADDR (.data)
                0x00003f8c                __data_load_end = (__data_load_start + SIZEOF (.data))

.noinit         0x00804371        0x0
                [!provide]                PROVIDE (__noinit_start, .)
 *(.noinit*)
                [!provide]                PROVIDE (__noinit_end, .)
                0x00804371                _end = .
                [!provide]                PROVIDE (__heap_start, .)

.eeprom         0x00810000        0x0
 *(.eeprom*)
                0x00810000                __eeprom_end = .

.fuse
 *(.fuse)
 *(.lfuse)
 *(.hfuse)
 *(.efuse)

.lock
 *(.lock*)

.signature
 *(.signature*)

.user_signatures
 *(.user_signatures*)

.stab
 *(.stab)

.stabstr
 *(.stabstr)

.stab.excl
 *(.stab.excl)

.stab.exclstr
 *(.stab.exclstr)

.stab.index
 *(.stab.index)

.stab.indexstr
 *(.stab.indexstr)

.comment        0x00000000       0x5c
 *(.comment)
 .comment       0x00000000       0x30 lmx2694Handler.o
                                 0x31 (size before relaxing)
 .comment       0x00000030       0x31 main.o
 .comment       0x00000030       0x31 SPI_Syn_Class.o
 .comment       0x00000030       0x31 C:\Users\GMATEU~1\DOCUME~1\Trobina\DEVELO~1\Software\ATMEL_~1\AVR128~1\AVR128~1\Debug\libAVR128DB_BSP.a(atmel_start.o)
 .comment       0x00000030       0x31 C:\Users\GMATEU~1\DOCUME~1\Trobina\DEVELO~1\Software\ATMEL_~1\AVR128~1\AVR128~1\Debug\libAVR128DB_BSP.a(driver_init.o)
 .comment       0x00000030       0x31 C:\Users\GMATEU~1\DOCUME~1\Trobina\DEVELO~1\Software\ATMEL_~1\AVR128~1\AVR128~1\Debug\libAVR128DB_BSP.a(evsys.o)
 .comment       0x00000030       0x31 C:\Users\GMATEU~1\DOCUME~1\Trobina\DEVELO~1\Software\ATMEL_~1\AVR128~1\AVR128~1\Debug\libAVR128DB_BSP.a(opamp_basic.o)
 .comment       0x00000030       0x31 C:\Users\GMATEU~1\DOCUME~1\Trobina\DEVELO~1\Software\ATMEL_~1\AVR128~1\AVR128~1\Debug\libAVR128DB_BSP.a(rtc.o)
 .comment       0x00000030       0x31 C:\Users\GMATEU~1\DOCUME~1\Trobina\DEVELO~1\Software\ATMEL_~1\AVR128~1\AVR128~1\Debug\libAVR128DB_BSP.a(slpctrl.o)
 .comment       0x00000030       0x31 C:\Users\GMATEU~1\DOCUME~1\Trobina\DEVELO~1\Software\ATMEL_~1\AVR128~1\AVR128~1\Debug\libAVR128DB_BSP.a(spi_basic.o)
 .comment       0x00000030       0x31 C:\Users\GMATEU~1\DOCUME~1\Trobina\DEVELO~1\Software\ATMEL_~1\AVR128~1\AVR128~1\Debug\libAVR128DB_BSP.a(tcb.o)
 .comment       0x00000030       0x31 C:\Users\GMATEU~1\DOCUME~1\Trobina\DEVELO~1\Software\ATMEL_~1\AVR128~1\AVR128~1\Debug\libAVR128DB_BSP.a(tcd.o)
 .comment       0x00000030       0x31 C:\Users\GMATEU~1\DOCUME~1\Trobina\DEVELO~1\Software\ATMEL_~1\AVR128~1\AVR128~1\Debug\libAVR128DB_BSP.a(usart_basic.o)
 .comment       0x00000030       0x31 C:\Users\GMATEU~1\DOCUME~1\Trobina\DEVELO~1\Software\ATMEL_~1\AVR128~1\AVR128~1\Debug\libAVR128DB_BSP.a(vref.o)
 .comment       0x00000030       0x31 C:\Users\GMATEU~1\DOCUME~1\Trobina\DEVELO~1\Software\ATMEL_~1\AVR128~1\AVR128~1\Debug\libAVR128DB_BSP.a(zcd.o)
 .comment       0x00000030       0x31 C:\Users\GMATEU~1\DOCUME~1\Trobina\DEVELO~1\Software\ATMEL_~1\AVR128~1\AVR128~1\Debug\libAVR128DB_BSP.a(bod.o)
 .comment       0x00000030       0x31 C:\Users\GMATEU~1\DOCUME~1\Trobina\DEVELO~1\Software\ATMEL_~1\AVR128~1\AVR128~1\Debug\libAVR128DB_BSP.a(clkctrl.o)
 .comment       0x00000030       0x31 C:\Users\GMATEU~1\DOCUME~1\Trobina\DEVELO~1\Software\ATMEL_~1\AVR128~1\AVR128~1\Debug\libAVR128DB_BSP.a(cpuint.o)
 .comment       0x00000030       0x2c c:/program files (x86)/atmel/studio/7.0/toolchain/avr8/avr8-gnu-toolchain/bin/../lib/gcc/avr/5.4.0/../../../../avr/lib/avrxmega4\libprintf_flt.a(vfprintf_flt.o)
                                 0x2d (size before relaxing)
 .comment       0x0000005c       0x31 c:/program files (x86)/atmel/studio/7.0/toolchain/avr8/avr8-gnu-toolchain/bin/../lib/gcc/avr/5.4.0/../../../../avr/lib/avrxmega4\libc.a(fputc.o)
 .comment       0x0000005c       0x31 c:/program files (x86)/atmel/studio/7.0/toolchain/avr8/avr8-gnu-toolchain/bin/../lib/gcc/avr/5.4.0/../../../../avr/lib/avrxmega4\libc.a(iob.o)
 .comment       0x0000005c       0x31 c:/program files (x86)/atmel/studio/7.0/toolchain/avr8/avr8-gnu-toolchain/bin/../lib/gcc/avr/5.4.0/../../../../avr/lib/avrxmega4\libc.a(printf.o)

.note.gnu.avr.deviceinfo
                0x00000000       0x40
 .note.gnu.avr.deviceinfo
                0x00000000       0x40 C:/Program Files (x86)/Atmel/Studio/7.0/Packs/Atmel/AVR-Dx_DFP/1.7.85/gcc/dev/avr128db48/avrxmega4/crtavr128db48.o

.note.gnu.build-id
 *(.note.gnu.build-id)

.debug
 *(.debug)

.line
 *(.line)

.debug_srcinfo
 *(.debug_srcinfo)

.debug_sfnames
 *(.debug_sfnames)

.debug_aranges  0x00000000      0x640
 *(.debug_aranges)
 .debug_aranges
                0x00000000      0x138 lmx2694Handler.o
 .debug_aranges
                0x00000138       0x68 main.o
 .debug_aranges
                0x000001a0       0x70 SPI_Syn_Class.o
 .debug_aranges
                0x00000210       0x20 C:\Users\GMATEU~1\DOCUME~1\Trobina\DEVELO~1\Software\ATMEL_~1\AVR128~1\AVR128~1\Debug\libAVR128DB_BSP.a(atmel_start.o)
 .debug_aranges
                0x00000230       0x78 C:\Users\GMATEU~1\DOCUME~1\Trobina\DEVELO~1\Software\ATMEL_~1\AVR128~1\AVR128~1\Debug\libAVR128DB_BSP.a(driver_init.o)
 .debug_aranges
                0x000002a8       0x20 C:\Users\GMATEU~1\DOCUME~1\Trobina\DEVELO~1\Software\ATMEL_~1\AVR128~1\AVR128~1\Debug\libAVR128DB_BSP.a(evsys.o)
 .debug_aranges
                0x000002c8       0xf0 C:\Users\GMATEU~1\DOCUME~1\Trobina\DEVELO~1\Software\ATMEL_~1\AVR128~1\AVR128~1\Debug\libAVR128DB_BSP.a(opamp_basic.o)
 .debug_aranges
                0x000003b8       0x20 C:\Users\GMATEU~1\DOCUME~1\Trobina\DEVELO~1\Software\ATMEL_~1\AVR128~1\AVR128~1\Debug\libAVR128DB_BSP.a(rtc.o)
 .debug_aranges
                0x000003d8       0x28 C:\Users\GMATEU~1\DOCUME~1\Trobina\DEVELO~1\Software\ATMEL_~1\AVR128~1\AVR128~1\Debug\libAVR128DB_BSP.a(slpctrl.o)
 .debug_aranges
                0x00000400       0xb8 C:\Users\GMATEU~1\DOCUME~1\Trobina\DEVELO~1\Software\ATMEL_~1\AVR128~1\AVR128~1\Debug\libAVR128DB_BSP.a(spi_basic.o)
 .debug_aranges
                0x000004b8       0x28 C:\Users\GMATEU~1\DOCUME~1\Trobina\DEVELO~1\Software\ATMEL_~1\AVR128~1\AVR128~1\Debug\libAVR128DB_BSP.a(tcb.o)
 .debug_aranges
                0x000004e0       0x20 C:\Users\GMATEU~1\DOCUME~1\Trobina\DEVELO~1\Software\ATMEL_~1\AVR128~1\AVR128~1\Debug\libAVR128DB_BSP.a(tcd.o)
 .debug_aranges
                0x00000500       0x78 C:\Users\GMATEU~1\DOCUME~1\Trobina\DEVELO~1\Software\ATMEL_~1\AVR128~1\AVR128~1\Debug\libAVR128DB_BSP.a(usart_basic.o)
 .debug_aranges
                0x00000578       0x20 C:\Users\GMATEU~1\DOCUME~1\Trobina\DEVELO~1\Software\ATMEL_~1\AVR128~1\AVR128~1\Debug\libAVR128DB_BSP.a(vref.o)
 .debug_aranges
                0x00000598       0x28 C:\Users\GMATEU~1\DOCUME~1\Trobina\DEVELO~1\Software\ATMEL_~1\AVR128~1\AVR128~1\Debug\libAVR128DB_BSP.a(zcd.o)
 .debug_aranges
                0x000005c0       0x20 C:\Users\GMATEU~1\DOCUME~1\Trobina\DEVELO~1\Software\ATMEL_~1\AVR128~1\AVR128~1\Debug\libAVR128DB_BSP.a(bod.o)
 .debug_aranges
                0x000005e0       0x20 C:\Users\GMATEU~1\DOCUME~1\Trobina\DEVELO~1\Software\ATMEL_~1\AVR128~1\AVR128~1\Debug\libAVR128DB_BSP.a(clkctrl.o)
 .debug_aranges
                0x00000600       0x20 C:\Users\GMATEU~1\DOCUME~1\Trobina\DEVELO~1\Software\ATMEL_~1\AVR128~1\AVR128~1\Debug\libAVR128DB_BSP.a(cpuint.o)
 .debug_aranges
                0x00000620       0x20 C:\Users\GMATEU~1\DOCUME~1\Trobina\DEVELO~1\Software\ATMEL_~1\AVR128~1\AVR128~1\Debug\libAVR128DB_BSP.a(protected_io.o)

.debug_pubnames
 *(.debug_pubnames)

.debug_info     0x00000000     0xa0b5
 *(.debug_info .gnu.linkonce.wi.*)
 .debug_info    0x00000000     0x2f42 C:/Program Files (x86)/Atmel/Studio/7.0/Packs/Atmel/AVR-Dx_DFP/1.7.85/gcc/dev/avr128db48/avrxmega4/crtavr128db48.o
 .debug_info    0x00002f42     0x1647 lmx2694Handler.o
 .debug_info    0x00004589      0xdb8 main.o
 .debug_info    0x00005341      0x55f SPI_Syn_Class.o
 .debug_info    0x000058a0       0x9a C:\Users\GMATEU~1\DOCUME~1\Trobina\DEVELO~1\Software\ATMEL_~1\AVR128~1\AVR128~1\Debug\libAVR128DB_BSP.a(atmel_start.o)
 .debug_info    0x0000593a     0x148f C:\Users\GMATEU~1\DOCUME~1\Trobina\DEVELO~1\Software\ATMEL_~1\AVR128~1\AVR128~1\Debug\libAVR128DB_BSP.a(driver_init.o)
 .debug_info    0x00006dc9      0x8b0 C:\Users\GMATEU~1\DOCUME~1\Trobina\DEVELO~1\Software\ATMEL_~1\AVR128~1\AVR128~1\Debug\libAVR128DB_BSP.a(evsys.o)
 .debug_info    0x00007679      0xa33 C:\Users\GMATEU~1\DOCUME~1\Trobina\DEVELO~1\Software\ATMEL_~1\AVR128~1\AVR128~1\Debug\libAVR128DB_BSP.a(opamp_basic.o)
 .debug_info    0x000080ac      0x389 C:\Users\GMATEU~1\DOCUME~1\Trobina\DEVELO~1\Software\ATMEL_~1\AVR128~1\AVR128~1\Debug\libAVR128DB_BSP.a(rtc.o)
 .debug_info    0x00008435      0x136 C:\Users\GMATEU~1\DOCUME~1\Trobina\DEVELO~1\Software\ATMEL_~1\AVR128~1\AVR128~1\Debug\libAVR128DB_BSP.a(slpctrl.o)
 .debug_info    0x0000856b      0x58f C:\Users\GMATEU~1\DOCUME~1\Trobina\DEVELO~1\Software\ATMEL_~1\AVR128~1\AVR128~1\Debug\libAVR128DB_BSP.a(spi_basic.o)
 .debug_info    0x00008afa      0x2ae C:\Users\GMATEU~1\DOCUME~1\Trobina\DEVELO~1\Software\ATMEL_~1\AVR128~1\AVR128~1\Debug\libAVR128DB_BSP.a(tcb.o)
 .debug_info    0x00008da8      0x589 C:\Users\GMATEU~1\DOCUME~1\Trobina\DEVELO~1\Software\ATMEL_~1\AVR128~1\AVR128~1\Debug\libAVR128DB_BSP.a(tcd.o)
 .debug_info    0x00009331      0x492 C:\Users\GMATEU~1\DOCUME~1\Trobina\DEVELO~1\Software\ATMEL_~1\AVR128~1\AVR128~1\Debug\libAVR128DB_BSP.a(usart_basic.o)
 .debug_info    0x000097c3      0x15d C:\Users\GMATEU~1\DOCUME~1\Trobina\DEVELO~1\Software\ATMEL_~1\AVR128~1\AVR128~1\Debug\libAVR128DB_BSP.a(vref.o)
 .debug_info    0x00009920      0x150 C:\Users\GMATEU~1\DOCUME~1\Trobina\DEVELO~1\Software\ATMEL_~1\AVR128~1\AVR128~1\Debug\libAVR128DB_BSP.a(zcd.o)
 .debug_info    0x00009a70      0x188 C:\Users\GMATEU~1\DOCUME~1\Trobina\DEVELO~1\Software\ATMEL_~1\AVR128~1\AVR128~1\Debug\libAVR128DB_BSP.a(bod.o)
 .debug_info    0x00009bf8      0x38a C:\Users\GMATEU~1\DOCUME~1\Trobina\DEVELO~1\Software\ATMEL_~1\AVR128~1\AVR128~1\Debug\libAVR128DB_BSP.a(clkctrl.o)
 .debug_info    0x00009f82       0x8d C:\Users\GMATEU~1\DOCUME~1\Trobina\DEVELO~1\Software\ATMEL_~1\AVR128~1\AVR128~1\Debug\libAVR128DB_BSP.a(cpuint.o)
 .debug_info    0x0000a00f       0xa6 C:\Users\GMATEU~1\DOCUME~1\Trobina\DEVELO~1\Software\ATMEL_~1\AVR128~1\AVR128~1\Debug\libAVR128DB_BSP.a(protected_io.o)

.debug_abbrev   0x00000000     0x4514
 *(.debug_abbrev)
 .debug_abbrev  0x00000000     0x2cc2 C:/Program Files (x86)/Atmel/Studio/7.0/Packs/Atmel/AVR-Dx_DFP/1.7.85/gcc/dev/avr128db48/avrxmega4/crtavr128db48.o
 .debug_abbrev  0x00002cc2      0x38d lmx2694Handler.o
 .debug_abbrev  0x0000304f      0x31c main.o
 .debug_abbrev  0x0000336b      0x223 SPI_Syn_Class.o
 .debug_abbrev  0x0000358e       0x63 C:\Users\GMATEU~1\DOCUME~1\Trobina\DEVELO~1\Software\ATMEL_~1\AVR128~1\AVR128~1\Debug\libAVR128DB_BSP.a(atmel_start.o)
 .debug_abbrev  0x000035f1      0x1e1 C:\Users\GMATEU~1\DOCUME~1\Trobina\DEVELO~1\Software\ATMEL_~1\AVR128~1\AVR128~1\Debug\libAVR128DB_BSP.a(driver_init.o)
 .debug_abbrev  0x000037d2       0xaf C:\Users\GMATEU~1\DOCUME~1\Trobina\DEVELO~1\Software\ATMEL_~1\AVR128~1\AVR128~1\Debug\libAVR128DB_BSP.a(evsys.o)
 .debug_abbrev  0x00003881      0x12f C:\Users\GMATEU~1\DOCUME~1\Trobina\DEVELO~1\Software\ATMEL_~1\AVR128~1\AVR128~1\Debug\libAVR128DB_BSP.a(opamp_basic.o)
 .debug_abbrev  0x000039b0       0xe6 C:\Users\GMATEU~1\DOCUME~1\Trobina\DEVELO~1\Software\ATMEL_~1\AVR128~1\AVR128~1\Debug\libAVR128DB_BSP.a(rtc.o)
 .debug_abbrev  0x00003a96       0xc4 C:\Users\GMATEU~1\DOCUME~1\Trobina\DEVELO~1\Software\ATMEL_~1\AVR128~1\AVR128~1\Debug\libAVR128DB_BSP.a(slpctrl.o)
 .debug_abbrev  0x00003b5a      0x254 C:\Users\GMATEU~1\DOCUME~1\Trobina\DEVELO~1\Software\ATMEL_~1\AVR128~1\AVR128~1\Debug\libAVR128DB_BSP.a(spi_basic.o)
 .debug_abbrev  0x00003dae       0xf3 C:\Users\GMATEU~1\DOCUME~1\Trobina\DEVELO~1\Software\ATMEL_~1\AVR128~1\AVR128~1\Debug\libAVR128DB_BSP.a(tcb.o)
 .debug_abbrev  0x00003ea1       0xe6 C:\Users\GMATEU~1\DOCUME~1\Trobina\DEVELO~1\Software\ATMEL_~1\AVR128~1\AVR128~1\Debug\libAVR128DB_BSP.a(tcd.o)
 .debug_abbrev  0x00003f87      0x20d C:\Users\GMATEU~1\DOCUME~1\Trobina\DEVELO~1\Software\ATMEL_~1\AVR128~1\AVR128~1\Debug\libAVR128DB_BSP.a(usart_basic.o)
 .debug_abbrev  0x00004194       0xaf C:\Users\GMATEU~1\DOCUME~1\Trobina\DEVELO~1\Software\ATMEL_~1\AVR128~1\AVR128~1\Debug\libAVR128DB_BSP.a(vref.o)
 .debug_abbrev  0x00004243       0x95 C:\Users\GMATEU~1\DOCUME~1\Trobina\DEVELO~1\Software\ATMEL_~1\AVR128~1\AVR128~1\Debug\libAVR128DB_BSP.a(zcd.o)
 .debug_abbrev  0x000042d8       0xaf C:\Users\GMATEU~1\DOCUME~1\Trobina\DEVELO~1\Software\ATMEL_~1\AVR128~1\AVR128~1\Debug\libAVR128DB_BSP.a(bod.o)
 .debug_abbrev  0x00004387      0x128 C:\Users\GMATEU~1\DOCUME~1\Trobina\DEVELO~1\Software\ATMEL_~1\AVR128~1\AVR128~1\Debug\libAVR128DB_BSP.a(clkctrl.o)
 .debug_abbrev  0x000044af       0x51 C:\Users\GMATEU~1\DOCUME~1\Trobina\DEVELO~1\Software\ATMEL_~1\AVR128~1\AVR128~1\Debug\libAVR128DB_BSP.a(cpuint.o)
 .debug_abbrev  0x00004500       0x14 C:\Users\GMATEU~1\DOCUME~1\Trobina\DEVELO~1\Software\ATMEL_~1\AVR128~1\AVR128~1\Debug\libAVR128DB_BSP.a(protected_io.o)

.debug_line     0x00000000     0x330c
 *(.debug_line .debug_line.* .debug_line_end)
 .debug_line    0x00000000      0x205 C:/Program Files (x86)/Atmel/Studio/7.0/Packs/Atmel/AVR-Dx_DFP/1.7.85/gcc/dev/avr128db48/avrxmega4/crtavr128db48.o
 .debug_line    0x00000205      0xed6 lmx2694Handler.o
 .debug_line    0x000010db      0x444 main.o
 .debug_line    0x0000151f      0x2d3 SPI_Syn_Class.o
 .debug_line    0x000017f2       0x60 C:\Users\GMATEU~1\DOCUME~1\Trobina\DEVELO~1\Software\ATMEL_~1\AVR128~1\AVR128~1\Debug\libAVR128DB_BSP.a(atmel_start.o)
 .debug_line    0x00001852      0x4f8 C:\Users\GMATEU~1\DOCUME~1\Trobina\DEVELO~1\Software\ATMEL_~1\AVR128~1\AVR128~1\Debug\libAVR128DB_BSP.a(driver_init.o)
 .debug_line    0x00001d4a      0x127 C:\Users\GMATEU~1\DOCUME~1\Trobina\DEVELO~1\Software\ATMEL_~1\AVR128~1\AVR128~1\Debug\libAVR128DB_BSP.a(evsys.o)
 .debug_line    0x00001e71      0x3a0 C:\Users\GMATEU~1\DOCUME~1\Trobina\DEVELO~1\Software\ATMEL_~1\AVR128~1\AVR128~1\Debug\libAVR128DB_BSP.a(opamp_basic.o)
 .debug_line    0x00002211      0x128 C:\Users\GMATEU~1\DOCUME~1\Trobina\DEVELO~1\Software\ATMEL_~1\AVR128~1\AVR128~1\Debug\libAVR128DB_BSP.a(rtc.o)
 .debug_line    0x00002339      0x120 C:\Users\GMATEU~1\DOCUME~1\Trobina\DEVELO~1\Software\ATMEL_~1\AVR128~1\AVR128~1\Debug\libAVR128DB_BSP.a(slpctrl.o)
 .debug_line    0x00002459      0x445 C:\Users\GMATEU~1\DOCUME~1\Trobina\DEVELO~1\Software\ATMEL_~1\AVR128~1\AVR128~1\Debug\libAVR128DB_BSP.a(spi_basic.o)
 .debug_line    0x0000289e      0x165 C:\Users\GMATEU~1\DOCUME~1\Trobina\DEVELO~1\Software\ATMEL_~1\AVR128~1\AVR128~1\Debug\libAVR128DB_BSP.a(tcb.o)
 .debug_line    0x00002a03      0x12e C:\Users\GMATEU~1\DOCUME~1\Trobina\DEVELO~1\Software\ATMEL_~1\AVR128~1\AVR128~1\Debug\libAVR128DB_BSP.a(tcd.o)
 .debug_line    0x00002b31      0x260 C:\Users\GMATEU~1\DOCUME~1\Trobina\DEVELO~1\Software\ATMEL_~1\AVR128~1\AVR128~1\Debug\libAVR128DB_BSP.a(usart_basic.o)
 .debug_line    0x00002d91      0x10d C:\Users\GMATEU~1\DOCUME~1\Trobina\DEVELO~1\Software\ATMEL_~1\AVR128~1\AVR128~1\Debug\libAVR128DB_BSP.a(vref.o)
 .debug_line    0x00002e9e      0x128 C:\Users\GMATEU~1\DOCUME~1\Trobina\DEVELO~1\Software\ATMEL_~1\AVR128~1\AVR128~1\Debug\libAVR128DB_BSP.a(zcd.o)
 .debug_line    0x00002fc6      0x10c C:\Users\GMATEU~1\DOCUME~1\Trobina\DEVELO~1\Software\ATMEL_~1\AVR128~1\AVR128~1\Debug\libAVR128DB_BSP.a(bod.o)
 .debug_line    0x000030d2      0x13a C:\Users\GMATEU~1\DOCUME~1\Trobina\DEVELO~1\Software\ATMEL_~1\AVR128~1\AVR128~1\Debug\libAVR128DB_BSP.a(clkctrl.o)
 .debug_line    0x0000320c       0xa5 C:\Users\GMATEU~1\DOCUME~1\Trobina\DEVELO~1\Software\ATMEL_~1\AVR128~1\AVR128~1\Debug\libAVR128DB_BSP.a(cpuint.o)
 .debug_line    0x000032b1       0x5b C:\Users\GMATEU~1\DOCUME~1\Trobina\DEVELO~1\Software\ATMEL_~1\AVR128~1\AVR128~1\Debug\libAVR128DB_BSP.a(protected_io.o)

.debug_frame    0x00000000      0xf44
 *(.debug_frame)
 .debug_frame   0x00000000      0x564 lmx2694Handler.o
 .debug_frame   0x00000564      0x198 main.o
 .debug_frame   0x000006fc      0x174 SPI_Syn_Class.o
 .debug_frame   0x00000870       0x24 C:\Users\GMATEU~1\DOCUME~1\Trobina\DEVELO~1\Software\ATMEL_~1\AVR128~1\AVR128~1\Debug\libAVR128DB_BSP.a(atmel_start.o)
 .debug_frame   0x00000894       0xd4 C:\Users\GMATEU~1\DOCUME~1\Trobina\DEVELO~1\Software\ATMEL_~1\AVR128~1\AVR128~1\Debug\libAVR128DB_BSP.a(driver_init.o)
 .debug_frame   0x00000968       0x24 C:\Users\GMATEU~1\DOCUME~1\Trobina\DEVELO~1\Software\ATMEL_~1\AVR128~1\AVR128~1\Debug\libAVR128DB_BSP.a(evsys.o)
 .debug_frame   0x0000098c      0x1c4 C:\Users\GMATEU~1\DOCUME~1\Trobina\DEVELO~1\Software\ATMEL_~1\AVR128~1\AVR128~1\Debug\libAVR128DB_BSP.a(opamp_basic.o)
 .debug_frame   0x00000b50       0x24 C:\Users\GMATEU~1\DOCUME~1\Trobina\DEVELO~1\Software\ATMEL_~1\AVR128~1\AVR128~1\Debug\libAVR128DB_BSP.a(rtc.o)
 .debug_frame   0x00000b74       0x34 C:\Users\GMATEU~1\DOCUME~1\Trobina\DEVELO~1\Software\ATMEL_~1\AVR128~1\AVR128~1\Debug\libAVR128DB_BSP.a(slpctrl.o)
 .debug_frame   0x00000ba8      0x1ac C:\Users\GMATEU~1\DOCUME~1\Trobina\DEVELO~1\Software\ATMEL_~1\AVR128~1\AVR128~1\Debug\libAVR128DB_BSP.a(spi_basic.o)
 .debug_frame   0x00000d54       0x34 C:\Users\GMATEU~1\DOCUME~1\Trobina\DEVELO~1\Software\ATMEL_~1\AVR128~1\AVR128~1\Debug\libAVR128DB_BSP.a(tcb.o)
 .debug_frame   0x00000d88       0x24 C:\Users\GMATEU~1\DOCUME~1\Trobina\DEVELO~1\Software\ATMEL_~1\AVR128~1\AVR128~1\Debug\libAVR128DB_BSP.a(tcd.o)
 .debug_frame   0x00000dac       0xd4 C:\Users\GMATEU~1\DOCUME~1\Trobina\DEVELO~1\Software\ATMEL_~1\AVR128~1\AVR128~1\Debug\libAVR128DB_BSP.a(usart_basic.o)
 .debug_frame   0x00000e80       0x24 C:\Users\GMATEU~1\DOCUME~1\Trobina\DEVELO~1\Software\ATMEL_~1\AVR128~1\AVR128~1\Debug\libAVR128DB_BSP.a(vref.o)
 .debug_frame   0x00000ea4       0x34 C:\Users\GMATEU~1\DOCUME~1\Trobina\DEVELO~1\Software\ATMEL_~1\AVR128~1\AVR128~1\Debug\libAVR128DB_BSP.a(zcd.o)
 .debug_frame   0x00000ed8       0x24 C:\Users\GMATEU~1\DOCUME~1\Trobina\DEVELO~1\Software\ATMEL_~1\AVR128~1\AVR128~1\Debug\libAVR128DB_BSP.a(bod.o)
 .debug_frame   0x00000efc       0x24 C:\Users\GMATEU~1\DOCUME~1\Trobina\DEVELO~1\Software\ATMEL_~1\AVR128~1\AVR128~1\Debug\libAVR128DB_BSP.a(clkctrl.o)
 .debug_frame   0x00000f20       0x24 C:\Users\GMATEU~1\DOCUME~1\Trobina\DEVELO~1\Software\ATMEL_~1\AVR128~1\AVR128~1\Debug\libAVR128DB_BSP.a(cpuint.o)

.debug_str      0x00000000     0x611d
 *(.debug_str)
 .debug_str     0x00000000     0x14f0 C:/Program Files (x86)/Atmel/Studio/7.0/Packs/Atmel/AVR-Dx_DFP/1.7.85/gcc/dev/avr128db48/avrxmega4/crtavr128db48.o
 .debug_str     0x000014f0      0xcf4 lmx2694Handler.o
                                0xda5 (size before relaxing)
 .debug_str     0x000021e4      0x14d main.o
                                0xdc4 (size before relaxing)
 .debug_str     0x00002331       0x93 SPI_Syn_Class.o
                                0x444 (size before relaxing)
 .debug_str     0x000023c4      0x14a C:\Users\GMATEU~1\DOCUME~1\Trobina\DEVELO~1\Software\ATMEL_~1\AVR128~1\AVR128~1\Debug\libAVR128DB_BSP.a(atmel_start.o)
                                0x1ba (size before relaxing)
 .debug_str     0x0000250e      0x640 C:\Users\GMATEU~1\DOCUME~1\Trobina\DEVELO~1\Software\ATMEL_~1\AVR128~1\AVR128~1\Debug\libAVR128DB_BSP.a(driver_init.o)
                                0x889 (size before relaxing)
 .debug_str     0x00002b4e     0x1406 C:\Users\GMATEU~1\DOCUME~1\Trobina\DEVELO~1\Software\ATMEL_~1\AVR128~1\AVR128~1\Debug\libAVR128DB_BSP.a(evsys.o)
                               0x15e0 (size before relaxing)
 .debug_str     0x00003f54     0x1250 C:\Users\GMATEU~1\DOCUME~1\Trobina\DEVELO~1\Software\ATMEL_~1\AVR128~1\AVR128~1\Debug\libAVR128DB_BSP.a(opamp_basic.o)
                               0x1458 (size before relaxing)
 .debug_str     0x000051a4      0x201 C:\Users\GMATEU~1\DOCUME~1\Trobina\DEVELO~1\Software\ATMEL_~1\AVR128~1\AVR128~1\Debug\libAVR128DB_BSP.a(rtc.o)
                                0x484 (size before relaxing)
 .debug_str     0x000053a5       0xb9 C:\Users\GMATEU~1\DOCUME~1\Trobina\DEVELO~1\Software\ATMEL_~1\AVR128~1\AVR128~1\Debug\libAVR128DB_BSP.a(slpctrl.o)
                                0x271 (size before relaxing)
 .debug_str     0x0000545e      0x305 C:\Users\GMATEU~1\DOCUME~1\Trobina\DEVELO~1\Software\ATMEL_~1\AVR128~1\AVR128~1\Debug\libAVR128DB_BSP.a(spi_basic.o)
                                0x507 (size before relaxing)
 .debug_str     0x00005763      0x159 C:\Users\GMATEU~1\DOCUME~1\Trobina\DEVELO~1\Software\ATMEL_~1\AVR128~1\AVR128~1\Debug\libAVR128DB_BSP.a(tcb.o)
                                0x38a (size before relaxing)
 .debug_str     0x000058bc      0x310 C:\Users\GMATEU~1\DOCUME~1\Trobina\DEVELO~1\Software\ATMEL_~1\AVR128~1\AVR128~1\Debug\libAVR128DB_BSP.a(tcd.o)
                                0x541 (size before relaxing)
 .debug_str     0x00005bcc      0x1d5 C:\Users\GMATEU~1\DOCUME~1\Trobina\DEVELO~1\Software\ATMEL_~1\AVR128~1\AVR128~1\Debug\libAVR128DB_BSP.a(usart_basic.o)
                                0x3f2 (size before relaxing)
 .debug_str     0x00005da1       0xc4 C:\Users\GMATEU~1\DOCUME~1\Trobina\DEVELO~1\Software\ATMEL_~1\AVR128~1\AVR128~1\Debug\libAVR128DB_BSP.a(vref.o)
                                0x28b (size before relaxing)
 .debug_str     0x00005e65       0x1e C:\Users\GMATEU~1\DOCUME~1\Trobina\DEVELO~1\Software\ATMEL_~1\AVR128~1\AVR128~1\Debug\libAVR128DB_BSP.a(zcd.o)
                                0x20f (size before relaxing)
 .debug_str     0x00005e83       0x75 C:\Users\GMATEU~1\DOCUME~1\Trobina\DEVELO~1\Software\ATMEL_~1\AVR128~1\AVR128~1\Debug\libAVR128DB_BSP.a(bod.o)
                                0x25d (size before relaxing)
 .debug_str     0x00005ef8      0x215 C:\Users\GMATEU~1\DOCUME~1\Trobina\DEVELO~1\Software\ATMEL_~1\AVR128~1\AVR128~1\Debug\libAVR128DB_BSP.a(clkctrl.o)
                                0x426 (size before relaxing)
 .debug_str     0x0000610d       0x10 C:\Users\GMATEU~1\DOCUME~1\Trobina\DEVELO~1\Software\ATMEL_~1\AVR128~1\AVR128~1\Debug\libAVR128DB_BSP.a(cpuint.o)
                                0x1ad (size before relaxing)

.debug_loc      0x00000000     0x1e61
 *(.debug_loc)
 .debug_loc     0x00000000      0xbf3 lmx2694Handler.o
 .debug_loc     0x00000bf3      0x344 main.o
 .debug_loc     0x00000f37      0x316 SPI_Syn_Class.o
 .debug_loc     0x0000124d      0x5e5 C:\Users\GMATEU~1\DOCUME~1\Trobina\DEVELO~1\Software\ATMEL_~1\AVR128~1\AVR128~1\Debug\libAVR128DB_BSP.a(driver_init.o)
 .debug_loc     0x00001832      0x1ef C:\Users\GMATEU~1\DOCUME~1\Trobina\DEVELO~1\Software\ATMEL_~1\AVR128~1\AVR128~1\Debug\libAVR128DB_BSP.a(opamp_basic.o)
 .debug_loc     0x00001a21       0x21 C:\Users\GMATEU~1\DOCUME~1\Trobina\DEVELO~1\Software\ATMEL_~1\AVR128~1\AVR128~1\Debug\libAVR128DB_BSP.a(slpctrl.o)
 .debug_loc     0x00001a42      0x384 C:\Users\GMATEU~1\DOCUME~1\Trobina\DEVELO~1\Software\ATMEL_~1\AVR128~1\AVR128~1\Debug\libAVR128DB_BSP.a(spi_basic.o)
 .debug_loc     0x00001dc6       0x47 C:\Users\GMATEU~1\DOCUME~1\Trobina\DEVELO~1\Software\ATMEL_~1\AVR128~1\AVR128~1\Debug\libAVR128DB_BSP.a(usart_basic.o)
 .debug_loc     0x00001e0d       0x54 C:\Users\GMATEU~1\DOCUME~1\Trobina\DEVELO~1\Software\ATMEL_~1\AVR128~1\AVR128~1\Debug\libAVR128DB_BSP.a(clkctrl.o)

.debug_macinfo
 *(.debug_macinfo)

.debug_weaknames
 *(.debug_weaknames)

.debug_funcnames
 *(.debug_funcnames)

.debug_typenames
 *(.debug_typenames)

.debug_varnames
 *(.debug_varnames)

.debug_pubtypes
 *(.debug_pubtypes)

.debug_ranges   0x00000000      0x500
 *(.debug_ranges)
 .debug_ranges  0x00000000      0x128 lmx2694Handler.o
 .debug_ranges  0x00000128       0x58 main.o
 .debug_ranges  0x00000180       0x60 SPI_Syn_Class.o
 .debug_ranges  0x000001e0       0x10 C:\Users\GMATEU~1\DOCUME~1\Trobina\DEVELO~1\Software\ATMEL_~1\AVR128~1\AVR128~1\Debug\libAVR128DB_BSP.a(atmel_start.o)
 .debug_ranges  0x000001f0       0x68 C:\Users\GMATEU~1\DOCUME~1\Trobina\DEVELO~1\Software\ATMEL_~1\AVR128~1\AVR128~1\Debug\libAVR128DB_BSP.a(driver_init.o)
 .debug_ranges  0x00000258       0x10 C:\Users\GMATEU~1\DOCUME~1\Trobina\DEVELO~1\Software\ATMEL_~1\AVR128~1\AVR128~1\Debug\libAVR128DB_BSP.a(evsys.o)
 .debug_ranges  0x00000268       0xe0 C:\Users\GMATEU~1\DOCUME~1\Trobina\DEVELO~1\Software\ATMEL_~1\AVR128~1\AVR128~1\Debug\libAVR128DB_BSP.a(opamp_basic.o)
 .debug_ranges  0x00000348       0x10 C:\Users\GMATEU~1\DOCUME~1\Trobina\DEVELO~1\Software\ATMEL_~1\AVR128~1\AVR128~1\Debug\libAVR128DB_BSP.a(rtc.o)
 .debug_ranges  0x00000358       0x18 C:\Users\GMATEU~1\DOCUME~1\Trobina\DEVELO~1\Software\ATMEL_~1\AVR128~1\AVR128~1\Debug\libAVR128DB_BSP.a(slpctrl.o)
 .debug_ranges  0x00000370       0xa8 C:\Users\GMATEU~1\DOCUME~1\Trobina\DEVELO~1\Software\ATMEL_~1\AVR128~1\AVR128~1\Debug\libAVR128DB_BSP.a(spi_basic.o)
 .debug_ranges  0x00000418       0x18 C:\Users\GMATEU~1\DOCUME~1\Trobina\DEVELO~1\Software\ATMEL_~1\AVR128~1\AVR128~1\Debug\libAVR128DB_BSP.a(tcb.o)
 .debug_ranges  0x00000430       0x10 C:\Users\GMATEU~1\DOCUME~1\Trobina\DEVELO~1\Software\ATMEL_~1\AVR128~1\AVR128~1\Debug\libAVR128DB_BSP.a(tcd.o)
 .debug_ranges  0x00000440       0x68 C:\Users\GMATEU~1\DOCUME~1\Trobina\DEVELO~1\Software\ATMEL_~1\AVR128~1\AVR128~1\Debug\libAVR128DB_BSP.a(usart_basic.o)
 .debug_ranges  0x000004a8       0x10 C:\Users\GMATEU~1\DOCUME~1\Trobina\DEVELO~1\Software\ATMEL_~1\AVR128~1\AVR128~1\Debug\libAVR128DB_BSP.a(vref.o)
 .debug_ranges  0x000004b8       0x18 C:\Users\GMATEU~1\DOCUME~1\Trobina\DEVELO~1\Software\ATMEL_~1\AVR128~1\AVR128~1\Debug\libAVR128DB_BSP.a(zcd.o)
 .debug_ranges  0x000004d0       0x10 C:\Users\GMATEU~1\DOCUME~1\Trobina\DEVELO~1\Software\ATMEL_~1\AVR128~1\AVR128~1\Debug\libAVR128DB_BSP.a(bod.o)
 .debug_ranges  0x000004e0       0x10 C:\Users\GMATEU~1\DOCUME~1\Trobina\DEVELO~1\Software\ATMEL_~1\AVR128~1\AVR128~1\Debug\libAVR128DB_BSP.a(clkctrl.o)
 .debug_ranges  0x000004f0       0x10 C:\Users\GMATEU~1\DOCUME~1\Trobina\DEVELO~1\Software\ATMEL_~1\AVR128~1\AVR128~1\Debug\libAVR128DB_BSP.a(cpuint.o)

.debug_macro
 *(.debug_macro)
OUTPUT(libLMX_AVR128DB_LIB.elf elf32-avr)
LOAD linker stubs
