Archive member included to satisfy reference by file (symbol)

c:/program files (x86)/atmel/studio/7.0/toolchain/avr8/avr8-gnu-toolchain/bin/../lib/gcc/avr/5.4.0/../../../../avr/lib/avrxmega4\libm.a(addsf3.o)
                              lmx2694Handler.o (__subsf3)
c:/program files (x86)/atmel/studio/7.0/toolchain/avr8/avr8-gnu-toolchain/bin/../lib/gcc/avr/5.4.0/../../../../avr/lib/avrxmega4\libm.a(addsf3x.o)
                              c:/program files (x86)/atmel/studio/7.0/toolchain/avr8/avr8-gnu-toolchain/bin/../lib/gcc/avr/5.4.0/../../../../avr/lib/avrxmega4\libm.a(addsf3.o) (__addsf3x)
c:/program files (x86)/atmel/studio/7.0/toolchain/avr8/avr8-gnu-toolchain/bin/../lib/gcc/avr/5.4.0/../../../../avr/lib/avrxmega4\libm.a(cmpsf2.o)
                              lmx2694Handler.o (__ltsf2)
c:/program files (x86)/atmel/studio/7.0/toolchain/avr8/avr8-gnu-toolchain/bin/../lib/gcc/avr/5.4.0/../../../../avr/lib/avrxmega4\libm.a(divsf3.o)
                              lmx2694Handler.o (__divsf3)
c:/program files (x86)/atmel/studio/7.0/toolchain/avr8/avr8-gnu-toolchain/bin/../lib/gcc/avr/5.4.0/../../../../avr/lib/avrxmega4\libm.a(divsf3x.o)
                              c:/program files (x86)/atmel/studio/7.0/toolchain/avr8/avr8-gnu-toolchain/bin/../lib/gcc/avr/5.4.0/../../../../avr/lib/avrxmega4\libm.a(divsf3.o) (__divsf3x)
c:/program files (x86)/atmel/studio/7.0/toolchain/avr8/avr8-gnu-toolchain/bin/../lib/gcc/avr/5.4.0/../../../../avr/lib/avrxmega4\libm.a(fixunssfsi.o)
                              lmx2694Handler.o (__fixunssfsi)
c:/program files (x86)/atmel/studio/7.0/toolchain/avr8/avr8-gnu-toolchain/bin/../lib/gcc/avr/5.4.0/../../../../avr/lib/avrxmega4\libm.a(floatsisf.o)
                              lmx2694Handler.o (__floatunsisf)
c:/program files (x86)/atmel/studio/7.0/toolchain/avr8/avr8-gnu-toolchain/bin/../lib/gcc/avr/5.4.0/../../../../avr/lib/avrxmega4\libm.a(floor.o)
                              lmx2694Handler.o (floor)
c:/program files (x86)/atmel/studio/7.0/toolchain/avr8/avr8-gnu-toolchain/bin/../lib/gcc/avr/5.4.0/../../../../avr/lib/avrxmega4\libm.a(fp_cmp.o)
                              c:/program files (x86)/atmel/studio/7.0/toolchain/avr8/avr8-gnu-toolchain/bin/../lib/gcc/avr/5.4.0/../../../../avr/lib/avrxmega4\libm.a(cmpsf2.o) (__fp_cmp)
c:/program files (x86)/atmel/studio/7.0/toolchain/avr8/avr8-gnu-toolchain/bin/../lib/gcc/avr/5.4.0/../../../../avr/lib/avrxmega4\libm.a(fp_inf.o)
                              c:/program files (x86)/atmel/studio/7.0/toolchain/avr8/avr8-gnu-toolchain/bin/../lib/gcc/avr/5.4.0/../../../../avr/lib/avrxmega4\libm.a(addsf3x.o) (__fp_inf)
c:/program files (x86)/atmel/studio/7.0/toolchain/avr8/avr8-gnu-toolchain/bin/../lib/gcc/avr/5.4.0/../../../../avr/lib/avrxmega4\libm.a(fp_mintl.o)
                              c:/program files (x86)/atmel/studio/7.0/toolchain/avr8/avr8-gnu-toolchain/bin/../lib/gcc/avr/5.4.0/../../../../avr/lib/avrxmega4\libm.a(floor.o) (__fp_mintl)
c:/program files (x86)/atmel/studio/7.0/toolchain/avr8/avr8-gnu-toolchain/bin/../lib/gcc/avr/5.4.0/../../../../avr/lib/avrxmega4\libm.a(fp_mpack.o)
                              c:/program files (x86)/atmel/studio/7.0/toolchain/avr8/avr8-gnu-toolchain/bin/../lib/gcc/avr/5.4.0/../../../../avr/lib/avrxmega4\libm.a(floor.o) (__fp_mpack)
c:/program files (x86)/atmel/studio/7.0/toolchain/avr8/avr8-gnu-toolchain/bin/../lib/gcc/avr/5.4.0/../../../../avr/lib/avrxmega4\libm.a(fp_nan.o)
                              c:/program files (x86)/atmel/studio/7.0/toolchain/avr8/avr8-gnu-toolchain/bin/../lib/gcc/avr/5.4.0/../../../../avr/lib/avrxmega4\libm.a(addsf3x.o) (__fp_nan)
c:/program files (x86)/atmel/studio/7.0/toolchain/avr8/avr8-gnu-toolchain/bin/../lib/gcc/avr/5.4.0/../../../../avr/lib/avrxmega4\libm.a(fp_pscA.o)
                              c:/program files (x86)/atmel/studio/7.0/toolchain/avr8/avr8-gnu-toolchain/bin/../lib/gcc/avr/5.4.0/../../../../avr/lib/avrxmega4\libm.a(addsf3x.o) (__fp_pscA)
c:/program files (x86)/atmel/studio/7.0/toolchain/avr8/avr8-gnu-toolchain/bin/../lib/gcc/avr/5.4.0/../../../../avr/lib/avrxmega4\libm.a(fp_pscB.o)
                              c:/program files (x86)/atmel/studio/7.0/toolchain/avr8/avr8-gnu-toolchain/bin/../lib/gcc/avr/5.4.0/../../../../avr/lib/avrxmega4\libm.a(addsf3x.o) (__fp_pscB)
c:/program files (x86)/atmel/studio/7.0/toolchain/avr8/avr8-gnu-toolchain/bin/../lib/gcc/avr/5.4.0/../../../../avr/lib/avrxmega4\libm.a(fp_round.o)
                              c:/program files (x86)/atmel/studio/7.0/toolchain/avr8/avr8-gnu-toolchain/bin/../lib/gcc/avr/5.4.0/../../../../avr/lib/avrxmega4\libm.a(addsf3.o) (__fp_round)
c:/program files (x86)/atmel/studio/7.0/toolchain/avr8/avr8-gnu-toolchain/bin/../lib/gcc/avr/5.4.0/../../../../avr/lib/avrxmega4\libm.a(fp_split3.o)
                              c:/program files (x86)/atmel/studio/7.0/toolchain/avr8/avr8-gnu-toolchain/bin/../lib/gcc/avr/5.4.0/../../../../avr/lib/avrxmega4\libm.a(addsf3x.o) (__fp_split3)
[...]
Memory Configuration

Name             Origin             Length             Attributes
text             0x00000000         0x00020000         xr
data             0x00804000         0x00004000         rw !x
eeprom           0x00810000         0x00000200         rw !x
fuse             0x00820000         0x00000010         rw !x
lock             0x00830000         0x00000400         rw !x
signature        0x00840000         0x00000400         rw !x
user_signatures  0x00850000         0x00000400         rw !x
*default*        0x00000000         0xffffffff

Linker script and memory map

Address of section .data set to 0x804000
                0x00008000                __RODATA_PM_OFFSET__ = 0x8000
LOAD C:/Program Files (x86)/Atmel/Studio/7.0/Packs/Atmel/AVR-Dx_DFP/1.7.85/gcc/dev/avr128db48/avrxmega4/crtavr128db48.o
LOAD lmx2694Handler.o
LOAD main.o
LOAD SPI_Async_Handler.o
LOAD SPI_Syn_Class.o
START GROUP
LOAD c:/program files (x86)/atmel/studio/7.0/toolchain/avr8/avr8-gnu-toolchain/bin/../lib/gcc/avr/5.4.0/../../../../avr/lib/avrxmega4\libm.a
LOAD C:\Users\GMATEU~1\DOCUME~1\Trobina\DEVELO~1\Software\ATMEL_~1\AVR_CU~1\AVR_CU~1\Debug\libAVR_CURIOSITY_BSP.a
END GROUP
LOAD c:/program files (x86)/atmel/studio/7.0/toolchain/avr8/avr8-gnu-toolchain/bin/../lib/gcc/avr/5.4.0/../../../../avr/lib/avrxmega4\libprintf_flt.a
LOAD c:/program files (x86)/atmel/studio/7.0/toolchain/avr8/avr8-gnu-toolchain/bin/../lib/gcc/avr/5.4.0/avrxmega4\libgcc.a
LOAD c:/program files (x86)/atmel/studio/7.0/toolchain/avr8/avr8-gnu-toolchain/bin/../lib/gcc/avr/5.4.0/../../../../avr/lib/avrxmega4\libm.a
START GROUP
LOAD c:/program files (x86)/atmel/studio/7.0/toolchain/avr8/avr8-gnu-toolchain/bin/../lib/gcc/avr/5.4.0/avrxmega4\libgcc.a
LOAD c:/program files (x86)/atmel/studio/7.0/toolchain/avr8/avr8-gnu-toolchain/bin/../lib/gcc/avr/5.4.0/../../../../avr/lib/avrxmega4\libm.a
LOAD c:/program files (x86)/atmel/studio/7.0/toolchain/avr8/avr8-gnu-toolchain/bin/../lib/gcc/avr/5.4.0/../../../../avr/lib/avrxmega4\libc.a
LOAD C:/Program Files (x86)/Atmel/Studio/7.0/Packs/Atmel/AVR-Dx_DFP/1.7.85/gcc/dev/avr128db48/avrxmega4\libavr128db48.a
END GROUP
                [0x00000000]                __TEXT_REGION_ORIGIN__ = DEFINED (__TEXT_REGION_ORIGIN__)?__TEXT_REGION_ORIGIN__:0x0
                [0x00804000]                __DATA_REGION_ORIGIN__ = DEFINED (__DATA_REGION_ORIGIN__)?__DATA_REGION_ORIGIN__:0x802000
                [0x00020000]                __TEXT_REGION_LENGTH__ = DEFINED (__TEXT_REGION_LENGTH__)?__TEXT_REGION_LENGTH__:0x100000
                [0x00004000]                __DATA_REGION_LENGTH__ = DEFINED (__DATA_REGION_LENGTH__)?__DATA_REGION_LENGTH__:0xffa0
                [0x00000200]                __EEPROM_REGION_LENGTH__ = DEFINED (__EEPROM_REGION_LENGTH__)?__EEPROM_REGION_LENGTH__:0x10000
                [0x00000010]                __FUSE_REGION_LENGTH__ = DEFINED (__FUSE_REGION_LENGTH__)?__FUSE_REGION_LENGTH__:0x400
                0x00000400                __LOCK_REGION_LENGTH__ = DEFINED (__LOCK_REGION_LENGTH__)?__LOCK_REGION_LENGTH__:0x400
                0x00000400                __SIGNATURE_REGION_LENGTH__ = DEFINED (__SIGNATURE_REGION_LENGTH__)?__SIGNATURE_REGION_LENGTH__:0x400
                0x00000400                __USER_SIGNATURE_REGION_LENGTH__ = DEFINED (__USER_SIGNATURE_REGION_LENGTH__)?__USER_SIGNATURE_REGION_LENGTH__:0x400

.hash
 *(.hash)

.dynsym
 *(.dynsym)

.dynstr
 *(.dynstr)

.gnu.version
 *(.gnu.version)

.gnu.version_d
 *(.gnu.version_d)

.gnu.version_r
 *(.gnu.version_r)

.rel.init
 *(.rel.init)

.rela.init
 *(.rela.init)

.rel.text
 *(.rel.text)
 *(.rel.text.*)
 *(.rel.gnu.linkonce.t*)

.rela.text
 *(.rela.text)
 *(.rela.text.*)
 *(.rela.gnu.linkonce.t*)

.rel.fini
 *(.rel.fini)

.rela.fini
 *(.rela.fini)

.rel.rodata
 *(.rel.rodata)
 *(.rel.rodata.*)
 *(.rel.gnu.linkonce.r*)

.rela.rodata
 *(.rela.rodata)
 *(.rela.rodata.*)
 *(.rela.gnu.linkonce.r*)

.rel.data
 *(.rel.data)
 *(.rel.data.*)
 *(.rel.gnu.linkonce.d*)

.rela.data
 *(.rela.data)
 *(.rela.data.*)
 *(.rela.gnu.linkonce.d*)

.rel.ctors
 *(.rel.ctors)

.rela.ctors
 *(.rela.ctors)

.rel.dtors
 *(.rel.dtors)

.rela.dtors
 *(.rela.dtors)

.rel.got
 *(.rel.got)

.rela.got
 *(.rela.got)

.rel.bss
 *(.rel.bss)

.rela.bss
 *(.rela.bss)

.rel.plt
 *(.rel.plt)

.rela.plt
 *(.rela.plt)

.text           0x00000000     0x2750
 *(.vectors)
 .vectors       0x00000000       0xf4 C:/Program Files (x86)/Atmel/Studio/7.0/Packs/Atmel/AVR-Dx_DFP/1.7.85/gcc/dev/avr128db48/avrxmega4/crtavr128db48.o
                0x00000000                __vector_default
                0x00000000                __vectors
 *(.vectors)
 *(.progmem.gcc*)
                0x000000f4                . = ALIGN (0x2)
                0x000000f4                __trampolines_start = .
 *(.trampolines)
 .trampolines   0x000000f4        0x0 linker stubs
 *(.trampolines*)
                0x000000f4                __trampolines_end = .
 *libprintf_flt.a:*(.progmem.data)
 .progmem.data  0x000000f4        0x8 c:/program files (x86)/atmel/studio/7.0/toolchain/avr8/avr8-gnu-toolchain/bin/../lib/gcc/avr/5.4.0/../../../../avr/lib/avrxmega4\libprintf_flt.a(vfprintf_flt.o)
 *libc.a:*(.progmem.data)
 .progmem.data  0x000000fc       0xfa c:/program files (x86)/atmel/studio/7.0/toolchain/avr8/avr8-gnu-toolchain/bin/../lib/gcc/avr/5.4.0/../../../../avr/lib/avrxmega4\libc.a(ftoa_engine.o)
 *(.progmem*)
                0x000001f6                . = ALIGN (0x2)
 *(.jumptables)
 *(.jumptables*)
 *(.lowtext)
 *(.lowtext*)
                0x000001f6                __ctors_start = .
 *(.ctors)
 .ctors         0x000001f6        0x2 lmx2694Handler.o
 .ctors         0x000001f8        0x2 main.o
                0x000001fa                __ctors_end = .
                0x000001fa                __dtors_start = .
 *(.dtors)
 .dtors         0x000001fa        0x2 lmx2694Handler.o
 .dtors         0x000001fc        0x2 main.o
                0x000001fe                __dtors_end = .
 SORT(*)(.ctors)
 SORT(*)(.dtors)
 *(.init0)
 .init0         0x000001fe        0x0 C:/Program Files (x86)/Atmel/Studio/7.0/Packs/Atmel/AVR-Dx_DFP/1.7.85/gcc/dev/avr128db48/avrxmega4/crtavr128db48.o
                0x000001fe                __init
 *(.init0)
 *(.init1)
 *(.init1)
 *(.init2)
 .init2         0x000001fe        0xc C:/Program Files (x86)/Atmel/Studio/7.0/Packs/Atmel/AVR-Dx_DFP/1.7.85/gcc/dev/avr128db48/avrxmega4/crtavr128db48.o
 *(.init2)
 *(.init3)
 *(.init3)
 *(.init4)
 .init4         0x0000020a       0x1a c:/program files (x86)/atmel/studio/7.0/toolchain/avr8/avr8-gnu-toolchain/bin/../lib/gcc/avr/5.4.0/avrxmega4\libgcc.a(_copy_data.o)
                0x0000020a                __do_copy_data
 .init4         0x00000224       0x10 c:/program files (x86)/atmel/studio/7.0/toolchain/avr8/avr8-gnu-toolchain/bin/../lib/gcc/avr/5.4.0/avrxmega4\libgcc.a(_clear_bss.o)
                0x00000224                __do_clear_bss
 *(.init4)
 *(.init5)
 *(.init5)
 *(.init6)
 .init6         0x00000234       0x16 c:/program files (x86)/atmel/studio/7.0/toolchain/avr8/avr8-gnu-toolchain/bin/../lib/gcc/avr/5.4.0/avrxmega4\libgcc.a(_ctors.o)
                0x00000234                __do_global_ctors
 *(.init6)
 *(.init7)
 *(.init7)
 *(.init8)
 *(.init8)
 *(.init9)
 .init9         0x0000024a        0x8 C:/Program Files (x86)/Atmel/Studio/7.0/Packs/Atmel/AVR-Dx_DFP/1.7.85/gcc/dev/avr128db48/avrxmega4/crtavr128db48.o
 *(.init9)
 *(.text)
 .text          0x00000252        0x4 C:/Program Files (x86)/Atmel/Studio/7.0/Packs/Atmel/AVR-Dx_DFP/1.7.85/gcc/dev/avr128db48/avrxmega4/crtavr128db48.o
                0x00000252                __vector_38
                0x00000252                __vector_22
                0x00000252                __vector_28
                0x00000252                __vector_1
                0x00000252                __vector_32
                0x00000252                __vector_34
                0x00000252                __vector_24
                0x00000252                __vector_12
                0x00000252                __vector_55
                0x00000252                __vector_46
                0x00000252                __bad_interrupt
                0x00000252                __vector_6
                0x00000252                __vector_31
                0x00000252                __vector_35
                0x00000252                __vector_39
                0x00000252                __vector_3
                0x00000252                __vector_23
                0x00000252                __vector_30
                0x00000252                __vector_45
                0x00000252                __vector_25
                0x00000252                __vector_11
                0x00000252                __vector_54
                0x00000252                __vector_13
                0x00000252                __vector_17
                0x00000252                __vector_19
                0x00000252                __vector_56
                0x00000252                __vector_7
                0x00000252                __vector_49
                0x00000252                __vector_41
                0x00000252                __vector_43
                0x00000252                __vector_27
                0x00000252                __vector_33
                0x00000252                __vector_47
                0x00000252                __vector_52
                0x00000252                __vector_4
                0x00000252                __vector_44
                0x00000252                __vector_51
                0x00000252                __vector_9
                0x00000252                __vector_2
                0x00000252                __vector_21
                0x00000252                __vector_15
                0x00000252                __vector_36
                0x00000252                __vector_58
                0x00000252                __vector_29
                0x00000252                __vector_60
                0x00000252                __vector_40
                0x00000252                __vector_8
                0x00000252                __vector_26
                0x00000252                __vector_48
                0x00000252                __vector_14
                0x00000252                __vector_57
                0x00000252                __vector_53
                0x00000252                __vector_10
                0x00000252                __vector_50
                0x00000252                __vector_16
                0x00000252                __vector_59
                0x00000252                __vector_18
                0x00000252                __vector_20
                0x00000252                __vector_42
                0x00000256                . = ALIGN (0x2)
 *(.text.*)
 .text._ZN15lmx2694_HandlerC2Ev
                0x00000256       0x4e lmx2694Handler.o
                0x00000256                _ZN15lmx2694_HandlerC1Ev
                0x00000256                _ZN15lmx2694_HandlerC2Ev
 .text._ZN15lmx2694_HandlerD2Ev
                0x000002a4        0x2 lmx2694Handler.o
                0x000002a4                _ZN15lmx2694_HandlerD1Ev
                0x000002a4                _ZN15lmx2694_HandlerD2Ev
 .text._ZN15lmx2694_Handler13Get_N_DividerEb
                0x000002a6       0x40 lmx2694Handler.o
                0x000002a6                _ZN15lmx2694_Handler13Get_N_DividerEb
 .text._ZN15lmx2694_Handler13Get_NumeratorEb
                0x000002e6       0x40 lmx2694Handler.o
                0x000002e6                _ZN15lmx2694_Handler13Get_NumeratorEb
 .text._ZN15lmx2694_Handler15Get_DenominatorEb
                0x00000326       0x40 lmx2694Handler.o
                0x00000326                _ZN15lmx2694_Handler15Get_DenominatorEb
 .text._ZN15lmx2694_Handler27Calculate_Current_FrequencyEb
                0x00000366       0xb4 lmx2694Handler.o
                0x00000366                _ZN15lmx2694_Handler27Calculate_Current_FrequencyEb
 .text._ZN15lmx2694_Handler3GCDEmm
                0x0000041a       0xb0 lmx2694Handler.o
                0x0000041a                _ZN15lmx2694_Handler3GCDEmm
 .text._ZN15lmx2694_Handler28Choose_Channel_Divider_IndexEv
                0x000004ca       0xe6 lmx2694Handler.o
                0x000004ca                _ZN15lmx2694_Handler28Choose_Channel_Divider_IndexEv
 .text._ZN15lmx2694_Handler18Calculate_FractionEf
                0x000005b0       0x9e lmx2694Handler.o
                0x000005b0                _ZN15lmx2694_Handler18Calculate_FractionEf
 .text._ZN15lmx2694_Handler15Get_Three_BytesEm
                0x0000064e        0xa lmx2694Handler.o
                0x0000064e                _ZN15lmx2694_Handler15Get_Three_BytesEm
 .text._ZN15lmx2694_Handler10Power_DownEv
                0x00000658       0x56 lmx2694Handler.o
                0x00000658                _ZN15lmx2694_Handler10Power_DownEv
 .text._ZN15lmx2694_Handler13Program_ResetEv
                0x000006ae       0xa0 lmx2694Handler.o
                0x000006ae                _ZN15lmx2694_Handler13Program_ResetEv
 .text._ZN15lmx2694_Handler16Make_Three_BytesEhj
                0x0000074e        0xa lmx2694Handler.o
                0x0000074e                _ZN15lmx2694_Handler16Make_Three_BytesEhj
 .text._ZN15lmx2694_Handler21Write_Single_RegisterEhj
                0x00000758       0x9c lmx2694Handler.o
                0x00000758                _ZN15lmx2694_Handler21Write_Single_RegisterEhj
 .text._ZN15lmx2694_Handler19Program_PFD_DLY_SELEf
                0x000007f4       0xbc lmx2694Handler.o
                0x000007f4                _ZN15lmx2694_Handler19Program_PFD_DLY_SELEf
 .text._ZN15lmx2694_Handler13Write_FCAL_ENEb
                0x000008b0       0x48 lmx2694Handler.o
                0x000008b0                _ZN15lmx2694_Handler13Write_FCAL_ENEb
 .text._ZN15lmx2694_Handler14Toggle_FCAL_ENEv
                0x000008f8       0x24 lmx2694Handler.o
                0x000008f8                _ZN15lmx2694_Handler14Toggle_FCAL_ENEv
 .text._ZN15lmx2694_Handler18Initiate_RegistersEv
                0x0000091c       0x6c lmx2694Handler.o
                0x0000091c                _ZN15lmx2694_Handler18Initiate_RegistersEv
 .text._ZN15lmx2694_Handler19Set_MUXOUT_READBACKEb
                0x00000988       0x3e lmx2694Handler.o
                0x00000988                _ZN15lmx2694_Handler19Set_MUXOUT_READBACKEb
 .text._ZN15lmx2694_Handler20Read_Single_RegisterEh
                0x000009c6       0xde lmx2694Handler.o
                0x000009c6                _ZN15lmx2694_Handler20Read_Single_RegisterEh
 .text._ZN15lmx2694_Handler25Get_Channel_Divider_ValueEb
                0x00000aa4       0x60 lmx2694Handler.o
                0x00000aa4                _ZN15lmx2694_Handler25Get_Channel_Divider_ValueEb
 .text._ZN15lmx2694_Handler9Is_LockedEv
                0x00000b04       0xa8 lmx2694Handler.o
                0x00000b04                _ZN15lmx2694_Handler9Is_LockedEv
 .text._ZN15lmx2694_Handler4InitEv
                0x00000bac       0x5a lmx2694Handler.o
                0x00000bac                _ZN15lmx2694_Handler4InitEv
 .text._ZN15lmx2694_Handler19Program_PFD_DLY_SELEv
                0x00000c06       0x74 lmx2694Handler.o
                0x00000c06                _ZN15lmx2694_Handler19Program_PFD_DLY_SELEv
 .text._ZN15lmx2694_Handler24Write_Division_RegistersEv
                0x00000c7a       0x76 lmx2694Handler.o
                0x00000c7a                _ZN15lmx2694_Handler24Write_Division_RegistersEv
 .text._ZN15lmx2694_Handler20Set_Target_FrequencyEf
                0x00000cf0      0x1a4 lmx2694Handler.o
                0x00000cf0                _ZN15lmx2694_Handler20Set_Target_FrequencyEf
 .text._ZN15lmx2694_Handler9Self_TestEv
                0x00000e94      0x22e lmx2694Handler.o
                0x00000e94                _ZN15lmx2694_Handler9Self_TestEv
 .text._GLOBAL__sub_I__ZN15lmx2694_HandlerC2Ev
                0x000010c2        0xa lmx2694Handler.o
 .text._GLOBAL__sub_D__ZN15lmx2694_HandlerC2Ev
                0x000010cc        0xa lmx2694Handler.o
 .text._Z10RTC_enablev
                0x000010d6       0x16 main.o
                0x000010d6                _Z10RTC_enablev
 .text.__vector_5
                0x000010ec       0x20 main.o
                0x000010ec                __vector_5
 .text.main     0x0000110c       0x5c main.o
                0x0000110c                main
 .text._GLOBAL__sub_I__Z10RTC_enablev
                0x00001168        0xa main.o
 .text._GLOBAL__sub_D__Z10RTC_enablev
                0x00001172        0xa main.o
 .text._ZL21LMX_SPI_Transfer_Donev
                0x0000117c        0xe SPI_Async_Handler.o
 .text._ZN17SPI_Async_HandlerC2Ev
                0x0000118a        0xe SPI_Async_Handler.o
                0x0000118a                _ZN17SPI_Async_HandlerC2Ev
                0x0000118a                _ZN17SPI_Async_HandlerC1Ev
 .text._ZN17SPI_Async_HandlerD2Ev
                0x00001198        0x2 SPI_Async_Handler.o
                0x00001198                _ZN17SPI_Async_HandlerD1Ev
                0x00001198                _ZN17SPI_Async_HandlerD2Ev
 .text._ZN17SPI_Async_Handler4InitEv
                0x0000119a       0x1c SPI_Async_Handler.o
                0x0000119a                _ZN17SPI_Async_Handler4InitEv
 .text._ZN17SPI_Async_Handler5WriteEPKhh
                0x000011b6       0x2a SPI_Async_Handler.o
                0x000011b6                _ZN17SPI_Async_Handler5WriteEPKhh
 .text._ZN17SPI_Async_Handler4ReadEPhh
                0x000011e0       0x2a SPI_Async_Handler.o
                0x000011e0                _ZN17SPI_Async_Handler4ReadEPhh
 .text._ZN17SPI_Async_Handler5SetCSEb
                0x0000120a        0xc SPI_Async_Handler.o
                0x0000120a                _ZN17SPI_Async_Handler5SetCSEb
 .text.avr-libc.fplib
                0x00001216        0xe c:/program files (x86)/atmel/studio/7.0/toolchain/avr8/avr8-gnu-toolchain/bin/../lib/gcc/avr/5.4.0/../../../../avr/lib/avrxmega4\libm.a(addsf3.o)
                0x00001216                __subsf3
                0x00001218                __addsf3
 .text.avr-libc.fplib
                0x00001224       0xcc c:/program files (x86)/atmel/studio/7.0/toolchain/avr8/avr8-gnu-toolchain/bin/../lib/gcc/avr/5.4.0/../../../../avr/lib/avrxmega4\libm.a(addsf3x.o)
                0x00001246                __addsf3x
 .text.avr-libc.fplib
                0x000012f0        0xa c:/program files (x86)/atmel/studio/7.0/toolchain/avr8/avr8-gnu-toolchain/bin/../lib/gcc/avr/5.4.0/../../../../avr/lib/avrxmega4\libm.a(cmpsf2.o)
                0x000012f0                __nesf2
                0x000012f0                __eqsf2
                0x000012f0                __cmpsf2
                0x000012f0                __ltsf2
                0x000012f0                __lesf2
 .text.avr-libc.fplib
                0x000012fa        0x8 c:/program files (x86)/atmel/studio/7.0/toolchain/avr8/avr8-gnu-toolchain/bin/../lib/gcc/avr/5.4.0/../../../../avr/lib/avrxmega4\libm.a(divsf3.o)
                0x000012fa                __divsf3
 .text.avr-libc.fplib
                0x00001302       0xdc c:/program files (x86)/atmel/studio/7.0/toolchain/avr8/avr8-gnu-toolchain/bin/../lib/gcc/avr/5.4.0/../../../../avr/lib/avrxmega4\libm.a(divsf3x.o)
                0x00001322                __divsf3x
                0x00001328                __divsf3_pse
 .text.avr-libc.fplib
                0x000013de       0x5e c:/program files (x86)/atmel/studio/7.0/toolchain/avr8/avr8-gnu-toolchain/bin/../lib/gcc/avr/5.4.0/../../../../avr/lib/avrxmega4\libm.a(fixunssfsi.o)
                0x000013de                __fixunssfsi
 .text.avr-libc.fplib
                0x0000143c       0x7a c:/program files (x86)/atmel/studio/7.0/toolchain/avr8/avr8-gnu-toolchain/bin/../lib/gcc/avr/5.4.0/../../../../avr/lib/avrxmega4\libm.a(floatsisf.o)
                0x0000143c                __floatunsisf
                0x00001440                __floatsisf
 .text.avr-libc.fplib
                0x000014b6       0x2e c:/program files (x86)/atmel/studio/7.0/toolchain/avr8/avr8-gnu-toolchain/bin/../lib/gcc/avr/5.4.0/../../../../avr/lib/avrxmega4\libm.a(floor.o)
                0x000014b6                floor
 .text.avr-libc.fplib
                0x000014e4       0x48 c:/program files (x86)/atmel/studio/7.0/toolchain/avr8/avr8-gnu-toolchain/bin/../lib/gcc/avr/5.4.0/../../../../avr/lib/avrxmega4\libm.a(fp_cmp.o)
                0x000014e4                __fp_cmp
 .text.avr-libc.fplib
                0x0000152c        0xc c:/program files (x86)/atmel/studio/7.0/toolchain/avr8/avr8-gnu-toolchain/bin/../lib/gcc/avr/5.4.0/../../../../avr/lib/avrxmega4\libm.a(fp_inf.o)
                0x0000152c                __fp_inf
 .text.avr-libc.fplib
                0x00001538       0x36 c:/program files (x86)/atmel/studio/7.0/toolchain/avr8/avr8-gnu-toolchain/bin/../lib/gcc/avr/5.4.0/../../../../avr/lib/avrxmega4\libm.a(fp_mintl.o)
                0x00001538                __fp_mintl
 .text.avr-libc.fplib
                0x0000156e       0x1c c:/program files (x86)/atmel/studio/7.0/toolchain/avr8/avr8-gnu-toolchain/bin/../lib/gcc/avr/5.4.0/../../../../avr/lib/avrxmega4\libm.a(fp_mpack.o)
                0x0000156e                __fp_mpack
                0x00001572                __fp_mpack_finite
 .text.avr-libc.fplib
                0x0000158a        0x6 c:/program files (x86)/atmel/studio/7.0/toolchain/avr8/avr8-gnu-toolchain/bin/../lib/gcc/avr/5.4.0/../../../../avr/lib/avrxmega4\libm.a(fp_nan.o)
                0x0000158a                __fp_nan
 .text.avr-libc.fplib
                0x00001590        0xe c:/program files (x86)/atmel/studio/7.0/toolchain/avr8/avr8-gnu-toolchain/bin/../lib/gcc/avr/5.4.0/../../../../avr/lib/avrxmega4\libm.a(fp_pscA.o)
                0x00001590                __fp_pscA
 .text.avr-libc.fplib
                0x0000159e        0xe c:/program files (x86)/atmel/studio/7.0/toolchain/avr8/avr8-gnu-toolchain/bin/../lib/gcc/avr/5.4.0/../../../../avr/lib/avrxmega4\libm.a(fp_pscB.o)
                0x0000159e                __fp_pscB
 .text.avr-libc.fplib
                0x000015ac       0x22 c:/program files (x86)/atmel/studio/7.0/toolchain/avr8/avr8-gnu-toolchain/bin/../lib/gcc/avr/5.4.0/../../../../avr/lib/avrxmega4\libm.a(fp_round.o)
                0x000015ac                __fp_round
 .text.avr-libc.fplib
                0x000015ce       0x44 c:/program files (x86)/atmel/studio/7.0/toolchain/avr8/avr8-gnu-toolchain/bin/../lib/gcc/avr/5.4.0/../../../../avr/lib/avrxmega4\libm.a(fp_split3.o)
                0x000015ce                __fp_split3
                0x000015de                __fp_splitA
 .text.avr-libc.fplib
                0x00001612       0x30 c:/program files (x86)/atmel/studio/7.0/toolchain/avr8/avr8-gnu-toolchain/bin/../lib/gcc/avr/5.4.0/../../../../avr/lib/avrxmega4\libm.a(fp_trunc.o)
                0x00001612                __fp_trunc
 .text.avr-libc.fplib
                0x00001642        0xe c:/program files (x86)/atmel/studio/7.0/toolchain/avr8/avr8-gnu-toolchain/bin/../lib/gcc/avr/5.4.0/../../../../avr/lib/avrxmega4\libm.a(fp_zero.o)
                0x00001642                __fp_zero
                0x00001644                __fp_szero
 .text.avr-libc.fplib
                0x00001650        0xa c:/program files (x86)/atmel/studio/7.0/toolchain/avr8/avr8-gnu-toolchain/bin/../lib/gcc/avr/5.4.0/../../../../avr/lib/avrxmega4\libm.a(gesf2.o)
                0x00001650                __gesf2
                0x00001650                __gtsf2
 .text.avr-libc.fplib
                0x0000165a        0x8 c:/program files (x86)/atmel/studio/7.0/toolchain/avr8/avr8-gnu-toolchain/bin/../lib/gcc/avr/5.4.0/../../../../avr/lib/avrxmega4\libm.a(mulsf3.o)
                0x0000165a                __mulsf3
 .text.avr-libc.fplib
                0x00001662       0xd2 c:/program files (x86)/atmel/studio/7.0/toolchain/avr8/avr8-gnu-toolchain/bin/../lib/gcc/avr/5.4.0/../../../../avr/lib/avrxmega4\libm.a(mulsf3x.o)
                0x00001680                __mulsf3x
                0x00001686                __mulsf3_pse
 .text.avr-libc.fplib
                0x00001734       0x48 c:/program files (x86)/atmel/studio/7.0/toolchain/avr8/avr8-gnu-toolchain/bin/../lib/gcc/avr/5.4.0/../../../../avr/lib/avrxmega4\libm.a(round.o)
                0x00001734                round
 .text.atmel_start_init
                0x0000177c        0x6 C:\Users\GMATEU~1\DOCUME~1\Trobina\DEVELO~1\Software\ATMEL_~1\AVR_CU~1\AVR_CU~1\Debug\libAVR_CURIOSITY_BSP.a(atmel_start.o)
                0x0000177c                atmel_start_init
 .text.mcu_init
                0x00001782       0x92 C:\Users\GMATEU~1\DOCUME~1\Trobina\DEVELO~1\Software\ATMEL_~1\AVR_CU~1\AVR_CU~1\Debug\libAVR_CURIOSITY_BSP.a(driver_init.o)
                0x00001782                mcu_init
 .text.OPERATIONAL_AMPLIFIER_0_initialization
                0x00001814       0x2a C:\Users\GMATEU~1\DOCUME~1\Trobina\DEVELO~1\Software\ATMEL_~1\AVR_CU~1\AVR_CU~1\Debug\libAVR_CURIOSITY_BSP.a(driver_init.o)
                0x00001814                OPERATIONAL_AMPLIFIER_0_initialization
 .text.USART_0_initialization
                0x0000183e       0x22 C:\Users\GMATEU~1\DOCUME~1\Trobina\DEVELO~1\Software\ATMEL_~1\AVR_CU~1\AVR_CU~1\Debug\libAVR_CURIOSITY_BSP.a(driver_init.o)
                0x0000183e                USART_0_initialization
 .text.EVENT_SYSTEM_0_initialization
                0x00001860        0x6 C:\Users\GMATEU~1\DOCUME~1\Trobina\DEVELO~1\Software\ATMEL_~1\AVR_CU~1\AVR_CU~1\Debug\libAVR_CURIOSITY_BSP.a(driver_init.o)
                0x00001860                EVENT_SYSTEM_0_initialization
 .text.ZCD_Rising_initialization
                0x00001866       0x18 C:\Users\GMATEU~1\DOCUME~1\Trobina\DEVELO~1\Software\ATMEL_~1\AVR_CU~1\AVR_CU~1\Debug\libAVR_CURIOSITY_BSP.a(driver_init.o)
                0x00001866                ZCD_Rising_initialization
 .text.ZCD_Falling_initialization
                0x0000187e       0x18 C:\Users\GMATEU~1\DOCUME~1\Trobina\DEVELO~1\Software\ATMEL_~1\AVR_CU~1\AVR_CU~1\Debug\libAVR_CURIOSITY_BSP.a(driver_init.o)
                0x0000187e                ZCD_Falling_initialization
 .text.SPI_ADF_initialization
                0x00001896       0x2e C:\Users\GMATEU~1\DOCUME~1\Trobina\DEVELO~1\Software\ATMEL_~1\AVR_CU~1\AVR_CU~1\Debug\libAVR_CURIOSITY_BSP.a(driver_init.o)
                0x00001896                SPI_ADF_initialization
 .text.SPI_LMX_initialization
                0x000018c4       0x2e C:\Users\GMATEU~1\DOCUME~1\Trobina\DEVELO~1\Software\ATMEL_~1\AVR_CU~1\AVR_CU~1\Debug\libAVR_CURIOSITY_BSP.a(driver_init.o)
                0x000018c4                SPI_LMX_initialization
 .text.TIMER_RISING_initialization
                0x000018f2        0x6 C:\Users\GMATEU~1\DOCUME~1\Trobina\DEVELO~1\Software\ATMEL_~1\AVR_CU~1\AVR_CU~1\Debug\libAVR_CURIOSITY_BSP.a(driver_init.o)
                0x000018f2                TIMER_RISING_initialization
 .text.TIMER_Falling_initialization
                0x000018f8        0x6 C:\Users\GMATEU~1\DOCUME~1\Trobina\DEVELO~1\Software\ATMEL_~1\AVR_CU~1\AVR_CU~1\Debug\libAVR_CURIOSITY_BSP.a(driver_init.o)
                0x000018f8                TIMER_Falling_initialization
 .text.TIMER_C_initialization
                0x000018fe        0x6 C:\Users\GMATEU~1\DOCUME~1\Trobina\DEVELO~1\Software\ATMEL_~1\AVR_CU~1\AVR_CU~1\Debug\libAVR_CURIOSITY_BSP.a(driver_init.o)
                0x000018fe                TIMER_C_initialization
 .text.system_init
                0x00001904       0x72 C:\Users\GMATEU~1\DOCUME~1\Trobina\DEVELO~1\Software\ATMEL_~1\AVR_CU~1\AVR_CU~1\Debug\libAVR_CURIOSITY_BSP.a(driver_init.o)
                0x00001904                system_init
 .text.EVENT_SYSTEM_0_init
                0x00001976       0x22 C:\Users\GMATEU~1\DOCUME~1\Trobina\DEVELO~1\Software\ATMEL_~1\AVR_CU~1\AVR_CU~1\Debug\libAVR_CURIOSITY_BSP.a(evsys.o)
                0x00001976                EVENT_SYSTEM_0_init
 .text.OPERATIONAL_AMPLIFIER_0_init
                0x00001998       0x20 C:\Users\GMATEU~1\DOCUME~1\Trobina\DEVELO~1\Software\ATMEL_~1\AVR_CU~1\AVR_CU~1\Debug\libAVR_CURIOSITY_BSP.a(opamp_basic.o)
                0x00001998                OPERATIONAL_AMPLIFIER_0_init
 .text.RTC_0_init
                0x000019b8       0x22 C:\Users\GMATEU~1\DOCUME~1\Trobina\DEVELO~1\Software\ATMEL_~1\AVR_CU~1\AVR_CU~1\Debug\libAVR_CURIOSITY_BSP.a(rtc.o)
                0x000019b8                RTC_0_init
 .text.SLPCTRL_init
                0x000019da        0x4 C:\Users\GMATEU~1\DOCUME~1\Trobina\DEVELO~1\Software\ATMEL_~1\AVR_CU~1\AVR_CU~1\Debug\libAVR_CURIOSITY_BSP.a(slpctrl.o)
                0x000019da                SLPCTRL_init
 .text.SPI_ADF_init
                0x000019de       0x12 C:\Users\GMATEU~1\DOCUME~1\Trobina\DEVELO~1\Software\ATMEL_~1\AVR_CU~1\AVR_CU~1\Debug\libAVR_CURIOSITY_BSP.a(spi_basic.o)
                0x000019de                SPI_ADF_init
 .text.SPI_LMX_init
                0x000019f0       0x18 C:\Users\GMATEU~1\DOCUME~1\Trobina\DEVELO~1\Software\ATMEL_~1\AVR_CU~1\AVR_CU~1\Debug\libAVR_CURIOSITY_BSP.a(spi_basic.o)
                0x000019f0                SPI_LMX_init
 .text.SPI_LMX_enable
                0x00001a08        0xc C:\Users\GMATEU~1\DOCUME~1\Trobina\DEVELO~1\Software\ATMEL_~1\AVR_CU~1\AVR_CU~1\Debug\libAVR_CURIOSITY_BSP.a(spi_basic.o)
                0x00001a08                SPI_LMX_enable
 .text.SPI_LMX_register_callback
                0x00001a14        0xa C:\Users\GMATEU~1\DOCUME~1\Trobina\DEVELO~1\Software\ATMEL_~1\AVR_CU~1\AVR_CU~1\Debug\libAVR_CURIOSITY_BSP.a(spi_basic.o)
                0x00001a14                SPI_LMX_register_callback
 .text.__vector_37
                0x00001a1e       0xae C:\Users\GMATEU~1\DOCUME~1\Trobina\DEVELO~1\Software\ATMEL_~1\AVR_CU~1\AVR_CU~1\Debug\libAVR_CURIOSITY_BSP.a(spi_basic.o)
                0x00001a1e                __vector_37
 .text.SPI_LMX_status_busy
                0x00001acc        0xe C:\Users\GMATEU~1\DOCUME~1\Trobina\DEVELO~1\Software\ATMEL_~1\AVR_CU~1\AVR_CU~1\Debug\libAVR_CURIOSITY_BSP.a(spi_basic.o)
                0x00001acc                SPI_LMX_status_busy
 .text.SPI_LMX_write_block
                0x00001ada       0x1a C:\Users\GMATEU~1\DOCUME~1\Trobina\DEVELO~1\Software\ATMEL_~1\AVR_CU~1\AVR_CU~1\Debug\libAVR_CURIOSITY_BSP.a(spi_basic.o)
                0x00001ada                SPI_LMX_write_block
 .text.SPI_LMX_read_block
                0x00001af4       0x18 C:\Users\GMATEU~1\DOCUME~1\Trobina\DEVELO~1\Software\ATMEL_~1\AVR_CU~1\AVR_CU~1\Debug\libAVR_CURIOSITY_BSP.a(spi_basic.o)
                0x00001af4                SPI_LMX_read_block
 .text.TIMER_RISING_init
                0x00001b0c       0x24 C:\Users\GMATEU~1\DOCUME~1\Trobina\DEVELO~1\Software\ATMEL_~1\AVR_CU~1\AVR_CU~1\Debug\libAVR_CURIOSITY_BSP.a(tcb.o)
                0x00001b0c                TIMER_RISING_init
 .text.TIMER_Falling_init
                0x00001b30       0x18 C:\Users\GMATEU~1\DOCUME~1\Trobina\DEVELO~1\Software\ATMEL_~1\AVR_CU~1\AVR_CU~1\Debug\libAVR_CURIOSITY_BSP.a(tcb.o)
                0x00001b30                TIMER_Falling_init
 .text.TIMER_C_init
                0x00001b48       0x2c C:\Users\GMATEU~1\DOCUME~1\Trobina\DEVELO~1\Software\ATMEL_~1\AVR_CU~1\AVR_CU~1\Debug\libAVR_CURIOSITY_BSP.a(tcd.o)
                0x00001b48                TIMER_C_init
 .text.USART_0_init
                0x00001b74       0x20 C:\Users\GMATEU~1\DOCUME~1\Trobina\DEVELO~1\Software\ATMEL_~1\AVR_CU~1\AVR_CU~1\Debug\libAVR_CURIOSITY_BSP.a(usart_basic.o)
                0x00001b74                USART_0_init
 .text.USART_0_write
                0x00001b94        0xe C:\Users\GMATEU~1\DOCUME~1\Trobina\DEVELO~1\Software\ATMEL_~1\AVR_CU~1\AVR_CU~1\Debug\libAVR_CURIOSITY_BSP.a(usart_basic.o)
                0x00001b94                USART_0_write
 .text.USART_0_printCHAR
                0x00001ba2        0xa C:\Users\GMATEU~1\DOCUME~1\Trobina\DEVELO~1\Software\ATMEL_~1\AVR_CU~1\AVR_CU~1\Debug\libAVR_CURIOSITY_BSP.a(usart_basic.o)
                0x00001ba2                USART_0_printCHAR
 .text.ZCD_Rising_init
                0x00001bac       0x10 C:\Users\GMATEU~1\DOCUME~1\Trobina\DEVELO~1\Software\ATMEL_~1\AVR_CU~1\AVR_CU~1\Debug\libAVR_CURIOSITY_BSP.a(zcd.o)
                0x00001bac                ZCD_Rising_init
 .text.ZCD_Falling_init
                0x00001bbc       0x10 C:\Users\GMATEU~1\DOCUME~1\Trobina\DEVELO~1\Software\ATMEL_~1\AVR_CU~1\AVR_CU~1\Debug\libAVR_CURIOSITY_BSP.a(zcd.o)
                0x00001bbc                ZCD_Falling_init
 .text.BOD_init
                0x00001bcc        0x8 C:\Users\GMATEU~1\DOCUME~1\Trobina\DEVELO~1\Software\ATMEL_~1\AVR_CU~1\AVR_CU~1\Debug\libAVR_CURIOSITY_BSP.a(bod.o)
                0x00001bcc                BOD_init
 .text.CLKCTRL_init
                0x00001bd4       0x34 C:\Users\GMATEU~1\DOCUME~1\Trobina\DEVELO~1\Software\ATMEL_~1\AVR_CU~1\AVR_CU~1\Debug\libAVR_CURIOSITY_BSP.a(clkctrl.o)
                0x00001bd4                CLKCTRL_init
 .text.CPUINT_init
                0x00001c08        0x6 C:\Users\GMATEU~1\DOCUME~1\Trobina\DEVELO~1\Software\ATMEL_~1\AVR_CU~1\AVR_CU~1\Debug\libAVR_CURIOSITY_BSP.a(cpuint.o)
                0x00001c08                CPUINT_init
 .text.protected_write_io
                0x00001c0e        0xa C:\Users\GMATEU~1\DOCUME~1\Trobina\DEVELO~1\Software\ATMEL_~1\AVR_CU~1\AVR_CU~1\Debug\libAVR_CURIOSITY_BSP.a(protected_io.o)
                0x00001c0e                protected_write_io
 .text.avr-libc
                0x00001c18      0x740 c:/program files (x86)/atmel/studio/7.0/toolchain/avr8/avr8-gnu-toolchain/bin/../lib/gcc/avr/5.4.0/../../../../avr/lib/avrxmega4\libprintf_flt.a(vfprintf_flt.o)
                0x00001c18                vfprintf
 .text.libgcc.div
                0x00002358       0x28 c:/program files (x86)/atmel/studio/7.0/toolchain/avr8/avr8-gnu-toolchain/bin/../lib/gcc/avr/5.4.0/avrxmega4\libgcc.a(_divmodhi4.o)
                0x00002358                _div
                0x00002358                __divmodhi4
 .text.libgcc.div
                0x00002380       0x44 c:/program files (x86)/atmel/studio/7.0/toolchain/avr8/avr8-gnu-toolchain/bin/../lib/gcc/avr/5.4.0/avrxmega4\libgcc.a(_udivmodsi4.o)
                0x00002380                __udivmodsi4
 .text.libgcc.div
                0x000023c4       0x28 c:/program files (x86)/atmel/studio/7.0/toolchain/avr8/avr8-gnu-toolchain/bin/../lib/gcc/avr/5.4.0/avrxmega4\libgcc.a(_udivmodhi4.o)
                0x000023c4                __udivmodhi4
 .text.libgcc   0x000023ec       0x12 c:/program files (x86)/atmel/studio/7.0/toolchain/avr8/avr8-gnu-toolchain/bin/../lib/gcc/avr/5.4.0/avrxmega4\libgcc.a(_tablejump2.o)
                0x000023ec                __tablejump2__
 .text.avr-libc
                0x000023fe      0x1b0 c:/program files (x86)/atmel/studio/7.0/toolchain/avr8/avr8-gnu-toolchain/bin/../lib/gcc/avr/5.4.0/../../../../avr/lib/avrxmega4\libc.a(ftoa_engine.o)
                0x000023fe                __ftoa_engine
 .text.avr-libc
                0x000025ae       0x16 c:/program files (x86)/atmel/studio/7.0/toolchain/avr8/avr8-gnu-toolchain/bin/../lib/gcc/avr/5.4.0/../../../../avr/lib/avrxmega4\libc.a(strnlen_P.o)
                0x000025ae                strnlen_P
 .text.avr-libc
                0x000025c4       0x16 c:/program files (x86)/atmel/studio/7.0/toolchain/avr8/avr8-gnu-toolchain/bin/../lib/gcc/avr/5.4.0/../../../../avr/lib/avrxmega4\libc.a(strnlen.o)
                0x000025c4                strnlen
 .text.avr-libc
                0x000025da       0x78 c:/program files (x86)/atmel/studio/7.0/toolchain/avr8/avr8-gnu-toolchain/bin/../lib/gcc/avr/5.4.0/../../../../avr/lib/avrxmega4\libc.a(fputc.o)
                0x000025da                fputc
 .text.avr-libc
                0x00002652       0x28 c:/program files (x86)/atmel/studio/7.0/toolchain/avr8/avr8-gnu-toolchain/bin/../lib/gcc/avr/5.4.0/../../../../avr/lib/avrxmega4\libc.a(printf.o)
                0x00002652                printf
 .text.avr-libc
                0x0000267a       0xbc c:/program files (x86)/atmel/studio/7.0/toolchain/avr8/avr8-gnu-toolchain/bin/../lib/gcc/avr/5.4.0/../../../../avr/lib/avrxmega4\libc.a(ultoa_invert.o)
                0x0000267a                __ultoa_invert
                0x00002736                . = ALIGN (0x2)
 *(.fini9)
 .fini9         0x00002736        0x0 c:/program files (x86)/atmel/studio/7.0/toolchain/avr8/avr8-gnu-toolchain/bin/../lib/gcc/avr/5.4.0/avrxmega4\libgcc.a(_exit.o)
                0x00002736                _exit
                0x00002736                exit
 *(.fini9)
 *(.fini8)
 *(.fini8)
 *(.fini7)
 *(.fini7)
 *(.fini6)
 .fini6         0x00002736       0x16 c:/program files (x86)/atmel/studio/7.0/toolchain/avr8/avr8-gnu-toolchain/bin/../lib/gcc/avr/5.4.0/avrxmega4\libgcc.a(_dtors.o)
                0x00002736                __do_global_dtors
 *(.fini6)
 *(.fini5)
 *(.fini5)
 *(.fini4)
 *(.fini4)
 *(.fini3)
 *(.fini3)
 *(.fini2)
 *(.fini2)
 *(.fini1)
 *(.fini1)
 *(.fini0)
 .fini0         0x0000274c        0x4 c:/program files (x86)/atmel/studio/7.0/toolchain/avr8/avr8-gnu-toolchain/bin/../lib/gcc/avr/5.4.0/avrxmega4\libgcc.a(_exit.o)
 *(.fini0)
                0x00002750                _etext = .

.data           0x00804000      0x148 load address 0x00002750
                0x00804000                PROVIDE (__data_start, .)
 *(.data)
 *(.data*)
 .data.USART_0_stream
                0x00804000        0xe C:\Users\GMATEU~1\DOCUME~1\Trobina\DEVELO~1\Software\ATMEL_~1\AVR_CU~1\AVR_CU~1\Debug\libAVR_CURIOSITY_BSP.a(usart_basic.o)
                0x00804000                USART_0_stream
 *(.gnu.linkonce.d*)
 *(.rodata)
 *(.rodata*)
 .rodata.str1.1
                0x0080400e       0x30 lmx2694Handler.o
 .rodata._ZL22channel_divider_values
                0x0080403e       0x1c lmx2694Handler.o
 .rodata._ZL17default_registers
                0x0080405a       0xe6 lmx2694Handler.o
 .rodata.str1.1
                0x00804140        0x8 main.o
 *(.gnu.linkonce.r*)
                0x00804148                . = ALIGN (0x2)
                0x00804148                _edata = .
                0x00804148                PROVIDE (__data_end, .)

.bss            0x00804148      0x225
                0x00804148                PROVIDE (__bss_start, .)
 *(.bss)
 *(.bss*)
 .bss._ZL21local_write_registers
                0x00804148       0xe6 lmx2694Handler.o
 .bss._ZL20local_read_registers
                0x0080422e       0xe6 lmx2694Handler.o
 .bss._ZL9staticSPI
                0x00804314        0x1 lmx2694Handler.o
 .bss._ZL3lmx   0x00804315       0x48 main.o
 .bss.ptrSPIAsync
                0x0080435d        0x2 SPI_Async_Handler.o
                0x0080435d                ptrSPIAsync
 .bss.SPI_LMX_desc
                0x0080435f        0x7 C:\Users\GMATEU~1\DOCUME~1\Trobina\DEVELO~1\Software\ATMEL_~1\AVR_CU~1\AVR_CU~1\Debug\libAVR_CURIOSITY_BSP.a(spi_basic.o)
 .bss.SPI_ADF_desc
                0x00804366        0x1 C:\Users\GMATEU~1\DOCUME~1\Trobina\DEVELO~1\Software\ATMEL_~1\AVR_CU~1\AVR_CU~1\Debug\libAVR_CURIOSITY_BSP.a(spi_basic.o)
 *(COMMON)
 COMMON         0x00804367        0x6 c:/program files (x86)/atmel/studio/7.0/toolchain/avr8/avr8-gnu-toolchain/bin/../lib/gcc/avr/5.4.0/../../../../avr/lib/avrxmega4\libc.a(iob.o)
                0x00804367                __iob
                0x0080436d                PROVIDE (__bss_end, .)
                0x00002750                __data_load_start = LOADADDR (.data)
                0x00002898                __data_load_end = (__data_load_start + SIZEOF (.data))

.noinit         0x0080436d        0x0
                [!provide]                PROVIDE (__noinit_start, .)
 *(.noinit*)
                [!provide]                PROVIDE (__noinit_end, .)
                0x0080436d                _end = .
                [!provide]                PROVIDE (__heap_start, .)

.eeprom         0x00810000        0x0
 *(.eeprom*)
                0x00810000                __eeprom_end = .

.fuse
 *(.fuse)
 *(.lfuse)
 *(.hfuse)
 *(.efuse)

.lock
 *(.lock*)

.signature
 *(.signature*)

.user_signatures
 *(.user_signatures*)

.stab
 *(.stab)

.stabstr
 *(.stabstr)

.stab.excl
 *(.stab.excl)

.stab.exclstr
 *(.stab.exclstr)

.stab.index
 *(.stab.index)

.stab.indexstr
 *(.stab.indexstr)

.comment        0x00000000       0x5c
 *(.comment)
 .comment       0x00000000       0x30 lmx2694Handler.o
                                 0x31 (size before relaxing)
 .comment       0x00000030       0x31 main.o
 .comment       0x00000030       0x31 SPI_Async_Handler.o
 .comment       0x00000030       0x31 C:\Users\GMATEU~1\DOCUME~1\Trobina\DEVELO~1\Software\ATMEL_~1\AVR_CU~1\AVR_CU~1\Debug\libAVR_CURIOSITY_BSP.a(atmel_start.o)
 .comment       0x00000030       0x31 C:\Users\GMATEU~1\DOCUME~1\Trobina\DEVELO~1\Software\ATMEL_~1\AVR_CU~1\AVR_CU~1\Debug\libAVR_CURIOSITY_BSP.a(driver_init.o)
 .comment       0x00000030       0x31 C:\Users\GMATEU~1\DOCUME~1\Trobina\DEVELO~1\Software\ATMEL_~1\AVR_CU~1\AVR_CU~1\Debug\libAVR_CURIOSITY_BSP.a(evsys.o)
 .comment       0x00000030       0x31 C:\Users\GMATEU~1\DOCUME~1\Trobina\DEVELO~1\Software\ATMEL_~1\AVR_CU~1\AVR_CU~1\Debug\libAVR_CURIOSITY_BSP.a(opamp_basic.o)
 .comment       0x00000030       0x31 C:\Users\GMATEU~1\DOCUME~1\Trobina\DEVELO~1\Software\ATMEL_~1\AVR_CU~1\AVR_CU~1\Debug\libAVR_CURIOSITY_BSP.a(rtc.o)
 .comment       0x00000030       0x31 C:\Users\GMATEU~1\DOCUME~1\Trobina\DEVELO~1\Software\ATMEL_~1\AVR_CU~1\AVR_CU~1\Debug\libAVR_CURIOSITY_BSP.a(slpctrl.o)
 .comment       0x00000030       0x31 C:\Users\GMATEU~1\DOCUME~1\Trobina\DEVELO~1\Software\ATMEL_~1\AVR_CU~1\AVR_CU~1\Debug\libAVR_CURIOSITY_BSP.a(spi_basic.o)
 .comment       0x00000030       0x31 C:\Users\GMATEU~1\DOCUME~1\Trobina\DEVELO~1\Software\ATMEL_~1\AVR_CU~1\AVR_CU~1\Debug\libAVR_CURIOSITY_BSP.a(tcb.o)
 .comment       0x00000030       0x31 C:\Users\GMATEU~1\DOCUME~1\Trobina\DEVELO~1\Software\ATMEL_~1\AVR_CU~1\AVR_CU~1\Debug\libAVR_CURIOSITY_BSP.a(tcd.o)
 .comment       0x00000030       0x31 C:\Users\GMATEU~1\DOCUME~1\Trobina\DEVELO~1\Software\ATMEL_~1\AVR_CU~1\AVR_CU~1\Debug\libAVR_CURIOSITY_BSP.a(usart_basic.o)
 .comment       0x00000030       0x31 C:\Users\GMATEU~1\DOCUME~1\Trobina\DEVELO~1\Software\ATMEL_~1\AVR_CU~1\AVR_CU~1\Debug\libAVR_CURIOSITY_BSP.a(zcd.o)
 .comment       0x00000030       0x31 C:\Users\GMATEU~1\DOCUME~1\Trobina\DEVELO~1\Software\ATMEL_~1\AVR_CU~1\AVR_CU~1\Debug\libAVR_CURIOSITY_BSP.a(bod.o)
 .comment       0x00000030       0x31 C:\Users\GMATEU~1\DOCUME~1\Trobina\DEVELO~1\Software\ATMEL_~1\AVR_CU~1\AVR_CU~1\Debug\libAVR_CURIOSITY_BSP.a(clkctrl.o)
 .comment       0x00000030       0x31 C:\Users\GMATEU~1\DOCUME~1\Trobina\DEVELO~1\Software\ATMEL_~1\AVR_CU~1\AVR_CU~1\Debug\libAVR_CURIOSITY_BSP.a(cpuint.o)
 .comment       0x00000030       0x2c c:/program files (x86)/atmel/studio/7.0/toolchain/avr8/avr8-gnu-toolchain/bin/../lib/gcc/avr/5.4.0/../../../../avr/lib/avrxmega4\libprintf_flt.a(vfprintf_flt.o)
                                 0x2d (size before relaxing)
 .comment       0x0000005c       0x31 c:/program files (x86)/atmel/studio/7.0/toolchain/avr8/avr8-gnu-toolchain/bin/../lib/gcc/avr/5.4.0/../../../../avr/lib/avrxmega4\libc.a(fputc.o)
 .comment       0x0000005c       0x31 c:/program files (x86)/atmel/studio/7.0/toolchain/avr8/avr8-gnu-toolchain/bin/../lib/gcc/avr/5.4.0/../../../../avr/lib/avrxmega4\libc.a(iob.o)
 .comment       0x0000005c       0x31 c:/program files (x86)/atmel/studio/7.0/toolchain/avr8/avr8-gnu-toolchain/bin/../lib/gcc/avr/5.4.0/../../../../avr/lib/avrxmega4\libc.a(printf.o)

.note.gnu.avr.deviceinfo
                0x00000000       0x40
 .note.gnu.avr.deviceinfo
                0x00000000       0x40 C:/Program Files (x86)/Atmel/Studio/7.0/Packs/Atmel/AVR-Dx_DFP/1.7.85/gcc/dev/avr128db48/avrxmega4/crtavr128db48.o

.note.gnu.build-id
 *(.note.gnu.build-id)

.debug
 *(.debug)

.line
 *(.line)

.debug_srcinfo
 *(.debug_srcinfo)

.debug_sfnames
 *(.debug_sfnames)

.debug_aranges  0x00000000      0x5d8
 *(.debug_aranges)
 .debug_aranges
                0x00000000      0x120 lmx2694Handler.o
 .debug_aranges
                0x00000120       0x40 main.o
 .debug_aranges
                0x00000160       0x68 SPI_Async_Handler.o
 .debug_aranges
                0x000001c8       0x20 C:\Users\GMATEU~1\DOCUME~1\Trobina\DEVELO~1\Software\ATMEL_~1\AVR_CU~1\AVR_CU~1\Debug\libAVR_CURIOSITY_BSP.a(atmel_start.o)
 .debug_aranges
                0x000001e8       0x78 C:\Users\GMATEU~1\DOCUME~1\Trobina\DEVELO~1\Software\ATMEL_~1\AVR_CU~1\AVR_CU~1\Debug\libAVR_CURIOSITY_BSP.a(driver_init.o)
 .debug_aranges
                0x00000260       0x20 C:\Users\GMATEU~1\DOCUME~1\Trobina\DEVELO~1\Software\ATMEL_~1\AVR_CU~1\AVR_CU~1\Debug\libAVR_CURIOSITY_BSP.a(evsys.o)
 .debug_aranges
                0x00000280       0xf0 C:\Users\GMATEU~1\DOCUME~1\Trobina\DEVELO~1\Software\ATMEL_~1\AVR_CU~1\AVR_CU~1\Debug\libAVR_CURIOSITY_BSP.a(opamp_basic.o)
 .debug_aranges
                0x00000370       0x20 C:\Users\GMATEU~1\DOCUME~1\Trobina\DEVELO~1\Software\ATMEL_~1\AVR_CU~1\AVR_CU~1\Debug\libAVR_CURIOSITY_BSP.a(rtc.o)
 .debug_aranges
                0x00000390       0x28 C:\Users\GMATEU~1\DOCUME~1\Trobina\DEVELO~1\Software\ATMEL_~1\AVR_CU~1\AVR_CU~1\Debug\libAVR_CURIOSITY_BSP.a(slpctrl.o)
 .debug_aranges
                0x000003b8       0xb8 C:\Users\GMATEU~1\DOCUME~1\Trobina\DEVELO~1\Software\ATMEL_~1\AVR_CU~1\AVR_CU~1\Debug\libAVR_CURIOSITY_BSP.a(spi_basic.o)
 .debug_aranges
                0x00000470       0x28 C:\Users\GMATEU~1\DOCUME~1\Trobina\DEVELO~1\Software\ATMEL_~1\AVR_CU~1\AVR_CU~1\Debug\libAVR_CURIOSITY_BSP.a(tcb.o)
 .debug_aranges
                0x00000498       0x20 C:\Users\GMATEU~1\DOCUME~1\Trobina\DEVELO~1\Software\ATMEL_~1\AVR_CU~1\AVR_CU~1\Debug\libAVR_CURIOSITY_BSP.a(tcd.o)
 .debug_aranges
                0x000004b8       0x78 C:\Users\GMATEU~1\DOCUME~1\Trobina\DEVELO~1\Software\ATMEL_~1\AVR_CU~1\AVR_CU~1\Debug\libAVR_CURIOSITY_BSP.a(usart_basic.o)
 .debug_aranges
                0x00000530       0x28 C:\Users\GMATEU~1\DOCUME~1\Trobina\DEVELO~1\Software\ATMEL_~1\AVR_CU~1\AVR_CU~1\Debug\libAVR_CURIOSITY_BSP.a(zcd.o)
 .debug_aranges
                0x00000558       0x20 C:\Users\GMATEU~1\DOCUME~1\Trobina\DEVELO~1\Software\ATMEL_~1\AVR_CU~1\AVR_CU~1\Debug\libAVR_CURIOSITY_BSP.a(bod.o)
 .debug_aranges
                0x00000578       0x20 C:\Users\GMATEU~1\DOCUME~1\Trobina\DEVELO~1\Software\ATMEL_~1\AVR_CU~1\AVR_CU~1\Debug\libAVR_CURIOSITY_BSP.a(clkctrl.o)
 .debug_aranges
                0x00000598       0x20 C:\Users\GMATEU~1\DOCUME~1\Trobina\DEVELO~1\Software\ATMEL_~1\AVR_CU~1\AVR_CU~1\Debug\libAVR_CURIOSITY_BSP.a(cpuint.o)
 .debug_aranges
                0x000005b8       0x20 C:\Users\GMATEU~1\DOCUME~1\Trobina\DEVELO~1\Software\ATMEL_~1\AVR_CU~1\AVR_CU~1\Debug\libAVR_CURIOSITY_BSP.a(protected_io.o)

.debug_pubnames
 *(.debug_pubnames)

.debug_info     0x00000000     0xad33
 *(.debug_info .gnu.linkonce.wi.*)
 .debug_info    0x00000000     0x2f42 C:/Program Files (x86)/Atmel/Studio/7.0/Packs/Atmel/AVR-Dx_DFP/1.7.85/gcc/dev/avr128db48/avrxmega4/crtavr128db48.o
 .debug_info    0x00002f42     0x1f18 lmx2694Handler.o
 .debug_info    0x00004e5a      0xfa7 main.o
 .debug_info    0x00005e01      0x64e SPI_Async_Handler.o
 .debug_info    0x0000644f       0x9a C:\Users\GMATEU~1\DOCUME~1\Trobina\DEVELO~1\Software\ATMEL_~1\AVR_CU~1\AVR_CU~1\Debug\libAVR_CURIOSITY_BSP.a(atmel_start.o)
 .debug_info    0x000064e9     0x157f C:\Users\GMATEU~1\DOCUME~1\Trobina\DEVELO~1\Software\ATMEL_~1\AVR_CU~1\AVR_CU~1\Debug\libAVR_CURIOSITY_BSP.a(driver_init.o)
 .debug_info    0x00007a68      0x8b0 C:\Users\GMATEU~1\DOCUME~1\Trobina\DEVELO~1\Software\ATMEL_~1\AVR_CU~1\AVR_CU~1\Debug\libAVR_CURIOSITY_BSP.a(evsys.o)
 .debug_info    0x00008318      0xa33 C:\Users\GMATEU~1\DOCUME~1\Trobina\DEVELO~1\Software\ATMEL_~1\AVR_CU~1\AVR_CU~1\Debug\libAVR_CURIOSITY_BSP.a(opamp_basic.o)
 .debug_info    0x00008d4b      0x389 C:\Users\GMATEU~1\DOCUME~1\Trobina\DEVELO~1\Software\ATMEL_~1\AVR_CU~1\AVR_CU~1\Debug\libAVR_CURIOSITY_BSP.a(rtc.o)
 .debug_info    0x000090d4      0x136 C:\Users\GMATEU~1\DOCUME~1\Trobina\DEVELO~1\Software\ATMEL_~1\AVR_CU~1\AVR_CU~1\Debug\libAVR_CURIOSITY_BSP.a(slpctrl.o)
 .debug_info    0x0000920a      0x592 C:\Users\GMATEU~1\DOCUME~1\Trobina\DEVELO~1\Software\ATMEL_~1\AVR_CU~1\AVR_CU~1\Debug\libAVR_CURIOSITY_BSP.a(spi_basic.o)
 .debug_info    0x0000979c      0x2ae C:\Users\GMATEU~1\DOCUME~1\Trobina\DEVELO~1\Software\ATMEL_~1\AVR_CU~1\AVR_CU~1\Debug\libAVR_CURIOSITY_BSP.a(tcb.o)
 .debug_info    0x00009a4a      0x589 C:\Users\GMATEU~1\DOCUME~1\Trobina\DEVELO~1\Software\ATMEL_~1\AVR_CU~1\AVR_CU~1\Debug\libAVR_CURIOSITY_BSP.a(tcd.o)
 .debug_info    0x00009fd3      0x492 C:\Users\GMATEU~1\DOCUME~1\Trobina\DEVELO~1\Software\ATMEL_~1\AVR_CU~1\AVR_CU~1\Debug\libAVR_CURIOSITY_BSP.a(usart_basic.o)
 .debug_info    0x0000a465      0x17a C:\Users\GMATEU~1\DOCUME~1\Trobina\DEVELO~1\Software\ATMEL_~1\AVR_CU~1\AVR_CU~1\Debug\libAVR_CURIOSITY_BSP.a(zcd.o)
 .debug_info    0x0000a5df      0x188 C:\Users\GMATEU~1\DOCUME~1\Trobina\DEVELO~1\Software\ATMEL_~1\AVR_CU~1\AVR_CU~1\Debug\libAVR_CURIOSITY_BSP.a(bod.o)
 .debug_info    0x0000a767      0x48f C:\Users\GMATEU~1\DOCUME~1\Trobina\DEVELO~1\Software\ATMEL_~1\AVR_CU~1\AVR_CU~1\Debug\libAVR_CURIOSITY_BSP.a(clkctrl.o)
 .debug_info    0x0000abf6       0x8d C:\Users\GMATEU~1\DOCUME~1\Trobina\DEVELO~1\Software\ATMEL_~1\AVR_CU~1\AVR_CU~1\Debug\libAVR_CURIOSITY_BSP.a(cpuint.o)
 .debug_info    0x0000ac83       0xb0 C:\Users\GMATEU~1\DOCUME~1\Trobina\DEVELO~1\Software\ATMEL_~1\AVR_CU~1\AVR_CU~1\Debug\libAVR_CURIOSITY_BSP.a(protected_io.o)

.debug_abbrev   0x00000000     0x4631
 *(.debug_abbrev)
 .debug_abbrev  0x00000000     0x2cc2 C:/Program Files (x86)/Atmel/Studio/7.0/Packs/Atmel/AVR-Dx_DFP/1.7.85/gcc/dev/avr128db48/avrxmega4/crtavr128db48.o
 .debug_abbrev  0x00002cc2      0x48c lmx2694Handler.o
 .debug_abbrev  0x0000314e      0x385 main.o
 .debug_abbrev  0x000034d3      0x28a SPI_Async_Handler.o
 .debug_abbrev  0x0000375d       0x63 C:\Users\GMATEU~1\DOCUME~1\Trobina\DEVELO~1\Software\ATMEL_~1\AVR_CU~1\AVR_CU~1\Debug\libAVR_CURIOSITY_BSP.a(atmel_start.o)
 .debug_abbrev  0x000037c0      0x1f2 C:\Users\GMATEU~1\DOCUME~1\Trobina\DEVELO~1\Software\ATMEL_~1\AVR_CU~1\AVR_CU~1\Debug\libAVR_CURIOSITY_BSP.a(driver_init.o)
 .debug_abbrev  0x000039b2       0xaf C:\Users\GMATEU~1\DOCUME~1\Trobina\DEVELO~1\Software\ATMEL_~1\AVR_CU~1\AVR_CU~1\Debug\libAVR_CURIOSITY_BSP.a(evsys.o)
 .debug_abbrev  0x00003a61      0x12f C:\Users\GMATEU~1\DOCUME~1\Trobina\DEVELO~1\Software\ATMEL_~1\AVR_CU~1\AVR_CU~1\Debug\libAVR_CURIOSITY_BSP.a(opamp_basic.o)
 .debug_abbrev  0x00003b90       0xe6 C:\Users\GMATEU~1\DOCUME~1\Trobina\DEVELO~1\Software\ATMEL_~1\AVR_CU~1\AVR_CU~1\Debug\libAVR_CURIOSITY_BSP.a(rtc.o)
 .debug_abbrev  0x00003c76       0xc4 C:\Users\GMATEU~1\DOCUME~1\Trobina\DEVELO~1\Software\ATMEL_~1\AVR_CU~1\AVR_CU~1\Debug\libAVR_CURIOSITY_BSP.a(slpctrl.o)
 .debug_abbrev  0x00003d3a      0x226 C:\Users\GMATEU~1\DOCUME~1\Trobina\DEVELO~1\Software\ATMEL_~1\AVR_CU~1\AVR_CU~1\Debug\libAVR_CURIOSITY_BSP.a(spi_basic.o)
 .debug_abbrev  0x00003f60       0xf3 C:\Users\GMATEU~1\DOCUME~1\Trobina\DEVELO~1\Software\ATMEL_~1\AVR_CU~1\AVR_CU~1\Debug\libAVR_CURIOSITY_BSP.a(tcb.o)
 .debug_abbrev  0x00004053       0xe6 C:\Users\GMATEU~1\DOCUME~1\Trobina\DEVELO~1\Software\ATMEL_~1\AVR_CU~1\AVR_CU~1\Debug\libAVR_CURIOSITY_BSP.a(tcd.o)
 .debug_abbrev  0x00004139      0x20d C:\Users\GMATEU~1\DOCUME~1\Trobina\DEVELO~1\Software\ATMEL_~1\AVR_CU~1\AVR_CU~1\Debug\libAVR_CURIOSITY_BSP.a(usart_basic.o)
 .debug_abbrev  0x00004346       0xaf C:\Users\GMATEU~1\DOCUME~1\Trobina\DEVELO~1\Software\ATMEL_~1\AVR_CU~1\AVR_CU~1\Debug\libAVR_CURIOSITY_BSP.a(zcd.o)
 .debug_abbrev  0x000043f5       0xaf C:\Users\GMATEU~1\DOCUME~1\Trobina\DEVELO~1\Software\ATMEL_~1\AVR_CU~1\AVR_CU~1\Debug\libAVR_CURIOSITY_BSP.a(bod.o)
 .debug_abbrev  0x000044a4      0x128 C:\Users\GMATEU~1\DOCUME~1\Trobina\DEVELO~1\Software\ATMEL_~1\AVR_CU~1\AVR_CU~1\Debug\libAVR_CURIOSITY_BSP.a(clkctrl.o)
 .debug_abbrev  0x000045cc       0x51 C:\Users\GMATEU~1\DOCUME~1\Trobina\DEVELO~1\Software\ATMEL_~1\AVR_CU~1\AVR_CU~1\Debug\libAVR_CURIOSITY_BSP.a(cpuint.o)
 .debug_abbrev  0x0000461d       0x14 C:\Users\GMATEU~1\DOCUME~1\Trobina\DEVELO~1\Software\ATMEL_~1\AVR_CU~1\AVR_CU~1\Debug\libAVR_CURIOSITY_BSP.a(protected_io.o)

.debug_line     0x00000000     0x2d58
 *(.debug_line .debug_line.* .debug_line_end)
 .debug_line    0x00000000      0x205 C:/Program Files (x86)/Atmel/Studio/7.0/Packs/Atmel/AVR-Dx_DFP/1.7.85/gcc/dev/avr128db48/avrxmega4/crtavr128db48.o
 .debug_line    0x00000205      0xb0f lmx2694Handler.o
 .debug_line    0x00000d14      0x34e main.o
 .debug_line    0x00001062      0x2ce SPI_Async_Handler.o
 .debug_line    0x00001330       0x60 C:\Users\GMATEU~1\DOCUME~1\Trobina\DEVELO~1\Software\ATMEL_~1\AVR_CU~1\AVR_CU~1\Debug\libAVR_CURIOSITY_BSP.a(atmel_start.o)
 .debug_line    0x00001390      0x4f5 C:\Users\GMATEU~1\DOCUME~1\Trobina\DEVELO~1\Software\ATMEL_~1\AVR_CU~1\AVR_CU~1\Debug\libAVR_CURIOSITY_BSP.a(driver_init.o)
 .debug_line    0x00001885      0x12d C:\Users\GMATEU~1\DOCUME~1\Trobina\DEVELO~1\Software\ATMEL_~1\AVR_CU~1\AVR_CU~1\Debug\libAVR_CURIOSITY_BSP.a(evsys.o)
 .debug_line    0x000019b2      0x39a C:\Users\GMATEU~1\DOCUME~1\Trobina\DEVELO~1\Software\ATMEL_~1\AVR_CU~1\AVR_CU~1\Debug\libAVR_CURIOSITY_BSP.a(opamp_basic.o)
 .debug_line    0x00001d4c      0x128 C:\Users\GMATEU~1\DOCUME~1\Trobina\DEVELO~1\Software\ATMEL_~1\AVR_CU~1\AVR_CU~1\Debug\libAVR_CURIOSITY_BSP.a(rtc.o)
 .debug_line    0x00001e74      0x120 C:\Users\GMATEU~1\DOCUME~1\Trobina\DEVELO~1\Software\ATMEL_~1\AVR_CU~1\AVR_CU~1\Debug\libAVR_CURIOSITY_BSP.a(slpctrl.o)
 .debug_line    0x00001f94      0x44b C:\Users\GMATEU~1\DOCUME~1\Trobina\DEVELO~1\Software\ATMEL_~1\AVR_CU~1\AVR_CU~1\Debug\libAVR_CURIOSITY_BSP.a(spi_basic.o)
 .debug_line    0x000023df      0x165 C:\Users\GMATEU~1\DOCUME~1\Trobina\DEVELO~1\Software\ATMEL_~1\AVR_CU~1\AVR_CU~1\Debug\libAVR_CURIOSITY_BSP.a(tcb.o)
 .debug_line    0x00002544      0x134 C:\Users\GMATEU~1\DOCUME~1\Trobina\DEVELO~1\Software\ATMEL_~1\AVR_CU~1\AVR_CU~1\Debug\libAVR_CURIOSITY_BSP.a(tcd.o)
 .debug_line    0x00002678      0x260 C:\Users\GMATEU~1\DOCUME~1\Trobina\DEVELO~1\Software\ATMEL_~1\AVR_CU~1\AVR_CU~1\Debug\libAVR_CURIOSITY_BSP.a(usart_basic.o)
 .debug_line    0x000028d8      0x134 C:\Users\GMATEU~1\DOCUME~1\Trobina\DEVELO~1\Software\ATMEL_~1\AVR_CU~1\AVR_CU~1\Debug\libAVR_CURIOSITY_BSP.a(zcd.o)
 .debug_line    0x00002a0c      0x10c C:\Users\GMATEU~1\DOCUME~1\Trobina\DEVELO~1\Software\ATMEL_~1\AVR_CU~1\AVR_CU~1\Debug\libAVR_CURIOSITY_BSP.a(bod.o)
 .debug_line    0x00002b18      0x13a C:\Users\GMATEU~1\DOCUME~1\Trobina\DEVELO~1\Software\ATMEL_~1\AVR_CU~1\AVR_CU~1\Debug\libAVR_CURIOSITY_BSP.a(clkctrl.o)
 .debug_line    0x00002c52       0xab C:\Users\GMATEU~1\DOCUME~1\Trobina\DEVELO~1\Software\ATMEL_~1\AVR_CU~1\AVR_CU~1\Debug\libAVR_CURIOSITY_BSP.a(cpuint.o)
 .debug_line    0x00002cfd       0x5b C:\Users\GMATEU~1\DOCUME~1\Trobina\DEVELO~1\Software\ATMEL_~1\AVR_CU~1\AVR_CU~1\Debug\libAVR_CURIOSITY_BSP.a(protected_io.o)

.debug_frame    0x00000000      0xd68
 *(.debug_frame)
 .debug_frame   0x00000000      0x568 lmx2694Handler.o
 .debug_frame   0x00000568       0x80 main.o
 .debug_frame   0x000005e8       0xd0 SPI_Async_Handler.o
 .debug_frame   0x000006b8       0x24 C:\Users\GMATEU~1\DOCUME~1\Trobina\DEVELO~1\Software\ATMEL_~1\AVR_CU~1\AVR_CU~1\Debug\libAVR_CURIOSITY_BSP.a(atmel_start.o)
 .debug_frame   0x000006dc       0xd4 C:\Users\GMATEU~1\DOCUME~1\Trobina\DEVELO~1\Software\ATMEL_~1\AVR_CU~1\AVR_CU~1\Debug\libAVR_CURIOSITY_BSP.a(driver_init.o)
 .debug_frame   0x000007b0       0x24 C:\Users\GMATEU~1\DOCUME~1\Trobina\DEVELO~1\Software\ATMEL_~1\AVR_CU~1\AVR_CU~1\Debug\libAVR_CURIOSITY_BSP.a(evsys.o)
 .debug_frame   0x000007d4      0x1c4 C:\Users\GMATEU~1\DOCUME~1\Trobina\DEVELO~1\Software\ATMEL_~1\AVR_CU~1\AVR_CU~1\Debug\libAVR_CURIOSITY_BSP.a(opamp_basic.o)
 .debug_frame   0x00000998       0x24 C:\Users\GMATEU~1\DOCUME~1\Trobina\DEVELO~1\Software\ATMEL_~1\AVR_CU~1\AVR_CU~1\Debug\libAVR_CURIOSITY_BSP.a(rtc.o)
 .debug_frame   0x000009bc       0x34 C:\Users\GMATEU~1\DOCUME~1\Trobina\DEVELO~1\Software\ATMEL_~1\AVR_CU~1\AVR_CU~1\Debug\libAVR_CURIOSITY_BSP.a(slpctrl.o)
 .debug_frame   0x000009f0      0x1ac C:\Users\GMATEU~1\DOCUME~1\Trobina\DEVELO~1\Software\ATMEL_~1\AVR_CU~1\AVR_CU~1\Debug\libAVR_CURIOSITY_BSP.a(spi_basic.o)
 .debug_frame   0x00000b9c       0x34 C:\Users\GMATEU~1\DOCUME~1\Trobina\DEVELO~1\Software\ATMEL_~1\AVR_CU~1\AVR_CU~1\Debug\libAVR_CURIOSITY_BSP.a(tcb.o)
 .debug_frame   0x00000bd0       0x24 C:\Users\GMATEU~1\DOCUME~1\Trobina\DEVELO~1\Software\ATMEL_~1\AVR_CU~1\AVR_CU~1\Debug\libAVR_CURIOSITY_BSP.a(tcd.o)
 .debug_frame   0x00000bf4       0xd4 C:\Users\GMATEU~1\DOCUME~1\Trobina\DEVELO~1\Software\ATMEL_~1\AVR_CU~1\AVR_CU~1\Debug\libAVR_CURIOSITY_BSP.a(usart_basic.o)
 .debug_frame   0x00000cc8       0x34 C:\Users\GMATEU~1\DOCUME~1\Trobina\DEVELO~1\Software\ATMEL_~1\AVR_CU~1\AVR_CU~1\Debug\libAVR_CURIOSITY_BSP.a(zcd.o)
 .debug_frame   0x00000cfc       0x24 C:\Users\GMATEU~1\DOCUME~1\Trobina\DEVELO~1\Software\ATMEL_~1\AVR_CU~1\AVR_CU~1\Debug\libAVR_CURIOSITY_BSP.a(bod.o)
 .debug_frame   0x00000d20       0x24 C:\Users\GMATEU~1\DOCUME~1\Trobina\DEVELO~1\Software\ATMEL_~1\AVR_CU~1\AVR_CU~1\Debug\libAVR_CURIOSITY_BSP.a(clkctrl.o)
 .debug_frame   0x00000d44       0x24 C:\Users\GMATEU~1\DOCUME~1\Trobina\DEVELO~1\Software\ATMEL_~1\AVR_CU~1\AVR_CU~1\Debug\libAVR_CURIOSITY_BSP.a(cpuint.o)

.debug_str      0x00000000     0x6285
 *(.debug_str)
 .debug_str     0x00000000     0x14f0 C:/Program Files (x86)/Atmel/Studio/7.0/Packs/Atmel/AVR-Dx_DFP/1.7.85/gcc/dev/avr128db48/avrxmega4/crtavr128db48.o
 .debug_str     0x000014f0      0xd3f lmx2694Handler.o
                                0xdf5 (size before relaxing)
 .debug_str     0x0000222f      0x15e main.o
                                0xe19 (size before relaxing)
 .debug_str     0x0000238d       0xfc SPI_Async_Handler.o
                                0x4e5 (size before relaxing)
 .debug_str     0x00002489      0x143 C:\Users\GMATEU~1\DOCUME~1\Trobina\DEVELO~1\Software\ATMEL_~1\AVR_CU~1\AVR_CU~1\Debug\libAVR_CURIOSITY_BSP.a(atmel_start.o)
                                0x1c4 (size before relaxing)
 .debug_str     0x000025cc      0x682 C:\Users\GMATEU~1\DOCUME~1\Trobina\DEVELO~1\Software\ATMEL_~1\AVR_CU~1\AVR_CU~1\Debug\libAVR_CURIOSITY_BSP.a(driver_init.o)
                                0x8d5 (size before relaxing)
 .debug_str     0x00002c4e     0x1406 C:\Users\GMATEU~1\DOCUME~1\Trobina\DEVELO~1\Software\ATMEL_~1\AVR_CU~1\AVR_CU~1\Debug\libAVR_CURIOSITY_BSP.a(evsys.o)
                               0x15ea (size before relaxing)
 .debug_str     0x00004054     0x1250 C:\Users\GMATEU~1\DOCUME~1\Trobina\DEVELO~1\Software\ATMEL_~1\AVR_CU~1\AVR_CU~1\Debug\libAVR_CURIOSITY_BSP.a(opamp_basic.o)
                               0x1462 (size before relaxing)
 .debug_str     0x000052a4      0x201 C:\Users\GMATEU~1\DOCUME~1\Trobina\DEVELO~1\Software\ATMEL_~1\AVR_CU~1\AVR_CU~1\Debug\libAVR_CURIOSITY_BSP.a(rtc.o)
                                0x48e (size before relaxing)
 .debug_str     0x000054a5       0xb9 C:\Users\GMATEU~1\DOCUME~1\Trobina\DEVELO~1\Software\ATMEL_~1\AVR_CU~1\AVR_CU~1\Debug\libAVR_CURIOSITY_BSP.a(slpctrl.o)
                                0x27b (size before relaxing)
 .debug_str     0x0000555e      0x2a1 C:\Users\GMATEU~1\DOCUME~1\Trobina\DEVELO~1\Software\ATMEL_~1\AVR_CU~1\AVR_CU~1\Debug\libAVR_CURIOSITY_BSP.a(spi_basic.o)
                                0x511 (size before relaxing)
 .debug_str     0x000057ff      0x159 C:\Users\GMATEU~1\DOCUME~1\Trobina\DEVELO~1\Software\ATMEL_~1\AVR_CU~1\AVR_CU~1\Debug\libAVR_CURIOSITY_BSP.a(tcb.o)
                                0x394 (size before relaxing)
 .debug_str     0x00005958      0x310 C:\Users\GMATEU~1\DOCUME~1\Trobina\DEVELO~1\Software\ATMEL_~1\AVR_CU~1\AVR_CU~1\Debug\libAVR_CURIOSITY_BSP.a(tcd.o)
                                0x54b (size before relaxing)
 .debug_str     0x00005c68      0x1d5 C:\Users\GMATEU~1\DOCUME~1\Trobina\DEVELO~1\Software\ATMEL_~1\AVR_CU~1\AVR_CU~1\Debug\libAVR_CURIOSITY_BSP.a(usart_basic.o)
                                0x3fc (size before relaxing)
 .debug_str     0x00005e3d       0x84 C:\Users\GMATEU~1\DOCUME~1\Trobina\DEVELO~1\Software\ATMEL_~1\AVR_CU~1\AVR_CU~1\Debug\libAVR_CURIOSITY_BSP.a(zcd.o)
                                0x27f (size before relaxing)
 .debug_str     0x00005ec1       0x75 C:\Users\GMATEU~1\DOCUME~1\Trobina\DEVELO~1\Software\ATMEL_~1\AVR_CU~1\AVR_CU~1\Debug\libAVR_CURIOSITY_BSP.a(bod.o)
                                0x267 (size before relaxing)
 .debug_str     0x00005f36      0x33f C:\Users\GMATEU~1\DOCUME~1\Trobina\DEVELO~1\Software\ATMEL_~1\AVR_CU~1\AVR_CU~1\Debug\libAVR_CURIOSITY_BSP.a(clkctrl.o)
                                0x55a (size before relaxing)
 .debug_str     0x00006275       0x10 C:\Users\GMATEU~1\DOCUME~1\Trobina\DEVELO~1\Software\ATMEL_~1\AVR_CU~1\AVR_CU~1\Debug\libAVR_CURIOSITY_BSP.a(cpuint.o)
                                0x1b7 (size before relaxing)

.debug_loc      0x00000000     0x2b8f
 *(.debug_loc)
 .debug_loc     0x00000000     0x19d2 lmx2694Handler.o
 .debug_loc     0x000019d2      0x202 main.o
 .debug_loc     0x00001bd4      0x304 SPI_Async_Handler.o
 .debug_loc     0x00001ed8      0x635 C:\Users\GMATEU~1\DOCUME~1\Trobina\DEVELO~1\Software\ATMEL_~1\AVR_CU~1\AVR_CU~1\Debug\libAVR_CURIOSITY_BSP.a(driver_init.o)
 .debug_loc     0x0000250d      0x1ef C:\Users\GMATEU~1\DOCUME~1\Trobina\DEVELO~1\Software\ATMEL_~1\AVR_CU~1\AVR_CU~1\Debug\libAVR_CURIOSITY_BSP.a(opamp_basic.o)
 .debug_loc     0x000026fc       0x21 C:\Users\GMATEU~1\DOCUME~1\Trobina\DEVELO~1\Software\ATMEL_~1\AVR_CU~1\AVR_CU~1\Debug\libAVR_CURIOSITY_BSP.a(slpctrl.o)
 .debug_loc     0x0000271d      0x384 C:\Users\GMATEU~1\DOCUME~1\Trobina\DEVELO~1\Software\ATMEL_~1\AVR_CU~1\AVR_CU~1\Debug\libAVR_CURIOSITY_BSP.a(spi_basic.o)
 .debug_loc     0x00002aa1       0x47 C:\Users\GMATEU~1\DOCUME~1\Trobina\DEVELO~1\Software\ATMEL_~1\AVR_CU~1\AVR_CU~1\Debug\libAVR_CURIOSITY_BSP.a(usart_basic.o)
 .debug_loc     0x00002ae8       0xa7 C:\Users\GMATEU~1\DOCUME~1\Trobina\DEVELO~1\Software\ATMEL_~1\AVR_CU~1\AVR_CU~1\Debug\libAVR_CURIOSITY_BSP.a(clkctrl.o)

.debug_macinfo
 *(.debug_macinfo)

.debug_weaknames
 *(.debug_weaknames)

.debug_funcnames
 *(.debug_funcnames)

.debug_typenames
 *(.debug_typenames)

.debug_varnames
 *(.debug_varnames)

.debug_pubtypes
 *(.debug_pubtypes)

.debug_ranges   0x00000000      0x550
 *(.debug_ranges)
 .debug_ranges  0x00000000      0x158 lmx2694Handler.o
 .debug_ranges  0x00000158       0x90 main.o
 .debug_ranges  0x000001e8       0x58 SPI_Async_Handler.o
 .debug_ranges  0x00000240       0x10 C:\Users\GMATEU~1\DOCUME~1\Trobina\DEVELO~1\Software\ATMEL_~1\AVR_CU~1\AVR_CU~1\Debug\libAVR_CURIOSITY_BSP.a(atmel_start.o)
 .debug_ranges  0x00000250       0x68 C:\Users\GMATEU~1\DOCUME~1\Trobina\DEVELO~1\Software\ATMEL_~1\AVR_CU~1\AVR_CU~1\Debug\libAVR_CURIOSITY_BSP.a(driver_init.o)
 .debug_ranges  0x000002b8       0x10 C:\Users\GMATEU~1\DOCUME~1\Trobina\DEVELO~1\Software\ATMEL_~1\AVR_CU~1\AVR_CU~1\Debug\libAVR_CURIOSITY_BSP.a(evsys.o)
 .debug_ranges  0x000002c8       0xe0 C:\Users\GMATEU~1\DOCUME~1\Trobina\DEVELO~1\Software\ATMEL_~1\AVR_CU~1\AVR_CU~1\Debug\libAVR_CURIOSITY_BSP.a(opamp_basic.o)
 .debug_ranges  0x000003a8       0x10 C:\Users\GMATEU~1\DOCUME~1\Trobina\DEVELO~1\Software\ATMEL_~1\AVR_CU~1\AVR_CU~1\Debug\libAVR_CURIOSITY_BSP.a(rtc.o)
 .debug_ranges  0x000003b8       0x18 C:\Users\GMATEU~1\DOCUME~1\Trobina\DEVELO~1\Software\ATMEL_~1\AVR_CU~1\AVR_CU~1\Debug\libAVR_CURIOSITY_BSP.a(slpctrl.o)
 .debug_ranges  0x000003d0       0xa8 C:\Users\GMATEU~1\DOCUME~1\Trobina\DEVELO~1\Software\ATMEL_~1\AVR_CU~1\AVR_CU~1\Debug\libAVR_CURIOSITY_BSP.a(spi_basic.o)
 .debug_ranges  0x00000478       0x18 C:\Users\GMATEU~1\DOCUME~1\Trobina\DEVELO~1\Software\ATMEL_~1\AVR_CU~1\AVR_CU~1\Debug\libAVR_CURIOSITY_BSP.a(tcb.o)
 .debug_ranges  0x00000490       0x10 C:\Users\GMATEU~1\DOCUME~1\Trobina\DEVELO~1\Software\ATMEL_~1\AVR_CU~1\AVR_CU~1\Debug\libAVR_CURIOSITY_BSP.a(tcd.o)
 .debug_ranges  0x000004a0       0x68 C:\Users\GMATEU~1\DOCUME~1\Trobina\DEVELO~1\Software\ATMEL_~1\AVR_CU~1\AVR_CU~1\Debug\libAVR_CURIOSITY_BSP.a(usart_basic.o)
 .debug_ranges  0x00000508       0x18 C:\Users\GMATEU~1\DOCUME~1\Trobina\DEVELO~1\Software\ATMEL_~1\AVR_CU~1\AVR_CU~1\Debug\libAVR_CURIOSITY_BSP.a(zcd.o)
 .debug_ranges  0x00000520       0x10 C:\Users\GMATEU~1\DOCUME~1\Trobina\DEVELO~1\Software\ATMEL_~1\AVR_CU~1\AVR_CU~1\Debug\libAVR_CURIOSITY_BSP.a(bod.o)
 .debug_ranges  0x00000530       0x10 C:\Users\GMATEU~1\DOCUME~1\Trobina\DEVELO~1\Software\ATMEL_~1\AVR_CU~1\AVR_CU~1\Debug\libAVR_CURIOSITY_BSP.a(clkctrl.o)
 .debug_ranges  0x00000540       0x10 C:\Users\GMATEU~1\DOCUME~1\Trobina\DEVELO~1\Software\ATMEL_~1\AVR_CU~1\AVR_CU~1\Debug\libAVR_CURIOSITY_BSP.a(cpuint.o)

.debug_macro
 *(.debug_macro)
OUTPUT(libLMX_AVR128DB_LIB.elf elf32-avr)
LOAD linker stubs
