Archive member included to satisfy reference by file (symbol)

c:/program files (x86)/atmel/studio/7.0/toolchain/arm/arm-gnu-toolchain/bin/../lib/gcc/arm-none-eabi/6.3.1/thumb/v6-m\libgcc.a(_udivsi3.o)
                              hpl/core/hpl_core_m0plus_base.o (__aeabi_uidiv)
c:/program files (x86)/atmel/studio/7.0/toolchain/arm/arm-gnu-toolchain/bin/../lib/gcc/arm-none-eabi/6.3.1/thumb/v6-m\libgcc.a(_dvmd_tls.o)
                              c:/program files (x86)/atmel/studio/7.0/toolchain/arm/arm-gnu-toolchain/bin/../lib/gcc/arm-none-eabi/6.3.1/thumb/v6-m\libgcc.a(_udivsi3.o) (__aeabi_idiv0)
c:/program files (x86)/atmel/studio/7.0/toolchain/arm/arm-gnu-toolchain/bin/../lib/gcc/arm-none-eabi/6.3.1/thumb/v6-m\libgcc.a(_aeabi_uldivmod.o)
                              hpl/sercom/hpl_sercom.o (__aeabi_uldivmod)
c:/program files (x86)/atmel/studio/7.0/toolchain/arm/arm-gnu-toolchain/bin/../lib/gcc/arm-none-eabi/6.3.1/thumb/v6-m\libgcc.a(_muldi3.o)
                              hpl/sercom/hpl_sercom.o (__aeabi_lmul)
c:/program files (x86)/atmel/studio/7.0/toolchain/arm/arm-gnu-toolchain/bin/../lib/gcc/arm-none-eabi/6.3.1/thumb/v6-m\libgcc.a(_ffssi2.o)
                              hpl/eic/hpl_eic.o (__ffssi2)
c:/program files (x86)/atmel/studio/7.0/toolchain/arm/arm-gnu-toolchain/bin/../lib/gcc/arm-none-eabi/6.3.1/thumb/v6-m\libgcc.a(_fixunsdfsi.o)
                              hpl/sercom/hpl_sercom.o (__aeabi_d2uiz)
c:/program files (x86)/atmel/studio/7.0/toolchain/arm/arm-gnu-toolchain/bin/../lib/gcc/arm-none-eabi/6.3.1/thumb/v6-m\libgcc.a(_udivmoddi4.o)
                              c:/program files (x86)/atmel/studio/7.0/toolchain/arm/arm-gnu-toolchain/bin/../lib/gcc/arm-none-eabi/6.3.1/thumb/v6-m\libgcc.a(_aeabi_uldivmod.o) (__udivmoddi4)
c:/program files (x86)/atmel/studio/7.0/toolchain/arm/arm-gnu-toolchain/bin/../lib/gcc/arm-none-eabi/6.3.1/thumb/v6-m\libgcc.a(divdf3.o)
                              hpl/sercom/hpl_sercom.o (__aeabi_ddiv)
c:/program files (x86)/atmel/studio/7.0/toolchain/arm/arm-gnu-toolchain/bin/../lib/gcc/arm-none-eabi/6.3.1/thumb/v6-m\libgcc.a(muldf3.o)
                              hpl/sercom/hpl_sercom.o (__aeabi_dmul)
c:/program files (x86)/atmel/studio/7.0/toolchain/arm/arm-gnu-toolchain/bin/../lib/gcc/arm-none-eabi/6.3.1/thumb/v6-m\libgcc.a(subdf3.o)
                              hpl/sercom/hpl_sercom.o (__aeabi_dsub)
c:/program files (x86)/atmel/studio/7.0/toolchain/arm/arm-gnu-toolchain/bin/../lib/gcc/arm-none-eabi/6.3.1/thumb/v6-m\libgcc.a(fixdfsi.o)
                              c:/program files (x86)/atmel/studio/7.0/toolchain/arm/arm-gnu-toolchain/bin/../lib/gcc/arm-none-eabi/6.3.1/thumb/v6-m\libgcc.a(_fixunsdfsi.o) (__aeabi_d2iz)
c:/program files (x86)/atmel/studio/7.0/toolchain/arm/arm-gnu-toolchain/bin/../lib/gcc/arm-none-eabi/6.3.1/thumb/v6-m\libgcc.a(floatsidf.o)
                              hpl/sercom/hpl_sercom.o (__aeabi_i2d)
c:/program files (x86)/atmel/studio/7.0/toolchain/arm/arm-gnu-toolchain/bin/../lib/gcc/arm-none-eabi/6.3.1/thumb/v6-m\libgcc.a(floatunsidf.o)
                              hpl/sercom/hpl_sercom.o (__aeabi_ui2d)
c:/program files (x86)/atmel/studio/7.0/toolchain/arm/arm-gnu-toolchain/bin/../lib/gcc/arm-none-eabi/6.3.1/thumb/v6-m\libgcc.a(_arm_cmpdf2.o)
                              c:/program files (x86)/atmel/studio/7.0/toolchain/arm/arm-gnu-toolchain/bin/../lib/gcc/arm-none-eabi/6.3.1/thumb/v6-m\libgcc.a(_fixunsdfsi.o) (__aeabi_dcmpge)
c:/program files (x86)/atmel/studio/7.0/toolchain/arm/arm-gnu-toolchain/bin/../lib/gcc/arm-none-eabi/6.3.1/thumb/v6-m\libgcc.a(_clzsi2.o)
                              c:/program files (x86)/atmel/studio/7.0/toolchain/arm/arm-gnu-toolchain/bin/../lib/gcc/arm-none-eabi/6.3.1/thumb/v6-m\libgcc.a(divdf3.o) (__clzsi2)
c:/program files (x86)/atmel/studio/7.0/toolchain/arm/arm-gnu-toolchain/bin/../lib/gcc/arm-none-eabi/6.3.1/thumb/v6-m\libgcc.a(_clzdi2.o)
                              c:/program files (x86)/atmel/studio/7.0/toolchain/arm/arm-gnu-toolchain/bin/../lib/gcc/arm-none-eabi/6.3.1/thumb/v6-m\libgcc.a(_udivmoddi4.o) (__clzdi2)
c:/program files (x86)/atmel/studio/7.0/toolchain/arm/arm-gnu-toolchain/bin/../lib/gcc/arm-none-eabi/6.3.1/thumb/v6-m\libgcc.a(_ctzsi2.o)
                              c:/program files (x86)/atmel/studio/7.0/toolchain/arm/arm-gnu-toolchain/bin/../lib/gcc/arm-none-eabi/6.3.1/thumb/v6-m\libgcc.a(_ffssi2.o) (__ctzsi2)
c:/program files (x86)/atmel/studio/7.0/toolchain/arm/arm-gnu-toolchain/bin/../lib/gcc/arm-none-eabi/6.3.1/thumb/v6-m\libgcc.a(eqdf2.o)
                              c:/program files (x86)/atmel/studio/7.0/toolchain/arm/arm-gnu-toolchain/bin/../lib/gcc/arm-none-eabi/6.3.1/thumb/v6-m\libgcc.a(_arm_cmpdf2.o) (__eqdf2)
c:/program files (x86)/atmel/studio/7.0/toolchain/arm/arm-gnu-toolchain/bin/../lib/gcc/arm-none-eabi/6.3.1/thumb/v6-m\libgcc.a(gedf2.o)
[...]
Memory Configuration

Name             Origin             Length             Attributes
rom              0x00000000         0x00040000         xr
ram              0x20000000         0x00008000         xrw
*default*        0x00000000         0xffffffff

Linker script and memory map

LOAD c:/program files (x86)/atmel/studio/7.0/toolchain/arm/arm-gnu-toolchain/bin/../lib/gcc/arm-none-eabi/6.3.1/thumb/v6-m/crti.o
LOAD c:/program files (x86)/atmel/studio/7.0/toolchain/arm/arm-gnu-toolchain/bin/../lib/gcc/arm-none-eabi/6.3.1/thumb/v6-m/crtbegin.o
LOAD c:/program files (x86)/atmel/studio/7.0/toolchain/arm/arm-gnu-toolchain/bin/../lib/gcc/arm-none-eabi/6.3.1/../../../../arm-none-eabi/lib/thumb/v6-m/crt0.o
LOAD atmel_start.o
LOAD Device_Startup/startup_samd21.o
LOAD Device_Startup/system_samd21.o
LOAD driver_init.o
LOAD examples/driver_examples.o
LOAD hal/src/hal_atomic.o
LOAD hal/src/hal_dac_sync.o
LOAD hal/src/hal_delay.o
LOAD hal/src/hal_ext_irq.o
LOAD hal/src/hal_gpio.o
LOAD hal/src/hal_init.o
LOAD hal/src/hal_io.o
LOAD hal/src/hal_sleep.o
LOAD hal/src/hal_spi_m_sync.o
LOAD hal/src/hal_timer.o
LOAD hal/src/hal_usart_async.o
LOAD hal/src/hal_usb_device.o
LOAD hal/utils/src/utils_assert.o
LOAD hal/utils/src/utils_event.o
LOAD hal/utils/src/utils_list.o
LOAD hal/utils/src/utils_ringbuffer.o
LOAD hal/utils/src/utils_syscalls.o
LOAD hpl/core/hpl_core_m0plus_base.o
LOAD hpl/core/hpl_init.o
LOAD hpl/dac/hpl_dac.o
LOAD hpl/dmac/hpl_dmac.o
LOAD hpl/eic/hpl_eic.o
LOAD hpl/gclk/hpl_gclk.o
LOAD hpl/pm/hpl_pm.o
LOAD hpl/sercom/hpl_sercom.o
LOAD hpl/sysctrl/hpl_sysctrl.o
LOAD hpl/systick/hpl_systick.o
LOAD hpl/tc/hpl_tc.o
LOAD hpl/usb/hpl_usb.o
LOAD main.o
LOAD usb/class/cdc/device/cdcdf_acm.o
LOAD usb/device/usbdc.o
LOAD usb/usb_protocol.o
LOAD usb_start.o
START GROUP
LOAD c:/program files (x86)/atmel/studio/7.0/toolchain/arm/arm-gnu-toolchain/bin/../lib/gcc/arm-none-eabi/6.3.1/../../../../arm-none-eabi/lib/thumb/v6-m\libm.a
END GROUP
START GROUP
LOAD c:/program files (x86)/atmel/studio/7.0/toolchain/arm/arm-gnu-toolchain/bin/../lib/gcc/arm-none-eabi/6.3.1/thumb/v6-m\libgcc.a
LOAD c:/program files (x86)/atmel/studio/7.0/toolchain/arm/arm-gnu-toolchain/bin/../lib/gcc/arm-none-eabi/6.3.1/../../../../arm-none-eabi/lib/thumb/v6-m\libc_nano.a
END GROUP
START GROUP
LOAD c:/program files (x86)/atmel/studio/7.0/toolchain/arm/arm-gnu-toolchain/bin/../lib/gcc/arm-none-eabi/6.3.1/thumb/v6-m\libgcc.a
LOAD c:/program files (x86)/atmel/studio/7.0/toolchain/arm/arm-gnu-toolchain/bin/../lib/gcc/arm-none-eabi/6.3.1/../../../../arm-none-eabi/lib/thumb/v6-m\libc_nano.a
END GROUP
LOAD c:/program files (x86)/atmel/studio/7.0/toolchain/arm/arm-gnu-toolchain/bin/../lib/gcc/arm-none-eabi/6.3.1/thumb/v6-m/crtend.o
LOAD c:/program files (x86)/atmel/studio/7.0/toolchain/arm/arm-gnu-toolchain/bin/../lib/gcc/arm-none-eabi/6.3.1/thumb/v6-m/crtn.o
                0x00002000                STACK_SIZE = DEFINED (STACK_SIZE)?STACK_SIZE:DEFINED (__stack_size__)?__stack_size__:0x2000

.text           0x00000000     0x435c
                0x00000000                . = ALIGN (0x4)
                0x00000000                _sfixed = .
 *(.vectors .vectors.*)
 .vectors       0x00000000       0xb4 Device_Startup/startup_samd21.o
                0x00000000                exception_table
 *(.text .text.* .gnu.linkonce.t.*)
 .text          0x000000b4       0x60 c:/program files (x86)/atmel/studio/7.0/toolchain/arm/arm-gnu-toolchain/bin/../lib/gcc/arm-none-eabi/6.3.1/thumb/v6-m/crtbegin.o
 .text.atmel_start_init
                0x00000114       0x14 atmel_start.o
                0x00000114                atmel_start_init
 .text.Dummy_Handler
                0x00000128        0x2 Device_Startup/startup_samd21.o
                0x00000128                SVCall_Handler
                0x00000128                DMAC_Handler
                0x00000128                HardFault_Handler
                0x00000128                AC_Handler
                0x00000128                SysTick_Handler
                0x00000128                PendSV_Handler
                0x00000128                TC7_Handler
                0x00000128                SERCOM1_Handler
                0x00000128                ADC_Handler
                0x00000128                NonMaskableInt_Handler
                0x00000128                TCC1_Handler
                0x00000128                SERCOM2_Handler
                0x00000128                TCC0_Handler
                0x00000128                RTC_Handler
                0x00000128                TC6_Handler
                0x00000128                WDT_Handler
                0x00000128                Dummy_Handler
                0x00000128                PM_Handler
                0x00000128                SERCOM5_Handler
                0x00000128                TCC2_Handler
                0x00000128                EVSYS_Handler
                0x00000128                SERCOM4_Handler
                0x00000128                I2S_Handler
                0x00000128                NVMCTRL_Handler
                0x00000128                SERCOM0_Handler
                0x00000128                DAC_Handler
                0x00000128                PTC_Handler
                0x00000128                TC5_Handler
                0x00000128                SYSCTRL_Handler
 *fill*         0x0000012a        0x2 
 .text.Reset_Handler
                0x0000012c       0xc4 Device_Startup/startup_samd21.o
                0x0000012c                Reset_Handler
 .text.TIMER_ZCD_init
                0x000001f0       0x40 driver_init.o
 .text.TIMER_USB_init
                0x00000230       0x40 driver_init.o
 .text.EXTERNAL_IRQ_0_init
                0x00000270       0x58 driver_init.o
                0x00000270                EXTERNAL_IRQ_0_init
 .text.SPI_ADF_PORT_init
                0x000002c8       0xbc driver_init.o
                0x000002c8                SPI_ADF_PORT_init
 .text.SPI_ADF_CLOCK_init
                0x00000384       0x20 driver_init.o
                0x00000384                SPI_ADF_CLOCK_init
 .text.SPI_ADF_init
                0x000003a4       0x28 driver_init.o
                0x000003a4                SPI_ADF_init
 .text.SPI_LMX_PORT_init
                0x000003cc       0xc0 driver_init.o
                0x000003cc                SPI_LMX_PORT_init
 .text.SPI_LMX_CLOCK_init
                0x0000048c       0x20 driver_init.o
                0x0000048c                SPI_LMX_CLOCK_init
 .text.SPI_LMX_init
                0x000004ac       0x28 driver_init.o
                0x000004ac                SPI_LMX_init
 .text.SPI_ZCD_PORT_init
                0x000004d4       0xac driver_init.o
                0x000004d4                SPI_ZCD_PORT_init
 .text.SPI_ZCD_CLOCK_init
                0x00000580       0x20 driver_init.o
                0x00000580                SPI_ZCD_CLOCK_init
 .text.SPI_ZCD_init
                0x000005a0       0x28 driver_init.o
                0x000005a0                SPI_ZCD_init
 .text.USART_0_CLOCK_init
                0x000005c8       0x20 driver_init.o
                0x000005c8                USART_0_CLOCK_init
 .text.USART_0_PORT_init
                0x000005e8       0x44 driver_init.o
                0x000005e8                USART_0_PORT_init
 .text.USART_0_init
                0x0000062c       0x38 driver_init.o
                0x0000062c                USART_0_init
 .text.delay_driver_init
                0x00000664       0x14 driver_init.o
                0x00000664                delay_driver_init
 .text.DAC_0_PORT_init
                0x00000678       0x3c driver_init.o
                0x00000678                DAC_0_PORT_init
 .text.DAC_0_CLOCK_init
                0x000006b4       0x20 driver_init.o
                0x000006b4                DAC_0_CLOCK_init
 .text.DAC_0_init
                0x000006d4       0x28 driver_init.o
                0x000006d4                DAC_0_init
 .text.USB_DEVICE_INSTANCE_PORT_init
                0x000006fc       0x90 driver_init.o
                0x000006fc                USB_DEVICE_INSTANCE_PORT_init
 .text.USB_DEVICE_INSTANCE_CLOCK_init
                0x0000078c       0x28 driver_init.o
                0x0000078c                USB_DEVICE_INSTANCE_CLOCK_init
 .text.USB_DEVICE_INSTANCE_init
                0x000007b4       0x1c driver_init.o
                0x000007b4                USB_DEVICE_INSTANCE_init
 .text.system_init
                0x000007d0      0x114 driver_init.o
                0x000007d0                system_init
 .text.atomic_enter_critical
                0x000008e4        0xe hal/src/hal_atomic.o
                0x000008e4                atomic_enter_critical
 .text.atomic_leave_critical
                0x000008f2        0xc hal/src/hal_atomic.o
                0x000008f2                atomic_leave_critical
 *fill*         0x000008fe        0x2 
 .text.dac_sync_init
                0x00000900       0x50 hal/src/hal_dac_sync.o
                0x00000900                dac_sync_init
 .text.delay_init
                0x00000950       0x14 hal/src/hal_delay.o
                0x00000950                delay_init
 .text.process_ext_irq
                0x00000964       0x44 hal/src/hal_ext_irq.o
 .text.ext_irq_init
                0x000009a8       0x34 hal/src/hal_ext_irq.o
                0x000009a8                ext_irq_init
 .text.spi_m_sync_init
                0x000009dc       0x58 hal/src/hal_spi_m_sync.o
                0x000009dc                spi_m_sync_init
 .text.spi_m_sync_transfer
                0x00000a34       0x48 hal/src/hal_spi_m_sync.o
                0x00000a34                spi_m_sync_transfer
 .text._spi_m_sync_io_write
                0x00000a7c       0x3c hal/src/hal_spi_m_sync.o
 .text._spi_m_sync_io_read
                0x00000ab8       0x3c hal/src/hal_spi_m_sync.o
 .text.timer_add_timer_task
                0x00000af4       0x58 hal/src/hal_timer.o
 .text.timer_process_counted
                0x00000b4c       0x64 hal/src/hal_timer.o
 .text.timer_init
                0x00000bb0       0x44 hal/src/hal_timer.o
                0x00000bb0                timer_init
 .text.usart_transmission_complete
                0x00000bf4       0x12 hal/src/hal_usart_async.o
 .text.usart_error
                0x00000c06       0x12 hal/src/hal_usart_async.o
 .text.usart_fill_rx_buffer
                0x00000c18       0x1c hal/src/hal_usart_async.o
 .text.usart_async_write
                0x00000c34       0x68 hal/src/hal_usart_async.o
 .text.usart_process_byte_sent
                0x00000c9c       0x44 hal/src/hal_usart_async.o
 .text.usart_async_read
                0x00000ce0       0x80 hal/src/hal_usart_async.o
 .text.usart_async_init
                0x00000d60       0x9c hal/src/hal_usart_async.o
                0x00000d60                usart_async_init
 .text._usb_d_find_ep
                0x00000dfc       0x3c hal/src/hal_usb_device.o
 .text.usb_d_dummy_cb_false
                0x00000e38        0x4 hal/src/hal_usb_device.o
 .text.usb_d_cb_trans_more
                0x00000e3c       0x30 hal/src/hal_usb_device.o
 .text._usb_d_cb_trans_done
                0x00000e6c      0x144 hal/src/hal_usb_device.o
 .text.usb_d_cb_trans_setup
                0x00000fb0       0x98 hal/src/hal_usb_device.o
 .text.usb_d_init
                0x00001048       0x6c hal/src/hal_usb_device.o
                0x00001048                usb_d_init
 .text.usb_d_register_callback
                0x000010b4        0xc hal/src/hal_usb_device.o
                0x000010b4                usb_d_register_callback
 .text.usb_d_enable
                0x000010c0        0xc hal/src/hal_usb_device.o
                0x000010c0                usb_d_enable
 .text.usb_d_attach
                0x000010cc        0xc hal/src/hal_usb_device.o
                0x000010cc                usb_d_attach
 .text.usb_d_set_address
                0x000010d8        0xc hal/src/hal_usb_device.o
                0x000010d8                usb_d_set_address
 .text.usb_d_ep_init
                0x000010e4       0x54 hal/src/hal_usb_device.o
                0x000010e4                usb_d_ep_init
 .text.usb_d_ep0_init
                0x00001138       0x14 hal/src/hal_usb_device.o
                0x00001138                usb_d_ep0_init
 .text.usb_d_ep_deinit
                0x0000114c       0x2c hal/src/hal_usb_device.o
                0x0000114c                usb_d_ep_deinit
 .text.usb_d_ep_enable
                0x00001178       0x50 hal/src/hal_usb_device.o
                0x00001178                usb_d_ep_enable
 .text.usb_d_ep_transfer
                0x000011c8      0x124 hal/src/hal_usb_device.o
                0x000011c8                usb_d_ep_transfer
 .text.usb_d_ep_halt
                0x000012ec       0x68 hal/src/hal_usb_device.o
                0x000012ec                usb_d_ep_halt
 .text.usb_d_ep_register_callback
                0x00001354       0x50 hal/src/hal_usb_device.o
                0x00001354                usb_d_ep_register_callback
 .text.assert   0x000013a4        0x8 hal/utils/src/utils_assert.o
                0x000013a4                assert
 .text.is_list_element
                0x000013ac       0x16 hal/utils/src/utils_list.o
                0x000013ac                is_list_element
 *fill*         0x000013c2        0x2 
 .text.list_insert_as_head
                0x000013c4       0x2c hal/utils/src/utils_list.o
                0x000013c4                list_insert_as_head
 .text.list_insert_after
                0x000013f0        0x8 hal/utils/src/utils_list.o
                0x000013f0                list_insert_after
 .text.list_insert_at_end
                0x000013f8       0x40 hal/utils/src/utils_list.o
                0x000013f8                list_insert_at_end
 .text.list_remove_head
                0x00001438       0x12 hal/utils/src/utils_list.o
                0x00001438                list_remove_head
 *fill*         0x0000144a        0x2 
 .text.ringbuffer_init
                0x0000144c       0x4c hal/utils/src/utils_ringbuffer.o
                0x0000144c                ringbuffer_init
 .text.ringbuffer_get
                0x00001498       0x4c hal/utils/src/utils_ringbuffer.o
                0x00001498                ringbuffer_get
 .text.ringbuffer_put
                0x000014e4       0x40 hal/utils/src/utils_ringbuffer.o
                0x000014e4                ringbuffer_put
 .text.ringbuffer_num
                0x00001524       0x24 hal/utils/src/utils_ringbuffer.o
                0x00001524                ringbuffer_num
 .text._init_chip
                0x00001548       0x30 hpl/core/hpl_init.o
                0x00001548                _init_chip
 .text._dac_init
                0x00001578       0x44 hpl/dac/hpl_dac.o
 .text._dac_sync_init
                0x000015bc       0x2c hpl/dac/hpl_dac.o
                0x000015bc                _dac_sync_init
 .text._ext_irq_init
                0x000015e8       0x90 hpl/eic/hpl_eic.o
                0x000015e8                _ext_irq_init
 .text.EIC_Handler
                0x00001678       0xb8 hpl/eic/hpl_eic.o
                0x00001678                EIC_Handler
 .text._gclk_init_generators_by_fref
                0x00001730       0xd4 hpl/gclk/hpl_gclk.o
                0x00001730                _gclk_init_generators_by_fref
 .text._pm_init
                0x00001804       0x20 hpl/pm/hpl_pm.o
                0x00001804                _pm_init
 .text._sercom_get_hardware_index
                0x00001824       0x10 hpl/sercom/hpl_sercom.o
 .text._sercom_usart_interrupt_handler
                0x00001834       0x64 hpl/sercom/hpl_sercom.o
 .text._sercom_init_irq_param
                0x00001898       0x18 hpl/sercom/hpl_sercom.o
 .text._sercom_get_irq_num
                0x000018b0       0x10 hpl/sercom/hpl_sercom.o
 .text._get_sercom_index
                0x000018c0       0x44 hpl/sercom/hpl_sercom.o
 .text._usart_init
                0x00001904       0xf0 hpl/sercom/hpl_sercom.o
 .text._usart_async_init
                0x000019f4       0x8c hpl/sercom/hpl_sercom.o
                0x000019f4                _usart_async_init
 .text._usart_async_write_byte
                0x00001a80        0x8 hpl/sercom/hpl_sercom.o
                0x00001a80                _usart_async_write_byte
 .text._usart_async_enable_byte_sent_irq
                0x00001a88        0x8 hpl/sercom/hpl_sercom.o
                0x00001a88                _usart_async_enable_byte_sent_irq
 .text._usart_async_enable_tx_done_irq
                0x00001a90        0x8 hpl/sercom/hpl_sercom.o
                0x00001a90                _usart_async_enable_tx_done_irq
 .text.SERCOM3_Handler
                0x00001a98       0x14 hpl/sercom/hpl_sercom.o
                0x00001a98                SERCOM3_Handler
 .text._spi_m_sync_init
                0x00001aac      0x204 hpl/sercom/hpl_sercom.o
                0x00001aac                _spi_m_sync_init
 .text._spi_m_sync_trans
                0x00001cb0      0x114 hpl/sercom/hpl_sercom.o
                0x00001cb0                _spi_m_sync_trans
 .text._sysctrl_init_sources
                0x00001dc4       0x5c hpl/sysctrl/hpl_sysctrl.o
                0x00001dc4                _sysctrl_init_sources
 .text._sysctrl_init_referenced_generators
                0x00001e20       0x94 hpl/sysctrl/hpl_sysctrl.o
                0x00001e20                _sysctrl_init_referenced_generators
 .text._system_time_init
                0x00001eb4       0x14 hpl/systick/hpl_systick.o
                0x00001eb4                _system_time_init
 .text._delay_init
                0x00001ec8        0xc hpl/systick/hpl_systick.o
                0x00001ec8                _delay_init
 .text.tc_interrupt_handler
                0x00001ed4       0x16 hpl/tc/hpl_tc.o
 *fill*         0x00001eea        0x2 
 .text.tc_get_hardware_index
                0x00001eec       0x10 hpl/tc/hpl_tc.o
 .text._tc_init_irq_param
                0x00001efc       0x28 hpl/tc/hpl_tc.o
 .text.get_tc_index
                0x00001f24       0x4c hpl/tc/hpl_tc.o
 .text._timer_init
                0x00001f70      0x124 hpl/tc/hpl_tc.o
                0x00001f70                _timer_init
 .text._tc_get_timer
                0x00002094        0x4 hpl/tc/hpl_tc.o
                0x00002094                _tc_get_timer
 .text.TC3_Handler
                0x00002098       0x14 hpl/tc/hpl_tc.o
                0x00002098                TC3_Handler
 .text.TC4_Handler
                0x000020ac       0x14 hpl/tc/hpl_tc.o
                0x000020ac                TC4_Handler
 .text._dummy_func_no_return
                0x000020c0        0x4 hpl/usb/hpl_usb.o
 .text._usb_load_calib
                0x000020c4       0x54 hpl/usb/hpl_usb.o
 .text._usb_d_dev_handle_setup
                0x00002118       0x90 hpl/usb/hpl_usb.o
 .text._usb_d_dev_handle_stall
                0x000021a8       0x30 hpl/usb/hpl_usb.o
 .text._usb_d_dev_trans_done
                0x000021d8       0x28 hpl/usb/hpl_usb.o
 .text._usb_d_dev_trans_stop
                0x00002200       0x7c hpl/usb/hpl_usb.o
 .text._usb_d_dev_handle_trfail
                0x0000227c      0x110 hpl/usb/hpl_usb.o
 .text._usb_d_dev_reset_epts
                0x0000238c       0x58 hpl/usb/hpl_usb.o
 .text._usb_d_dev_in_next
                0x000023e4      0x190 hpl/usb/hpl_usb.o
 .text._usb_d_dev_out_next
                0x00002574      0x204 hpl/usb/hpl_usb.o
 .text._usb_d_dev_handler
                0x00002778      0x258 hpl/usb/hpl_usb.o
 .text._usb_d_dev_init
                0x000029d0       0xa8 hpl/usb/hpl_usb.o
                0x000029d0                _usb_d_dev_init
 .text._usb_d_dev_enable
                0x00002a78       0x50 hpl/usb/hpl_usb.o
                0x00002a78                _usb_d_dev_enable
 .text._usb_d_dev_attach
                0x00002ac8       0x10 hpl/usb/hpl_usb.o
                0x00002ac8                _usb_d_dev_attach
 .text._usb_d_dev_set_address
                0x00002ad8       0x14 hpl/usb/hpl_usb.o
                0x00002ad8                _usb_d_dev_set_address
 .text._usb_d_dev_ep_init
                0x00002aec      0x14c hpl/usb/hpl_usb.o
                0x00002aec                _usb_d_dev_ep_init
 .text._usb_d_dev_ep_deinit
                0x00002c38       0xc4 hpl/usb/hpl_usb.o
                0x00002c38                _usb_d_dev_ep_deinit
 .text._usb_d_dev_ep_enable
                0x00002cfc      0x308 hpl/usb/hpl_usb.o
                0x00002cfc                _usb_d_dev_ep_enable
 .text._usb_d_dev_ep_stall
                0x00003004      0x158 hpl/usb/hpl_usb.o
                0x00003004                _usb_d_dev_ep_stall
 .text._usb_d_dev_ep_read_req
                0x0000315c       0x78 hpl/usb/hpl_usb.o
                0x0000315c                _usb_d_dev_ep_read_req
 .text._usb_d_dev_ep_trans
                0x000031d4      0x1dc hpl/usb/hpl_usb.o
                0x000031d4                _usb_d_dev_ep_trans
 .text._usb_d_dev_register_callback
                0x000033b0       0x24 hpl/usb/hpl_usb.o
                0x000033b0                _usb_d_dev_register_callback
 .text._usb_d_dev_register_ep_callback
                0x000033d4       0x30 hpl/usb/hpl_usb.o
                0x000033d4                _usb_d_dev_register_ep_callback
 .text.USB_Handler
                0x00003404        0xc hpl/usb/hpl_usb.o
                0x00003404                USB_Handler
 .text.main     0x00003410        0xc main.o
                0x00003410                main
 .text.cdcdf_acm_get_req
                0x0000341c       0x3c usb/class/cdc/device/cdcdf_acm.o
 .text.cdcdf_acm_set_req
                0x00003458       0xb0 usb/class/cdc/device/cdcdf_acm.o
 .text.cdcdf_acm_req
                0x00003508       0x50 usb/class/cdc/device/cdcdf_acm.o
 .text.cdcdf_acm_enable
                0x00003558       0xe8 usb/class/cdc/device/cdcdf_acm.o
 .text.cdcdf_acm_disable
                0x00003640       0x6c usb/class/cdc/device/cdcdf_acm.o
 .text.cdcdf_acm_ctrl
                0x000036ac       0x34 usb/class/cdc/device/cdcdf_acm.o
 .text.cdcdf_acm_init
                0x000036e0       0x48 usb/class/cdc/device/cdcdf_acm.o
                0x000036e0                cdcdf_acm_init
 .text.usbdc_unconfig
                0x00003728       0x20 usb/device/usbdc.o
 .text.usbdc_sof_notify
                0x00003748       0x20 usb/device/usbdc.o
 .text.usbdc_change_notify
                0x00003768       0x28 usb/device/usbdc.o
 .text.usbdc_request_handler
                0x00003790       0x3c usb/device/usbdc.o
 .text.usbd_sof_cb
                0x000037cc        0xc usb/device/usbdc.o
 .text.usbdc_ctrl_data_end
                0x000037d8       0x14 usb/device/usbdc.o
 .text.usbdc_set_address
                0x000037ec        0xc usb/device/usbdc.o
 .text.usbdc_ctrl_status_end
                0x000037f8       0x64 usb/device/usbdc.o
 .text.usbdc_cb_ctl_done
                0x0000385c       0x28 usb/device/usbdc.o
 .text.usbdc_set_config
                0x00003884       0x94 usb/device/usbdc.o
 .text.usbdc_reset
                0x00003918       0x58 usb/device/usbdc.o
                0x00003918                usbdc_reset
 .text.usbd_event_cb
                0x00003970       0x24 usb/device/usbdc.o
 .text.usbdc_xfer
                0x00003994       0x1c usb/device/usbdc.o
                0x00003994                usbdc_xfer
 .text.usbdc_clear_ftr_req
                0x000039b0       0x40 usb/device/usbdc.o
 .text.usbdc_set_ftr_req
                0x000039f0       0x40 usb/device/usbdc.o
 .text.usbdc_set_interface
                0x00003a30       0xc4 usb/device/usbdc.o
 .text.usbdc_set_req
                0x00003af4       0x84 usb/device/usbdc.o
 .text.usbdc_get_dev_desc
                0x00003b78       0x4c usb/device/usbdc.o
 .text.usbdc_get_cfg_desc
                0x00003bc4       0x68 usb/device/usbdc.o
 .text.usbdc_get_str_desc
                0x00003c2c       0x5c usb/device/usbdc.o
 .text.usbdc_get_desc_req
                0x00003c88       0x34 usb/device/usbdc.o
 .text.usbdc_get_status_req
                0x00003cbc       0x64 usb/device/usbdc.o
 .text.usbdc_get_interface
                0x00003d20       0x68 usb/device/usbdc.o
 .text.usbdc_get_req
                0x00003d88       0x58 usb/device/usbdc.o
 .text.usbdc_cb_ctl_req
                0x00003de0       0x4c usb/device/usbdc.o
 .text.usbdc_register_handler
                0x00003e2c       0x38 usb/device/usbdc.o
                0x00003e2c                usbdc_register_handler
 .text.usbdc_init
                0x00003e64       0x60 usb/device/usbdc.o
                0x00003e64                usbdc_init
 .text.usbdc_register_function
                0x00003ec4       0x18 usb/device/usbdc.o
                0x00003ec4                usbdc_register_function
 .text.usbdc_start
                0x00003edc       0x38 usb/device/usbdc.o
                0x00003edc                usbdc_start
 .text.usbdc_attach
                0x00003f14        0xc usb/device/usbdc.o
                0x00003f14                usbdc_attach
 .text.usbdc_get_ctrl_buffer
                0x00003f20        0xc usb/device/usbdc.o
                0x00003f20                usbdc_get_ctrl_buffer
 .text.usbdc_get_state
                0x00003f2c       0x10 usb/device/usbdc.o
                0x00003f2c                usbdc_get_state
 .text.usb_find_desc
                0x00003f3c       0x1e usb/usb_protocol.o
                0x00003f3c                usb_find_desc
 .text.usb_find_ep_desc
                0x00003f5a       0x24 usb/usb_protocol.o
                0x00003f5a                usb_find_ep_desc
 *fill*         0x00003f7e        0x2 
 .text.usb_find_cfg_desc
                0x00003f80       0x44 usb/usb_protocol.o
                0x00003f80                usb_find_cfg_desc
 .text.usb_find_str_desc
                0x00003fc4       0x38 usb/usb_protocol.o
                0x00003fc4                usb_find_str_desc
 .text.cdc_device_acm_init
                0x00003ffc       0x34 usb_start.o
                0x00003ffc                cdc_device_acm_init
 .text.usb_init
                0x00004030        0xc usb_start.o
                0x00004030                usb_init
 .text          0x0000403c       0x14 c:/program files (x86)/atmel/studio/7.0/toolchain/arm/arm-gnu-toolchain/bin/../lib/gcc/arm-none-eabi/6.3.1/thumb/v6-m\libgcc.a(_ffssi2.o)
                0x0000403c                __ffssi2
 .text          0x00004050       0x40 c:/program files (x86)/atmel/studio/7.0/toolchain/arm/arm-gnu-toolchain/bin/../lib/gcc/arm-none-eabi/6.3.1/thumb/v6-m\libgcc.a(_ctzsi2.o)
                0x00004050                __ctzsi2
 .text.__libc_init_array
                0x00004090       0x48 c:/program files (x86)/atmel/studio/7.0/toolchain/arm/arm-gnu-toolchain/bin/../lib/gcc/arm-none-eabi/6.3.1/../../../../arm-none-eabi/lib/thumb/v6-m\libc_nano.a(lib_a-init.o)
                0x00004090                __libc_init_array
 .text.memcpy   0x000040d8       0x12 c:/program files (x86)/atmel/studio/7.0/toolchain/arm/arm-gnu-toolchain/bin/../lib/gcc/arm-none-eabi/6.3.1/../../../../arm-none-eabi/lib/thumb/v6-m\libc_nano.a(lib_a-memcpy-stub.o)
                0x000040d8                memcpy
 .text.memset   0x000040ea       0x10 c:/program files (x86)/atmel/studio/7.0/toolchain/arm/arm-gnu-toolchain/bin/../lib/gcc/arm-none-eabi/6.3.1/../../../../arm-none-eabi/lib/thumb/v6-m\libc_nano.a(lib_a-memset.o)
                0x000040ea                memset
 *(.glue_7t)
 .glue_7t       0x000040fa        0x0 linker stubs
 *(.glue_7)
 .glue_7        0x000040fa        0x0 linker stubs
 *(.rodata .rodata* .gnu.linkonce.r.*)
 *fill*         0x000040fa        0x2 
 .rodata.str1.4
                0x000040fc       0x1a hal/src/hal_dac_sync.o
 *fill*         0x00004116        0x2 
 .rodata.str1.4
                0x00004118       0x1c hal/src/hal_spi_m_sync.o
 .rodata.str1.4
                0x00004134       0x17 hal/src/hal_timer.o
 *fill*         0x0000414b        0x1 
 .rodata.str1.4
                0x0000414c       0x1d hal/src/hal_usart_async.o
 *fill*         0x00004169        0x3 
 .rodata.str1.4
                0x0000416c       0x1e hal/utils/src/utils_list.o
 *fill*         0x0000418a        0x2 
 .rodata.str1.4
                0x0000418c       0x24 hal/utils/src/utils_ringbuffer.o
 .rodata.str1.4
                0x000041b0       0x15 hpl/dac/hpl_dac.o
 *fill*         0x000041c5        0x3 
 .rodata        0x000041c8        0x8 hpl/eic/hpl_eic.o
 .rodata.str1.4
                0x000041d0       0x15 hpl/eic/hpl_eic.o
 *fill*         0x000041e5        0x3 
 .rodata        0x000041e8       0x6f hpl/sercom/hpl_sercom.o
 *fill*         0x00004257        0x1 
 .rodata.str1.4
                0x00004258       0x1b hpl/sercom/hpl_sercom.o
 *fill*         0x00004273        0x1 
 .rodata        0x00004274       0x28 hpl/tc/hpl_tc.o
 .rodata.str1.4
                0x0000429c       0x13 hpl/tc/hpl_tc.o
 *fill*         0x000042af        0x1 
 .rodata        0x000042b0       0x44 hpl/usb/hpl_usb.o
 .rodata        0x000042f4       0x30 usb/device/usbdc.o
 .rodata.str1.4
                0x00004324       0x18 usb/device/usbdc.o
                                 0x16 (size before relaxing)
 *(.ARM.extab* .gnu.linkonce.armextab.*)
                0x0000433c                . = ALIGN (0x4)
 *(.init)
 .init          0x0000433c        0x4 c:/program files (x86)/atmel/studio/7.0/toolchain/arm/arm-gnu-toolchain/bin/../lib/gcc/arm-none-eabi/6.3.1/thumb/v6-m/crti.o
                0x0000433c                _init
 .init          0x00004340        0x8 c:/program files (x86)/atmel/studio/7.0/toolchain/arm/arm-gnu-toolchain/bin/../lib/gcc/arm-none-eabi/6.3.1/thumb/v6-m/crtn.o
                0x00004348                . = ALIGN (0x4)
                0x00004348                __preinit_array_start = .
 *(.preinit_array)
                0x00004348                __preinit_array_end = .
                0x00004348                . = ALIGN (0x4)
                0x00004348                __init_array_start = .
 *(SORT(.init_array.*))
 *(.init_array)
 .init_array    0x00004348        0x4 c:/program files (x86)/atmel/studio/7.0/toolchain/arm/arm-gnu-toolchain/bin/../lib/gcc/arm-none-eabi/6.3.1/thumb/v6-m/crtbegin.o
                0x0000434c                __init_array_end = .
                0x0000434c                . = ALIGN (0x4)
 *crtbegin.o(.ctors)
 *(EXCLUDE_FILE(*crtend.o) .ctors)
 *(SORT(.ctors.*))
 *crtend.o(.ctors)
                0x0000434c                . = ALIGN (0x4)
 *(.fini)
 .fini          0x0000434c        0x4 c:/program files (x86)/atmel/studio/7.0/toolchain/arm/arm-gnu-toolchain/bin/../lib/gcc/arm-none-eabi/6.3.1/thumb/v6-m/crti.o
                0x0000434c                _fini
 .fini          0x00004350        0x8 c:/program files (x86)/atmel/studio/7.0/toolchain/arm/arm-gnu-toolchain/bin/../lib/gcc/arm-none-eabi/6.3.1/thumb/v6-m/crtn.o
                0x00004358                . = ALIGN (0x4)
                0x00004358                __fini_array_start = .
 *(.fini_array)
 .fini_array    0x00004358        0x4 c:/program files (x86)/atmel/studio/7.0/toolchain/arm/arm-gnu-toolchain/bin/../lib/gcc/arm-none-eabi/6.3.1/thumb/v6-m/crtbegin.o
 *(SORT(.fini_array.*))
                0x0000435c                __fini_array_end = .
 *crtbegin.o(.dtors)
 *(EXCLUDE_FILE(*crtend.o) .dtors)
 *(SORT(.dtors.*))
 *crtend.o(.dtors)
                0x0000435c                . = ALIGN (0x4)
                0x0000435c                _efixed = .
                [!provide]                PROVIDE (__exidx_start, .)

.vfp11_veneer   0x0000435c        0x0
 .vfp11_veneer  0x0000435c        0x0 linker stubs

.v4_bx          0x0000435c        0x0
 .v4_bx         0x0000435c        0x0 linker stubs

.iplt           0x0000435c        0x0
 .iplt          0x0000435c        0x0 c:/program files (x86)/atmel/studio/7.0/toolchain/arm/arm-gnu-toolchain/bin/../lib/gcc/arm-none-eabi/6.3.1/thumb/v6-m/crtbegin.o

.eh_frame       0x0000435c        0x0
 .eh_frame      0x0000435c        0x0 c:/program files (x86)/atmel/studio/7.0/toolchain/arm/arm-gnu-toolchain/bin/../lib/gcc/arm-none-eabi/6.3.1/thumb/v6-m/crtbegin.o

.rel.dyn        0x0000435c        0x0
 .rel.iplt      0x0000435c        0x0 c:/program files (x86)/atmel/studio/7.0/toolchain/arm/arm-gnu-toolchain/bin/../lib/gcc/arm-none-eabi/6.3.1/thumb/v6-m/crtbegin.o

.jcr            0x0000435c        0x0
 .jcr           0x0000435c        0x0 c:/program files (x86)/atmel/studio/7.0/toolchain/arm/arm-gnu-toolchain/bin/../lib/gcc/arm-none-eabi/6.3.1/thumb/v6-m/crtbegin.o

.igot.plt       0x0000435c        0x0
 .igot.plt      0x0000435c        0x0 c:/program files (x86)/atmel/studio/7.0/toolchain/arm/arm-gnu-toolchain/bin/../lib/gcc/arm-none-eabi/6.3.1/thumb/v6-m/crtbegin.o

.ARM.exidx
 *(.ARM.exidx* .gnu.linkonce.armexidx.*)
                [!provide]                PROVIDE (__exidx_end, .)
                0x0000435c                . = ALIGN (0x4)
                0x0000435c                _etext = .

.relocate       0x20000000       0x68 load address 0x0000435c
                0x20000000                . = ALIGN (0x4)
                0x20000000                _srelocate = .
 *(.ramfunc .ramfunc.*)
 *(.data .data.*)
 .data          0x20000000        0x8 usb/class/cdc/device/cdcdf_acm.o
 .data          0x20000008       0x5d usb_start.o
                0x20000068                . = ALIGN (0x4)
 *fill*         0x20000065        0x3 
                0x20000068                _erelocate = .

.bss            0x20000068      0x5d0 load address 0x000043c4
                0x20000068                . = ALIGN (0x4)
                0x20000068                _sbss = .
                0x20000068                _szero = .
 *(.bss .bss.*)
 .bss           0x20000068       0x1c c:/program files (x86)/atmel/studio/7.0/toolchain/arm/arm-gnu-toolchain/bin/../lib/gcc/arm-none-eabi/6.3.1/thumb/v6-m/crtbegin.o
 .bss           0x20000084       0x10 driver_init.o
 .bss           0x20000094        0x4 hal/src/hal_delay.o
 .bss           0x20000098        0x8 hal/src/hal_ext_irq.o
 .bss           0x200000a0       0x80 hal/src/hal_usb_device.o
 .bss           0x20000120        0x4 hpl/eic/hpl_eic.o
 .bss           0x20000124        0x4 hpl/sercom/hpl_sercom.o
 .bss           0x20000128        0x8 hpl/tc/hpl_tc.o
 .bss           0x20000130      0x368 hpl/usb/hpl_usb.o
 .bss           0x20000498       0x24 usb/class/cdc/device/cdcdf_acm.o
 .bss           0x200004bc       0x20 usb/device/usbdc.o
 .bss           0x200004dc       0x80 usb_start.o
 *(COMMON)
 COMMON         0x2000055c       0xdc driver_init.o
                0x2000055c                TIMER_ZCD
                0x20000578                SPI_LMX
                0x20000590                DAC_0
                0x2000059c                USART_0
                0x200005ec                SPI_ADF
                0x20000604                SPI_ZCD
                0x2000061c                TIMER_USB
                0x20000638                . = ALIGN (0x4)
                0x20000638                _ebss = .
                0x20000638                _ezero = .

.stack          0x20000638     0x2000 load address 0x00004994
                0x20000638                . = ALIGN (0x8)
                0x20000638                _sstack = .
                0x20002638                . = (. + STACK_SIZE)
 *fill*         0x20000638     0x2000 
                0x20002638                . = ALIGN (0x8)
                0x20002638                _estack = .
                0x20002638                . = ALIGN (0x4)
                0x20002638                _end = .
OUTPUT(SAMD21_BSP.elf elf32-littlearm)

.ARM.attributes
                0x00000000       0x28
 .ARM.attributes
                0x00000000       0x1e c:/program files (x86)/atmel/studio/7.0/toolchain/arm/arm-gnu-toolchain/bin/../lib/gcc/arm-none-eabi/6.3.1/thumb/v6-m/crti.o
 .ARM.attributes
                0x0000001e       0x2c c:/program files (x86)/atmel/studio/7.0/toolchain/arm/arm-gnu-toolchain/bin/../lib/gcc/arm-none-eabi/6.3.1/thumb/v6-m/crtbegin.o
 .ARM.attributes
                0x0000004a       0x32 atmel_start.o
 .ARM.attributes
                0x0000007c       0x32 Device_Startup/startup_samd21.o
 .ARM.attributes
                0x000000ae       0x32 driver_init.o
 .ARM.attributes
                0x000000e0       0x32 hal/src/hal_atomic.o
 .ARM.attributes
                0x00000112       0x32 hal/src/hal_dac_sync.o
 .ARM.attributes
                0x00000144       0x32 hal/src/hal_delay.o
 .ARM.attributes
                0x00000176       0x32 hal/src/hal_ext_irq.o
 .ARM.attributes
                0x000001a8       0x32 hal/src/hal_spi_m_sync.o
 .ARM.attributes
                0x000001da       0x32 hal/src/hal_timer.o
 .ARM.attributes
                0x0000020c       0x32 hal/src/hal_usart_async.o
 .ARM.attributes
                0x0000023e       0x32 hal/src/hal_usb_device.o
 .ARM.attributes
                0x00000270       0x32 hal/utils/src/utils_assert.o
 .ARM.attributes
                0x000002a2       0x32 hal/utils/src/utils_list.o
 .ARM.attributes
                0x000002d4       0x32 hal/utils/src/utils_ringbuffer.o
 .ARM.attributes
                0x00000306       0x32 hpl/core/hpl_init.o
 .ARM.attributes
                0x00000338       0x32 hpl/dac/hpl_dac.o
 .ARM.attributes
                0x0000036a       0x32 hpl/eic/hpl_eic.o
 .ARM.attributes
                0x0000039c       0x32 hpl/gclk/hpl_gclk.o
 .ARM.attributes
                0x000003ce       0x32 hpl/pm/hpl_pm.o
 .ARM.attributes
                0x00000400       0x32 hpl/sercom/hpl_sercom.o
 .ARM.attributes
                0x00000432       0x32 hpl/sysctrl/hpl_sysctrl.o
 .ARM.attributes
                0x00000464       0x32 hpl/systick/hpl_systick.o
 .ARM.attributes
                0x00000496       0x32 hpl/tc/hpl_tc.o
 .ARM.attributes
                0x000004c8       0x32 hpl/usb/hpl_usb.o
 .ARM.attributes
                0x000004fa       0x32 main.o
 .ARM.attributes
                0x0000052c       0x32 usb/class/cdc/device/cdcdf_acm.o
 .ARM.attributes
                0x0000055e       0x32 usb/device/usbdc.o
 .ARM.attributes
                0x00000590       0x32 usb/usb_protocol.o
 .ARM.attributes
                0x000005c2       0x32 usb_start.o
 .ARM.attributes
                0x000005f4       0x2c c:/program files (x86)/atmel/studio/7.0/toolchain/arm/arm-gnu-toolchain/bin/../lib/gcc/arm-none-eabi/6.3.1/thumb/v6-m\libgcc.a(_ffssi2.o)
 .ARM.attributes
                0x00000620       0x1e c:/program files (x86)/atmel/studio/7.0/toolchain/arm/arm-gnu-toolchain/bin/../lib/gcc/arm-none-eabi/6.3.1/thumb/v6-m\libgcc.a(_ctzsi2.o)
 .ARM.attributes
                0x0000063e       0x2c c:/program files (x86)/atmel/studio/7.0/toolchain/arm/arm-gnu-toolchain/bin/../lib/gcc/arm-none-eabi/6.3.1/../../../../arm-none-eabi/lib/thumb/v6-m\libc_nano.a(lib_a-init.o)
 .ARM.attributes
                0x0000066a       0x2c c:/program files (x86)/atmel/studio/7.0/toolchain/arm/arm-gnu-toolchain/bin/../lib/gcc/arm-none-eabi/6.3.1/../../../../arm-none-eabi/lib/thumb/v6-m\libc_nano.a(lib_a-memcpy-stub.o)
 .ARM.attributes
                0x00000696       0x2c c:/program files (x86)/atmel/studio/7.0/toolchain/arm/arm-gnu-toolchain/bin/../lib/gcc/arm-none-eabi/6.3.1/../../../../arm-none-eabi/lib/thumb/v6-m\libc_nano.a(lib_a-memset.o)
 .ARM.attributes
                0x000006c2       0x1e c:/program files (x86)/atmel/studio/7.0/toolchain/arm/arm-gnu-toolchain/bin/../lib/gcc/arm-none-eabi/6.3.1/thumb/v6-m/crtn.o

.comment        0x00000000       0x59
 .comment       0x00000000       0x59 atmel_start.o
                                 0x5a (size before relaxing)
 .comment       0x00000059       0x5a Device_Startup/startup_samd21.o
 .comment       0x00000059       0x5a driver_init.o
 .comment       0x00000059       0x5a hal/src/hal_atomic.o
 .comment       0x00000059       0x5a hal/src/hal_dac_sync.o
 .comment       0x00000059       0x5a hal/src/hal_delay.o
 .comment       0x00000059       0x5a hal/src/hal_ext_irq.o
 .comment       0x00000059       0x5a hal/src/hal_spi_m_sync.o
 .comment       0x00000059       0x5a hal/src/hal_timer.o
 .comment       0x00000059       0x5a hal/src/hal_usart_async.o
 .comment       0x00000059       0x5a hal/src/hal_usb_device.o
 .comment       0x00000059       0x5a hal/utils/src/utils_assert.o
 .comment       0x00000059       0x5a hal/utils/src/utils_list.o
 .comment       0x00000059       0x5a hal/utils/src/utils_ringbuffer.o
 .comment       0x00000059       0x5a hpl/core/hpl_init.o
 .comment       0x00000059       0x5a hpl/dac/hpl_dac.o
 .comment       0x00000059       0x5a hpl/eic/hpl_eic.o
 .comment       0x00000059       0x5a hpl/gclk/hpl_gclk.o
 .comment       0x00000059       0x5a hpl/pm/hpl_pm.o
 .comment       0x00000059       0x5a hpl/sercom/hpl_sercom.o
 .comment       0x00000059       0x5a hpl/sysctrl/hpl_sysctrl.o
 .comment       0x00000059       0x5a hpl/systick/hpl_systick.o
 .comment       0x00000059       0x5a hpl/tc/hpl_tc.o
 .comment       0x00000059       0x5a hpl/usb/hpl_usb.o
 .comment       0x00000059       0x5a main.o
 .comment       0x00000059       0x5a usb/class/cdc/device/cdcdf_acm.o
 .comment       0x00000059       0x5a usb/device/usbdc.o
 .comment       0x00000059       0x5a usb/usb_protocol.o
 .comment       0x00000059       0x5a usb_start.o

.debug_info     0x00000000    0x39969
 .debug_info    0x00000000      0xf36 atmel_start.o
 .debug_info    0x00000f36     0x3a2c Device_Startup/startup_samd21.o
 .debug_info    0x00004962     0xbda2 driver_init.o
 .debug_info    0x00010704      0x1d1 hal/src/hal_atomic.o
 .debug_info    0x000108d5      0x461 hal/src/hal_dac_sync.o
 .debug_info    0x00010d36      0x1dc hal/src/hal_delay.o
 .debug_info    0x00010f12      0x379 hal/src/hal_ext_irq.o
 .debug_info    0x0001128b      0x9c9 hal/src/hal_spi_m_sync.o
 .debug_info    0x00011c54      0xb91 hal/src/hal_timer.o
 .debug_info    0x000127e5     0x129e hal/src/hal_usart_async.o
 .debug_info    0x00013a83     0x1e1a hal/src/hal_usb_device.o
 .debug_info    0x0001589d      0x107 hal/utils/src/utils_assert.o
 .debug_info    0x000159a4      0x314 hal/utils/src/utils_list.o
 .debug_info    0x00015cb8      0x2f1 hal/utils/src/utils_ringbuffer.o
 .debug_info    0x00015fa9      0x677 hpl/core/hpl_init.o
 .debug_info    0x00016620     0x140d hpl/dac/hpl_dac.o
 .debug_info    0x00017a2d     0x1fbe hpl/eic/hpl_eic.o
 .debug_info    0x000199eb      0x9a9 hpl/gclk/hpl_gclk.o
 .debug_info    0x0001a394      0xc6d hpl/pm/hpl_pm.o
 .debug_info    0x0001b001     0xb64a hpl/sercom/hpl_sercom.o
 .debug_info    0x0002664b     0x1c19 hpl/sysctrl/hpl_sysctrl.o
 .debug_info    0x00028264      0x25e hpl/systick/hpl_systick.o
 .debug_info    0x000284c2     0x21ca hpl/tc/hpl_tc.o
 .debug_info    0x0002a68c     0x8628 hpl/usb/hpl_usb.o
 .debug_info    0x00032cb4      0xf24 main.o
 .debug_info    0x00033bd8     0x1741 usb/class/cdc/device/cdcdf_acm.o
 .debug_info    0x00035319     0x23b9 usb/device/usbdc.o
 .debug_info    0x000376d2      0xf0f usb/usb_protocol.o
 .debug_info    0x000385e1     0x1388 usb_start.o

.debug_abbrev   0x00000000     0x4a0c
 .debug_abbrev  0x00000000      0x1b4 atmel_start.o
 .debug_abbrev  0x000001b4      0x227 Device_Startup/startup_samd21.o
 .debug_abbrev  0x000003db      0x408 driver_init.o
 .debug_abbrev  0x000007e3      0x144 hal/src/hal_atomic.o
 .debug_abbrev  0x00000927      0x13c hal/src/hal_dac_sync.o
 .debug_abbrev  0x00000a63       0xe1 hal/src/hal_delay.o
 .debug_abbrev  0x00000b44      0x179 hal/src/hal_ext_irq.o
 .debug_abbrev  0x00000cbd      0x1b1 hal/src/hal_spi_m_sync.o
 .debug_abbrev  0x00000e6e      0x221 hal/src/hal_timer.o
 .debug_abbrev  0x0000108f      0x29f hal/src/hal_usart_async.o
 .debug_abbrev  0x0000132e      0x486 hal/src/hal_usb_device.o
 .debug_abbrev  0x000017b4       0x86 hal/utils/src/utils_assert.o
 .debug_abbrev  0x0000183a      0x152 hal/utils/src/utils_list.o
 .debug_abbrev  0x0000198c       0xf4 hal/utils/src/utils_ringbuffer.o
 .debug_abbrev  0x00001a80      0x1cc hpl/core/hpl_init.o
 .debug_abbrev  0x00001c4c      0x38e hpl/dac/hpl_dac.o
 .debug_abbrev  0x00001fda      0x3da hpl/eic/hpl_eic.o
 .debug_abbrev  0x000023b4      0x1c3 hpl/gclk/hpl_gclk.o
 .debug_abbrev  0x00002577      0x211 hpl/pm/hpl_pm.o
 .debug_abbrev  0x00002788      0x5bf hpl/sercom/hpl_sercom.o
 .debug_abbrev  0x00002d47      0x265 hpl/sysctrl/hpl_sysctrl.o
 .debug_abbrev  0x00002fac      0x172 hpl/systick/hpl_systick.o
 .debug_abbrev  0x0000311e      0x4da hpl/tc/hpl_tc.o
 .debug_abbrev  0x000035f8      0x5ea hpl/usb/hpl_usb.o
 .debug_abbrev  0x00003be2      0x1b6 main.o
 .debug_abbrev  0x00003d98      0x373 usb/class/cdc/device/cdcdf_acm.o
 .debug_abbrev  0x0000410b      0x3d9 usb/device/usbdc.o
 .debug_abbrev  0x000044e4      0x2a0 usb/usb_protocol.o
 .debug_abbrev  0x00004784      0x288 usb_start.o

.debug_loc      0x00000000    0x17984
 .debug_loc     0x00000000       0x20 atmel_start.o
 .debug_loc     0x00000020       0x78 Device_Startup/startup_samd21.o
 .debug_loc     0x00000098     0x28e8 driver_init.o
 .debug_loc     0x00002980       0x13 hal/src/hal_atomic.o
 .debug_loc     0x00002993      0x418 hal/src/hal_dac_sync.o
 .debug_loc     0x00002dab       0xc3 hal/src/hal_delay.o
 .debug_loc     0x00002e6e      0x37b hal/src/hal_ext_irq.o
 .debug_loc     0x000031e9      0x728 hal/src/hal_spi_m_sync.o
 .debug_loc     0x00003911      0x767 hal/src/hal_timer.o
 .debug_loc     0x00004078      0xf92 hal/src/hal_usart_async.o
 .debug_loc     0x0000500a     0x11a4 hal/src/hal_usb_device.o
 .debug_loc     0x000061ae      0x213 hal/utils/src/utils_list.o
 .debug_loc     0x000063c1      0x2d1 hal/utils/src/utils_ringbuffer.o
 .debug_loc     0x00006692       0x4c hpl/core/hpl_init.o
 .debug_loc     0x000066de      0x556 hpl/dac/hpl_dac.o
 .debug_loc     0x00006c34      0x50b hpl/eic/hpl_eic.o
 .debug_loc     0x0000713f      0x62c hpl/gclk/hpl_gclk.o
 .debug_loc     0x0000776b      0x11b hpl/pm/hpl_pm.o
 .debug_loc     0x00007886     0x7ff0 hpl/sercom/hpl_sercom.o
 .debug_loc     0x0000f876      0x3d8 hpl/sysctrl/hpl_sysctrl.o
 .debug_loc     0x0000fc4e       0xf9 hpl/systick/hpl_systick.o
 .debug_loc     0x0000fd47      0x90d hpl/tc/hpl_tc.o
 .debug_loc     0x00010654     0x4c39 hpl/usb/hpl_usb.o
 .debug_loc     0x0001528d       0x20 main.o
 .debug_loc     0x000152ad      0x9e2 usb/class/cdc/device/cdcdf_acm.o
 .debug_loc     0x00015c8f     0x16a4 usb/device/usbdc.o
 .debug_loc     0x00017333      0x4bf usb/usb_protocol.o
 .debug_loc     0x000177f2      0x192 usb_start.o

.debug_aranges  0x00000000     0x10d0
 .debug_aranges
                0x00000000       0x20 atmel_start.o
 .debug_aranges
                0x00000020       0x28 Device_Startup/startup_samd21.o
 .debug_aranges
                0x00000048       0xd0 driver_init.o
 .debug_aranges
                0x00000118       0x30 hal/src/hal_atomic.o
 .debug_aranges
                0x00000148       0x48 hal/src/hal_dac_sync.o
 .debug_aranges
                0x00000190       0x38 hal/src/hal_delay.o
 .debug_aranges
                0x000001c8       0x50 hal/src/hal_ext_irq.o
 .debug_aranges
                0x00000218       0x88 hal/src/hal_spi_m_sync.o
 .debug_aranges
                0x000002a0       0x70 hal/src/hal_timer.o
 .debug_aranges
                0x00000310       0xe0 hal/src/hal_usart_async.o
 .debug_aranges
                0x000003f0      0x100 hal/src/hal_usb_device.o
 .debug_aranges
                0x000004f0       0x20 hal/utils/src/utils_assert.o
 .debug_aranges
                0x00000510       0x48 hal/utils/src/utils_list.o
 .debug_aranges
                0x00000558       0x40 hal/utils/src/utils_ringbuffer.o
 .debug_aranges
                0x00000598       0x20 hpl/core/hpl_init.o
 .debug_aranges
                0x000005b8       0x88 hpl/dac/hpl_dac.o
 .debug_aranges
                0x00000640       0x38 hpl/eic/hpl_eic.o
 .debug_aranges
                0x00000678       0x28 hpl/gclk/hpl_gclk.o
 .debug_aranges
                0x000006a0       0x30 hpl/pm/hpl_pm.o
 .debug_aranges
                0x000006d0      0x520 hpl/sercom/hpl_sercom.o
 .debug_aranges
                0x00000bf0       0x28 hpl/sysctrl/hpl_sysctrl.o
 .debug_aranges
                0x00000c18       0x48 hpl/systick/hpl_systick.o
 .debug_aranges
                0x00000c60       0x98 hpl/tc/hpl_tc.o
 .debug_aranges
                0x00000cf8      0x138 hpl/usb/hpl_usb.o
 .debug_aranges
                0x00000e30       0x20 main.o
 .debug_aranges
                0x00000e50       0x90 usb/class/cdc/device/cdcdf_acm.o
 .debug_aranges
                0x00000ee0      0x160 usb/device/usbdc.o
 .debug_aranges
                0x00001040       0x48 usb/usb_protocol.o
 .debug_aranges
                0x00001088       0x48 usb_start.o

.debug_ranges   0x00000000     0x1260
 .debug_ranges  0x00000000       0x10 atmel_start.o
 .debug_ranges  0x00000010       0x18 Device_Startup/startup_samd21.o
 .debug_ranges  0x00000028       0xc0 driver_init.o
 .debug_ranges  0x000000e8       0x20 hal/src/hal_atomic.o
 .debug_ranges  0x00000108       0x38 hal/src/hal_dac_sync.o
 .debug_ranges  0x00000140       0x28 hal/src/hal_delay.o
 .debug_ranges  0x00000168       0x40 hal/src/hal_ext_irq.o
 .debug_ranges  0x000001a8       0x78 hal/src/hal_spi_m_sync.o
 .debug_ranges  0x00000220       0x90 hal/src/hal_timer.o
 .debug_ranges  0x000002b0       0xd0 hal/src/hal_usart_async.o
 .debug_ranges  0x00000380      0x108 hal/src/hal_usb_device.o
 .debug_ranges  0x00000488       0x10 hal/utils/src/utils_assert.o
 .debug_ranges  0x00000498       0x38 hal/utils/src/utils_list.o
 .debug_ranges  0x000004d0       0x30 hal/utils/src/utils_ringbuffer.o
 .debug_ranges  0x00000500       0x10 hpl/core/hpl_init.o
 .debug_ranges  0x00000510       0x90 hpl/dac/hpl_dac.o
 .debug_ranges  0x000005a0       0x28 hpl/eic/hpl_eic.o
 .debug_ranges  0x000005c8       0x18 hpl/gclk/hpl_gclk.o
 .debug_ranges  0x000005e0       0x20 hpl/pm/hpl_pm.o
 .debug_ranges  0x00000600      0x6c8 hpl/sercom/hpl_sercom.o
 .debug_ranges  0x00000cc8       0x18 hpl/sysctrl/hpl_sysctrl.o
 .debug_ranges  0x00000ce0       0x38 hpl/systick/hpl_systick.o
 .debug_ranges  0x00000d18       0x88 hpl/tc/hpl_tc.o
 .debug_ranges  0x00000da0      0x270 hpl/usb/hpl_usb.o
 .debug_ranges  0x00001010       0x10 main.o
 .debug_ranges  0x00001020       0x80 usb/class/cdc/device/cdcdf_acm.o
 .debug_ranges  0x000010a0      0x150 usb/device/usbdc.o
 .debug_ranges  0x000011f0       0x38 usb/usb_protocol.o
 .debug_ranges  0x00001228       0x38 usb_start.o

.debug_macro    0x00000000    0x1d81c
 .debug_macro   0x00000000      0x70b atmel_start.o
 .debug_macro   0x0000070b      0x89e atmel_start.o
 .debug_macro   0x00000fa9      0x16d atmel_start.o
 .debug_macro   0x00001116       0x22 atmel_start.o
 .debug_macro   0x00001138       0x87 atmel_start.o
 .debug_macro   0x000011bf       0x51 atmel_start.o
 .debug_macro   0x00001210       0xef atmel_start.o
 .debug_macro   0x000012ff       0x6a atmel_start.o
 .debug_macro   0x00001369      0x1df atmel_start.o
 .debug_macro   0x00001548       0x22 atmel_start.o
 .debug_macro   0x0000156a       0x3f atmel_start.o
 .debug_macro   0x000015a9       0x1c atmel_start.o
 .debug_macro   0x000015c5       0x22 atmel_start.o
 .debug_macro   0x000015e7       0xb5 atmel_start.o
 .debug_macro   0x0000169c      0x3ad atmel_start.o
 .debug_macro   0x00001a49      0x67e atmel_start.o
 .debug_macro   0x000020c7      0x8b1 atmel_start.o
 .debug_macro   0x00002978      0x22e atmel_start.o
 .debug_macro   0x00002ba6      0xd5c atmel_start.o
 .debug_macro   0x00003902      0x4dc atmel_start.o
 .debug_macro   0x00003dde      0x9f6 atmel_start.o
 .debug_macro   0x000047d4      0x82b atmel_start.o
 .debug_macro   0x00004fff      0x45f atmel_start.o
 .debug_macro   0x0000545e       0x5e atmel_start.o
 .debug_macro   0x000054bc      0x8f9 atmel_start.o
 .debug_macro   0x00005db5      0x21c atmel_start.o
 .debug_macro   0x00005fd1      0x735 atmel_start.o
 .debug_macro   0x00006706       0x5e atmel_start.o
 .debug_macro   0x00006764      0x632 atmel_start.o
 .debug_macro   0x00006d96      0x3ac atmel_start.o
 .debug_macro   0x00007142      0xc76 atmel_start.o
 .debug_macro   0x00007db8     0x1092 atmel_start.o
 .debug_macro   0x00008e4a      0xc4a atmel_start.o
 .debug_macro   0x00009a94      0x6ba atmel_start.o
 .debug_macro   0x0000a14e     0x1b3d atmel_start.o
 .debug_macro   0x0000bc8b     0x143c atmel_start.o
 .debug_macro   0x0000d0c7      0x340 atmel_start.o
 .debug_macro   0x0000d407       0x7c atmel_start.o
 .debug_macro   0x0000d483       0xa0 atmel_start.o
 .debug_macro   0x0000d523       0x4c atmel_start.o
 .debug_macro   0x0000d56f       0xca atmel_start.o
 .debug_macro   0x0000d639       0x94 atmel_start.o
 .debug_macro   0x0000d6cd       0x58 atmel_start.o
 .debug_macro   0x0000d725      0x341 atmel_start.o
 .debug_macro   0x0000da66       0x82 atmel_start.o
 .debug_macro   0x0000dae8      0x189 atmel_start.o
 .debug_macro   0x0000dc71       0xb8 atmel_start.o
 .debug_macro   0x0000dd29       0xa0 atmel_start.o
 .debug_macro   0x0000ddc9       0xb2 atmel_start.o
 .debug_macro   0x0000de7b       0x1c atmel_start.o
 .debug_macro   0x0000de97       0x1c atmel_start.o
 .debug_macro   0x0000deb3       0x1c atmel_start.o
 .debug_macro   0x0000decf       0x7c atmel_start.o
 .debug_macro   0x0000df4b      0x15a atmel_start.o
 .debug_macro   0x0000e0a5       0x10 atmel_start.o
 .debug_macro   0x0000e0b5       0xdc atmel_start.o
 .debug_macro   0x0000e191      0x124 atmel_start.o
 .debug_macro   0x0000e2b5      0x124 atmel_start.o
 .debug_macro   0x0000e3d9      0x124 atmel_start.o
 .debug_macro   0x0000e4fd      0x124 atmel_start.o
 .debug_macro   0x0000e621      0x124 atmel_start.o
 .debug_macro   0x0000e745      0x124 atmel_start.o
 .debug_macro   0x0000e869      0x124 atmel_start.o
 .debug_macro   0x0000e98d       0xe2 atmel_start.o
 .debug_macro   0x0000ea6f       0xe2 atmel_start.o
 .debug_macro   0x0000eb51       0xe2 atmel_start.o
 .debug_macro   0x0000ec33       0xe2 atmel_start.o
 .debug_macro   0x0000ed15       0xe2 atmel_start.o
 .debug_macro   0x0000edf7      0x12a atmel_start.o
 .debug_macro   0x0000ef21      0x100 atmel_start.o
 .debug_macro   0x0000f021       0xf4 atmel_start.o
 .debug_macro   0x0000f115      0x40f atmel_start.o
 .debug_macro   0x0000f524       0x40 atmel_start.o
 .debug_macro   0x0000f564      0x392 atmel_start.o
 .debug_macro   0x0000f8f6     0x1fb0 atmel_start.o
 .debug_macro   0x000118a6       0x6d atmel_start.o
 .debug_macro   0x00011913       0x10 atmel_start.o
 .debug_macro   0x00011923       0x10 atmel_start.o
 .debug_macro   0x00011933       0x16 atmel_start.o
 .debug_macro   0x00011949       0x16 atmel_start.o
 .debug_macro   0x0001195f       0x16 atmel_start.o
 .debug_macro   0x00011975       0x16 atmel_start.o
 .debug_macro   0x0001198b       0x16 atmel_start.o
 .debug_macro   0x000119a1       0x16 atmel_start.o
 .debug_macro   0x000119b7       0x16 atmel_start.o
 .debug_macro   0x000119cd       0x16 atmel_start.o
 .debug_macro   0x000119e3       0x16 atmel_start.o
 .debug_macro   0x000119f9       0x16 atmel_start.o
 .debug_macro   0x00011a0f       0x16 atmel_start.o
 .debug_macro   0x00011a25       0x16 atmel_start.o
 .debug_macro   0x00011a3b       0x16 atmel_start.o
 .debug_macro   0x00011a51       0x16 atmel_start.o
 .debug_macro   0x00011a67      0x4c3 atmel_start.o
 .debug_macro   0x00011f2a       0x94 atmel_start.o
 .debug_macro   0x00011fbe       0x16 atmel_start.o
 .debug_macro   0x00011fd4       0x6a atmel_start.o
 .debug_macro   0x0001203e      0x28c atmel_start.o
 .debug_macro   0x000122ca      0x4d8 atmel_start.o
 .debug_macro   0x000127a2       0x16 atmel_start.o
 .debug_macro   0x000127b8       0xca atmel_start.o
 .debug_macro   0x00012882       0x1c atmel_start.o
 .debug_macro   0x0001289e       0x16 atmel_start.o
 .debug_macro   0x000128b4       0xb2 atmel_start.o
 .debug_macro   0x00012966       0xc9 atmel_start.o
 .debug_macro   0x00012a2f       0x10 atmel_start.o
 .debug_macro   0x00012a3f       0xd1 atmel_start.o
 .debug_macro   0x00012b10       0xee atmel_start.o
 .debug_macro   0x00012bfe       0x58 atmel_start.o
 .debug_macro   0x00012c56       0x35 atmel_start.o
 .debug_macro   0x00012c8b       0x9c atmel_start.o
 .debug_macro   0x00012d27       0x58 atmel_start.o
 .debug_macro   0x00012d7f       0x1f atmel_start.o
 .debug_macro   0x00012d9e       0x43 atmel_start.o
 .debug_macro   0x00012de1       0x20 atmel_start.o
 .debug_macro   0x00012e01      0x187 atmel_start.o
 .debug_macro   0x00012f88      0x34d atmel_start.o
 .debug_macro   0x000132d5       0x10 atmel_start.o
 .debug_macro   0x000132e5       0x35 atmel_start.o
 .debug_macro   0x0001331a       0x76 atmel_start.o
 .debug_macro   0x00013390      0x11b atmel_start.o
 .debug_macro   0x000134ab      0x12b atmel_start.o
 .debug_macro   0x000135d6      0x256 atmel_start.o
 .debug_macro   0x0001382c       0x4c atmel_start.o
 .debug_macro   0x00013878      0x310 Device_Startup/startup_samd21.o
 .debug_macro   0x00013b88       0x39 Device_Startup/startup_samd21.o
 .debug_macro   0x00013bc1      0x601 driver_init.o
 .debug_macro   0x000141c2       0xc0 driver_init.o
 .debug_macro   0x00014282      0x43e hal/src/hal_atomic.o
 .debug_macro   0x000146c0      0x46b hal/src/hal_dac_sync.o
 .debug_macro   0x00014b2b      0x470 hal/src/hal_delay.o
 .debug_macro   0x00014f9b      0x458 hal/src/hal_ext_irq.o
 .debug_macro   0x000153f3      0x494 hal/src/hal_spi_m_sync.o
 .debug_macro   0x00015887      0x484 hal/src/hal_timer.o
 .debug_macro   0x00015d0b      0x49a hal/src/hal_usart_async.o
 .debug_macro   0x000161a5      0x526 hal/src/hal_usb_device.o
 .debug_macro   0x000166cb       0xcb hal/src/hal_usb_device.o
 .debug_macro   0x00016796      0x447 hal/utils/src/utils_assert.o
 .debug_macro   0x00016bdd       0x10 hal/utils/src/utils_assert.o
 .debug_macro   0x00016bed      0x44b hal/utils/src/utils_list.o
 .debug_macro   0x00017038      0x44b hal/utils/src/utils_ringbuffer.o
 .debug_macro   0x00017483      0x4b8 hpl/core/hpl_init.o
 .debug_macro   0x0001793b       0x2e hpl/core/hpl_init.o
 .debug_macro   0x00017969      0x6ec hpl/core/hpl_init.o
 .debug_macro   0x00018055      0x46e hpl/dac/hpl_dac.o
 .debug_macro   0x000184c3       0x46 hpl/dac/hpl_dac.o
 .debug_macro   0x00018509      0x522 hpl/eic/hpl_eic.o
 .debug_macro   0x00018a2b      0x241 hpl/eic/hpl_eic.o
 .debug_macro   0x00018c6c      0x45a hpl/gclk/hpl_gclk.o
 .debug_macro   0x000190c6      0x1f3 hpl/gclk/hpl_gclk.o
 .debug_macro   0x000192b9      0x47d hpl/pm/hpl_pm.o
 .debug_macro   0x00019736      0x671 hpl/sercom/hpl_sercom.o
 .debug_macro   0x00019da7       0x70 hpl/sercom/hpl_sercom.o
 .debug_macro   0x00019e17      0x29a hpl/sercom/hpl_sercom.o
 .debug_macro   0x0001a0b1       0x10 hpl/sercom/hpl_sercom.o
 .debug_macro   0x0001a0c1       0x1c hpl/sercom/hpl_sercom.o
 .debug_macro   0x0001a0dd       0x22 hpl/sercom/hpl_sercom.o
 .debug_macro   0x0001a0ff       0x10 hpl/sercom/hpl_sercom.o
 .debug_macro   0x0001a10f      0x454 hpl/sysctrl/hpl_sysctrl.o
 .debug_macro   0x0001a563      0x2da hpl/sysctrl/hpl_sysctrl.o
 .debug_macro   0x0001a83d      0x44b hpl/systick/hpl_systick.o
 .debug_macro   0x0001ac88       0x10 hpl/systick/hpl_systick.o
 .debug_macro   0x0001ac98      0x4b7 hpl/tc/hpl_tc.o
 .debug_macro   0x0001b14f       0x10 hpl/tc/hpl_tc.o
 .debug_macro   0x0001b15f       0xfa hpl/tc/hpl_tc.o
 .debug_macro   0x0001b259      0x6cb hpl/usb/hpl_usb.o
 .debug_macro   0x0001b924      0x70b main.o
 .debug_macro   0x0001c02f      0x58c usb/class/cdc/device/cdcdf_acm.o
 .debug_macro   0x0001c5bb       0xaf usb/class/cdc/device/cdcdf_acm.o
 .debug_macro   0x0001c66a      0x56b usb/device/usbdc.o
 .debug_macro   0x0001cbd5      0x537 usb/usb_protocol.o
 .debug_macro   0x0001d10c      0x710 usb_start.o

.debug_line     0x00000000    0x17026
 .debug_line    0x00000000      0xd13 atmel_start.o
 .debug_line    0x00000d13      0x70c Device_Startup/startup_samd21.o
 .debug_line    0x0000141f     0x1033 driver_init.o
 .debug_line    0x00002452      0x986 hal/src/hal_atomic.o
 .debug_line    0x00002dd8      0xa5c hal/src/hal_dac_sync.o
 .debug_line    0x00003834      0x9b1 hal/src/hal_delay.o
 .debug_line    0x000041e5      0xa24 hal/src/hal_ext_irq.o
 .debug_line    0x00004c09      0xb04 hal/src/hal_spi_m_sync.o
 .debug_line    0x0000570d      0xb24 hal/src/hal_timer.o
 .debug_line    0x00006231      0xc5e hal/src/hal_usart_async.o
 .debug_line    0x00006e8f      0xd42 hal/src/hal_usb_device.o
 .debug_line    0x00007bd1      0x950 hal/utils/src/utils_assert.o
 .debug_line    0x00008521      0x9e9 hal/utils/src/utils_list.o
 .debug_line    0x00008f0a      0x9ef hal/utils/src/utils_ringbuffer.o
 .debug_line    0x000098f9      0xa30 hpl/core/hpl_init.o
 .debug_line    0x0000a329      0xbb3 hpl/dac/hpl_dac.o
 .debug_line    0x0000aedc      0xb46 hpl/eic/hpl_eic.o
 .debug_line    0x0000ba22      0xa6a hpl/gclk/hpl_gclk.o
 .debug_line    0x0000c48c      0x9f6 hpl/pm/hpl_pm.o
 .debug_line    0x0000ce82     0x29a8 hpl/sercom/hpl_sercom.o
 .debug_line    0x0000f82a      0xad6 hpl/sysctrl/hpl_sysctrl.o
 .debug_line    0x00010300      0x9db hpl/systick/hpl_systick.o
 .debug_line    0x00010cdb      0xc98 hpl/tc/hpl_tc.o
 .debug_line    0x00011973     0x14f8 hpl/usb/hpl_usb.o
 .debug_line    0x00012e6b      0xd0a main.o
 .debug_line    0x00013b75      0xcdc usb/class/cdc/device/cdcdf_acm.o
 .debug_line    0x00014851      0xf11 usb/device/usbdc.o
 .debug_line    0x00015762      0xb57 usb/usb_protocol.o
 .debug_line    0x000162b9      0xd6d usb_start.o

.debug_str      0x00000000    0x90cdd
 .debug_str     0x00000000    0x7fe83 atmel_start.o
                              0x803e5 (size before relaxing)
 .debug_str     0x0007fe83     0x1093 Device_Startup/startup_samd21.o
                              0x71799 (size before relaxing)
 .debug_str     0x00080f16     0x1a26 driver_init.o
                              0x7d123 (size before relaxing)
 .debug_str     0x0008293c       0x9c hal/src/hal_atomic.o
                              0x79255 (size before relaxing)
 .debug_str     0x000829d8       0xc9 hal/src/hal_dac_sync.o
                              0x7943d (size before relaxing)
 .debug_str     0x00082aa1       0x9b hal/src/hal_delay.o
                              0x792bf (size before relaxing)
 .debug_str     0x00082b3c       0xcc hal/src/hal_ext_irq.o
                              0x7931a (size before relaxing)
 .debug_str     0x00082c08      0x2e8 hal/src/hal_spi_m_sync.o
                              0x79bef (size before relaxing)
 .debug_str     0x00082ef0      0x2cc hal/src/hal_timer.o
                              0x79b94 (size before relaxing)
 .debug_str     0x000831bc      0x69d hal/src/hal_usart_async.o
                              0x7a16c (size before relaxing)
 .debug_str     0x00083859      0x825 hal/src/hal_usb_device.o
                              0x7d459 (size before relaxing)
 .debug_str     0x0008407e       0x2a hal/utils/src/utils_assert.o
                              0x79265 (size before relaxing)
 .debug_str     0x000840a8       0x31 hal/utils/src/utils_list.o
                              0x7930f (size before relaxing)
 .debug_str     0x000840d9       0x24 hal/utils/src/utils_ringbuffer.o
                              0x7930b (size before relaxing)
 .debug_str     0x000840fd     0x17d7 hpl/core/hpl_init.o
                              0x7b15c (size before relaxing)
 .debug_str     0x000858d4      0x5fd hpl/dac/hpl_dac.o
                              0x79b21 (size before relaxing)
 .debug_str     0x00085ed1      0xecd hpl/eic/hpl_eic.o
                              0x7d585 (size before relaxing)
 .debug_str     0x00086d9e      0x85e hpl/gclk/hpl_gclk.o
                              0x79b91 (size before relaxing)
 .debug_str     0x000875fc      0x194 hpl/pm/hpl_pm.o
                              0x79cbb (size before relaxing)
 .debug_str     0x00087790     0x4d4d hpl/sercom/hpl_sercom.o
                              0x7fb35 (size before relaxing)
 .debug_str     0x0008c4dd     0x14a2 hpl/sysctrl/hpl_sysctrl.o
                              0x7a8c1 (size before relaxing)
 .debug_str     0x0008d97f       0xcd hpl/systick/hpl_systick.o
                              0x792ad (size before relaxing)
 .debug_str     0x0008da4c      0xc24 hpl/tc/hpl_tc.o
                              0x7aece (size before relaxing)
 .debug_str     0x0008e670     0x1772 hpl/usb/hpl_usb.o
                              0x7f554 (size before relaxing)
 .debug_str     0x0008fde2        0xc main.o
                              0x803ce (size before relaxing)
 .debug_str     0x0008fdee      0x78c usb/class/cdc/device/cdcdf_acm.o
                              0x7f84f (size before relaxing)
 .debug_str     0x0009057a      0x53f usb/device/usbdc.o
                              0x7eeb8 (size before relaxing)
 .debug_str     0x00090ab9       0xe4 usb/usb_protocol.o
                              0x7d469 (size before relaxing)
 .debug_str     0x00090b9d      0x140 usb_start.o
                              0x806d8 (size before relaxing)

.debug_frame    0x00000000     0x2c88
 .debug_frame   0x00000000       0x28 atmel_start.o
 .debug_frame   0x00000028       0x40 Device_Startup/startup_samd21.o
 .debug_frame   0x00000068      0x248 driver_init.o
 .debug_frame   0x000002b0       0x40 hal/src/hal_atomic.o
 .debug_frame   0x000002f0       0xb4 hal/src/hal_dac_sync.o
 .debug_frame   0x000003a4       0x68 hal/src/hal_delay.o
 .debug_frame   0x0000040c       0xc4 hal/src/hal_ext_irq.o
 .debug_frame   0x000004d0      0x188 hal/src/hal_spi_m_sync.o
 .debug_frame   0x00000658      0x13c hal/src/hal_timer.o
 .debug_frame   0x00000794      0x2a4 hal/src/hal_usart_async.o
 .debug_frame   0x00000a38      0x30c hal/src/hal_usb_device.o
 .debug_frame   0x00000d44       0x20 hal/utils/src/utils_assert.o
 .debug_frame   0x00000d64       0x88 hal/utils/src/utils_list.o
 .debug_frame   0x00000dec       0x94 hal/utils/src/utils_ringbuffer.o
 .debug_frame   0x00000e80       0x28 hpl/core/hpl_init.o
 .debug_frame   0x00000ea8      0x108 hpl/dac/hpl_dac.o
 .debug_frame   0x00000fb0       0x60 hpl/eic/hpl_eic.o
 .debug_frame   0x00001010       0x30 hpl/gclk/hpl_gclk.o
 .debug_frame   0x00001040       0x40 hpl/pm/hpl_pm.o
 .debug_frame   0x00001080      0xee0 hpl/sercom/hpl_sercom.o
 .debug_frame   0x00001f60       0x30 hpl/sysctrl/hpl_sysctrl.o
 .debug_frame   0x00001f90       0x78 hpl/systick/hpl_systick.o
 .debug_frame   0x00002008      0x14c hpl/tc/hpl_tc.o
 .debug_frame   0x00002154      0x390 hpl/usb/hpl_usb.o
 .debug_frame   0x000024e4       0x28 main.o
 .debug_frame   0x0000250c      0x190 usb/class/cdc/device/cdcdf_acm.o
 .debug_frame   0x0000269c      0x408 usb/device/usbdc.o
 .debug_frame   0x00002aa4       0xa4 usb/usb_protocol.o
 .debug_frame   0x00002b48       0xa4 usb_start.o
 .debug_frame   0x00002bec       0x28 c:/program files (x86)/atmel/studio/7.0/toolchain/arm/arm-gnu-toolchain/bin/../lib/gcc/arm-none-eabi/6.3.1/thumb/v6-m\libgcc.a(_ffssi2.o)
 .debug_frame   0x00002c14       0x2c c:/program files (x86)/atmel/studio/7.0/toolchain/arm/arm-gnu-toolchain/bin/../lib/gcc/arm-none-eabi/6.3.1/../../../../arm-none-eabi/lib/thumb/v6-m\libc_nano.a(lib_a-init.o)
 .debug_frame   0x00002c40       0x28 c:/program files (x86)/atmel/studio/7.0/toolchain/arm/arm-gnu-toolchain/bin/../lib/gcc/arm-none-eabi/6.3.1/../../../../arm-none-eabi/lib/thumb/v6-m\libc_nano.a(lib_a-memcpy-stub.o)
 .debug_frame   0x00002c68       0x20 c:/program files (x86)/atmel/studio/7.0/toolchain/arm/arm-gnu-toolchain/bin/../lib/gcc/arm-none-eabi/6.3.1/../../../../arm-none-eabi/lib/thumb/v6-m\libc_nano.a(lib_a-memset.o)
