Archive member included to satisfy reference by file (symbol)

C:\Salukat\Purificador\SoftwareDevelopment\Atmel_Microchip\SAMD21_BSP\SAMD21_BSP\Release\libSAMD21_BSP.a(atmel_start.o)
                              main.o (atmel_start_init)
C:\Salukat\Purificador\SoftwareDevelopment\Atmel_Microchip\SAMD21_BSP\SAMD21_BSP\Release\libSAMD21_BSP.a(driver_init.o)
                              SPI_Syn_Class_ADF.o (SPI_ADF)
C:\Salukat\Purificador\SoftwareDevelopment\Atmel_Microchip\SAMD21_BSP\SAMD21_BSP\Release\libSAMD21_BSP.a(hal_atomic.o)
                              ADF5610Driver.o (atomic_enter_critical)
C:\Salukat\Purificador\SoftwareDevelopment\Atmel_Microchip\SAMD21_BSP\SAMD21_BSP\Release\libSAMD21_BSP.a(hal_dac_sync.o)
                              C:\Salukat\Purificador\SoftwareDevelopment\Atmel_Microchip\SAMD21_BSP\SAMD21_BSP\Release\libSAMD21_BSP.a(driver_init.o) (dac_sync_init)
C:\Salukat\Purificador\SoftwareDevelopment\Atmel_Microchip\SAMD21_BSP\SAMD21_BSP\Release\libSAMD21_BSP.a(hal_delay.o)
                              C:\Salukat\Purificador\SoftwareDevelopment\Atmel_Microchip\SAMD21_BSP\SAMD21_BSP\Release\libSAMD21_BSP.a(driver_init.o) (delay_init)
C:\Salukat\Purificador\SoftwareDevelopment\Atmel_Microchip\SAMD21_BSP\SAMD21_BSP\Release\libSAMD21_BSP.a(hal_ext_irq.o)
                              C:\Salukat\Purificador\SoftwareDevelopment\Atmel_Microchip\SAMD21_BSP\SAMD21_BSP\Release\libSAMD21_BSP.a(driver_init.o) (ext_irq_init)
C:\Salukat\Purificador\SoftwareDevelopment\Atmel_Microchip\SAMD21_BSP\SAMD21_BSP\Release\libSAMD21_BSP.a(hal_io.o)
                              SPI_Syn_Class_ADF.o (io_write)
C:\Salukat\Purificador\SoftwareDevelopment\Atmel_Microchip\SAMD21_BSP\SAMD21_BSP\Release\libSAMD21_BSP.a(hal_spi_m_sync.o)
                              C:\Salukat\Purificador\SoftwareDevelopment\Atmel_Microchip\SAMD21_BSP\SAMD21_BSP\Release\libSAMD21_BSP.a(driver_init.o) (spi_m_sync_init)
C:\Salukat\Purificador\SoftwareDevelopment\Atmel_Microchip\SAMD21_BSP\SAMD21_BSP\Release\libSAMD21_BSP.a(hal_timer.o)
                              C:\Salukat\Purificador\SoftwareDevelopment\Atmel_Microchip\SAMD21_BSP\SAMD21_BSP\Release\libSAMD21_BSP.a(driver_init.o) (timer_init)
C:\Salukat\Purificador\SoftwareDevelopment\Atmel_Microchip\SAMD21_BSP\SAMD21_BSP\Release\libSAMD21_BSP.a(hal_usart_async.o)
                              C:\Salukat\Purificador\SoftwareDevelopment\Atmel_Microchip\SAMD21_BSP\SAMD21_BSP\Release\libSAMD21_BSP.a(driver_init.o) (usart_async_init)
C:\Salukat\Purificador\SoftwareDevelopment\Atmel_Microchip\SAMD21_BSP\SAMD21_BSP\Release\libSAMD21_BSP.a(hal_usb_device.o)
                              C:\Salukat\Purificador\SoftwareDevelopment\Atmel_Microchip\SAMD21_BSP\SAMD21_BSP\Release\libSAMD21_BSP.a(driver_init.o) (usb_d_init)
C:\Salukat\Purificador\SoftwareDevelopment\Atmel_Microchip\SAMD21_BSP\SAMD21_BSP\Release\libSAMD21_BSP.a(utils_list.o)
                              C:\Salukat\Purificador\SoftwareDevelopment\Atmel_Microchip\SAMD21_BSP\SAMD21_BSP\Release\libSAMD21_BSP.a(hal_timer.o) (is_list_element)
C:\Salukat\Purificador\SoftwareDevelopment\Atmel_Microchip\SAMD21_BSP\SAMD21_BSP\Release\libSAMD21_BSP.a(utils_ringbuffer.o)
                              C:\Salukat\Purificador\SoftwareDevelopment\Atmel_Microchip\SAMD21_BSP\SAMD21_BSP\Release\libSAMD21_BSP.a(hal_usart_async.o) (ringbuffer_init)
C:\Salukat\Purificador\SoftwareDevelopment\Atmel_Microchip\SAMD21_BSP\SAMD21_BSP\Release\libSAMD21_BSP.a(hpl_core_m0plus_base.o)
                              C:\Salukat\Purificador\SoftwareDevelopment\Atmel_Microchip\SAMD21_BSP\SAMD21_BSP\Release\libSAMD21_BSP.a(hal_delay.o) (_get_cycles_for_us)
C:\Salukat\Purificador\SoftwareDevelopment\Atmel_Microchip\SAMD21_BSP\SAMD21_BSP\Release\libSAMD21_BSP.a(hpl_init.o)
                              C:\Salukat\Purificador\SoftwareDevelopment\Atmel_Microchip\SAMD21_BSP\SAMD21_BSP\Release\libSAMD21_BSP.a(driver_init.o) (_init_chip)
C:\Salukat\Purificador\SoftwareDevelopment\Atmel_Microchip\SAMD21_BSP\SAMD21_BSP\Release\libSAMD21_BSP.a(hpl_dac.o)
                              C:\Salukat\Purificador\SoftwareDevelopment\Atmel_Microchip\SAMD21_BSP\SAMD21_BSP\Release\libSAMD21_BSP.a(hal_dac_sync.o) (_dac_sync_init)
C:\Salukat\Purificador\SoftwareDevelopment\Atmel_Microchip\SAMD21_BSP\SAMD21_BSP\Release\libSAMD21_BSP.a(hpl_eic.o)
                              C:\Salukat\Purificador\SoftwareDevelopment\Atmel_Microchip\SAMD21_BSP\SAMD21_BSP\Release\libSAMD21_BSP.a(hal_ext_irq.o) (_ext_irq_init)
C:\Salukat\Purificador\SoftwareDevelopment\Atmel_Microchip\SAMD21_BSP\SAMD21_BSP\Release\libSAMD21_BSP.a(hpl_gclk.o)
                              C:\Salukat\Purificador\SoftwareDevelopment\Atmel_Microchip\SAMD21_BSP\SAMD21_BSP\Release\libSAMD21_BSP.a(hpl_init.o) (_gclk_init_generators_by_fref)
C:\Salukat\Purificador\SoftwareDevelopment\Atmel_Microchip\SAMD21_BSP\SAMD21_BSP\Release\libSAMD21_BSP.a(hpl_pm.o)
[...]
Memory Configuration

Name             Origin             Length             Attributes
rom              0x00000000         0x00040000         xr
ram              0x20000000         0x00008000         xrw
*default*        0x00000000         0xffffffff

Linker script and memory map

LOAD c:/program files (x86)/atmel/studio/7.0/toolchain/arm/arm-gnu-toolchain/bin/../lib/gcc/arm-none-eabi/6.3.1/thumb/v6-m/crti.o
LOAD c:/program files (x86)/atmel/studio/7.0/toolchain/arm/arm-gnu-toolchain/bin/../lib/gcc/arm-none-eabi/6.3.1/thumb/v6-m/crtbegin.o
LOAD c:/program files (x86)/atmel/studio/7.0/toolchain/arm/arm-gnu-toolchain/bin/../lib/gcc/arm-none-eabi/6.3.1/../../../../arm-none-eabi/lib/thumb/v6-m/crt0.o
LOAD ADF5610Driver.o
LOAD Device_Startup/startup_samd21.o
LOAD Device_Startup/system_samd21.o
LOAD main.o
LOAD SPI_Syn_Class_ADF.o
START GROUP
LOAD C:\Salukat\Purificador\SoftwareDevelopment\Atmel_Microchip\SAMD21_BSP\SAMD21_BSP\Release\libSAMD21_BSP.a
END GROUP
LOAD c:/program files (x86)/atmel/studio/7.0/toolchain/arm/arm-gnu-toolchain/bin/../lib/gcc/arm-none-eabi/6.3.1/../../../../arm-none-eabi/lib/thumb/v6-m\libstdc++.a
LOAD c:/program files (x86)/atmel/studio/7.0/toolchain/arm/arm-gnu-toolchain/bin/../lib/gcc/arm-none-eabi/6.3.1/../../../../arm-none-eabi/lib/thumb/v6-m\libm.a
START GROUP
LOAD c:/program files (x86)/atmel/studio/7.0/toolchain/arm/arm-gnu-toolchain/bin/../lib/gcc/arm-none-eabi/6.3.1/thumb/v6-m\libgcc.a
LOAD c:/program files (x86)/atmel/studio/7.0/toolchain/arm/arm-gnu-toolchain/bin/../lib/gcc/arm-none-eabi/6.3.1/../../../../arm-none-eabi/lib/thumb/v6-m\libc.a
END GROUP
START GROUP
LOAD c:/program files (x86)/atmel/studio/7.0/toolchain/arm/arm-gnu-toolchain/bin/../lib/gcc/arm-none-eabi/6.3.1/thumb/v6-m\libgcc.a
LOAD c:/program files (x86)/atmel/studio/7.0/toolchain/arm/arm-gnu-toolchain/bin/../lib/gcc/arm-none-eabi/6.3.1/../../../../arm-none-eabi/lib/thumb/v6-m\libc.a
LOAD c:/program files (x86)/atmel/studio/7.0/toolchain/arm/arm-gnu-toolchain/bin/../lib/gcc/arm-none-eabi/6.3.1/../../../../arm-none-eabi/lib/thumb/v6-m\libnosys.a
END GROUP
LOAD c:/program files (x86)/atmel/studio/7.0/toolchain/arm/arm-gnu-toolchain/bin/../lib/gcc/arm-none-eabi/6.3.1/thumb/v6-m/crtend.o
LOAD c:/program files (x86)/atmel/studio/7.0/toolchain/arm/arm-gnu-toolchain/bin/../lib/gcc/arm-none-eabi/6.3.1/thumb/v6-m/crtn.o
                0x00002000                STACK_SIZE = DEFINED (STACK_SIZE)?STACK_SIZE:DEFINED (__stack_size__)?__stack_size__:0x2000

.text           0x00000000     0xd57c
                0x00000000                . = ALIGN (0x4)
                0x00000000                _sfixed = .
 *(.vectors .vectors.*)
 .vectors       0x00000000       0xb4 Device_Startup/startup_samd21.o
                0x00000000                exception_table
 *(.text .text.* .gnu.linkonce.t.*)
 .text          0x000000b4       0x60 c:/program files (x86)/atmel/studio/7.0/toolchain/arm/arm-gnu-toolchain/bin/../lib/gcc/arm-none-eabi/6.3.1/thumb/v6-m/crtbegin.o
 .text._Z41__static_initialization_and_destruction_0ii
                0x00000114       0x3c ADF5610Driver.o
 .text._ZN14ADF5610_DriverC2Ev
                0x00000150       0x54 ADF5610Driver.o
                0x00000150                ADF5610_Driver::ADF5610_Driver()
                0x00000150                ADF5610_Driver::ADF5610_Driver()
 .text._ZN14ADF5610_DriverD2Ev
                0x000001a4        0x2 ADF5610Driver.o
                0x000001a4                ADF5610_Driver::~ADF5610_Driver()
                0x000001a4                ADF5610_Driver::~ADF5610_Driver()
 *fill*         0x000001a6        0x2 
 .text._ZN14ADF5610_Driver13ShowRegistersEi
                0x000001a8       0x64 ADF5610Driver.o
                0x000001a8                ADF5610_Driver::ShowRegisters(int)
 .text._ZN14ADF5610_Driver9Is_LockedEv
                0x0000020c       0x50 ADF5610Driver.o
                0x0000020c                ADF5610_Driver::Is_Locked()
 .text._ZN14ADF5610_Driver23ConvertU32FourByteArrayEPhm
                0x0000025c       0x1a ADF5610Driver.o
                0x0000025c                ADF5610_Driver::ConvertU32FourByteArray(unsigned char*, unsigned long)
 *fill*         0x00000276        0x2 
 .text._ZN14ADF5610_Driver13ReadRegistersEh
                0x00000278       0xa0 ADF5610Driver.o
                0x00000278                ADF5610_Driver::ReadRegisters(unsigned char)
 .text._ZN14ADF5610_Driver17InitiateRegistersEv
                0x00000318      0x128 ADF5610Driver.o
                0x00000318                ADF5610_Driver::InitiateRegisters()
 .text._ZN14ADF5610_Driver16ReadAllRegistersEv
                0x00000440       0x1c ADF5610Driver.o
                0x00000440                ADF5610_Driver::ReadAllRegisters()
 .text._ZN14ADF5610_Driver18CalculateVCOValuesEv
                0x0000045c      0x274 ADF5610Driver.o
                0x0000045c                ADF5610_Driver::CalculateVCOValues()
 .text._ZN14ADF5610_Driver16SetNextFrequencyEv
                0x000006d0        0xc ADF5610Driver.o
                0x000006d0                ADF5610_Driver::SetNextFrequency()
 .text._ZN14ADF5610_Driver6usleepEl
                0x000006dc       0x30 ADF5610Driver.o
                0x000006dc                ADF5610_Driver::usleep(long)
 .text._ZN14ADF5610_Driver14WriteRegistersEh
                0x0000070c      0x104 ADF5610Driver.o
                0x0000070c                ADF5610_Driver::WriteRegisters(unsigned char)
 .text._ZN14ADF5610_Driver25CompleteConfigurationFlowEj
                0x00000810       0x4c ADF5610Driver.o
                0x00000810                ADF5610_Driver::CompleteConfigurationFlow(unsigned int)
 .text._ZN14ADF5610_Driver7InitPLLEv
                0x0000085c       0x50 ADF5610Driver.o
                0x0000085c                ADF5610_Driver::InitPLL()
 .text._ZN14ADF5610_Driver4InitEv
                0x000008ac       0x58 ADF5610Driver.o
                0x000008ac                ADF5610_Driver::Init()
 .text._ZN14ADF5610_Driver11WriteSubVCOEv
                0x00000904       0x1c ADF5610Driver.o
                0x00000904                ADF5610_Driver::WriteSubVCO()
 .text._ZN14ADF5610_Driver22ShortConfigurationFlowEv
                0x00000920       0x28 ADF5610Driver.o
                0x00000920                ADF5610_Driver::ShortConfigurationFlow()
 .text._ZN14ADF5610_Driver8SelfTestEh
                0x00000948      0x1cc ADF5610Driver.o
                0x00000948                ADF5610_Driver::SelfTest(unsigned char)
 .text._GLOBAL__sub_I__ZN14ADF5610_DriverC2Ev
                0x00000b14       0x14 ADF5610Driver.o
 .text.Dummy_Handler
                0x00000b28        0x2 Device_Startup/startup_samd21.o
                0x00000b28                SVCall_Handler
                0x00000b28                DMAC_Handler
                0x00000b28                HardFault_Handler
                0x00000b28                AC_Handler
                0x00000b28                SysTick_Handler
                0x00000b28                PendSV_Handler
                0x00000b28                TC7_Handler
                0x00000b28                SERCOM1_Handler
                0x00000b28                ADC_Handler
                0x00000b28                NonMaskableInt_Handler
                0x00000b28                TCC1_Handler
                0x00000b28                SERCOM2_Handler
                0x00000b28                TCC0_Handler
                0x00000b28                RTC_Handler
                0x00000b28                TC6_Handler
                0x00000b28                WDT_Handler
                0x00000b28                Dummy_Handler
                0x00000b28                PM_Handler
                0x00000b28                SERCOM5_Handler
                0x00000b28                TCC2_Handler
                0x00000b28                EVSYS_Handler
                0x00000b28                SERCOM4_Handler
                0x00000b28                I2S_Handler
                0x00000b28                NVMCTRL_Handler
                0x00000b28                SERCOM0_Handler
                0x00000b28                DAC_Handler
                0x00000b28                PTC_Handler
                0x00000b28                TC5_Handler
                0x00000b28                SYSCTRL_Handler
 *fill*         0x00000b2a        0x2 
 .text.Reset_Handler
                0x00000b2c       0xc4 Device_Startup/startup_samd21.o
                0x00000b2c                Reset_Handler
 .text._Z41__static_initialization_and_destruction_0ii
                0x00000bf0       0x3c main.o
 .text.main     0x00000c2c       0x3c main.o
                0x00000c2c                main
 .text._GLOBAL__sub_I_adf
                0x00000c68       0x14 main.o
 .text._ZN17SPI_Syn_Class_ADFC2Ev
                0x00000c7c        0xc SPI_Syn_Class_ADF.o
                0x00000c7c                SPI_Syn_Class_ADF::SPI_Syn_Class_ADF()
                0x00000c7c                SPI_Syn_Class_ADF::SPI_Syn_Class_ADF()
 .text._ZN17SPI_Syn_Class_ADFD2Ev
                0x00000c88        0x2 SPI_Syn_Class_ADF.o
                0x00000c88                SPI_Syn_Class_ADF::~SPI_Syn_Class_ADF()
                0x00000c88                SPI_Syn_Class_ADF::~SPI_Syn_Class_ADF()
 *fill*         0x00000c8a        0x2 
 .text._ZN17SPI_Syn_Class_ADF6EnableEv
                0x00000c8c       0x14 SPI_Syn_Class_ADF.o
                0x00000c8c                SPI_Syn_Class_ADF::Enable()
 .text._ZN17SPI_Syn_Class_ADF4InitEv
                0x00000ca0       0x28 SPI_Syn_Class_ADF.o
                0x00000ca0                SPI_Syn_Class_ADF::Init()
 .text._ZN17SPI_Syn_Class_ADF5WriteEPKhh
                0x00000cc8       0x18 SPI_Syn_Class_ADF.o
                0x00000cc8                SPI_Syn_Class_ADF::Write(unsigned char const*, unsigned char)
 .text._ZN17SPI_Syn_Class_ADF4ReadEPhh
                0x00000ce0       0x18 SPI_Syn_Class_ADF.o
                0x00000ce0                SPI_Syn_Class_ADF::Read(unsigned char*, unsigned char)
 .text._ZN17SPI_Syn_Class_ADF5SetCSEb
                0x00000cf8       0x18 SPI_Syn_Class_ADF.o
                0x00000cf8                SPI_Syn_Class_ADF::SetCS(bool)
 .text.atmel_start_init
                0x00000d10       0x14 C:\Salukat\Purificador\SoftwareDevelopment\Atmel_Microchip\SAMD21_BSP\SAMD21_BSP\Release\libSAMD21_BSP.a(atmel_start.o)
                0x00000d10                atmel_start_init
 .text._gpio_set_pin_function
                0x00000d24       0x70 C:\Salukat\Purificador\SoftwareDevelopment\Atmel_Microchip\SAMD21_BSP\SAMD21_BSP\Release\libSAMD21_BSP.a(driver_init.o)
 .text.gpio_set_pin_direction
                0x00000d94       0x84 C:\Salukat\Purificador\SoftwareDevelopment\Atmel_Microchip\SAMD21_BSP\SAMD21_BSP\Release\libSAMD21_BSP.a(driver_init.o)
 .text.EXTERNAL_IRQ_0_init
                0x00000e18       0x44 C:\Salukat\Purificador\SoftwareDevelopment\Atmel_Microchip\SAMD21_BSP\SAMD21_BSP\Release\libSAMD21_BSP.a(driver_init.o)
                0x00000e18                EXTERNAL_IRQ_0_init
 .text.SPI_ADF_PORT_init
                0x00000e5c       0x5c C:\Salukat\Purificador\SoftwareDevelopment\Atmel_Microchip\SAMD21_BSP\SAMD21_BSP\Release\libSAMD21_BSP.a(driver_init.o)
                0x00000e5c                SPI_ADF_PORT_init
 .text.SPI_ADF_CLOCK_init
                0x00000eb8       0x20 C:\Salukat\Purificador\SoftwareDevelopment\Atmel_Microchip\SAMD21_BSP\SAMD21_BSP\Release\libSAMD21_BSP.a(driver_init.o)
                0x00000eb8                SPI_ADF_CLOCK_init
 .text.SPI_ADF_init
                0x00000ed8       0x28 C:\Salukat\Purificador\SoftwareDevelopment\Atmel_Microchip\SAMD21_BSP\SAMD21_BSP\Release\libSAMD21_BSP.a(driver_init.o)
                0x00000ed8                SPI_ADF_init
 .text.SPI_LMX_PORT_init
                0x00000f00       0x60 C:\Salukat\Purificador\SoftwareDevelopment\Atmel_Microchip\SAMD21_BSP\SAMD21_BSP\Release\libSAMD21_BSP.a(driver_init.o)
                0x00000f00                SPI_LMX_PORT_init
 .text.SPI_LMX_CLOCK_init
                0x00000f60       0x20 C:\Salukat\Purificador\SoftwareDevelopment\Atmel_Microchip\SAMD21_BSP\SAMD21_BSP\Release\libSAMD21_BSP.a(driver_init.o)
                0x00000f60                SPI_LMX_CLOCK_init
 .text.SPI_LMX_init
                0x00000f80       0x28 C:\Salukat\Purificador\SoftwareDevelopment\Atmel_Microchip\SAMD21_BSP\SAMD21_BSP\Release\libSAMD21_BSP.a(driver_init.o)
                0x00000f80                SPI_LMX_init
 .text.SPI_ZCD_PORT_init
                0x00000fa8       0x60 C:\Salukat\Purificador\SoftwareDevelopment\Atmel_Microchip\SAMD21_BSP\SAMD21_BSP\Release\libSAMD21_BSP.a(driver_init.o)
                0x00000fa8                SPI_ZCD_PORT_init
 .text.SPI_ZCD_CLOCK_init
                0x00001008       0x20 C:\Salukat\Purificador\SoftwareDevelopment\Atmel_Microchip\SAMD21_BSP\SAMD21_BSP\Release\libSAMD21_BSP.a(driver_init.o)
                0x00001008                SPI_ZCD_CLOCK_init
 .text.SPI_ZCD_init
                0x00001028       0x28 C:\Salukat\Purificador\SoftwareDevelopment\Atmel_Microchip\SAMD21_BSP\SAMD21_BSP\Release\libSAMD21_BSP.a(driver_init.o)
                0x00001028                SPI_ZCD_init
 .text.USART_0_CLOCK_init
                0x00001050       0x20 C:\Salukat\Purificador\SoftwareDevelopment\Atmel_Microchip\SAMD21_BSP\SAMD21_BSP\Release\libSAMD21_BSP.a(driver_init.o)
                0x00001050                USART_0_CLOCK_init
 .text.USART_0_PORT_init
                0x00001070       0x20 C:\Salukat\Purificador\SoftwareDevelopment\Atmel_Microchip\SAMD21_BSP\SAMD21_BSP\Release\libSAMD21_BSP.a(driver_init.o)
                0x00001070                USART_0_PORT_init
 .text.USART_0_init
                0x00001090       0x34 C:\Salukat\Purificador\SoftwareDevelopment\Atmel_Microchip\SAMD21_BSP\SAMD21_BSP\Release\libSAMD21_BSP.a(driver_init.o)
                0x00001090                USART_0_init
 .text.delay_driver_init
                0x000010c4       0x14 C:\Salukat\Purificador\SoftwareDevelopment\Atmel_Microchip\SAMD21_BSP\SAMD21_BSP\Release\libSAMD21_BSP.a(driver_init.o)
                0x000010c4                delay_driver_init
 .text.DAC_0_PORT_init
                0x000010d8       0x20 C:\Salukat\Purificador\SoftwareDevelopment\Atmel_Microchip\SAMD21_BSP\SAMD21_BSP\Release\libSAMD21_BSP.a(driver_init.o)
                0x000010d8                DAC_0_PORT_init
 .text.DAC_0_CLOCK_init
                0x000010f8       0x20 C:\Salukat\Purificador\SoftwareDevelopment\Atmel_Microchip\SAMD21_BSP\SAMD21_BSP\Release\libSAMD21_BSP.a(driver_init.o)
                0x000010f8                DAC_0_CLOCK_init
 .text.DAC_0_init
                0x00001118       0x28 C:\Salukat\Purificador\SoftwareDevelopment\Atmel_Microchip\SAMD21_BSP\SAMD21_BSP\Release\libSAMD21_BSP.a(driver_init.o)
                0x00001118                DAC_0_init
 .text.USB_DEVICE_INSTANCE_PORT_init
                0x00001140       0x5c C:\Salukat\Purificador\SoftwareDevelopment\Atmel_Microchip\SAMD21_BSP\SAMD21_BSP\Release\libSAMD21_BSP.a(driver_init.o)
                0x00001140                USB_DEVICE_INSTANCE_PORT_init
 .text.USB_DEVICE_INSTANCE_CLOCK_init
                0x0000119c       0x28 C:\Salukat\Purificador\SoftwareDevelopment\Atmel_Microchip\SAMD21_BSP\SAMD21_BSP\Release\libSAMD21_BSP.a(driver_init.o)
                0x0000119c                USB_DEVICE_INSTANCE_CLOCK_init
 .text.USB_DEVICE_INSTANCE_init
                0x000011c4       0x1c C:\Salukat\Purificador\SoftwareDevelopment\Atmel_Microchip\SAMD21_BSP\SAMD21_BSP\Release\libSAMD21_BSP.a(driver_init.o)
                0x000011c4                USB_DEVICE_INSTANCE_init
 .text.system_init
                0x000011e0      0x144 C:\Salukat\Purificador\SoftwareDevelopment\Atmel_Microchip\SAMD21_BSP\SAMD21_BSP\Release\libSAMD21_BSP.a(driver_init.o)
                0x000011e0                system_init
 .text.atomic_enter_critical
                0x00001324        0xe C:\Salukat\Purificador\SoftwareDevelopment\Atmel_Microchip\SAMD21_BSP\SAMD21_BSP\Release\libSAMD21_BSP.a(hal_atomic.o)
                0x00001324                atomic_enter_critical
 .text.atomic_leave_critical
                0x00001332        0xc C:\Salukat\Purificador\SoftwareDevelopment\Atmel_Microchip\SAMD21_BSP\SAMD21_BSP\Release\libSAMD21_BSP.a(hal_atomic.o)
                0x00001332                atomic_leave_critical
 *fill*         0x0000133e        0x2 
 .text.dac_sync_init
                0x00001340       0x18 C:\Salukat\Purificador\SoftwareDevelopment\Atmel_Microchip\SAMD21_BSP\SAMD21_BSP\Release\libSAMD21_BSP.a(hal_dac_sync.o)
                0x00001340                dac_sync_init
 .text.delay_init
                0x00001358       0x14 C:\Salukat\Purificador\SoftwareDevelopment\Atmel_Microchip\SAMD21_BSP\SAMD21_BSP\Release\libSAMD21_BSP.a(hal_delay.o)
                0x00001358                delay_init
 .text.delay_ms
                0x0000136c       0x20 C:\Salukat\Purificador\SoftwareDevelopment\Atmel_Microchip\SAMD21_BSP\SAMD21_BSP\Release\libSAMD21_BSP.a(hal_delay.o)
                0x0000136c                delay_ms
 .text.process_ext_irq
                0x0000138c       0x34 C:\Salukat\Purificador\SoftwareDevelopment\Atmel_Microchip\SAMD21_BSP\SAMD21_BSP\Release\libSAMD21_BSP.a(hal_ext_irq.o)
 .text.ext_irq_init
                0x000013c0       0x24 C:\Salukat\Purificador\SoftwareDevelopment\Atmel_Microchip\SAMD21_BSP\SAMD21_BSP\Release\libSAMD21_BSP.a(hal_ext_irq.o)
                0x000013c0                ext_irq_init
 .text.io_write
                0x000013e4        0x8 C:\Salukat\Purificador\SoftwareDevelopment\Atmel_Microchip\SAMD21_BSP\SAMD21_BSP\Release\libSAMD21_BSP.a(hal_io.o)
                0x000013e4                io_write
 .text.io_read  0x000013ec        0x8 C:\Salukat\Purificador\SoftwareDevelopment\Atmel_Microchip\SAMD21_BSP\SAMD21_BSP\Release\libSAMD21_BSP.a(hal_io.o)
                0x000013ec                io_read
 .text.spi_m_sync_init
                0x000013f4       0x30 C:\Salukat\Purificador\SoftwareDevelopment\Atmel_Microchip\SAMD21_BSP\SAMD21_BSP\Release\libSAMD21_BSP.a(hal_spi_m_sync.o)
                0x000013f4                spi_m_sync_init
 .text.spi_m_sync_enable
                0x00001424       0x10 C:\Salukat\Purificador\SoftwareDevelopment\Atmel_Microchip\SAMD21_BSP\SAMD21_BSP\Release\libSAMD21_BSP.a(hal_spi_m_sync.o)
                0x00001424                spi_m_sync_enable
 .text.spi_m_sync_transfer
                0x00001434       0x20 C:\Salukat\Purificador\SoftwareDevelopment\Atmel_Microchip\SAMD21_BSP\SAMD21_BSP\Release\libSAMD21_BSP.a(hal_spi_m_sync.o)
                0x00001434                spi_m_sync_transfer
 .text._spi_m_sync_io_write
                0x00001454       0x1c C:\Salukat\Purificador\SoftwareDevelopment\Atmel_Microchip\SAMD21_BSP\SAMD21_BSP\Release\libSAMD21_BSP.a(hal_spi_m_sync.o)
 .text._spi_m_sync_io_read
                0x00001470       0x1c C:\Salukat\Purificador\SoftwareDevelopment\Atmel_Microchip\SAMD21_BSP\SAMD21_BSP\Release\libSAMD21_BSP.a(hal_spi_m_sync.o)
 .text.spi_m_sync_get_io_descriptor
                0x0000148c        0x8 C:\Salukat\Purificador\SoftwareDevelopment\Atmel_Microchip\SAMD21_BSP\SAMD21_BSP\Release\libSAMD21_BSP.a(hal_spi_m_sync.o)
                0x0000148c                spi_m_sync_get_io_descriptor
 .text.timer_add_timer_task
                0x00001494       0x58 C:\Salukat\Purificador\SoftwareDevelopment\Atmel_Microchip\SAMD21_BSP\SAMD21_BSP\Release\libSAMD21_BSP.a(hal_timer.o)
 .text.timer_process_counted
                0x000014ec       0x60 C:\Salukat\Purificador\SoftwareDevelopment\Atmel_Microchip\SAMD21_BSP\SAMD21_BSP\Release\libSAMD21_BSP.a(hal_timer.o)
 .text.timer_init
                0x0000154c       0x1c C:\Salukat\Purificador\SoftwareDevelopment\Atmel_Microchip\SAMD21_BSP\SAMD21_BSP\Release\libSAMD21_BSP.a(hal_timer.o)
                0x0000154c                timer_init
 .text.usart_transmission_complete
                0x00001568       0x12 C:\Salukat\Purificador\SoftwareDevelopment\Atmel_Microchip\SAMD21_BSP\SAMD21_BSP\Release\libSAMD21_BSP.a(hal_usart_async.o)
 .text.usart_error
                0x0000157a       0x12 C:\Salukat\Purificador\SoftwareDevelopment\Atmel_Microchip\SAMD21_BSP\SAMD21_BSP\Release\libSAMD21_BSP.a(hal_usart_async.o)
 .text.usart_fill_rx_buffer
                0x0000158c       0x1c C:\Salukat\Purificador\SoftwareDevelopment\Atmel_Microchip\SAMD21_BSP\SAMD21_BSP\Release\libSAMD21_BSP.a(hal_usart_async.o)
 .text.usart_async_write
                0x000015a8       0x34 C:\Salukat\Purificador\SoftwareDevelopment\Atmel_Microchip\SAMD21_BSP\SAMD21_BSP\Release\libSAMD21_BSP.a(hal_usart_async.o)
 .text.usart_process_byte_sent
                0x000015dc       0x3c C:\Salukat\Purificador\SoftwareDevelopment\Atmel_Microchip\SAMD21_BSP\SAMD21_BSP\Release\libSAMD21_BSP.a(hal_usart_async.o)
 .text.usart_async_read
                0x00001618       0x58 C:\Salukat\Purificador\SoftwareDevelopment\Atmel_Microchip\SAMD21_BSP\SAMD21_BSP\Release\libSAMD21_BSP.a(hal_usart_async.o)
 .text.usart_async_init
                0x00001670       0x64 C:\Salukat\Purificador\SoftwareDevelopment\Atmel_Microchip\SAMD21_BSP\SAMD21_BSP\Release\libSAMD21_BSP.a(hal_usart_async.o)
                0x00001670                usart_async_init
 .text._usb_d_find_ep
                0x000016d4       0x34 C:\Salukat\Purificador\SoftwareDevelopment\Atmel_Microchip\SAMD21_BSP\SAMD21_BSP\Release\libSAMD21_BSP.a(hal_usb_device.o)
 .text.usb_d_dummy_cb_false
                0x00001708        0x4 C:\Salukat\Purificador\SoftwareDevelopment\Atmel_Microchip\SAMD21_BSP\SAMD21_BSP\Release\libSAMD21_BSP.a(hal_usb_device.o)
 .text.usb_d_cb_trans_more
                0x0000170c       0x2c C:\Salukat\Purificador\SoftwareDevelopment\Atmel_Microchip\SAMD21_BSP\SAMD21_BSP\Release\libSAMD21_BSP.a(hal_usb_device.o)
 .text._usb_d_cb_trans_done
                0x00001738       0xf8 C:\Salukat\Purificador\SoftwareDevelopment\Atmel_Microchip\SAMD21_BSP\SAMD21_BSP\Release\libSAMD21_BSP.a(hal_usb_device.o)
 .text.usb_d_cb_trans_setup
                0x00001830       0x84 C:\Salukat\Purificador\SoftwareDevelopment\Atmel_Microchip\SAMD21_BSP\SAMD21_BSP\Release\libSAMD21_BSP.a(hal_usb_device.o)
 .text.usb_d_init
                0x000018b4       0x68 C:\Salukat\Purificador\SoftwareDevelopment\Atmel_Microchip\SAMD21_BSP\SAMD21_BSP\Release\libSAMD21_BSP.a(hal_usb_device.o)
                0x000018b4                usb_d_init
 .text.usb_d_register_callback
                0x0000191c        0xc C:\Salukat\Purificador\SoftwareDevelopment\Atmel_Microchip\SAMD21_BSP\SAMD21_BSP\Release\libSAMD21_BSP.a(hal_usb_device.o)
                0x0000191c                usb_d_register_callback
 .text.usb_d_enable
                0x00001928        0xc C:\Salukat\Purificador\SoftwareDevelopment\Atmel_Microchip\SAMD21_BSP\SAMD21_BSP\Release\libSAMD21_BSP.a(hal_usb_device.o)
                0x00001928                usb_d_enable
 .text.usb_d_attach
                0x00001934        0xc C:\Salukat\Purificador\SoftwareDevelopment\Atmel_Microchip\SAMD21_BSP\SAMD21_BSP\Release\libSAMD21_BSP.a(hal_usb_device.o)
                0x00001934                usb_d_attach
 .text.usb_d_set_address
                0x00001940        0xc C:\Salukat\Purificador\SoftwareDevelopment\Atmel_Microchip\SAMD21_BSP\SAMD21_BSP\Release\libSAMD21_BSP.a(hal_usb_device.o)
                0x00001940                usb_d_set_address
 .text.usb_d_ep_init
                0x0000194c       0x50 C:\Salukat\Purificador\SoftwareDevelopment\Atmel_Microchip\SAMD21_BSP\SAMD21_BSP\Release\libSAMD21_BSP.a(hal_usb_device.o)
                0x0000194c                usb_d_ep_init
 .text.usb_d_ep0_init
                0x0000199c       0x14 C:\Salukat\Purificador\SoftwareDevelopment\Atmel_Microchip\SAMD21_BSP\SAMD21_BSP\Release\libSAMD21_BSP.a(hal_usb_device.o)
                0x0000199c                usb_d_ep0_init
 .text.usb_d_ep_deinit
                0x000019b0       0x2c C:\Salukat\Purificador\SoftwareDevelopment\Atmel_Microchip\SAMD21_BSP\SAMD21_BSP\Release\libSAMD21_BSP.a(hal_usb_device.o)
                0x000019b0                usb_d_ep_deinit
 .text.usb_d_ep_enable
                0x000019dc       0x40 C:\Salukat\Purificador\SoftwareDevelopment\Atmel_Microchip\SAMD21_BSP\SAMD21_BSP\Release\libSAMD21_BSP.a(hal_usb_device.o)
                0x000019dc                usb_d_ep_enable
 .text.usb_d_ep_transfer
                0x00001a1c       0xf8 C:\Salukat\Purificador\SoftwareDevelopment\Atmel_Microchip\SAMD21_BSP\SAMD21_BSP\Release\libSAMD21_BSP.a(hal_usb_device.o)
                0x00001a1c                usb_d_ep_transfer
 .text.usb_d_ep_halt
                0x00001b14       0x60 C:\Salukat\Purificador\SoftwareDevelopment\Atmel_Microchip\SAMD21_BSP\SAMD21_BSP\Release\libSAMD21_BSP.a(hal_usb_device.o)
                0x00001b14                usb_d_ep_halt
 .text.usb_d_ep_register_callback
                0x00001b74       0x4c C:\Salukat\Purificador\SoftwareDevelopment\Atmel_Microchip\SAMD21_BSP\SAMD21_BSP\Release\libSAMD21_BSP.a(hal_usb_device.o)
                0x00001b74                usb_d_ep_register_callback
 .text.list_insert_as_head
                0x00001bc0        0x8 C:\Salukat\Purificador\SoftwareDevelopment\Atmel_Microchip\SAMD21_BSP\SAMD21_BSP\Release\libSAMD21_BSP.a(utils_list.o)
                0x00001bc0                list_insert_as_head
 .text.list_insert_after
                0x00001bc8        0x8 C:\Salukat\Purificador\SoftwareDevelopment\Atmel_Microchip\SAMD21_BSP\SAMD21_BSP\Release\libSAMD21_BSP.a(utils_list.o)
                0x00001bc8                list_insert_after
 .text.list_insert_at_end
                0x00001bd0       0x1a C:\Salukat\Purificador\SoftwareDevelopment\Atmel_Microchip\SAMD21_BSP\SAMD21_BSP\Release\libSAMD21_BSP.a(utils_list.o)
                0x00001bd0                list_insert_at_end
 .text.list_remove_head
                0x00001bea        0xe C:\Salukat\Purificador\SoftwareDevelopment\Atmel_Microchip\SAMD21_BSP\SAMD21_BSP\Release\libSAMD21_BSP.a(utils_list.o)
                0x00001bea                list_remove_head
 .text.ringbuffer_init
                0x00001bf8       0x18 C:\Salukat\Purificador\SoftwareDevelopment\Atmel_Microchip\SAMD21_BSP\SAMD21_BSP\Release\libSAMD21_BSP.a(utils_ringbuffer.o)
                0x00001bf8                ringbuffer_init
 .text.ringbuffer_get
                0x00001c10       0x22 C:\Salukat\Purificador\SoftwareDevelopment\Atmel_Microchip\SAMD21_BSP\SAMD21_BSP\Release\libSAMD21_BSP.a(utils_ringbuffer.o)
                0x00001c10                ringbuffer_get
 .text.ringbuffer_put
                0x00001c32       0x22 C:\Salukat\Purificador\SoftwareDevelopment\Atmel_Microchip\SAMD21_BSP\SAMD21_BSP\Release\libSAMD21_BSP.a(utils_ringbuffer.o)
                0x00001c32                ringbuffer_put
 .text.ringbuffer_num
                0x00001c54        0x8 C:\Salukat\Purificador\SoftwareDevelopment\Atmel_Microchip\SAMD21_BSP\SAMD21_BSP\Release\libSAMD21_BSP.a(utils_ringbuffer.o)
                0x00001c54                ringbuffer_num
 .text._get_cycles_for_ms
                0x00001c5c        0xc C:\Salukat\Purificador\SoftwareDevelopment\Atmel_Microchip\SAMD21_BSP\SAMD21_BSP\Release\libSAMD21_BSP.a(hpl_core_m0plus_base.o)
                0x00001c5c                _get_cycles_for_ms
 .text._init_chip
                0x00001c68       0x30 C:\Salukat\Purificador\SoftwareDevelopment\Atmel_Microchip\SAMD21_BSP\SAMD21_BSP\Release\libSAMD21_BSP.a(hpl_init.o)
                0x00001c68                _init_chip
 .text.hri_dac_wait_for_sync
                0x00001c98        0x8 C:\Salukat\Purificador\SoftwareDevelopment\Atmel_Microchip\SAMD21_BSP\SAMD21_BSP\Release\libSAMD21_BSP.a(hpl_dac.o)
 .text._dac_init
                0x00001ca0       0x40 C:\Salukat\Purificador\SoftwareDevelopment\Atmel_Microchip\SAMD21_BSP\SAMD21_BSP\Release\libSAMD21_BSP.a(hpl_dac.o)
 .text._dac_sync_init
                0x00001ce0       0x10 C:\Salukat\Purificador\SoftwareDevelopment\Atmel_Microchip\SAMD21_BSP\SAMD21_BSP\Release\libSAMD21_BSP.a(hpl_dac.o)
                0x00001ce0                _dac_sync_init
 .text.hri_eic_wait_for_sync.constprop.3
                0x00001cf0       0x10 C:\Salukat\Purificador\SoftwareDevelopment\Atmel_Microchip\SAMD21_BSP\SAMD21_BSP\Release\libSAMD21_BSP.a(hpl_eic.o)
 .text._ext_irq_init
                0x00001d00       0x6c C:\Salukat\Purificador\SoftwareDevelopment\Atmel_Microchip\SAMD21_BSP\SAMD21_BSP\Release\libSAMD21_BSP.a(hpl_eic.o)
                0x00001d00                _ext_irq_init
 .text.EIC_Handler
                0x00001d6c       0x8c C:\Salukat\Purificador\SoftwareDevelopment\Atmel_Microchip\SAMD21_BSP\SAMD21_BSP\Release\libSAMD21_BSP.a(hpl_eic.o)
                0x00001d6c                EIC_Handler
 .text.hri_gclk_wait_for_sync.constprop.0
                0x00001df8       0x10 C:\Salukat\Purificador\SoftwareDevelopment\Atmel_Microchip\SAMD21_BSP\SAMD21_BSP\Release\libSAMD21_BSP.a(hpl_gclk.o)
 .text._gclk_init_generators_by_fref
                0x00001e08       0xc0 C:\Salukat\Purificador\SoftwareDevelopment\Atmel_Microchip\SAMD21_BSP\SAMD21_BSP\Release\libSAMD21_BSP.a(hpl_gclk.o)
                0x00001e08                _gclk_init_generators_by_fref
 .text._pm_init
                0x00001ec8       0x20 C:\Salukat\Purificador\SoftwareDevelopment\Atmel_Microchip\SAMD21_BSP\SAMD21_BSP\Release\libSAMD21_BSP.a(hpl_pm.o)
                0x00001ec8                _pm_init
 .text.__NVIC_EnableIRQ
                0x00001ee8       0x18 C:\Salukat\Purificador\SoftwareDevelopment\Atmel_Microchip\SAMD21_BSP\SAMD21_BSP\Release\libSAMD21_BSP.a(hpl_sercom.o)
 .text.__NVIC_DisableIRQ
                0x00001f00       0x20 C:\Salukat\Purificador\SoftwareDevelopment\Atmel_Microchip\SAMD21_BSP\SAMD21_BSP\Release\libSAMD21_BSP.a(hpl_sercom.o)
 .text.__NVIC_ClearPendingIRQ
                0x00001f20       0x1c C:\Salukat\Purificador\SoftwareDevelopment\Atmel_Microchip\SAMD21_BSP\SAMD21_BSP\Release\libSAMD21_BSP.a(hpl_sercom.o)
 .text.hri_sercomspi_wait_for_sync
                0x00001f3c        0x8 C:\Salukat\Purificador\SoftwareDevelopment\Atmel_Microchip\SAMD21_BSP\SAMD21_BSP\Release\libSAMD21_BSP.a(hpl_sercom.o)
 .text.hri_sercomusart_wait_for_sync
                0x00001f44        0x8 C:\Salukat\Purificador\SoftwareDevelopment\Atmel_Microchip\SAMD21_BSP\SAMD21_BSP\Release\libSAMD21_BSP.a(hpl_sercom.o)
 .text.hri_sercomusart_clear_CTRLA_ENABLE_bit
                0x00001f4c       0x18 C:\Salukat\Purificador\SoftwareDevelopment\Atmel_Microchip\SAMD21_BSP\SAMD21_BSP\Release\libSAMD21_BSP.a(hpl_sercom.o)
 .text._spi_sync_enable
                0x00001f64       0x28 C:\Salukat\Purificador\SoftwareDevelopment\Atmel_Microchip\SAMD21_BSP\SAMD21_BSP\Release\libSAMD21_BSP.a(hpl_sercom.o)
 .text._usart_init
                0x00001f8c       0x68 C:\Salukat\Purificador\SoftwareDevelopment\Atmel_Microchip\SAMD21_BSP\SAMD21_BSP\Release\libSAMD21_BSP.a(hpl_sercom.o)
 .text._usart_async_init
                0x00001ff4       0x58 C:\Salukat\Purificador\SoftwareDevelopment\Atmel_Microchip\SAMD21_BSP\SAMD21_BSP\Release\libSAMD21_BSP.a(hpl_sercom.o)
                0x00001ff4                _usart_async_init
 .text._usart_async_write_byte
                0x0000204c        0x8 C:\Salukat\Purificador\SoftwareDevelopment\Atmel_Microchip\SAMD21_BSP\SAMD21_BSP\Release\libSAMD21_BSP.a(hpl_sercom.o)
                0x0000204c                _usart_async_write_byte
 .text._usart_async_enable_byte_sent_irq
                0x00002054        0x8 C:\Salukat\Purificador\SoftwareDevelopment\Atmel_Microchip\SAMD21_BSP\SAMD21_BSP\Release\libSAMD21_BSP.a(hpl_sercom.o)
                0x00002054                _usart_async_enable_byte_sent_irq
 .text._usart_async_enable_tx_done_irq
                0x0000205c        0x8 C:\Salukat\Purificador\SoftwareDevelopment\Atmel_Microchip\SAMD21_BSP\SAMD21_BSP\Release\libSAMD21_BSP.a(hpl_sercom.o)
                0x0000205c                _usart_async_enable_tx_done_irq
 .text.SERCOM3_Handler
                0x00002064       0x6c C:\Salukat\Purificador\SoftwareDevelopment\Atmel_Microchip\SAMD21_BSP\SAMD21_BSP\Release\libSAMD21_BSP.a(hpl_sercom.o)
                0x00002064                SERCOM3_Handler
 .text._spi_m_sync_init
                0x000020d0       0xcc C:\Salukat\Purificador\SoftwareDevelopment\Atmel_Microchip\SAMD21_BSP\SAMD21_BSP\Release\libSAMD21_BSP.a(hpl_sercom.o)
                0x000020d0                _spi_m_sync_init
 .text._spi_s_sync_enable
                0x0000219c       0x10 C:\Salukat\Purificador\SoftwareDevelopment\Atmel_Microchip\SAMD21_BSP\SAMD21_BSP\Release\libSAMD21_BSP.a(hpl_sercom.o)
                0x0000219c                _spi_s_sync_enable
 .text._spi_m_sync_enable
                0x000021ac        0xc C:\Salukat\Purificador\SoftwareDevelopment\Atmel_Microchip\SAMD21_BSP\SAMD21_BSP\Release\libSAMD21_BSP.a(hpl_sercom.o)
                0x000021ac                _spi_m_sync_enable
 .text._spi_m_sync_trans
                0x000021b8       0xc0 C:\Salukat\Purificador\SoftwareDevelopment\Atmel_Microchip\SAMD21_BSP\SAMD21_BSP\Release\libSAMD21_BSP.a(hpl_sercom.o)
                0x000021b8                _spi_m_sync_trans
 .text._sysctrl_init_sources
                0x00002278       0x50 C:\Salukat\Purificador\SoftwareDevelopment\Atmel_Microchip\SAMD21_BSP\SAMD21_BSP\Release\libSAMD21_BSP.a(hpl_sysctrl.o)
                0x00002278                _sysctrl_init_sources
 .text._sysctrl_init_referenced_generators
                0x000022c8       0x9c C:\Salukat\Purificador\SoftwareDevelopment\Atmel_Microchip\SAMD21_BSP\SAMD21_BSP\Release\libSAMD21_BSP.a(hpl_sysctrl.o)
                0x000022c8                _sysctrl_init_referenced_generators
 .text._delay_init
                0x00002364       0x14 C:\Salukat\Purificador\SoftwareDevelopment\Atmel_Microchip\SAMD21_BSP\SAMD21_BSP\Release\libSAMD21_BSP.a(hpl_systick.o)
                0x00002364                _delay_init
 .text._delay_cycles
                0x00002378       0x40 C:\Salukat\Purificador\SoftwareDevelopment\Atmel_Microchip\SAMD21_BSP\SAMD21_BSP\Release\libSAMD21_BSP.a(hpl_systick.o)
                0x00002378                _delay_cycles
 .text.tc_interrupt_handler
                0x000023b8       0x14 C:\Salukat\Purificador\SoftwareDevelopment\Atmel_Microchip\SAMD21_BSP\SAMD21_BSP\Release\libSAMD21_BSP.a(hpl_tc.o)
 .text._timer_init
                0x000023cc       0xec C:\Salukat\Purificador\SoftwareDevelopment\Atmel_Microchip\SAMD21_BSP\SAMD21_BSP\Release\libSAMD21_BSP.a(hpl_tc.o)
                0x000023cc                _timer_init
 .text._tc_get_timer
                0x000024b8        0x4 C:\Salukat\Purificador\SoftwareDevelopment\Atmel_Microchip\SAMD21_BSP\SAMD21_BSP\Release\libSAMD21_BSP.a(hpl_tc.o)
                0x000024b8                _tc_get_timer
 .text.TC3_Handler
                0x000024bc       0x14 C:\Salukat\Purificador\SoftwareDevelopment\Atmel_Microchip\SAMD21_BSP\SAMD21_BSP\Release\libSAMD21_BSP.a(hpl_tc.o)
                0x000024bc                TC3_Handler
 .text.TC4_Handler
                0x000024d0       0x14 C:\Salukat\Purificador\SoftwareDevelopment\Atmel_Microchip\SAMD21_BSP\SAMD21_BSP\Release\libSAMD21_BSP.a(hpl_tc.o)
                0x000024d0                TC4_Handler
 .text._dummy_func_no_return
                0x000024e4        0x4 C:\Salukat\Purificador\SoftwareDevelopment\Atmel_Microchip\SAMD21_BSP\SAMD21_BSP\Release\libSAMD21_BSP.a(hpl_usb.o)
 .text._usb_d_dev_wait_dfll_rdy
                0x000024e8       0x24 C:\Salukat\Purificador\SoftwareDevelopment\Atmel_Microchip\SAMD21_BSP\SAMD21_BSP\Release\libSAMD21_BSP.a(hpl_usb.o)
 .text._usb_d_dev_ept
                0x0000250c       0x1c C:\Salukat\Purificador\SoftwareDevelopment\Atmel_Microchip\SAMD21_BSP\SAMD21_BSP\Release\libSAMD21_BSP.a(hpl_usb.o)
 .text._usb_d_dev_handle_setup
                0x00002528       0x7c C:\Salukat\Purificador\SoftwareDevelopment\Atmel_Microchip\SAMD21_BSP\SAMD21_BSP\Release\libSAMD21_BSP.a(hpl_usb.o)
 .text._usb_d_dev_handle_stall
                0x000025a4       0x2c C:\Salukat\Purificador\SoftwareDevelopment\Atmel_Microchip\SAMD21_BSP\SAMD21_BSP\Release\libSAMD21_BSP.a(hpl_usb.o)
 .text._usb_d_dev_trans_done
                0x000025d0       0x24 C:\Salukat\Purificador\SoftwareDevelopment\Atmel_Microchip\SAMD21_BSP\SAMD21_BSP\Release\libSAMD21_BSP.a(hpl_usb.o)
 .text._usb_d_dev_trans_stop
                0x000025f4       0x60 C:\Salukat\Purificador\SoftwareDevelopment\Atmel_Microchip\SAMD21_BSP\SAMD21_BSP\Release\libSAMD21_BSP.a(hpl_usb.o)
 .text._usb_d_dev_handle_trfail
                0x00002654       0xe4 C:\Salukat\Purificador\SoftwareDevelopment\Atmel_Microchip\SAMD21_BSP\SAMD21_BSP\Release\libSAMD21_BSP.a(hpl_usb.o)
 .text._usb_d_dev_reset_epts
                0x00002738       0x3c C:\Salukat\Purificador\SoftwareDevelopment\Atmel_Microchip\SAMD21_BSP\SAMD21_BSP\Release\libSAMD21_BSP.a(hpl_usb.o)
 .text._usb_d_dev_in_next
                0x00002774      0x170 C:\Salukat\Purificador\SoftwareDevelopment\Atmel_Microchip\SAMD21_BSP\SAMD21_BSP\Release\libSAMD21_BSP.a(hpl_usb.o)
 .text._usb_d_dev_out_next
                0x000028e4      0x1d4 C:\Salukat\Purificador\SoftwareDevelopment\Atmel_Microchip\SAMD21_BSP\SAMD21_BSP\Release\libSAMD21_BSP.a(hpl_usb.o)
 .text._usbd_ep_pcksize_size
                0x00002ab8       0x38 C:\Salukat\Purificador\SoftwareDevelopment\Atmel_Microchip\SAMD21_BSP\SAMD21_BSP\Release\libSAMD21_BSP.a(hpl_usb.o)
 .text._usb_d_dev_init
                0x00002af0       0xc4 C:\Salukat\Purificador\SoftwareDevelopment\Atmel_Microchip\SAMD21_BSP\SAMD21_BSP\Release\libSAMD21_BSP.a(hpl_usb.o)
                0x00002af0                _usb_d_dev_init
 .text._usb_d_dev_enable
                0x00002bb4       0x48 C:\Salukat\Purificador\SoftwareDevelopment\Atmel_Microchip\SAMD21_BSP\SAMD21_BSP\Release\libSAMD21_BSP.a(hpl_usb.o)
                0x00002bb4                _usb_d_dev_enable
 .text._usb_d_dev_attach
                0x00002bfc       0x10 C:\Salukat\Purificador\SoftwareDevelopment\Atmel_Microchip\SAMD21_BSP\SAMD21_BSP\Release\libSAMD21_BSP.a(hpl_usb.o)
                0x00002bfc                _usb_d_dev_attach
 .text._usb_d_dev_set_address
                0x00002c0c       0x10 C:\Salukat\Purificador\SoftwareDevelopment\Atmel_Microchip\SAMD21_BSP\SAMD21_BSP\Release\libSAMD21_BSP.a(hpl_usb.o)
                0x00002c0c                _usb_d_dev_set_address
 .text._usb_d_dev_ep_init
                0x00002c1c       0xc8 C:\Salukat\Purificador\SoftwareDevelopment\Atmel_Microchip\SAMD21_BSP\SAMD21_BSP\Release\libSAMD21_BSP.a(hpl_usb.o)
                0x00002c1c                _usb_d_dev_ep_init
 .text._usb_d_dev_ep_deinit
                0x00002ce4       0x7c C:\Salukat\Purificador\SoftwareDevelopment\Atmel_Microchip\SAMD21_BSP\SAMD21_BSP\Release\libSAMD21_BSP.a(hpl_usb.o)
                0x00002ce4                _usb_d_dev_ep_deinit
 .text._usb_d_dev_ep_enable
                0x00002d60      0x13c C:\Salukat\Purificador\SoftwareDevelopment\Atmel_Microchip\SAMD21_BSP\SAMD21_BSP\Release\libSAMD21_BSP.a(hpl_usb.o)
                0x00002d60                _usb_d_dev_ep_enable
 .text._usb_d_dev_ep_stall
                0x00002e9c       0xd0 C:\Salukat\Purificador\SoftwareDevelopment\Atmel_Microchip\SAMD21_BSP\SAMD21_BSP\Release\libSAMD21_BSP.a(hpl_usb.o)
                0x00002e9c                _usb_d_dev_ep_stall
 .text._usb_d_dev_ep_read_req
                0x00002f6c       0x58 C:\Salukat\Purificador\SoftwareDevelopment\Atmel_Microchip\SAMD21_BSP\SAMD21_BSP\Release\libSAMD21_BSP.a(hpl_usb.o)
                0x00002f6c                _usb_d_dev_ep_read_req
 .text._usb_d_dev_ep_trans
                0x00002fc4      0x118 C:\Salukat\Purificador\SoftwareDevelopment\Atmel_Microchip\SAMD21_BSP\SAMD21_BSP\Release\libSAMD21_BSP.a(hpl_usb.o)
                0x00002fc4                _usb_d_dev_ep_trans
 .text._usb_d_dev_register_callback
                0x000030dc       0x24 C:\Salukat\Purificador\SoftwareDevelopment\Atmel_Microchip\SAMD21_BSP\SAMD21_BSP\Release\libSAMD21_BSP.a(hpl_usb.o)
                0x000030dc                _usb_d_dev_register_callback
 .text._usb_d_dev_register_ep_callback
                0x00003100       0x2c C:\Salukat\Purificador\SoftwareDevelopment\Atmel_Microchip\SAMD21_BSP\SAMD21_BSP\Release\libSAMD21_BSP.a(hpl_usb.o)
                0x00003100                _usb_d_dev_register_ep_callback
 .text.USB_Handler
                0x0000312c      0x1d0 C:\Salukat\Purificador\SoftwareDevelopment\Atmel_Microchip\SAMD21_BSP\SAMD21_BSP\Release\libSAMD21_BSP.a(hpl_usb.o)
                0x0000312c                USB_Handler
 .text.cdc_device_acm_init
                0x000032fc       0x34 C:\Salukat\Purificador\SoftwareDevelopment\Atmel_Microchip\SAMD21_BSP\SAMD21_BSP\Release\libSAMD21_BSP.a(usb_start.o)
                0x000032fc                cdc_device_acm_init
 .text.usb_init
                0x00003330        0xc C:\Salukat\Purificador\SoftwareDevelopment\Atmel_Microchip\SAMD21_BSP\SAMD21_BSP\Release\libSAMD21_BSP.a(usb_start.o)
                0x00003330                usb_init
 .text.cdcdf_acm_req
                0x0000333c       0xdc C:\Salukat\Purificador\SoftwareDevelopment\Atmel_Microchip\SAMD21_BSP\SAMD21_BSP\Release\libSAMD21_BSP.a(cdcdf_acm.o)
 .text.cdcdf_acm_ctrl
                0x00003418      0x124 C:\Salukat\Purificador\SoftwareDevelopment\Atmel_Microchip\SAMD21_BSP\SAMD21_BSP\Release\libSAMD21_BSP.a(cdcdf_acm.o)
 .text.cdcdf_acm_init
                0x0000353c       0x44 C:\Salukat\Purificador\SoftwareDevelopment\Atmel_Microchip\SAMD21_BSP\SAMD21_BSP\Release\libSAMD21_BSP.a(cdcdf_acm.o)
                0x0000353c                cdcdf_acm_init
 .text.usbdc_unconfig
                0x00003580       0x20 C:\Salukat\Purificador\SoftwareDevelopment\Atmel_Microchip\SAMD21_BSP\SAMD21_BSP\Release\libSAMD21_BSP.a(usbdc.o)
 .text.usbdc_change_notify
                0x000035a0       0x24 C:\Salukat\Purificador\SoftwareDevelopment\Atmel_Microchip\SAMD21_BSP\SAMD21_BSP\Release\libSAMD21_BSP.a(usbdc.o)
 .text.usbdc_request_handler
                0x000035c4       0x3c C:\Salukat\Purificador\SoftwareDevelopment\Atmel_Microchip\SAMD21_BSP\SAMD21_BSP\Release\libSAMD21_BSP.a(usbdc.o)
 .text.usbd_sof_cb
                0x00003600       0x1c C:\Salukat\Purificador\SoftwareDevelopment\Atmel_Microchip\SAMD21_BSP\SAMD21_BSP\Release\libSAMD21_BSP.a(usbdc.o)
 .text.usbdc_cb_ctl_done
                0x0000361c       0x70 C:\Salukat\Purificador\SoftwareDevelopment\Atmel_Microchip\SAMD21_BSP\SAMD21_BSP\Release\libSAMD21_BSP.a(usbdc.o)
 .text.usbdc_reset
                0x0000368c       0x58 C:\Salukat\Purificador\SoftwareDevelopment\Atmel_Microchip\SAMD21_BSP\SAMD21_BSP\Release\libSAMD21_BSP.a(usbdc.o)
                0x0000368c                usbdc_reset
 .text.usbd_event_cb
                0x000036e4       0x20 C:\Salukat\Purificador\SoftwareDevelopment\Atmel_Microchip\SAMD21_BSP\SAMD21_BSP\Release\libSAMD21_BSP.a(usbdc.o)
 .text.usbdc_xfer
                0x00003704       0x1c C:\Salukat\Purificador\SoftwareDevelopment\Atmel_Microchip\SAMD21_BSP\SAMD21_BSP\Release\libSAMD21_BSP.a(usbdc.o)
                0x00003704                usbdc_xfer
 .text.usbdc_cb_ctl_req
                0x00003720      0x31c C:\Salukat\Purificador\SoftwareDevelopment\Atmel_Microchip\SAMD21_BSP\SAMD21_BSP\Release\libSAMD21_BSP.a(usbdc.o)
 .text.usbdc_register_handler
                0x00003a3c       0x30 C:\Salukat\Purificador\SoftwareDevelopment\Atmel_Microchip\SAMD21_BSP\SAMD21_BSP\Release\libSAMD21_BSP.a(usbdc.o)
                0x00003a3c                usbdc_register_handler
 .text.usbdc_init
                0x00003a6c       0x44 C:\Salukat\Purificador\SoftwareDevelopment\Atmel_Microchip\SAMD21_BSP\SAMD21_BSP\Release\libSAMD21_BSP.a(usbdc.o)
                0x00003a6c                usbdc_init
 .text.usbdc_register_function
                0x00003ab0       0x18 C:\Salukat\Purificador\SoftwareDevelopment\Atmel_Microchip\SAMD21_BSP\SAMD21_BSP\Release\libSAMD21_BSP.a(usbdc.o)
                0x00003ab0                usbdc_register_function
 .text.usbdc_start
                0x00003ac8       0x34 C:\Salukat\Purificador\SoftwareDevelopment\Atmel_Microchip\SAMD21_BSP\SAMD21_BSP\Release\libSAMD21_BSP.a(usbdc.o)
                0x00003ac8                usbdc_start
 .text.usbdc_attach
                0x00003afc        0xc C:\Salukat\Purificador\SoftwareDevelopment\Atmel_Microchip\SAMD21_BSP\SAMD21_BSP\Release\libSAMD21_BSP.a(usbdc.o)
                0x00003afc                usbdc_attach
 .text.usbdc_get_ctrl_buffer
                0x00003b08        0xc C:\Salukat\Purificador\SoftwareDevelopment\Atmel_Microchip\SAMD21_BSP\SAMD21_BSP\Release\libSAMD21_BSP.a(usbdc.o)
                0x00003b08                usbdc_get_ctrl_buffer
 .text.usbdc_get_state
                0x00003b14       0x14 C:\Salukat\Purificador\SoftwareDevelopment\Atmel_Microchip\SAMD21_BSP\SAMD21_BSP\Release\libSAMD21_BSP.a(usbdc.o)
                0x00003b14                usbdc_get_state
 .text.usb_find_desc
                0x00003b28       0x1a C:\Salukat\Purificador\SoftwareDevelopment\Atmel_Microchip\SAMD21_BSP\SAMD21_BSP\Release\libSAMD21_BSP.a(usb_protocol.o)
                0x00003b28                usb_find_desc
 .text.usb_find_ep_desc
                0x00003b42       0x1c C:\Salukat\Purificador\SoftwareDevelopment\Atmel_Microchip\SAMD21_BSP\SAMD21_BSP\Release\libSAMD21_BSP.a(usb_protocol.o)
                0x00003b42                usb_find_ep_desc
 *fill*         0x00003b5e        0x2 
 .text.usb_find_cfg_desc
                0x00003b60       0x3c C:\Salukat\Purificador\SoftwareDevelopment\Atmel_Microchip\SAMD21_BSP\SAMD21_BSP\Release\libSAMD21_BSP.a(usb_protocol.o)
                0x00003b60                usb_find_cfg_desc
 .text.usb_find_str_desc
                0x00003b9c       0x30 C:\Salukat\Purificador\SoftwareDevelopment\Atmel_Microchip\SAMD21_BSP\SAMD21_BSP\Release\libSAMD21_BSP.a(usb_protocol.o)
                0x00003b9c                usb_find_str_desc
 .text.__aeabi_atexit
                0x00003bcc       0x10 c:/program files (x86)/atmel/studio/7.0/toolchain/arm/arm-gnu-toolchain/bin/../lib/gcc/arm-none-eabi/6.3.1/../../../../arm-none-eabi/lib/thumb/v6-m\libstdc++.a(atexit_arm.o)
                0x00003bcc                __aeabi_atexit
 .text.floor    0x00003bdc      0x130 c:/program files (x86)/atmel/studio/7.0/toolchain/arm/arm-gnu-toolchain/bin/../lib/gcc/arm-none-eabi/6.3.1/../../../../arm-none-eabi/lib/thumb/v6-m\libm.a(lib_a-s_floor.o)
                0x00003bdc                floor
 .text.log      0x00003d0c      0x110 c:/program files (x86)/atmel/studio/7.0/toolchain/arm/arm-gnu-toolchain/bin/../lib/gcc/arm-none-eabi/6.3.1/../../../../arm-none-eabi/lib/thumb/v6-m\libm.a(lib_a-w_log.o)
                0x00003d0c                log
 .text.pow      0x00003e1c      0x358 c:/program files (x86)/atmel/studio/7.0/toolchain/arm/arm-gnu-toolchain/bin/../lib/gcc/arm-none-eabi/6.3.1/../../../../arm-none-eabi/lib/thumb/v6-m\libm.a(lib_a-w_pow.o)
                0x00003e1c                pow
 .text.__ieee754_log
                0x00004174      0x404 c:/program files (x86)/atmel/studio/7.0/toolchain/arm/arm-gnu-toolchain/bin/../lib/gcc/arm-none-eabi/6.3.1/../../../../arm-none-eabi/lib/thumb/v6-m\libm.a(lib_a-e_log.o)
                0x00004174                __ieee754_log
 .text.__ieee754_pow
                0x00004578      0xa6c c:/program files (x86)/atmel/studio/7.0/toolchain/arm/arm-gnu-toolchain/bin/../lib/gcc/arm-none-eabi/6.3.1/../../../../arm-none-eabi/lib/thumb/v6-m\libm.a(lib_a-e_pow.o)
                0x00004578                __ieee754_pow
 .text.__ieee754_sqrt
                0x00004fe4      0x1c0 c:/program files (x86)/atmel/studio/7.0/toolchain/arm/arm-gnu-toolchain/bin/../lib/gcc/arm-none-eabi/6.3.1/../../../../arm-none-eabi/lib/thumb/v6-m\libm.a(lib_a-e_sqrt.o)
                0x00004fe4                __ieee754_sqrt
 .text.fabs     0x000051a4        0x8 c:/program files (x86)/atmel/studio/7.0/toolchain/arm/arm-gnu-toolchain/bin/../lib/gcc/arm-none-eabi/6.3.1/../../../../arm-none-eabi/lib/thumb/v6-m\libm.a(lib_a-s_fabs.o)
                0x000051a4                fabs
 .text.finite   0x000051ac       0x14 c:/program files (x86)/atmel/studio/7.0/toolchain/arm/arm-gnu-toolchain/bin/../lib/gcc/arm-none-eabi/6.3.1/../../../../arm-none-eabi/lib/thumb/v6-m\libm.a(lib_a-s_finite.o)
                0x000051ac                finite
 .text.matherr  0x000051c0        0x4 c:/program files (x86)/atmel/studio/7.0/toolchain/arm/arm-gnu-toolchain/bin/../lib/gcc/arm-none-eabi/6.3.1/../../../../arm-none-eabi/lib/thumb/v6-m\libm.a(lib_a-s_matherr.o)
                0x000051c0                matherr
 .text.nan      0x000051c4        0xc c:/program files (x86)/atmel/studio/7.0/toolchain/arm/arm-gnu-toolchain/bin/../lib/gcc/arm-none-eabi/6.3.1/../../../../arm-none-eabi/lib/thumb/v6-m\libm.a(lib_a-s_nan.o)
                0x000051c4                nan
 .text.rint     0x000051d0      0x144 c:/program files (x86)/atmel/studio/7.0/toolchain/arm/arm-gnu-toolchain/bin/../lib/gcc/arm-none-eabi/6.3.1/../../../../arm-none-eabi/lib/thumb/v6-m\libm.a(lib_a-s_rint.o)
                0x000051d0                rint
 .text.scalbn   0x00005314       0xd0 c:/program files (x86)/atmel/studio/7.0/toolchain/arm/arm-gnu-toolchain/bin/../lib/gcc/arm-none-eabi/6.3.1/../../../../arm-none-eabi/lib/thumb/v6-m\libm.a(lib_a-s_scalbn.o)
                0x00005314                scalbn
 .text.copysign
                0x000053e4       0x10 c:/program files (x86)/atmel/studio/7.0/toolchain/arm/arm-gnu-toolchain/bin/../lib/gcc/arm-none-eabi/6.3.1/../../../../arm-none-eabi/lib/thumb/v6-m\libm.a(lib_a-s_copysign.o)
                0x000053e4                copysign
 .text          0x000053f4       0x14 c:/program files (x86)/atmel/studio/7.0/toolchain/arm/arm-gnu-toolchain/bin/../lib/gcc/arm-none-eabi/6.3.1/thumb/v6-m\libgcc.a(_thumb1_case_sqi.o)
                0x000053f4                __gnu_thumb1_case_sqi
 .text          0x00005408       0x14 c:/program files (x86)/atmel/studio/7.0/toolchain/arm/arm-gnu-toolchain/bin/../lib/gcc/arm-none-eabi/6.3.1/thumb/v6-m\libgcc.a(_thumb1_case_shi.o)
                0x00005408                __gnu_thumb1_case_shi
 .text          0x0000541c      0x114 c:/program files (x86)/atmel/studio/7.0/toolchain/arm/arm-gnu-toolchain/bin/../lib/gcc/arm-none-eabi/6.3.1/thumb/v6-m\libgcc.a(_udivsi3.o)
                0x0000541c                __aeabi_uidiv
                0x0000541c                __udivsi3
                0x00005528                __aeabi_uidivmod
 .text          0x00005530      0x1d4 c:/program files (x86)/atmel/studio/7.0/toolchain/arm/arm-gnu-toolchain/bin/../lib/gcc/arm-none-eabi/6.3.1/thumb/v6-m\libgcc.a(_divsi3.o)
                0x00005530                __divsi3
                0x00005530                __aeabi_idiv
                0x000056fc                __aeabi_idivmod
 .text          0x00005704        0x4 c:/program files (x86)/atmel/studio/7.0/toolchain/arm/arm-gnu-toolchain/bin/../lib/gcc/arm-none-eabi/6.3.1/thumb/v6-m\libgcc.a(_dvmd_tls.o)
                0x00005704                __aeabi_idiv0
                0x00005704                __aeabi_ldiv0
 .text          0x00005708       0x7c c:/program files (x86)/atmel/studio/7.0/toolchain/arm/arm-gnu-toolchain/bin/../lib/gcc/arm-none-eabi/6.3.1/thumb/v6-m\libgcc.a(_arm_cmpdf2.o)
                0x00005708                __aeabi_cdrcmple
                0x00005718                __aeabi_cdcmple
                0x00005718                __aeabi_cdcmpeq
                0x00005728                __aeabi_dcmpeq
                0x00005734                __aeabi_dcmplt
                0x00005748                __aeabi_dcmple
                0x0000575c                __aeabi_dcmpgt
                0x00005770                __aeabi_dcmpge
 .text          0x00005784       0x74 c:/program files (x86)/atmel/studio/7.0/toolchain/arm/arm-gnu-toolchain/bin/../lib/gcc/arm-none-eabi/6.3.1/thumb/v6-m\libgcc.a(_arm_cmpsf2.o)
                0x00005784                __aeabi_cfrcmple
                0x0000578c                __aeabi_cfcmpeq
                0x0000578c                __aeabi_cfcmple
                0x0000579c                __aeabi_fcmpeq
                0x000057a8                __aeabi_fcmplt
                0x000057bc                __aeabi_fcmple
                0x000057d0                __aeabi_fcmpgt
                0x000057e4                __aeabi_fcmpge
 .text          0x000057f8       0x40 c:/program files (x86)/atmel/studio/7.0/toolchain/arm/arm-gnu-toolchain/bin/../lib/gcc/arm-none-eabi/6.3.1/thumb/v6-m\libgcc.a(_aeabi_uldivmod.o)
                0x000057f8                __aeabi_uldivmod
 .text          0x00005838       0x14 c:/program files (x86)/atmel/studio/7.0/toolchain/arm/arm-gnu-toolchain/bin/../lib/gcc/arm-none-eabi/6.3.1/thumb/v6-m\libgcc.a(_ffssi2.o)
                0x00005838                __ffssi2
 .text          0x0000584c       0x3c c:/program files (x86)/atmel/studio/7.0/toolchain/arm/arm-gnu-toolchain/bin/../lib/gcc/arm-none-eabi/6.3.1/thumb/v6-m\libgcc.a(_fixunsdfsi.o)
                0x0000584c                __aeabi_d2uiz
                0x0000584c                __fixunsdfsi
 .text          0x00005888      0x180 c:/program files (x86)/atmel/studio/7.0/toolchain/arm/arm-gnu-toolchain/bin/../lib/gcc/arm-none-eabi/6.3.1/thumb/v6-m\libgcc.a(_udivmoddi4.o)
                0x00005888                __udivmoddi4
 .text          0x00005a08      0x324 c:/program files (x86)/atmel/studio/7.0/toolchain/arm/arm-gnu-toolchain/bin/../lib/gcc/arm-none-eabi/6.3.1/thumb/v6-m\libgcc.a(addsf3.o)
                0x00005a08                __aeabi_fadd
 .text          0x00005d2c       0x4c c:/program files (x86)/atmel/studio/7.0/toolchain/arm/arm-gnu-toolchain/bin/../lib/gcc/arm-none-eabi/6.3.1/thumb/v6-m\libgcc.a(eqsf2.o)
                0x00005d2c                __eqsf2
                0x00005d2c                __nesf2
 .text          0x00005d78       0x80 c:/program files (x86)/atmel/studio/7.0/toolchain/arm/arm-gnu-toolchain/bin/../lib/gcc/arm-none-eabi/6.3.1/thumb/v6-m\libgcc.a(gesf2.o)
                0x00005d78                __gesf2
                0x00005d78                __gtsf2
 .text          0x00005df8       0x84 c:/program files (x86)/atmel/studio/7.0/toolchain/arm/arm-gnu-toolchain/bin/../lib/gcc/arm-none-eabi/6.3.1/thumb/v6-m\libgcc.a(lesf2.o)
                0x00005df8                __ltsf2
                0x00005df8                __lesf2
 .text          0x00005e7c      0x240 c:/program files (x86)/atmel/studio/7.0/toolchain/arm/arm-gnu-toolchain/bin/../lib/gcc/arm-none-eabi/6.3.1/thumb/v6-m\libgcc.a(mulsf3.o)
                0x00005e7c                __aeabi_fmul
 .text          0x000060bc      0x338 c:/program files (x86)/atmel/studio/7.0/toolchain/arm/arm-gnu-toolchain/bin/../lib/gcc/arm-none-eabi/6.3.1/thumb/v6-m\libgcc.a(subsf3.o)
                0x000060bc                __aeabi_fsub
 .text          0x000063f4       0xa0 c:/program files (x86)/atmel/studio/7.0/toolchain/arm/arm-gnu-toolchain/bin/../lib/gcc/arm-none-eabi/6.3.1/thumb/v6-m\libgcc.a(floatsisf.o)
                0x000063f4                __aeabi_i2f
 .text          0x00006494      0x620 c:/program files (x86)/atmel/studio/7.0/toolchain/arm/arm-gnu-toolchain/bin/../lib/gcc/arm-none-eabi/6.3.1/thumb/v6-m\libgcc.a(adddf3.o)
                0x00006494                __aeabi_dadd
 .text          0x00006ab4      0x668 c:/program files (x86)/atmel/studio/7.0/toolchain/arm/arm-gnu-toolchain/bin/../lib/gcc/arm-none-eabi/6.3.1/thumb/v6-m\libgcc.a(divdf3.o)
                0x00006ab4                __aeabi_ddiv
 .text          0x0000711c       0x74 c:/program files (x86)/atmel/studio/7.0/toolchain/arm/arm-gnu-toolchain/bin/../lib/gcc/arm-none-eabi/6.3.1/thumb/v6-m\libgcc.a(eqdf2.o)
                0x0000711c                __nedf2
                0x0000711c                __eqdf2
 .text          0x00007190       0xc8 c:/program files (x86)/atmel/studio/7.0/toolchain/arm/arm-gnu-toolchain/bin/../lib/gcc/arm-none-eabi/6.3.1/thumb/v6-m\libgcc.a(gedf2.o)
                0x00007190                __gedf2
                0x00007190                __gtdf2
 .text          0x00007258       0xc4 c:/program files (x86)/atmel/studio/7.0/toolchain/arm/arm-gnu-toolchain/bin/../lib/gcc/arm-none-eabi/6.3.1/thumb/v6-m\libgcc.a(ledf2.o)
                0x00007258                __ledf2
                0x00007258                __ltdf2
 .text          0x0000731c      0x500 c:/program files (x86)/atmel/studio/7.0/toolchain/arm/arm-gnu-toolchain/bin/../lib/gcc/arm-none-eabi/6.3.1/thumb/v6-m\libgcc.a(muldf3.o)
                0x0000731c                __aeabi_dmul
 .text          0x0000781c      0x62c c:/program files (x86)/atmel/studio/7.0/toolchain/arm/arm-gnu-toolchain/bin/../lib/gcc/arm-none-eabi/6.3.1/thumb/v6-m\libgcc.a(subdf3.o)
                0x0000781c                __aeabi_dsub
 .text          0x00007e48       0x40 c:/program files (x86)/atmel/studio/7.0/toolchain/arm/arm-gnu-toolchain/bin/../lib/gcc/arm-none-eabi/6.3.1/thumb/v6-m\libgcc.a(unorddf2.o)
                0x00007e48                __aeabi_dcmpun
 .text          0x00007e88       0x68 c:/program files (x86)/atmel/studio/7.0/toolchain/arm/arm-gnu-toolchain/bin/../lib/gcc/arm-none-eabi/6.3.1/thumb/v6-m\libgcc.a(fixdfsi.o)
                0x00007e88                __aeabi_d2iz
 .text          0x00007ef0       0x84 c:/program files (x86)/atmel/studio/7.0/toolchain/arm/arm-gnu-toolchain/bin/../lib/gcc/arm-none-eabi/6.3.1/thumb/v6-m\libgcc.a(floatsidf.o)
                0x00007ef0                __aeabi_i2d
 .text          0x00007f74       0x70 c:/program files (x86)/atmel/studio/7.0/toolchain/arm/arm-gnu-toolchain/bin/../lib/gcc/arm-none-eabi/6.3.1/thumb/v6-m\libgcc.a(floatunsidf.o)
                0x00007f74                __aeabi_ui2d
 .text          0x00007fe4       0xa4 c:/program files (x86)/atmel/studio/7.0/toolchain/arm/arm-gnu-toolchain/bin/../lib/gcc/arm-none-eabi/6.3.1/thumb/v6-m\libgcc.a(extendsfdf2.o)
                0x00007fe4                __aeabi_f2d
 .text          0x00008088       0x3c c:/program files (x86)/atmel/studio/7.0/toolchain/arm/arm-gnu-toolchain/bin/../lib/gcc/arm-none-eabi/6.3.1/thumb/v6-m\libgcc.a(_clzsi2.o)
                0x00008088                __clzsi2
 .text          0x000080c4       0x18 c:/program files (x86)/atmel/studio/7.0/toolchain/arm/arm-gnu-toolchain/bin/../lib/gcc/arm-none-eabi/6.3.1/thumb/v6-m\libgcc.a(_clzdi2.o)
                0x000080c4                __clzdi2
 .text          0x000080dc       0x40 c:/program files (x86)/atmel/studio/7.0/toolchain/arm/arm-gnu-toolchain/bin/../lib/gcc/arm-none-eabi/6.3.1/thumb/v6-m\libgcc.a(_ctzsi2.o)
                0x000080dc                __ctzsi2
 .text.__cxa_atexit
                0x0000811c       0x10 c:/program files (x86)/atmel/studio/7.0/toolchain/arm/arm-gnu-toolchain/bin/../lib/gcc/arm-none-eabi/6.3.1/../../../../arm-none-eabi/lib/thumb/v6-m\libc.a(lib_a-cxa_atexit.o)
                0x0000811c                __cxa_atexit
 .text.__errno  0x0000812c        0xc c:/program files (x86)/atmel/studio/7.0/toolchain/arm/arm-gnu-toolchain/bin/../lib/gcc/arm-none-eabi/6.3.1/../../../../arm-none-eabi/lib/thumb/v6-m\libc.a(lib_a-errno.o)
                0x0000812c                __errno
 .text.__libc_init_array
                0x00008138       0x48 c:/program files (x86)/atmel/studio/7.0/toolchain/arm/arm-gnu-toolchain/bin/../lib/gcc/arm-none-eabi/6.3.1/../../../../arm-none-eabi/lib/thumb/v6-m\libc.a(lib_a-init.o)
                0x00008138                __libc_init_array
 .text.memcpy   0x00008180       0x84 c:/program files (x86)/atmel/studio/7.0/toolchain/arm/arm-gnu-toolchain/bin/../lib/gcc/arm-none-eabi/6.3.1/../../../../arm-none-eabi/lib/thumb/v6-m\libc.a(lib_a-memcpy-stub.o)
                0x00008180                memcpy
 .text.memset   0x00008204       0x94 c:/program files (x86)/atmel/studio/7.0/toolchain/arm/arm-gnu-toolchain/bin/../lib/gcc/arm-none-eabi/6.3.1/../../../../arm-none-eabi/lib/thumb/v6-m\libc.a(lib_a-memset.o)
                0x00008204                memset
 .text.printf   0x00008298       0x24 c:/program files (x86)/atmel/studio/7.0/toolchain/arm/arm-gnu-toolchain/bin/../lib/gcc/arm-none-eabi/6.3.1/../../../../arm-none-eabi/lib/thumb/v6-m\libc.a(lib_a-printf.o)
                0x00008298                printf
 .text._puts_r  0x000082bc       0xa0 c:/program files (x86)/atmel/studio/7.0/toolchain/arm/arm-gnu-toolchain/bin/../lib/gcc/arm-none-eabi/6.3.1/../../../../arm-none-eabi/lib/thumb/v6-m\libc.a(lib_a-puts.o)
                0x000082bc                _puts_r
 .text.puts     0x0000835c       0x14 c:/program files (x86)/atmel/studio/7.0/toolchain/arm/arm-gnu-toolchain/bin/../lib/gcc/arm-none-eabi/6.3.1/../../../../arm-none-eabi/lib/thumb/v6-m\libc.a(lib_a-puts.o)
                0x0000835c                puts
 .text.strlen   0x00008370       0x64 c:/program files (x86)/atmel/studio/7.0/toolchain/arm/arm-gnu-toolchain/bin/../lib/gcc/arm-none-eabi/6.3.1/../../../../arm-none-eabi/lib/thumb/v6-m\libc.a(lib_a-strlen-stub.o)
                0x00008370                strlen
 .text._vfprintf_r
                0x000083d4     0x16d8 c:/program files (x86)/atmel/studio/7.0/toolchain/arm/arm-gnu-toolchain/bin/../lib/gcc/arm-none-eabi/6.3.1/../../../../arm-none-eabi/lib/thumb/v6-m\libc.a(lib_a-vfprintf.o)
                0x000083d4                _vfprintf_r
 .text.__sbprintf
                0x00009aac       0x88 c:/program files (x86)/atmel/studio/7.0/toolchain/arm/arm-gnu-toolchain/bin/../lib/gcc/arm-none-eabi/6.3.1/../../../../arm-none-eabi/lib/thumb/v6-m\libc.a(lib_a-vfprintf.o)
 .text.__swsetup_r
                0x00009b34       0xd4 c:/program files (x86)/atmel/studio/7.0/toolchain/arm/arm-gnu-toolchain/bin/../lib/gcc/arm-none-eabi/6.3.1/../../../../arm-none-eabi/lib/thumb/v6-m\libc.a(lib_a-wsetup.o)
                0x00009b34                __swsetup_r
 .text.__register_exitproc
                0x00009c08       0xf4 c:/program files (x86)/atmel/studio/7.0/toolchain/arm/arm-gnu-toolchain/bin/../lib/gcc/arm-none-eabi/6.3.1/../../../../arm-none-eabi/lib/thumb/v6-m\libc.a(lib_a-__atexit.o)
                0x00009c08                __register_exitproc
 .text.startup.register_fini
                0x00009cfc       0x18 c:/program files (x86)/atmel/studio/7.0/toolchain/arm/arm-gnu-toolchain/bin/../lib/gcc/arm-none-eabi/6.3.1/../../../../arm-none-eabi/lib/thumb/v6-m\libc.a(lib_a-__call_atexit.o)
 .text.atexit   0x00009d14       0x10 c:/program files (x86)/atmel/studio/7.0/toolchain/arm/arm-gnu-toolchain/bin/../lib/gcc/arm-none-eabi/6.3.1/../../../../arm-none-eabi/lib/thumb/v6-m\libc.a(lib_a-atexit.o)
                0x00009d14                atexit
 .text.quorem   0x00009d24      0x154 c:/program files (x86)/atmel/studio/7.0/toolchain/arm/arm-gnu-toolchain/bin/../lib/gcc/arm-none-eabi/6.3.1/../../../../arm-none-eabi/lib/thumb/v6-m\libc.a(lib_a-dtoa.o)
 .text._dtoa_r  0x00009e78      0xf88 c:/program files (x86)/atmel/studio/7.0/toolchain/arm/arm-gnu-toolchain/bin/../lib/gcc/arm-none-eabi/6.3.1/../../../../arm-none-eabi/lib/thumb/v6-m\libc.a(lib_a-dtoa.o)
                0x00009e78                _dtoa_r
 .text.__sflush_r
                0x0000ae00      0x150 c:/program files (x86)/atmel/studio/7.0/toolchain/arm/arm-gnu-toolchain/bin/../lib/gcc/arm-none-eabi/6.3.1/../../../../arm-none-eabi/lib/thumb/v6-m\libc.a(lib_a-fflush.o)
                0x0000ae00                __sflush_r
 .text._fflush_r
                0x0000af50       0x54 c:/program files (x86)/atmel/studio/7.0/toolchain/arm/arm-gnu-toolchain/bin/../lib/gcc/arm-none-eabi/6.3.1/../../../../arm-none-eabi/lib/thumb/v6-m\libc.a(lib_a-fflush.o)
                0x0000af50                _fflush_r
 .text._cleanup_r
                0x0000afa4       0x10 c:/program files (x86)/atmel/studio/7.0/toolchain/arm/arm-gnu-toolchain/bin/../lib/gcc/arm-none-eabi/6.3.1/../../../../arm-none-eabi/lib/thumb/v6-m\libc.a(lib_a-findfp.o)
                0x0000afa4                _cleanup_r
 .text.std.isra.0
                0x0000afb4       0x50 c:/program files (x86)/atmel/studio/7.0/toolchain/arm/arm-gnu-toolchain/bin/../lib/gcc/arm-none-eabi/6.3.1/../../../../arm-none-eabi/lib/thumb/v6-m\libc.a(lib_a-findfp.o)
 .text.__sinit  0x0000b004       0x60 c:/program files (x86)/atmel/studio/7.0/toolchain/arm/arm-gnu-toolchain/bin/../lib/gcc/arm-none-eabi/6.3.1/../../../../arm-none-eabi/lib/thumb/v6-m\libc.a(lib_a-findfp.o)
                0x0000b004                __sinit
 .text.__sfp_lock_acquire
                0x0000b064       0x10 c:/program files (x86)/atmel/studio/7.0/toolchain/arm/arm-gnu-toolchain/bin/../lib/gcc/arm-none-eabi/6.3.1/../../../../arm-none-eabi/lib/thumb/v6-m\libc.a(lib_a-findfp.o)
                0x0000b064                __sfp_lock_acquire
 .text.__sfp_lock_release
                0x0000b074       0x10 c:/program files (x86)/atmel/studio/7.0/toolchain/arm/arm-gnu-toolchain/bin/../lib/gcc/arm-none-eabi/6.3.1/../../../../arm-none-eabi/lib/thumb/v6-m\libc.a(lib_a-findfp.o)
                0x0000b074                __sfp_lock_release
 .text.__libc_fini_array
                0x0000b084       0x34 c:/program files (x86)/atmel/studio/7.0/toolchain/arm/arm-gnu-toolchain/bin/../lib/gcc/arm-none-eabi/6.3.1/../../../../arm-none-eabi/lib/thumb/v6-m\libc.a(lib_a-fini.o)
                0x0000b084                __libc_fini_array
 .text._malloc_trim_r
                0x0000b0b8       0xa0 c:/program files (x86)/atmel/studio/7.0/toolchain/arm/arm-gnu-toolchain/bin/../lib/gcc/arm-none-eabi/6.3.1/../../../../arm-none-eabi/lib/thumb/v6-m\libc.a(lib_a-freer.o)
                0x0000b0b8                _malloc_trim_r
 .text._free_r  0x0000b158      0x1bc c:/program files (x86)/atmel/studio/7.0/toolchain/arm/arm-gnu-toolchain/bin/../lib/gcc/arm-none-eabi/6.3.1/../../../../arm-none-eabi/lib/thumb/v6-m\libc.a(lib_a-freer.o)
                0x0000b158                _free_r
 .text.__sfvwrite_r
                0x0000b314      0x304 c:/program files (x86)/atmel/studio/7.0/toolchain/arm/arm-gnu-toolchain/bin/../lib/gcc/arm-none-eabi/6.3.1/../../../../arm-none-eabi/lib/thumb/v6-m\libc.a(lib_a-fvwrite.o)
                0x0000b314                __sfvwrite_r
 .text._fwalk_reent
                0x0000b618       0x4c c:/program files (x86)/atmel/studio/7.0/toolchain/arm/arm-gnu-toolchain/bin/../lib/gcc/arm-none-eabi/6.3.1/../../../../arm-none-eabi/lib/thumb/v6-m\libc.a(lib_a-fwalk.o)
                0x0000b618                _fwalk_reent
 .text._localeconv_r
                0x0000b664       0x1c c:/program files (x86)/atmel/studio/7.0/toolchain/arm/arm-gnu-toolchain/bin/../lib/gcc/arm-none-eabi/6.3.1/../../../../arm-none-eabi/lib/thumb/v6-m\libc.a(lib_a-localeconv.o)
                0x0000b664                _localeconv_r
 .text.__retarget_lock_init_recursive
                0x0000b680        0x4 c:/program files (x86)/atmel/studio/7.0/toolchain/arm/arm-gnu-toolchain/bin/../lib/gcc/arm-none-eabi/6.3.1/../../../../arm-none-eabi/lib/thumb/v6-m\libc.a(lib_a-lock.o)
                0x0000b680                __retarget_lock_init_recursive
 .text.__retarget_lock_close_recursive
                0x0000b684        0x4 c:/program files (x86)/atmel/studio/7.0/toolchain/arm/arm-gnu-toolchain/bin/../lib/gcc/arm-none-eabi/6.3.1/../../../../arm-none-eabi/lib/thumb/v6-m\libc.a(lib_a-lock.o)
                0x0000b684                __retarget_lock_close_recursive
 .text.__retarget_lock_acquire_recursive
                0x0000b688        0x4 c:/program files (x86)/atmel/studio/7.0/toolchain/arm/arm-gnu-toolchain/bin/../lib/gcc/arm-none-eabi/6.3.1/../../../../arm-none-eabi/lib/thumb/v6-m\libc.a(lib_a-lock.o)
                0x0000b688                __retarget_lock_acquire_recursive
 .text.__retarget_lock_release_recursive
                0x0000b68c        0x4 c:/program files (x86)/atmel/studio/7.0/toolchain/arm/arm-gnu-toolchain/bin/../lib/gcc/arm-none-eabi/6.3.1/../../../../arm-none-eabi/lib/thumb/v6-m\libc.a(lib_a-lock.o)
                0x0000b68c                __retarget_lock_release_recursive
 .text.__swhatbuf_r
                0x0000b690       0x60 c:/program files (x86)/atmel/studio/7.0/toolchain/arm/arm-gnu-toolchain/bin/../lib/gcc/arm-none-eabi/6.3.1/../../../../arm-none-eabi/lib/thumb/v6-m\libc.a(lib_a-makebuf.o)
                0x0000b690                __swhatbuf_r
 .text.__smakebuf_r
                0x0000b6f0       0x90 c:/program files (x86)/atmel/studio/7.0/toolchain/arm/arm-gnu-toolchain/bin/../lib/gcc/arm-none-eabi/6.3.1/../../../../arm-none-eabi/lib/thumb/v6-m\libc.a(lib_a-makebuf.o)
                0x0000b6f0                __smakebuf_r
 .text._malloc_r
                0x0000b780      0x568 c:/program files (x86)/atmel/studio/7.0/toolchain/arm/arm-gnu-toolchain/bin/../lib/gcc/arm-none-eabi/6.3.1/../../../../arm-none-eabi/lib/thumb/v6-m\libc.a(lib_a-mallocr.o)
                0x0000b780                _malloc_r
 .text.memchr   0x0000bce8       0x80 c:/program files (x86)/atmel/studio/7.0/toolchain/arm/arm-gnu-toolchain/bin/../lib/gcc/arm-none-eabi/6.3.1/../../../../arm-none-eabi/lib/thumb/v6-m\libc.a(lib_a-memchr-stub.o)
                0x0000bce8                memchr
 .text.memmove  0x0000bd68       0xa0 c:/program files (x86)/atmel/studio/7.0/toolchain/arm/arm-gnu-toolchain/bin/../lib/gcc/arm-none-eabi/6.3.1/../../../../arm-none-eabi/lib/thumb/v6-m\libc.a(lib_a-memmove.o)
                0x0000bd68                memmove
 .text.__malloc_lock
                0x0000be08       0x10 c:/program files (x86)/atmel/studio/7.0/toolchain/arm/arm-gnu-toolchain/bin/../lib/gcc/arm-none-eabi/6.3.1/../../../../arm-none-eabi/lib/thumb/v6-m\libc.a(lib_a-mlock.o)
                0x0000be08                __malloc_lock
 .text.__malloc_unlock
                0x0000be18       0x10 c:/program files (x86)/atmel/studio/7.0/toolchain/arm/arm-gnu-toolchain/bin/../lib/gcc/arm-none-eabi/6.3.1/../../../../arm-none-eabi/lib/thumb/v6-m\libc.a(lib_a-mlock.o)
                0x0000be18                __malloc_unlock
 .text._Balloc  0x0000be28       0x50 c:/program files (x86)/atmel/studio/7.0/toolchain/arm/arm-gnu-toolchain/bin/../lib/gcc/arm-none-eabi/6.3.1/../../../../arm-none-eabi/lib/thumb/v6-m\libc.a(lib_a-mprec.o)
                0x0000be28                _Balloc
 .text._Bfree   0x0000be78       0x14 c:/program files (x86)/atmel/studio/7.0/toolchain/arm/arm-gnu-toolchain/bin/../lib/gcc/arm-none-eabi/6.3.1/../../../../arm-none-eabi/lib/thumb/v6-m\libc.a(lib_a-mprec.o)
                0x0000be78                _Bfree
 .text.__multadd
                0x0000be8c       0x8c c:/program files (x86)/atmel/studio/7.0/toolchain/arm/arm-gnu-toolchain/bin/../lib/gcc/arm-none-eabi/6.3.1/../../../../arm-none-eabi/lib/thumb/v6-m\libc.a(lib_a-mprec.o)
                0x0000be8c                __multadd
 .text.__hi0bits
                0x0000bf18       0x34 c:/program files (x86)/atmel/studio/7.0/toolchain/arm/arm-gnu-toolchain/bin/../lib/gcc/arm-none-eabi/6.3.1/../../../../arm-none-eabi/lib/thumb/v6-m\libc.a(lib_a-mprec.o)
                0x0000bf18                __hi0bits
 .text.__lo0bits
                0x0000bf4c       0x5c c:/program files (x86)/atmel/studio/7.0/toolchain/arm/arm-gnu-toolchain/bin/../lib/gcc/arm-none-eabi/6.3.1/../../../../arm-none-eabi/lib/thumb/v6-m\libc.a(lib_a-mprec.o)
                0x0000bf4c                __lo0bits
 .text.__i2b    0x0000bfa8       0x14 c:/program files (x86)/atmel/studio/7.0/toolchain/arm/arm-gnu-toolchain/bin/../lib/gcc/arm-none-eabi/6.3.1/../../../../arm-none-eabi/lib/thumb/v6-m\libc.a(lib_a-mprec.o)
                0x0000bfa8                __i2b
 .text.__multiply
                0x0000bfbc      0x154 c:/program files (x86)/atmel/studio/7.0/toolchain/arm/arm-gnu-toolchain/bin/../lib/gcc/arm-none-eabi/6.3.1/../../../../arm-none-eabi/lib/thumb/v6-m\libc.a(lib_a-mprec.o)
                0x0000bfbc                __multiply
 .text.__pow5mult
                0x0000c110       0xc0 c:/program files (x86)/atmel/studio/7.0/toolchain/arm/arm-gnu-toolchain/bin/../lib/gcc/arm-none-eabi/6.3.1/../../../../arm-none-eabi/lib/thumb/v6-m\libc.a(lib_a-mprec.o)
                0x0000c110                __pow5mult
 .text.__lshift
                0x0000c1d0       0xc0 c:/program files (x86)/atmel/studio/7.0/toolchain/arm/arm-gnu-toolchain/bin/../lib/gcc/arm-none-eabi/6.3.1/../../../../arm-none-eabi/lib/thumb/v6-m\libc.a(lib_a-mprec.o)
                0x0000c1d0                __lshift
 .text.__mcmp   0x0000c290       0x34 c:/program files (x86)/atmel/studio/7.0/toolchain/arm/arm-gnu-toolchain/bin/../lib/gcc/arm-none-eabi/6.3.1/../../../../arm-none-eabi/lib/thumb/v6-m\libc.a(lib_a-mprec.o)
                0x0000c290                __mcmp
 .text.__mdiff  0x0000c2c4      0x138 c:/program files (x86)/atmel/studio/7.0/toolchain/arm/arm-gnu-toolchain/bin/../lib/gcc/arm-none-eabi/6.3.1/../../../../arm-none-eabi/lib/thumb/v6-m\libc.a(lib_a-mprec.o)
                0x0000c2c4                __mdiff
 .text.__d2b    0x0000c3fc       0xbc c:/program files (x86)/atmel/studio/7.0/toolchain/arm/arm-gnu-toolchain/bin/../lib/gcc/arm-none-eabi/6.3.1/../../../../arm-none-eabi/lib/thumb/v6-m\libc.a(lib_a-mprec.o)
                0x0000c3fc                __d2b
 .text._realloc_r
                0x0000c4b8      0x37c c:/program files (x86)/atmel/studio/7.0/toolchain/arm/arm-gnu-toolchain/bin/../lib/gcc/arm-none-eabi/6.3.1/../../../../arm-none-eabi/lib/thumb/v6-m\libc.a(lib_a-reallocr.o)
                0x0000c4b8                _realloc_r
 .text._sbrk_r  0x0000c834       0x24 c:/program files (x86)/atmel/studio/7.0/toolchain/arm/arm-gnu-toolchain/bin/../lib/gcc/arm-none-eabi/6.3.1/../../../../arm-none-eabi/lib/thumb/v6-m\libc.a(lib_a-sbrkr.o)
                0x0000c834                _sbrk_r
 .text.__sread  0x0000c858       0x28 c:/program files (x86)/atmel/studio/7.0/toolchain/arm/arm-gnu-toolchain/bin/../lib/gcc/arm-none-eabi/6.3.1/../../../../arm-none-eabi/lib/thumb/v6-m\libc.a(lib_a-stdio.o)
                0x0000c858                __sread
 .text.__swrite
                0x0000c880       0x3c c:/program files (x86)/atmel/studio/7.0/toolchain/arm/arm-gnu-toolchain/bin/../lib/gcc/arm-none-eabi/6.3.1/../../../../arm-none-eabi/lib/thumb/v6-m\libc.a(lib_a-stdio.o)
                0x0000c880                __swrite
 .text.__sseek  0x0000c8bc       0x2c c:/program files (x86)/atmel/studio/7.0/toolchain/arm/arm-gnu-toolchain/bin/../lib/gcc/arm-none-eabi/6.3.1/../../../../arm-none-eabi/lib/thumb/v6-m\libc.a(lib_a-stdio.o)
                0x0000c8bc                __sseek
 .text.__sclose
                0x0000c8e8        0xc c:/program files (x86)/atmel/studio/7.0/toolchain/arm/arm-gnu-toolchain/bin/../lib/gcc/arm-none-eabi/6.3.1/../../../../arm-none-eabi/lib/thumb/v6-m\libc.a(lib_a-stdio.o)
                0x0000c8e8                __sclose
 .text.__sprint_r.part.0
                0x0000c8f4       0x84 c:/program files (x86)/atmel/studio/7.0/toolchain/arm/arm-gnu-toolchain/bin/../lib/gcc/arm-none-eabi/6.3.1/../../../../arm-none-eabi/lib/thumb/v6-m\libc.a(lib_a-vfiprintf.o)
 .text.__sprint_r
                0x0000c978       0x14 c:/program files (x86)/atmel/studio/7.0/toolchain/arm/arm-gnu-toolchain/bin/../lib/gcc/arm-none-eabi/6.3.1/../../../../arm-none-eabi/lib/thumb/v6-m\libc.a(lib_a-vfiprintf.o)
                0x0000c978                __sprint_r
 .text._write_r
                0x0000c98c       0x28 c:/program files (x86)/atmel/studio/7.0/toolchain/arm/arm-gnu-toolchain/bin/../lib/gcc/arm-none-eabi/6.3.1/../../../../arm-none-eabi/lib/thumb/v6-m\libc.a(lib_a-writer.o)
                0x0000c98c                _write_r
 .text._calloc_r
                0x0000c9b4       0x58 c:/program files (x86)/atmel/studio/7.0/toolchain/arm/arm-gnu-toolchain/bin/../lib/gcc/arm-none-eabi/6.3.1/../../../../arm-none-eabi/lib/thumb/v6-m\libc.a(lib_a-callocr.o)
                0x0000c9b4                _calloc_r
 .text._close_r
                0x0000ca0c       0x24 c:/program files (x86)/atmel/studio/7.0/toolchain/arm/arm-gnu-toolchain/bin/../lib/gcc/arm-none-eabi/6.3.1/../../../../arm-none-eabi/lib/thumb/v6-m\libc.a(lib_a-closer.o)
                0x0000ca0c                _close_r
 .text._fclose_r
                0x0000ca30       0xcc c:/program files (x86)/atmel/studio/7.0/toolchain/arm/arm-gnu-toolchain/bin/../lib/gcc/arm-none-eabi/6.3.1/../../../../arm-none-eabi/lib/thumb/v6-m\libc.a(lib_a-fclose.o)
                0x0000ca30                _fclose_r
 .text.__fputwc
                0x0000cafc       0x98 c:/program files (x86)/atmel/studio/7.0/toolchain/arm/arm-gnu-toolchain/bin/../lib/gcc/arm-none-eabi/6.3.1/../../../../arm-none-eabi/lib/thumb/v6-m\libc.a(lib_a-fputwc.o)
                0x0000cafc                __fputwc
 .text._fputwc_r
                0x0000cb94       0x5c c:/program files (x86)/atmel/studio/7.0/toolchain/arm/arm-gnu-toolchain/bin/../lib/gcc/arm-none-eabi/6.3.1/../../../../arm-none-eabi/lib/thumb/v6-m\libc.a(lib_a-fputwc.o)
                0x0000cb94                _fputwc_r
 .text._fstat_r
                0x0000cbf0       0x28 c:/program files (x86)/atmel/studio/7.0/toolchain/arm/arm-gnu-toolchain/bin/../lib/gcc/arm-none-eabi/6.3.1/../../../../arm-none-eabi/lib/thumb/v6-m\libc.a(lib_a-fstatr.o)
                0x0000cbf0                _fstat_r
 .text._isatty_r
                0x0000cc18       0x24 c:/program files (x86)/atmel/studio/7.0/toolchain/arm/arm-gnu-toolchain/bin/../lib/gcc/arm-none-eabi/6.3.1/../../../../arm-none-eabi/lib/thumb/v6-m\libc.a(lib_a-isattyr.o)
                0x0000cc18                _isatty_r
 .text.__locale_mb_cur_max
                0x0000cc3c       0x20 c:/program files (x86)/atmel/studio/7.0/toolchain/arm/arm-gnu-toolchain/bin/../lib/gcc/arm-none-eabi/6.3.1/../../../../arm-none-eabi/lib/thumb/v6-m\libc.a(lib_a-locale.o)
                0x0000cc3c                __locale_mb_cur_max
 .text._lseek_r
                0x0000cc5c       0x28 c:/program files (x86)/atmel/studio/7.0/toolchain/arm/arm-gnu-toolchain/bin/../lib/gcc/arm-none-eabi/6.3.1/../../../../arm-none-eabi/lib/thumb/v6-m\libc.a(lib_a-lseekr.o)
                0x0000cc5c                _lseek_r
 .text.__ascii_mbtowc
                0x0000cc84       0x2c c:/program files (x86)/atmel/studio/7.0/toolchain/arm/arm-gnu-toolchain/bin/../lib/gcc/arm-none-eabi/6.3.1/../../../../arm-none-eabi/lib/thumb/v6-m\libc.a(lib_a-mbtowc_r.o)
                0x0000cc84                __ascii_mbtowc
 .text._read_r  0x0000ccb0       0x28 c:/program files (x86)/atmel/studio/7.0/toolchain/arm/arm-gnu-toolchain/bin/../lib/gcc/arm-none-eabi/6.3.1/../../../../arm-none-eabi/lib/thumb/v6-m\libc.a(lib_a-readr.o)
                0x0000ccb0                _read_r
 .text.__swbuf_r
                0x0000ccd8       0xbc c:/program files (x86)/atmel/studio/7.0/toolchain/arm/arm-gnu-toolchain/bin/../lib/gcc/arm-none-eabi/6.3.1/../../../../arm-none-eabi/lib/thumb/v6-m\libc.a(lib_a-wbuf.o)
                0x0000ccd8                __swbuf_r
 .text._wcrtomb_r
                0x0000cd94       0x54 c:/program files (x86)/atmel/studio/7.0/toolchain/arm/arm-gnu-toolchain/bin/../lib/gcc/arm-none-eabi/6.3.1/../../../../arm-none-eabi/lib/thumb/v6-m\libc.a(lib_a-wcrtomb.o)
                0x0000cd94                _wcrtomb_r
 .text.__ascii_wctomb
                0x0000cde8       0x1c c:/program files (x86)/atmel/studio/7.0/toolchain/arm/arm-gnu-toolchain/bin/../lib/gcc/arm-none-eabi/6.3.1/../../../../arm-none-eabi/lib/thumb/v6-m\libc.a(lib_a-wctomb_r.o)
                0x0000cde8                __ascii_wctomb
 .text._close   0x0000ce04       0x10 c:/program files (x86)/atmel/studio/7.0/toolchain/arm/arm-gnu-toolchain/bin/../lib/gcc/arm-none-eabi/6.3.1/../../../../arm-none-eabi/lib/thumb/v6-m\libnosys.a(close.o)
                0x0000ce04                _close
 .text._fstat   0x0000ce14       0x10 c:/program files (x86)/atmel/studio/7.0/toolchain/arm/arm-gnu-toolchain/bin/../lib/gcc/arm-none-eabi/6.3.1/../../../../arm-none-eabi/lib/thumb/v6-m\libnosys.a(fstat.o)
                0x0000ce14                _fstat
 .text._isatty  0x0000ce24       0x10 c:/program files (x86)/atmel/studio/7.0/toolchain/arm/arm-gnu-toolchain/bin/../lib/gcc/arm-none-eabi/6.3.1/../../../../arm-none-eabi/lib/thumb/v6-m\libnosys.a(isatty.o)
                0x0000ce24                _isatty
 .text._lseek   0x0000ce34       0x10 c:/program files (x86)/atmel/studio/7.0/toolchain/arm/arm-gnu-toolchain/bin/../lib/gcc/arm-none-eabi/6.3.1/../../../../arm-none-eabi/lib/thumb/v6-m\libnosys.a(lseek.o)
                0x0000ce34                _lseek
 .text._read    0x0000ce44       0x10 c:/program files (x86)/atmel/studio/7.0/toolchain/arm/arm-gnu-toolchain/bin/../lib/gcc/arm-none-eabi/6.3.1/../../../../arm-none-eabi/lib/thumb/v6-m\libnosys.a(read.o)
                0x0000ce44                _read
 .text._sbrk    0x0000ce54       0x1c c:/program files (x86)/atmel/studio/7.0/toolchain/arm/arm-gnu-toolchain/bin/../lib/gcc/arm-none-eabi/6.3.1/../../../../arm-none-eabi/lib/thumb/v6-m\libnosys.a(sbrk.o)
                0x0000ce54                _sbrk
 .text._write   0x0000ce70       0x10 c:/program files (x86)/atmel/studio/7.0/toolchain/arm/arm-gnu-toolchain/bin/../lib/gcc/arm-none-eabi/6.3.1/../../../../arm-none-eabi/lib/thumb/v6-m\libnosys.a(write.o)
                0x0000ce70                _write
 *(.glue_7t)
 .glue_7t       0x0000ce80        0x0 linker stubs
 *(.glue_7)
 .glue_7        0x0000ce80        0x0 linker stubs
 *(.rodata .rodata* .gnu.linkonce.r.*)
 .rodata        0x0000ce80       0xac ADF5610Driver.o
 .rodata.str1.4
                0x0000cf2c       0x9f ADF5610Driver.o
 *fill*         0x0000cfcb        0x1 
 .rodata        0x0000cfcc        0x8 C:\Salukat\Purificador\SoftwareDevelopment\Atmel_Microchip\SAMD21_BSP\SAMD21_BSP\Release\libSAMD21_BSP.a(hpl_eic.o)
 .rodata        0x0000cfd4       0x4b C:\Salukat\Purificador\SoftwareDevelopment\Atmel_Microchip\SAMD21_BSP\SAMD21_BSP\Release\libSAMD21_BSP.a(hpl_sercom.o)
 *fill*         0x0000d01f        0x1 
 .rodata        0x0000d020       0x28 C:\Salukat\Purificador\SoftwareDevelopment\Atmel_Microchip\SAMD21_BSP\SAMD21_BSP\Release\libSAMD21_BSP.a(hpl_tc.o)
 .rodata        0x0000d048       0x3c C:\Salukat\Purificador\SoftwareDevelopment\Atmel_Microchip\SAMD21_BSP\SAMD21_BSP\Release\libSAMD21_BSP.a(hpl_usb.o)
 .rodata.log.str1.4
                0x0000d084        0x4 c:/program files (x86)/atmel/studio/7.0/toolchain/arm/arm-gnu-toolchain/bin/../lib/gcc/arm-none-eabi/6.3.1/../../../../arm-none-eabi/lib/thumb/v6-m\libm.a(lib_a-w_log.o)
                                  0x5 (size before relaxing)
 .rodata.pow.str1.4
                0x0000d088        0x4 c:/program files (x86)/atmel/studio/7.0/toolchain/arm/arm-gnu-toolchain/bin/../lib/gcc/arm-none-eabi/6.3.1/../../../../arm-none-eabi/lib/thumb/v6-m\libm.a(lib_a-w_pow.o)
 .rodata.__ieee754_pow.str1.4
                0x0000d08c        0x1 c:/program files (x86)/atmel/studio/7.0/toolchain/arm/arm-gnu-toolchain/bin/../lib/gcc/arm-none-eabi/6.3.1/../../../../arm-none-eabi/lib/thumb/v6-m\libm.a(lib_a-e_pow.o)
 *fill*         0x0000d08c        0x4 
 .rodata.TWO52  0x0000d090       0x10 c:/program files (x86)/atmel/studio/7.0/toolchain/arm/arm-gnu-toolchain/bin/../lib/gcc/arm-none-eabi/6.3.1/../../../../arm-none-eabi/lib/thumb/v6-m\libm.a(lib_a-s_rint.o)
 .rodata        0x0000d0a0       0x40 c:/program files (x86)/atmel/studio/7.0/toolchain/arm/arm-gnu-toolchain/bin/../lib/gcc/arm-none-eabi/6.3.1/thumb/v6-m\libgcc.a(mulsf3.o)
 .rodata        0x0000d0e0       0x40 c:/program files (x86)/atmel/studio/7.0/toolchain/arm/arm-gnu-toolchain/bin/../lib/gcc/arm-none-eabi/6.3.1/thumb/v6-m\libgcc.a(divdf3.o)
 .rodata        0x0000d120       0x40 c:/program files (x86)/atmel/studio/7.0/toolchain/arm/arm-gnu-toolchain/bin/../lib/gcc/arm-none-eabi/6.3.1/thumb/v6-m\libgcc.a(muldf3.o)
 .rodata._global_impure_ptr
                0x0000d160        0x4 c:/program files (x86)/atmel/studio/7.0/toolchain/arm/arm-gnu-toolchain/bin/../lib/gcc/arm-none-eabi/6.3.1/../../../../arm-none-eabi/lib/thumb/v6-m\libc.a(lib_a-impure.o)
                0x0000d160                _global_impure_ptr
 .rodata._puts_r.str1.4
                0x0000d164        0x2 c:/program files (x86)/atmel/studio/7.0/toolchain/arm/arm-gnu-toolchain/bin/../lib/gcc/arm-none-eabi/6.3.1/../../../../arm-none-eabi/lib/thumb/v6-m\libc.a(lib_a-puts.o)
 *fill*         0x0000d166        0x2 
 .rodata._vfprintf_r
                0x0000d168      0x164 c:/program files (x86)/atmel/studio/7.0/toolchain/arm/arm-gnu-toolchain/bin/../lib/gcc/arm-none-eabi/6.3.1/../../../../arm-none-eabi/lib/thumb/v6-m\libc.a(lib_a-vfprintf.o)
 .rodata._vfprintf_r.str1.4
                0x0000d2cc       0x42 c:/program files (x86)/atmel/studio/7.0/toolchain/arm/arm-gnu-toolchain/bin/../lib/gcc/arm-none-eabi/6.3.1/../../../../arm-none-eabi/lib/thumb/v6-m\libc.a(lib_a-vfprintf.o)
 *fill*         0x0000d30e        0x2 
 .rodata.blanks.7238
                0x0000d310       0x10 c:/program files (x86)/atmel/studio/7.0/toolchain/arm/arm-gnu-toolchain/bin/../lib/gcc/arm-none-eabi/6.3.1/../../../../arm-none-eabi/lib/thumb/v6-m\libc.a(lib_a-vfprintf.o)
 .rodata.zeroes.7239
                0x0000d320       0x10 c:/program files (x86)/atmel/studio/7.0/toolchain/arm/arm-gnu-toolchain/bin/../lib/gcc/arm-none-eabi/6.3.1/../../../../arm-none-eabi/lib/thumb/v6-m\libc.a(lib_a-vfprintf.o)
 .rodata._dtoa_r.str1.4
                0x0000d330       0x10 c:/program files (x86)/atmel/studio/7.0/toolchain/arm/arm-gnu-toolchain/bin/../lib/gcc/arm-none-eabi/6.3.1/../../../../arm-none-eabi/lib/thumb/v6-m\libc.a(lib_a-dtoa.o)
                                 0x12 (size before relaxing)
 .rodata.__mprec_bigtens
                0x0000d340       0x28 c:/program files (x86)/atmel/studio/7.0/toolchain/arm/arm-gnu-toolchain/bin/../lib/gcc/arm-none-eabi/6.3.1/../../../../arm-none-eabi/lib/thumb/v6-m\libc.a(lib_a-mprec.o)
                0x0000d340                __mprec_bigtens
 .rodata.__mprec_tens
                0x0000d368       0xc8 c:/program files (x86)/atmel/studio/7.0/toolchain/arm/arm-gnu-toolchain/bin/../lib/gcc/arm-none-eabi/6.3.1/../../../../arm-none-eabi/lib/thumb/v6-m\libc.a(lib_a-mprec.o)
                0x0000d368                __mprec_tens
 .rodata.p05.6055
                0x0000d430        0xc c:/program files (x86)/atmel/studio/7.0/toolchain/arm/arm-gnu-toolchain/bin/../lib/gcc/arm-none-eabi/6.3.1/../../../../arm-none-eabi/lib/thumb/v6-m\libc.a(lib_a-mprec.o)
 .rodata._setlocale_r.str1.4
                0x0000d43c        0xa c:/program files (x86)/atmel/studio/7.0/toolchain/arm/arm-gnu-toolchain/bin/../lib/gcc/arm-none-eabi/6.3.1/../../../../arm-none-eabi/lib/thumb/v6-m\libc.a(lib_a-locale.o)
                                  0xd (size before relaxing)
 *fill*         0x0000d446        0x2 
 .rodata.str1.4
                0x0000d448        0x4 c:/program files (x86)/atmel/studio/7.0/toolchain/arm/arm-gnu-toolchain/bin/../lib/gcc/arm-none-eabi/6.3.1/../../../../arm-none-eabi/lib/thumb/v6-m\libc.a(lib_a-locale.o)
                                  0x2 (size before relaxing)
 .rodata._ctype_
                0x0000d44c      0x101 c:/program files (x86)/atmel/studio/7.0/toolchain/arm/arm-gnu-toolchain/bin/../lib/gcc/arm-none-eabi/6.3.1/../../../../arm-none-eabi/lib/thumb/v6-m\libc.a(lib_a-ctype_.o)
                0x0000d44c                _ctype_
 *(.ARM.extab* .gnu.linkonce.armextab.*)
                0x0000d550                . = ALIGN (0x4)
 *fill*         0x0000d54d        0x3 
 *(.init)
 .init          0x0000d550        0x4 c:/program files (x86)/atmel/studio/7.0/toolchain/arm/arm-gnu-toolchain/bin/../lib/gcc/arm-none-eabi/6.3.1/thumb/v6-m/crti.o
                0x0000d550                _init
 .init          0x0000d554        0x8 c:/program files (x86)/atmel/studio/7.0/toolchain/arm/arm-gnu-toolchain/bin/../lib/gcc/arm-none-eabi/6.3.1/thumb/v6-m/crtn.o
                0x0000d55c                . = ALIGN (0x4)
                0x0000d55c                __preinit_array_start = .
 *(.preinit_array)
                0x0000d55c                __preinit_array_end = .
                0x0000d55c                . = ALIGN (0x4)
                0x0000d55c                __init_array_start = .
 *(SORT(.init_array.*))
 .init_array.00000
                0x0000d55c        0x4 c:/program files (x86)/atmel/studio/7.0/toolchain/arm/arm-gnu-toolchain/bin/../lib/gcc/arm-none-eabi/6.3.1/../../../../arm-none-eabi/lib/thumb/v6-m\libc.a(lib_a-__call_atexit.o)
 *(.init_array)
 .init_array    0x0000d560        0x4 c:/program files (x86)/atmel/studio/7.0/toolchain/arm/arm-gnu-toolchain/bin/../lib/gcc/arm-none-eabi/6.3.1/thumb/v6-m/crtbegin.o
 .init_array    0x0000d564        0x4 ADF5610Driver.o
 .init_array    0x0000d568        0x4 main.o
                0x0000d56c                __init_array_end = .
                0x0000d56c                . = ALIGN (0x4)
 *crtbegin.o(.ctors)
 *(EXCLUDE_FILE(*crtend.o) .ctors)
 *(SORT(.ctors.*))
 *crtend.o(.ctors)
                0x0000d56c                . = ALIGN (0x4)
 *(.fini)
 .fini          0x0000d56c        0x4 c:/program files (x86)/atmel/studio/7.0/toolchain/arm/arm-gnu-toolchain/bin/../lib/gcc/arm-none-eabi/6.3.1/thumb/v6-m/crti.o
                0x0000d56c                _fini
 .fini          0x0000d570        0x8 c:/program files (x86)/atmel/studio/7.0/toolchain/arm/arm-gnu-toolchain/bin/../lib/gcc/arm-none-eabi/6.3.1/thumb/v6-m/crtn.o
                0x0000d578                . = ALIGN (0x4)
                0x0000d578                __fini_array_start = .
 *(.fini_array)
 .fini_array    0x0000d578        0x4 c:/program files (x86)/atmel/studio/7.0/toolchain/arm/arm-gnu-toolchain/bin/../lib/gcc/arm-none-eabi/6.3.1/thumb/v6-m/crtbegin.o
 *(SORT(.fini_array.*))
                0x0000d57c                __fini_array_end = .
 *crtbegin.o(.dtors)
 *(EXCLUDE_FILE(*crtend.o) .dtors)
 *(SORT(.dtors.*))
 *crtend.o(.dtors)
                0x0000d57c                . = ALIGN (0x4)
                0x0000d57c                _efixed = .
                [!provide]                PROVIDE (__exidx_start, .)

.vfp11_veneer   0x0000d57c        0x0
 .vfp11_veneer  0x0000d57c        0x0 linker stubs

.v4_bx          0x0000d57c        0x0
 .v4_bx         0x0000d57c        0x0 linker stubs

.iplt           0x0000d57c        0x0
 .iplt          0x0000d57c        0x0 c:/program files (x86)/atmel/studio/7.0/toolchain/arm/arm-gnu-toolchain/bin/../lib/gcc/arm-none-eabi/6.3.1/thumb/v6-m/crtbegin.o

.ARM.exidx      0x0000d57c        0x8
 *(.ARM.exidx* .gnu.linkonce.armexidx.*)
 .ARM.exidx.text.__aeabi_atexit
                0x0000d57c        0x8 c:/program files (x86)/atmel/studio/7.0/toolchain/arm/arm-gnu-toolchain/bin/../lib/gcc/arm-none-eabi/6.3.1/../../../../arm-none-eabi/lib/thumb/v6-m\libstdc++.a(atexit_arm.o)
 .ARM.exidx     0x0000d584        0x0 c:/program files (x86)/atmel/studio/7.0/toolchain/arm/arm-gnu-toolchain/bin/../lib/gcc/arm-none-eabi/6.3.1/thumb/v6-m\libgcc.a(_udivmoddi4.o)
                                  0x8 (size before relaxing)
                [!provide]                PROVIDE (__exidx_end, .)

.eh_frame       0x0000d584        0x0
 .eh_frame      0x0000d584        0x0 c:/program files (x86)/atmel/studio/7.0/toolchain/arm/arm-gnu-toolchain/bin/../lib/gcc/arm-none-eabi/6.3.1/thumb/v6-m/crtbegin.o

.rel.dyn        0x0000d584        0x0
 .rel.iplt      0x0000d584        0x0 c:/program files (x86)/atmel/studio/7.0/toolchain/arm/arm-gnu-toolchain/bin/../lib/gcc/arm-none-eabi/6.3.1/thumb/v6-m/crtbegin.o

.jcr            0x0000d584        0x0
 .jcr           0x0000d584        0x0 c:/program files (x86)/atmel/studio/7.0/toolchain/arm/arm-gnu-toolchain/bin/../lib/gcc/arm-none-eabi/6.3.1/thumb/v6-m/crtbegin.o

.igot.plt       0x0000d584        0x0
 .igot.plt      0x0000d584        0x0 c:/program files (x86)/atmel/studio/7.0/toolchain/arm/arm-gnu-toolchain/bin/../lib/gcc/arm-none-eabi/6.3.1/thumb/v6-m/crtbegin.o
                0x0000d584                . = ALIGN (0x4)
                0x0000d584                _etext = .

.relocate       0x20000000      0xa20 load address 0x0000d584
                0x20000000                . = ALIGN (0x4)
                0x20000000                _srelocate = .
 *(.ramfunc .ramfunc.*)
 *(.data .data.*)
 .data          0x20000000        0x4 c:/program files (x86)/atmel/studio/7.0/toolchain/arm/arm-gnu-toolchain/bin/../lib/gcc/arm-none-eabi/6.3.1/thumb/v6-m/crtbegin.o
                0x20000000                __dso_handle
 .data          0x20000004       0x5d C:\Salukat\Purificador\SoftwareDevelopment\Atmel_Microchip\SAMD21_BSP\SAMD21_BSP\Release\libSAMD21_BSP.a(usb_start.o)
 *fill*         0x20000061        0x3 
 .data          0x20000064        0x8 C:\Salukat\Purificador\SoftwareDevelopment\Atmel_Microchip\SAMD21_BSP\SAMD21_BSP\Release\libSAMD21_BSP.a(cdcdf_acm.o)
 .data.__fdlib_version
                0x2000006c        0x1 c:/program files (x86)/atmel/studio/7.0/toolchain/arm/arm-gnu-toolchain/bin/../lib/gcc/arm-none-eabi/6.3.1/../../../../arm-none-eabi/lib/thumb/v6-m\libm.a(lib_a-s_lib_ver.o)
                0x2000006c                __fdlib_version
 *fill*         0x2000006d        0x3 
 .data._impure_ptr
                0x20000070        0x4 c:/program files (x86)/atmel/studio/7.0/toolchain/arm/arm-gnu-toolchain/bin/../lib/gcc/arm-none-eabi/6.3.1/../../../../arm-none-eabi/lib/thumb/v6-m\libc.a(lib_a-impure.o)
                0x20000070                _impure_ptr
 *fill*         0x20000074        0x4 
 .data.impure_data
                0x20000078      0x428 c:/program files (x86)/atmel/studio/7.0/toolchain/arm/arm-gnu-toolchain/bin/../lib/gcc/arm-none-eabi/6.3.1/../../../../arm-none-eabi/lib/thumb/v6-m\libc.a(lib_a-impure.o)
 .data.__atexit_recursive_mutex
                0x200004a0        0x4 c:/program files (x86)/atmel/studio/7.0/toolchain/arm/arm-gnu-toolchain/bin/../lib/gcc/arm-none-eabi/6.3.1/../../../../arm-none-eabi/lib/thumb/v6-m\libc.a(lib_a-__call_atexit.o)
                0x200004a0                __atexit_recursive_mutex
 .data.__malloc_av_
                0x200004a4      0x408 c:/program files (x86)/atmel/studio/7.0/toolchain/arm/arm-gnu-toolchain/bin/../lib/gcc/arm-none-eabi/6.3.1/../../../../arm-none-eabi/lib/thumb/v6-m\libc.a(lib_a-mallocr.o)
                0x200004a4                __malloc_av_
 .data.__malloc_sbrk_base
                0x200008ac        0x4 c:/program files (x86)/atmel/studio/7.0/toolchain/arm/arm-gnu-toolchain/bin/../lib/gcc/arm-none-eabi/6.3.1/../../../../arm-none-eabi/lib/thumb/v6-m\libc.a(lib_a-mallocr.o)
                0x200008ac                __malloc_sbrk_base
 .data.__malloc_trim_threshold