Archive member included to satisfy reference by file (symbol)

C:\Salukat\Purificador\SoftwareDevelopment\Atmel_Microchip\SAMD21_BSP\SAMD21_BSP\Release\libSAMD21_BSP.a(atmel_start.o)
                              main.o (atmel_start_init)
C:\Salukat\Purificador\SoftwareDevelopment\Atmel_Microchip\SAMD21_BSP\SAMD21_BSP\Release\libSAMD21_BSP.a(driver_init.o)
                              SPI_Syn_Class_ADF.o (SPI_ADF)
C:\Salukat\Purificador\SoftwareDevelopment\Atmel_Microchip\SAMD21_BSP\SAMD21_BSP\Release\libSAMD21_BSP.a(hal_atomic.o)
                              ADF5610Driver.o (atomic_enter_critical)
C:\Salukat\Purificador\SoftwareDevelopment\Atmel_Microchip\SAMD21_BSP\SAMD21_BSP\Release\libSAMD21_BSP.a(hal_dac_sync.o)
                              C:\Salukat\Purificador\SoftwareDevelopment\Atmel_Microchip\SAMD21_BSP\SAMD21_BSP\Release\libSAMD21_BSP.a(driver_init.o) (dac_sync_init)
C:\Salukat\Purificador\SoftwareDevelopment\Atmel_Microchip\SAMD21_BSP\SAMD21_BSP\Release\libSAMD21_BSP.a(hal_delay.o)
                              C:\Salukat\Purificador\SoftwareDevelopment\Atmel_Microchip\SAMD21_BSP\SAMD21_BSP\Release\libSAMD21_BSP.a(driver_init.o) (delay_init)
C:\Salukat\Purificador\SoftwareDevelopment\Atmel_Microchip\SAMD21_BSP\SAMD21_BSP\Release\libSAMD21_BSP.a(hal_ext_irq.o)
                              C:\Salukat\Purificador\SoftwareDevelopment\Atmel_Microchip\SAMD21_BSP\SAMD21_BSP\Release\libSAMD21_BSP.a(driver_init.o) (ext_irq_init)
C:\Salukat\Purificador\SoftwareDevelopment\Atmel_Microchip\SAMD21_BSP\SAMD21_BSP\Release\libSAMD21_BSP.a(hal_io.o)
                              SPI_Syn_Class_ADF.o (io_write)
C:\Salukat\Purificador\SoftwareDevelopment\Atmel_Microchip\SAMD21_BSP\SAMD21_BSP\Release\libSAMD21_BSP.a(hal_spi_m_sync.o)
                              C:\Salukat\Purificador\SoftwareDevelopment\Atmel_Microchip\SAMD21_BSP\SAMD21_BSP\Release\libSAMD21_BSP.a(driver_init.o) (spi_m_sync_init)
C:\Salukat\Purificador\SoftwareDevelopment\Atmel_Microchip\SAMD21_BSP\SAMD21_BSP\Release\libSAMD21_BSP.a(hal_timer.o)
                              C:\Salukat\Purificador\SoftwareDevelopment\Atmel_Microchip\SAMD21_BSP\SAMD21_BSP\Release\libSAMD21_BSP.a(driver_init.o) (timer_init)
C:\Salukat\Purificador\SoftwareDevelopment\Atmel_Microchip\SAMD21_BSP\SAMD21_BSP\Release\libSAMD21_BSP.a(hal_usart_async.o)
                              C:\Salukat\Purificador\SoftwareDevelopment\Atmel_Microchip\SAMD21_BSP\SAMD21_BSP\Release\libSAMD21_BSP.a(driver_init.o) (usart_async_init)
C:\Salukat\Purificador\SoftwareDevelopment\Atmel_Microchip\SAMD21_BSP\SAMD21_BSP\Release\libSAMD21_BSP.a(hal_usb_device.o)
                              C:\Salukat\Purificador\SoftwareDevelopment\Atmel_Microchip\SAMD21_BSP\SAMD21_BSP\Release\libSAMD21_BSP.a(driver_init.o) (usb_d_init)
C:\Salukat\Purificador\SoftwareDevelopment\Atmel_Microchip\SAMD21_BSP\SAMD21_BSP\Release\libSAMD21_BSP.a(utils_list.o)
                              C:\Salukat\Purificador\SoftwareDevelopment\Atmel_Microchip\SAMD21_BSP\SAMD21_BSP\Release\libSAMD21_BSP.a(hal_timer.o) (is_list_element)
C:\Salukat\Purificador\SoftwareDevelopment\Atmel_Microchip\SAMD21_BSP\SAMD21_BSP\Release\libSAMD21_BSP.a(utils_ringbuffer.o)
                              C:\Salukat\Purificador\SoftwareDevelopment\Atmel_Microchip\SAMD21_BSP\SAMD21_BSP\Release\libSAMD21_BSP.a(hal_usart_async.o) (ringbuffer_init)
C:\Salukat\Purificador\SoftwareDevelopment\Atmel_Microchip\SAMD21_BSP\SAMD21_BSP\Release\libSAMD21_BSP.a(hpl_core_m0plus_base.o)
                              C:\Salukat\Purificador\SoftwareDevelopment\Atmel_Microchip\SAMD21_BSP\SAMD21_BSP\Release\libSAMD21_BSP.a(hal_delay.o) (_get_cycles_for_us)
C:\Salukat\Purificador\SoftwareDevelopment\Atmel_Microchip\SAMD21_BSP\SAMD21_BSP\Release\libSAMD21_BSP.a(hpl_init.o)
                              C:\Salukat\Purificador\SoftwareDevelopment\Atmel_Microchip\SAMD21_BSP\SAMD21_BSP\Release\libSAMD21_BSP.a(driver_init.o) (_init_chip)
C:\Salukat\Purificador\SoftwareDevelopment\Atmel_Microchip\SAMD21_BSP\SAMD21_BSP\Release\libSAMD21_BSP.a(hpl_dac.o)
                              C:\Salukat\Purificador\SoftwareDevelopment\Atmel_Microchip\SAMD21_BSP\SAMD21_BSP\Release\libSAMD21_BSP.a(hal_dac_sync.o) (_dac_sync_init)
C:\Salukat\Purificador\SoftwareDevelopment\Atmel_Microchip\SAMD21_BSP\SAMD21_BSP\Release\libSAMD21_BSP.a(hpl_eic.o)
                              C:\Salukat\Purificador\SoftwareDevelopment\Atmel_Microchip\SAMD21_BSP\SAMD21_BSP\Release\libSAMD21_BSP.a(hal_ext_irq.o) (_ext_irq_init)
C:\Salukat\Purificador\SoftwareDevelopment\Atmel_Microchip\SAMD21_BSP\SAMD21_BSP\Release\libSAMD21_BSP.a(hpl_gclk.o)
                              C:\Salukat\Purificador\SoftwareDevelopment\Atmel_Microchip\SAMD21_BSP\SAMD21_BSP\Release\libSAMD21_BSP.a(hpl_init.o) (_gclk_init_generators_by_fref)
C:\Salukat\Purificador\SoftwareDevelopment\Atmel_Microchip\SAMD21_BSP\SAMD21_BSP\Release\libSAMD21_BSP.a(hpl_pm.o)
[...]
Memory Configuration

Name             Origin             Length             Attributes
rom              0x00000000         0x00040000         xr
ram              0x20000000         0x00008000         xrw
*default*        0x00000000         0xffffffff

Linker script and memory map

LOAD c:/program files (x86)/atmel/studio/7.0/toolchain/arm/arm-gnu-toolchain/bin/../lib/gcc/arm-none-eabi/6.3.1/thumb/v6-m/crti.o
LOAD c:/program files (x86)/atmel/studio/7.0/toolchain/arm/arm-gnu-toolchain/bin/../lib/gcc/arm-none-eabi/6.3.1/thumb/v6-m/crtbegin.o
LOAD c:/program files (x86)/atmel/studio/7.0/toolchain/arm/arm-gnu-toolchain/bin/../lib/gcc/arm-none-eabi/6.3.1/../../../../arm-none-eabi/lib/thumb/v6-m/crt0.o
LOAD ADF5610Driver.o
LOAD Device_Startup/startup_samd21.o
LOAD Device_Startup/system_samd21.o
LOAD main.o
LOAD SPI_Syn_Class_ADF.o
START GROUP
LOAD C:\Salukat\Purificador\SoftwareDevelopment\Atmel_Microchip\SAMD21_BSP\SAMD21_BSP\Release\libSAMD21_BSP.a
END GROUP
LOAD c:/program files (x86)/atmel/studio/7.0/toolchain/arm/arm-gnu-toolchain/bin/../lib/gcc/arm-none-eabi/6.3.1/../../../../arm-none-eabi/lib/thumb/v6-m\libstdc++.a
LOAD c:/program files (x86)/atmel/studio/7.0/toolchain/arm/arm-gnu-toolchain/bin/../lib/gcc/arm-none-eabi/6.3.1/../../../../arm-none-eabi/lib/thumb/v6-m\libm.a
START GROUP
LOAD c:/program files (x86)/atmel/studio/7.0/toolchain/arm/arm-gnu-toolchain/bin/../lib/gcc/arm-none-eabi/6.3.1/thumb/v6-m\libgcc.a
LOAD c:/program files (x86)/atmel/studio/7.0/toolchain/arm/arm-gnu-toolchain/bin/../lib/gcc/arm-none-eabi/6.3.1/../../../../arm-none-eabi/lib/thumb/v6-m\libc.a
END GROUP
START GROUP
LOAD c:/program files (x86)/atmel/studio/7.0/toolchain/arm/arm-gnu-toolchain/bin/../lib/gcc/arm-none-eabi/6.3.1/thumb/v6-m\libgcc.a
LOAD c:/program files (x86)/atmel/studio/7.0/toolchain/arm/arm-gnu-toolchain/bin/../lib/gcc/arm-none-eabi/6.3.1/../../../../arm-none-eabi/lib/thumb/v6-m\libc.a
LOAD c:/program files (x86)/atmel/studio/7.0/toolchain/arm/arm-gnu-toolchain/bin/../lib/gcc/arm-none-eabi/6.3.1/../../../../arm-none-eabi/lib/thumb/v6-m\libnosys.a
END GROUP
LOAD c:/program files (x86)/atmel/studio/7.0/toolchain/arm/arm-gnu-toolchain/bin/../lib/gcc/arm-none-eabi/6.3.1/thumb/v6-m/crtend.o
LOAD c:/program files (x86)/atmel/studio/7.0/toolchain/arm/arm-gnu-toolchain/bin/../lib/gcc/arm-none-eabi/6.3.1/thumb/v6-m/crtn.o
                0x00002000                STACK_SIZE = DEFINED (STACK_SIZE)?STACK_SIZE:DEFINED (__stack_size__)?__stack_size__:0x2000

.text           0x00000000     0xd5f4
                0x00000000                . = ALIGN (0x4)
                0x00000000                _sfixed = .
 *(.vectors .vectors.*)
 .vectors       0x00000000       0xb4 Device_Startup/startup_samd21.o
                0x00000000                exception_table
 *(.text .text.* .gnu.linkonce.t.*)
 .text          0x000000b4       0x60 c:/program files (x86)/atmel/studio/7.0/toolchain/arm/arm-gnu-toolchain/bin/../lib/gcc/arm-none-eabi/6.3.1/thumb/v6-m/crtbegin.o
 .text._Z41__static_initialization_and_destruction_0ii
                0x00000114       0x3c ADF5610Driver.o
 .text._ZN14ADF5610_DriverC2Ev
                0x00000150       0x50 ADF5610Driver.o
                0x00000150                ADF5610_Driver::ADF5610_Driver()
                0x00000150                ADF5610_Driver::ADF5610_Driver()
 .text._ZN14ADF5610_DriverD2Ev
                0x000001a0        0x2 ADF5610Driver.o
                0x000001a0                ADF5610_Driver::~ADF5610_Driver()
                0x000001a0                ADF5610_Driver::~ADF5610_Driver()
 *fill*         0x000001a2        0x2 
 .text._ZN14ADF5610_Driver13ShowRegistersEi
                0x000001a4       0x64 ADF5610Driver.o
                0x000001a4                ADF5610_Driver::ShowRegisters(int)
 .text._ZN14ADF5610_Driver23ConvertU32FourByteArrayEPhm
                0x00000208       0x1a ADF5610Driver.o
                0x00000208                ADF5610_Driver::ConvertU32FourByteArray(unsigned char*, unsigned long)
 *fill*         0x00000222        0x2 
 .text._ZN14ADF5610_Driver13ReadRegistersEh
                0x00000224       0xa0 ADF5610Driver.o
                0x00000224                ADF5610_Driver::ReadRegisters(unsigned char)
 .text._ZN14ADF5610_Driver9Is_LockedEv
                0x000002c4       0x70 ADF5610Driver.o
                0x000002c4                ADF5610_Driver::Is_Locked()
 .text._ZN14ADF5610_Driver17InitiateRegistersEv
                0x00000334      0x128 ADF5610Driver.o
                0x00000334                ADF5610_Driver::InitiateRegisters()
 .text._ZN14ADF5610_Driver16ReadAllRegistersEv
                0x0000045c       0x1c ADF5610Driver.o
                0x0000045c                ADF5610_Driver::ReadAllRegisters()
 .text._ZN14ADF5610_Driver18CalculateVCOValuesEv
                0x00000478      0x2d0 ADF5610Driver.o
                0x00000478                ADF5610_Driver::CalculateVCOValues()
 .text._ZN14ADF5610_Driver16SetNextFrequencyEv
                0x00000748        0xc ADF5610Driver.o
                0x00000748                ADF5610_Driver::SetNextFrequency()
 .text._ZN14ADF5610_Driver6usleepEl
                0x00000754       0x30 ADF5610Driver.o
                0x00000754                ADF5610_Driver::usleep(long)
 .text._ZN14ADF5610_Driver14WriteRegistersEh
                0x00000784      0x104 ADF5610Driver.o
                0x00000784                ADF5610_Driver::WriteRegisters(unsigned char)
 .text._ZN14ADF5610_Driver25CompleteConfigurationFlowEj
                0x00000888       0x4c ADF5610Driver.o
                0x00000888                ADF5610_Driver::CompleteConfigurationFlow(unsigned int)
 .text._ZN14ADF5610_Driver7InitPLLEv
                0x000008d4       0x50 ADF5610Driver.o
                0x000008d4                ADF5610_Driver::InitPLL()
 .text._ZN14ADF5610_Driver4InitEv
                0x00000924       0x58 ADF5610Driver.o
                0x00000924                ADF5610_Driver::Init()
 .text._ZN14ADF5610_Driver11WriteSubVCOEv
                0x0000097c       0x1c ADF5610Driver.o
                0x0000097c                ADF5610_Driver::WriteSubVCO()
 .text._ZN14ADF5610_Driver22ShortConfigurationFlowEv
                0x00000998       0x28 ADF5610Driver.o
                0x00000998                ADF5610_Driver::ShortConfigurationFlow()
 .text._ZN14ADF5610_Driver8SelfTestEh
                0x000009c0      0x1cc ADF5610Driver.o
                0x000009c0                ADF5610_Driver::SelfTest(unsigned char)
 .text._GLOBAL__sub_I__ZN14ADF5610_DriverC2Ev
                0x00000b8c       0x14 ADF5610Driver.o
 .text.Dummy_Handler
                0x00000ba0        0x2 Device_Startup/startup_samd21.o
                0x00000ba0                SVCall_Handler
                0x00000ba0                DMAC_Handler
                0x00000ba0                HardFault_Handler
                0x00000ba0                AC_Handler
                0x00000ba0                SysTick_Handler
                0x00000ba0                PendSV_Handler
                0x00000ba0                TC7_Handler
                0x00000ba0                SERCOM1_Handler
                0x00000ba0                ADC_Handler
                0x00000ba0                NonMaskableInt_Handler
                0x00000ba0                TCC1_Handler
                0x00000ba0                SERCOM2_Handler
                0x00000ba0                TCC0_Handler
                0x00000ba0                RTC_Handler
                0x00000ba0                TC6_Handler
                0x00000ba0                WDT_Handler
                0x00000ba0                Dummy_Handler
                0x00000ba0                PM_Handler
                0x00000ba0                SERCOM5_Handler
                0x00000ba0                TCC2_Handler
                0x00000ba0                EVSYS_Handler
                0x00000ba0                SERCOM4_Handler
                0x00000ba0                I2S_Handler
                0x00000ba0                NVMCTRL_Handler
                0x00000ba0                SERCOM0_Handler
                0x00000ba0                DAC_Handler
                0x00000ba0                PTC_Handler
                0x00000ba0                TC5_Handler
                0x00000ba0                SYSCTRL_Handler
 *fill*         0x00000ba2        0x2 
 .text.Reset_Handler
                0x00000ba4       0xc4 Device_Startup/startup_samd21.o
                0x00000ba4                Reset_Handler
 .text._Z41__static_initialization_and_destruction_0ii
                0x00000c68       0x3c main.o
 .text.main     0x00000ca4       0x3c main.o
                0x00000ca4                main
 .text._GLOBAL__sub_I_adf
                0x00000ce0       0x14 main.o
 .text._ZN17SPI_Syn_Class_ADFC2Ev
                0x00000cf4        0xc SPI_Syn_Class_ADF.o
                0x00000cf4                SPI_Syn_Class_ADF::SPI_Syn_Class_ADF()
                0x00000cf4                SPI_Syn_Class_ADF::SPI_Syn_Class_ADF()
 .text._ZN17SPI_Syn_Class_ADFD2Ev
                0x00000d00        0x2 SPI_Syn_Class_ADF.o
                0x00000d00                SPI_Syn_Class_ADF::~SPI_Syn_Class_ADF()
                0x00000d00                SPI_Syn_Class_ADF::~SPI_Syn_Class_ADF()
 *fill*         0x00000d02        0x2 
 .text._ZN17SPI_Syn_Class_ADF6EnableEv
                0x00000d04       0x14 SPI_Syn_Class_ADF.o
                0x00000d04                SPI_Syn_Class_ADF::Enable()
 .text._ZN17SPI_Syn_Class_ADF4InitEv
                0x00000d18       0x28 SPI_Syn_Class_ADF.o
                0x00000d18                SPI_Syn_Class_ADF::Init()
 .text._ZN17SPI_Syn_Class_ADF5WriteEPKhh
                0x00000d40       0x18 SPI_Syn_Class_ADF.o
                0x00000d40                SPI_Syn_Class_ADF::Write(unsigned char const*, unsigned char)
 .text._ZN17SPI_Syn_Class_ADF4ReadEPhh
                0x00000d58       0x18 SPI_Syn_Class_ADF.o
                0x00000d58                SPI_Syn_Class_ADF::Read(unsigned char*, unsigned char)
 .text._ZN17SPI_Syn_Class_ADF5SetCSEb
                0x00000d70       0x18 SPI_Syn_Class_ADF.o
                0x00000d70                SPI_Syn_Class_ADF::SetCS(bool)
 .text.atmel_start_init
                0x00000d88       0x14 C:\Salukat\Purificador\SoftwareDevelopment\Atmel_Microchip\SAMD21_BSP\SAMD21_BSP\Release\libSAMD21_BSP.a(atmel_start.o)
                0x00000d88                atmel_start_init
 .text._gpio_set_pin_function
                0x00000d9c       0x70 C:\Salukat\Purificador\SoftwareDevelopment\Atmel_Microchip\SAMD21_BSP\SAMD21_BSP\Release\libSAMD21_BSP.a(driver_init.o)
 .text.gpio_set_pin_direction
                0x00000e0c       0x84 C:\Salukat\Purificador\SoftwareDevelopment\Atmel_Microchip\SAMD21_BSP\SAMD21_BSP\Release\libSAMD21_BSP.a(driver_init.o)
 .text.EXTERNAL_IRQ_0_init
                0x00000e90       0x44 C:\Salukat\Purificador\SoftwareDevelopment\Atmel_Microchip\SAMD21_BSP\SAMD21_BSP\Release\libSAMD21_BSP.a(driver_init.o)
                0x00000e90                EXTERNAL_IRQ_0_init
 .text.SPI_ADF_PORT_init
                0x00000ed4       0x5c C:\Salukat\Purificador\SoftwareDevelopment\Atmel_Microchip\SAMD21_BSP\SAMD21_BSP\Release\libSAMD21_BSP.a(driver_init.o)
                0x00000ed4                SPI_ADF_PORT_init
 .text.SPI_ADF_CLOCK_init
                0x00000f30       0x20 C:\Salukat\Purificador\SoftwareDevelopment\Atmel_Microchip\SAMD21_BSP\SAMD21_BSP\Release\libSAMD21_BSP.a(driver_init.o)
                0x00000f30                SPI_ADF_CLOCK_init
 .text.SPI_ADF_init
                0x00000f50       0x28 C:\Salukat\Purificador\SoftwareDevelopment\Atmel_Microchip\SAMD21_BSP\SAMD21_BSP\Release\libSAMD21_BSP.a(driver_init.o)
                0x00000f50                SPI_ADF_init
 .text.SPI_LMX_PORT_init
                0x00000f78       0x60 C:\Salukat\Purificador\SoftwareDevelopment\Atmel_Microchip\SAMD21_BSP\SAMD21_BSP\Release\libSAMD21_BSP.a(driver_init.o)
                0x00000f78                SPI_LMX_PORT_init
 .text.SPI_LMX_CLOCK_init
                0x00000fd8       0x20 C:\Salukat\Purificador\SoftwareDevelopment\Atmel_Microchip\SAMD21_BSP\SAMD21_BSP\Release\libSAMD21_BSP.a(driver_init.o)
                0x00000fd8                SPI_LMX_CLOCK_init
 .text.SPI_LMX_init
                0x00000ff8       0x28 C:\Salukat\Purificador\SoftwareDevelopment\Atmel_Microchip\SAMD21_BSP\SAMD21_BSP\Release\libSAMD21_BSP.a(driver_init.o)
                0x00000ff8                SPI_LMX_init
 .text.SPI_ZCD_PORT_init
                0x00001020       0x60 C:\Salukat\Purificador\SoftwareDevelopment\Atmel_Microchip\SAMD21_BSP\SAMD21_BSP\Release\libSAMD21_BSP.a(driver_init.o)
                0x00001020                SPI_ZCD_PORT_init
 .text.SPI_ZCD_CLOCK_init
                0x00001080       0x20 C:\Salukat\Purificador\SoftwareDevelopment\Atmel_Microchip\SAMD21_BSP\SAMD21_BSP\Release\libSAMD21_BSP.a(driver_init.o)
                0x00001080                SPI_ZCD_CLOCK_init
 .text.SPI_ZCD_init
                0x000010a0       0x28 C:\Salukat\Purificador\SoftwareDevelopment\Atmel_Microchip\SAMD21_BSP\SAMD21_BSP\Release\libSAMD21_BSP.a(driver_init.o)
                0x000010a0                SPI_ZCD_init
 .text.USART_0_CLOCK_init
                0x000010c8       0x20 C:\Salukat\Purificador\SoftwareDevelopment\Atmel_Microchip\SAMD21_BSP\SAMD21_BSP\Release\libSAMD21_BSP.a(driver_init.o)
                0x000010c8                USART_0_CLOCK_init
 .text.USART_0_PORT_init
                0x000010e8       0x20 C:\Salukat\Purificador\SoftwareDevelopment\Atmel_Microchip\SAMD21_BSP\SAMD21_BSP\Release\libSAMD21_BSP.a(driver_init.o)
                0x000010e8                USART_0_PORT_init
 .text.USART_0_init
                0x00001108       0x34 C:\Salukat\Purificador\SoftwareDevelopment\Atmel_Microchip\SAMD21_BSP\SAMD21_BSP\Release\libSAMD21_BSP.a(driver_init.o)
                0x00001108                USART_0_init
 .text.delay_driver_init
                0x0000113c       0x14 C:\Salukat\Purificador\SoftwareDevelopment\Atmel_Microchip\SAMD21_BSP\SAMD21_BSP\Release\libSAMD21_BSP.a(driver_init.o)
                0x0000113c                delay_driver_init
 .text.DAC_0_PORT_init
                0x00001150       0x20 C:\Salukat\Purificador\SoftwareDevelopment\Atmel_Microchip\SAMD21_BSP\SAMD21_BSP\Release\libSAMD21_BSP.a(driver_init.o)
                0x00001150                DAC_0_PORT_init
 .text.DAC_0_CLOCK_init
                0x00001170       0x20 C:\Salukat\Purificador\SoftwareDevelopment\Atmel_Microchip\SAMD21_BSP\SAMD21_BSP\Release\libSAMD21_BSP.a(driver_init.o)
                0x00001170                DAC_0_CLOCK_init
 .text.DAC_0_init
                0x00001190       0x28 C:\Salukat\Purificador\SoftwareDevelopment\Atmel_Microchip\SAMD21_BSP\SAMD21_BSP\Release\libSAMD21_BSP.a(driver_init.o)
                0x00001190                DAC_0_init
 .text.USB_DEVICE_INSTANCE_PORT_init
                0x000011b8       0x5c C:\Salukat\Purificador\SoftwareDevelopment\Atmel_Microchip\SAMD21_BSP\SAMD21_BSP\Release\libSAMD21_BSP.a(driver_init.o)
                0x000011b8                USB_DEVICE_INSTANCE_PORT_init
 .text.USB_DEVICE_INSTANCE_CLOCK_init
                0x00001214       0x28 C:\Salukat\Purificador\SoftwareDevelopment\Atmel_Microchip\SAMD21_BSP\SAMD21_BSP\Release\libSAMD21_BSP.a(driver_init.o)
                0x00001214                USB_DEVICE_INSTANCE_CLOCK_init
 .text.USB_DEVICE_INSTANCE_init
                0x0000123c       0x1c C:\Salukat\Purificador\SoftwareDevelopment\Atmel_Microchip\SAMD21_BSP\SAMD21_BSP\Release\libSAMD21_BSP.a(driver_init.o)
                0x0000123c                USB_DEVICE_INSTANCE_init
 .text.system_init
                0x00001258      0x144 C:\Salukat\Purificador\SoftwareDevelopment\Atmel_Microchip\SAMD21_BSP\SAMD21_BSP\Release\libSAMD21_BSP.a(driver_init.o)
                0x00001258                system_init
 .text.atomic_enter_critical
                0x0000139c        0xe C:\Salukat\Purificador\SoftwareDevelopment\Atmel_Microchip\SAMD21_BSP\SAMD21_BSP\Release\libSAMD21_BSP.a(hal_atomic.o)
                0x0000139c                atomic_enter_critical
 .text.atomic_leave_critical
                0x000013aa        0xc C:\Salukat\Purificador\SoftwareDevelopment\Atmel_Microchip\SAMD21_BSP\SAMD21_BSP\Release\libSAMD21_BSP.a(hal_atomic.o)
                0x000013aa                atomic_leave_critical
 *fill*         0x000013b6        0x2 
 .text.dac_sync_init
                0x000013b8       0x18 C:\Salukat\Purificador\SoftwareDevelopment\Atmel_Microchip\SAMD21_BSP\SAMD21_BSP\Release\libSAMD21_BSP.a(hal_dac_sync.o)
                0x000013b8                dac_sync_init
 .text.delay_init
                0x000013d0       0x14 C:\Salukat\Purificador\SoftwareDevelopment\Atmel_Microchip\SAMD21_BSP\SAMD21_BSP\Release\libSAMD21_BSP.a(hal_delay.o)
                0x000013d0                delay_init
 .text.delay_ms
                0x000013e4       0x20 C:\Salukat\Purificador\SoftwareDevelopment\Atmel_Microchip\SAMD21_BSP\SAMD21_BSP\Release\libSAMD21_BSP.a(hal_delay.o)
                0x000013e4                delay_ms
 .text.process_ext_irq
                0x00001404       0x34 C:\Salukat\Purificador\SoftwareDevelopment\Atmel_Microchip\SAMD21_BSP\SAMD21_BSP\Release\libSAMD21_BSP.a(hal_ext_irq.o)
 .text.ext_irq_init
                0x00001438       0x24 C:\Salukat\Purificador\SoftwareDevelopment\Atmel_Microchip\SAMD21_BSP\SAMD21_BSP\Release\libSAMD21_BSP.a(hal_ext_irq.o)
                0x00001438                ext_irq_init
 .text.io_write
                0x0000145c        0x8 C:\Salukat\Purificador\SoftwareDevelopment\Atmel_Microchip\SAMD21_BSP\SAMD21_BSP\Release\libSAMD21_BSP.a(hal_io.o)
                0x0000145c                io_write
 .text.io_read  0x00001464        0x8 C:\Salukat\Purificador\SoftwareDevelopment\Atmel_Microchip\SAMD21_BSP\SAMD21_BSP\Release\libSAMD21_BSP.a(hal_io.o)
                0x00001464                io_read
 .text.spi_m_sync_init
                0x0000146c       0x30 C:\Salukat\Purificador\SoftwareDevelopment\Atmel_Microchip\SAMD21_BSP\SAMD21_BSP\Release\libSAMD21_BSP.a(hal_spi_m_sync.o)
                0x0000146c                spi_m_sync_init
 .text.spi_m_sync_enable
                0x0000149c       0x10 C:\Salukat\Purificador\SoftwareDevelopment\Atmel_Microchip\SAMD21_BSP\SAMD21_BSP\Release\libSAMD21_BSP.a(hal_spi_m_sync.o)
                0x0000149c                spi_m_sync_enable
 .text.spi_m_sync_transfer
                0x000014ac       0x20 C:\Salukat\Purificador\SoftwareDevelopment\Atmel_Microchip\SAMD21_BSP\SAMD21_BSP\Release\libSAMD21_BSP.a(hal_spi_m_sync.o)
                0x000014ac                spi_m_sync_transfer
 .text._spi_m_sync_io_write
                0x000014cc       0x1c C:\Salukat\Purificador\SoftwareDevelopment\Atmel_Microchip\SAMD21_BSP\SAMD21_BSP\Release\libSAMD21_BSP.a(hal_spi_m_sync.o)
 .text._spi_m_sync_io_read
                0x000014e8       0x1c C:\Salukat\Purificador\SoftwareDevelopment\Atmel_Microchip\SAMD21_BSP\SAMD21_BSP\Release\libSAMD21_BSP.a(hal_spi_m_sync.o)
 .text.spi_m_sync_get_io_descriptor
                0x00001504        0x8 C:\Salukat\Purificador\SoftwareDevelopment\Atmel_Microchip\SAMD21_BSP\SAMD21_BSP\Release\libSAMD21_BSP.a(hal_spi_m_sync.o)
                0x00001504                spi_m_sync_get_io_descriptor
 .text.timer_add_timer_task
                0x0000150c       0x58 C:\Salukat\Purificador\SoftwareDevelopment\Atmel_Microchip\SAMD21_BSP\SAMD21_BSP\Release\libSAMD21_BSP.a(hal_timer.o)
 .text.timer_process_counted
                0x00001564       0x60 C:\Salukat\Purificador\SoftwareDevelopment\Atmel_Microchip\SAMD21_BSP\SAMD21_BSP\Release\libSAMD21_BSP.a(hal_timer.o)
 .text.timer_init
                0x000015c4       0x1c C:\Salukat\Purificador\SoftwareDevelopment\Atmel_Microchip\SAMD21_BSP\SAMD21_BSP\Release\libSAMD21_BSP.a(hal_timer.o)
                0x000015c4                timer_init
 .text.usart_transmission_complete
                0x000015e0       0x12 C:\Salukat\Purificador\SoftwareDevelopment\Atmel_Microchip\SAMD21_BSP\SAMD21_BSP\Release\libSAMD21_BSP.a(hal_usart_async.o)
 .text.usart_error
                0x000015f2       0x12 C:\Salukat\Purificador\SoftwareDevelopment\Atmel_Microchip\SAMD21_BSP\SAMD21_BSP\Release\libSAMD21_BSP.a(hal_usart_async.o)
 .text.usart_fill_rx_buffer
                0x00001604       0x1c C:\Salukat\Purificador\SoftwareDevelopment\Atmel_Microchip\SAMD21_BSP\SAMD21_BSP\Release\libSAMD21_BSP.a(hal_usart_async.o)
 .text.usart_async_write
                0x00001620       0x34 C:\Salukat\Purificador\SoftwareDevelopment\Atmel_Microchip\SAMD21_BSP\SAMD21_BSP\Release\libSAMD21_BSP.a(hal_usart_async.o)
 .text.usart_process_byte_sent
                0x00001654       0x3c C:\Salukat\Purificador\SoftwareDevelopment\Atmel_Microchip\SAMD21_BSP\SAMD21_BSP\Release\libSAMD21_BSP.a(hal_usart_async.o)
 .text.usart_async_read
                0x00001690       0x58 C:\Salukat\Purificador\SoftwareDevelopment\Atmel_Microchip\SAMD21_BSP\SAMD21_BSP\Release\libSAMD21_BSP.a(hal_usart_async.o)
 .text.usart_async_init
                0x000016e8       0x64 C:\Salukat\Purificador\SoftwareDevelopment\Atmel_Microchip\SAMD21_BSP\SAMD21_BSP\Release\libSAMD21_BSP.a(hal_usart_async.o)
                0x000016e8                usart_async_init
 .text._usb_d_find_ep
                0x0000174c       0x34 C:\Salukat\Purificador\SoftwareDevelopment\Atmel_Microchip\SAMD21_BSP\SAMD21_BSP\Release\libSAMD21_BSP.a(hal_usb_device.o)
 .text.usb_d_dummy_cb_false
                0x00001780        0x4 C:\Salukat\Purificador\SoftwareDevelopment\Atmel_Microchip\SAMD21_BSP\SAMD21_BSP\Release\libSAMD21_BSP.a(hal_usb_device.o)
 .text.usb_d_cb_trans_more
                0x00001784       0x2c C:\Salukat\Purificador\SoftwareDevelopment\Atmel_Microchip\SAMD21_BSP\SAMD21_BSP\Release\libSAMD21_BSP.a(hal_usb_device.o)
 .text._usb_d_cb_trans_done
                0x000017b0       0xf8 C:\Salukat\Purificador\SoftwareDevelopment\Atmel_Microchip\SAMD21_BSP\SAMD21_BSP\Release\libSAMD21_BSP.a(hal_usb_device.o)
 .text.usb_d_cb_trans_setup
                0x000018a8       0x84 C:\Salukat\Purificador\SoftwareDevelopment\Atmel_Microchip\SAMD21_BSP\SAMD21_BSP\Release\libSAMD21_BSP.a(hal_usb_device.o)
 .text.usb_d_init
                0x0000192c       0x68 C:\Salukat\Purificador\SoftwareDevelopment\Atmel_Microchip\SAMD21_BSP\SAMD21_BSP\Release\libSAMD21_BSP.a(hal_usb_device.o)
                0x0000192c                usb_d_init
 .text.usb_d_register_callback
                0x00001994        0xc C:\Salukat\Purificador\SoftwareDevelopment\Atmel_Microchip\SAMD21_BSP\SAMD21_BSP\Release\libSAMD21_BSP.a(hal_usb_device.o)
                0x00001994                usb_d_register_callback
 .text.usb_d_enable
                0x000019a0        0xc C:\Salukat\Purificador\SoftwareDevelopment\Atmel_Microchip\SAMD21_BSP\SAMD21_BSP\Release\libSAMD21_BSP.a(hal_usb_device.o)
                0x000019a0                usb_d_enable
 .text.usb_d_attach
                0x000019ac        0xc C:\Salukat\Purificador\SoftwareDevelopment\Atmel_Microchip\SAMD21_BSP\SAMD21_BSP\Release\libSAMD21_BSP.a(hal_usb_device.o)
                0x000019ac                usb_d_attach
 .text.usb_d_set_address
                0x000019b8        0xc C:\Salukat\Purificador\SoftwareDevelopment\Atmel_Microchip\SAMD21_BSP\SAMD21_BSP\Release\libSAMD21_BSP.a(hal_usb_device.o)
                0x000019b8                usb_d_set_address
 .text.usb_d_ep_init
                0x000019c4       0x50 C:\Salukat\Purificador\SoftwareDevelopment\Atmel_Microchip\SAMD21_BSP\SAMD21_BSP\Release\libSAMD21_BSP.a(hal_usb_device.o)
                0x000019c4                usb_d_ep_init
 .text.usb_d_ep0_init
                0x00001a14       0x14 C:\Salukat\Purificador\SoftwareDevelopment\Atmel_Microchip\SAMD21_BSP\SAMD21_BSP\Release\libSAMD21_BSP.a(hal_usb_device.o)
                0x00001a14                usb_d_ep0_init
 .text.usb_d_ep_deinit
                0x00001a28       0x2c C:\Salukat\Purificador\SoftwareDevelopment\Atmel_Microchip\SAMD21_BSP\SAMD21_BSP\Release\libSAMD21_BSP.a(hal_usb_device.o)
                0x00001a28                usb_d_ep_deinit
 .text.usb_d_ep_enable
                0x00001a54       0x40 C:\Salukat\Purificador\SoftwareDevelopment\Atmel_Microchip\SAMD21_BSP\SAMD21_BSP\Release\libSAMD21_BSP.a(hal_usb_device.o)
                0x00001a54                usb_d_ep_enable
 .text.usb_d_ep_transfer
                0x00001a94       0xf8 C:\Salukat\Purificador\SoftwareDevelopment\Atmel_Microchip\SAMD21_BSP\SAMD21_BSP\Release\libSAMD21_BSP.a(hal_usb_device.o)
                0x00001a94                usb_d_ep_transfer
 .text.usb_d_ep_halt
                0x00001b8c       0x60 C:\Salukat\Purificador\SoftwareDevelopment\Atmel_Microchip\SAMD21_BSP\SAMD21_BSP\Release\libSAMD21_BSP.a(hal_usb_device.o)
                0x00001b8c                usb_d_ep_halt
 .text.usb_d_ep_register_callback
                0x00001bec       0x4c C:\Salukat\Purificador\SoftwareDevelopment\Atmel_Microchip\SAMD21_BSP\SAMD21_BSP\Release\libSAMD21_BSP.a(hal_usb_device.o)
                0x00001bec                usb_d_ep_register_callback
 .text.list_insert_as_head
                0x00001c38        0x8 C:\Salukat\Purificador\SoftwareDevelopment\Atmel_Microchip\SAMD21_BSP\SAMD21_BSP\Release\libSAMD21_BSP.a(utils_list.o)
                0x00001c38                list_insert_as_head
 .text.list_insert_after
                0x00001c40        0x8 C:\Salukat\Purificador\SoftwareDevelopment\Atmel_Microchip\SAMD21_BSP\SAMD21_BSP\Release\libSAMD21_BSP.a(utils_list.o)
                0x00001c40                list_insert_after
 .text.list_insert_at_end
                0x00001c48       0x1a C:\Salukat\Purificador\SoftwareDevelopment\Atmel_Microchip\SAMD21_BSP\SAMD21_BSP\Release\libSAMD21_BSP.a(utils_list.o)
                0x00001c48                list_insert_at_end
 .text.list_remove_head
                0x00001c62        0xe C:\Salukat\Purificador\SoftwareDevelopment\Atmel_Microchip\SAMD21_BSP\SAMD21_BSP\Release\libSAMD21_BSP.a(utils_list.o)
                0x00001c62                list_remove_head
 .text.ringbuffer_init
                0x00001c70       0x18 C:\Salukat\Purificador\SoftwareDevelopment\Atmel_Microchip\SAMD21_BSP\SAMD21_BSP\Release\libSAMD21_BSP.a(utils_ringbuffer.o)
                0x00001c70                ringbuffer_init
 .text.ringbuffer_get
                0x00001c88       0x22 C:\Salukat\Purificador\SoftwareDevelopment\Atmel_Microchip\SAMD21_BSP\SAMD21_BSP\Release\libSAMD21_BSP.a(utils_ringbuffer.o)
                0x00001c88                ringbuffer_get
 .text.ringbuffer_put
                0x00001caa       0x22 C:\Salukat\Purificador\SoftwareDevelopment\Atmel_Microchip\SAMD21_BSP\SAMD21_BSP\Release\libSAMD21_BSP.a(utils_ringbuffer.o)
                0x00001caa                ringbuffer_put
 .text.ringbuffer_num
                0x00001ccc        0x8 C:\Salukat\Purificador\SoftwareDevelopment\Atmel_Microchip\SAMD21_BSP\SAMD21_BSP\Release\libSAMD21_BSP.a(utils_ringbuffer.o)
                0x00001ccc                ringbuffer_num
 .text._get_cycles_for_ms
                0x00001cd4        0xc C:\Salukat\Purificador\SoftwareDevelopment\Atmel_Microchip\SAMD21_BSP\SAMD21_BSP\Release\libSAMD21_BSP.a(hpl_core_m0plus_base.o)
                0x00001cd4                _get_cycles_for_ms
 .text._init_chip
                0x00001ce0       0x30 C:\Salukat\Purificador\SoftwareDevelopment\Atmel_Microchip\SAMD21_BSP\SAMD21_BSP\Release\libSAMD21_BSP.a(hpl_init.o)
                0x00001ce0                _init_chip
 .text.hri_dac_wait_for_sync
                0x00001d10        0x8 C:\Salukat\Purificador\SoftwareDevelopment\Atmel_Microchip\SAMD21_BSP\SAMD21_BSP\Release\libSAMD21_BSP.a(hpl_dac.o)
 .text._dac_init
                0x00001d18       0x40 C:\Salukat\Purificador\SoftwareDevelopment\Atmel_Microchip\SAMD21_BSP\SAMD21_BSP\Release\libSAMD21_BSP.a(hpl_dac.o)
 .text._dac_sync_init
                0x00001d58       0x10 C:\Salukat\Purificador\SoftwareDevelopment\Atmel_Microchip\SAMD21_BSP\SAMD21_BSP\Release\libSAMD21_BSP.a(hpl_dac.o)
                0x00001d58                _dac_sync_init
 .text.hri_eic_wait_for_sync.constprop.3
                0x00001d68       0x10 C:\Salukat\Purificador\SoftwareDevelopment\Atmel_Microchip\SAMD21_BSP\SAMD21_BSP\Release\libSAMD21_BSP.a(hpl_eic.o)
 .text._ext_irq_init
                0x00001d78       0x6c C:\Salukat\Purificador\SoftwareDevelopment\Atmel_Microchip\SAMD21_BSP\SAMD21_BSP\Release\libSAMD21_BSP.a(hpl_eic.o)
                0x00001d78                _ext_irq_init
 .text.EIC_Handler
                0x00001de4       0x8c C:\Salukat\Purificador\SoftwareDevelopment\Atmel_Microchip\SAMD21_BSP\SAMD21_BSP\Release\libSAMD21_BSP.a(hpl_eic.o)
                0x00001de4                EIC_Handler
 .text.hri_gclk_wait_for_sync.constprop.0
                0x00001e70       0x10 C:\Salukat\Purificador\SoftwareDevelopment\Atmel_Microchip\SAMD21_BSP\SAMD21_BSP\Release\libSAMD21_BSP.a(hpl_gclk.o)
 .text._gclk_init_generators_by_fref
                0x00001e80       0xc0 C:\Salukat\Purificador\SoftwareDevelopment\Atmel_Microchip\SAMD21_BSP\SAMD21_BSP\Release\libSAMD21_BSP.a(hpl_gclk.o)
                0x00001e80                _gclk_init_generators_by_fref
 .text._pm_init
                0x00001f40       0x20 C:\Salukat\Purificador\SoftwareDevelopment\Atmel_Microchip\SAMD21_BSP\SAMD21_BSP\Release\libSAMD21_BSP.a(hpl_pm.o)
                0x00001f40                _pm_init
 .text.__NVIC_EnableIRQ
                0x00001f60       0x18 C:\Salukat\Purificador\SoftwareDevelopment\Atmel_Microchip\SAMD21_BSP\SAMD21_BSP\Release\libSAMD21_BSP.a(hpl_sercom.o)
 .text.__NVIC_DisableIRQ
                0x00001f78       0x20 C:\Salukat\Purificador\SoftwareDevelopment\Atmel_Microchip\SAMD21_BSP\SAMD21_BSP\Release\libSAMD21_BSP.a(hpl_sercom.o)
 .text.__NVIC_ClearPendingIRQ
                0x00001f98       0x1c C:\Salukat\Purificador\SoftwareDevelopment\Atmel_Microchip\SAMD21_BSP\SAMD21_BSP\Release\libSAMD21_BSP.a(hpl_sercom.o)
 .text.hri_sercomspi_wait_for_sync
                0x00001fb4        0x8 C:\Salukat\Purificador\SoftwareDevelopment\Atmel_Microchip\SAMD21_BSP\SAMD21_BSP\Release\libSAMD21_BSP.a(hpl_sercom.o)
 .text.hri_sercomusart_wait_for_sync
                0x00001fbc        0x8 C:\Salukat\Purificador\SoftwareDevelopment\Atmel_Microchip\SAMD21_BSP\SAMD21_BSP\Release\libSAMD21_BSP.a(hpl_sercom.o)
 .text.hri_sercomusart_clear_CTRLA_ENABLE_bit
                0x00001fc4       0x18 C:\Salukat\Purificador\SoftwareDevelopment\Atmel_Microchip\SAMD21_BSP\SAMD21_BSP\Release\libSAMD21_BSP.a(hpl_sercom.o)
 .text._spi_sync_enable
                0x00001fdc       0x28 C:\Salukat\Purificador\SoftwareDevelopment\Atmel_Microchip\SAMD21_BSP\SAMD21_BSP\Release\libSAMD21_BSP.a(hpl_sercom.o)
 .text._usart_init
                0x00002004       0x68 C:\Salukat\Purificador\SoftwareDevelopment\Atmel_Microchip\SAMD21_BSP\SAMD21_BSP\Release\libSAMD21_BSP.a(hpl_sercom.o)
 .text._usart_async_init
                0x0000206c       0x58 C:\Salukat\Purificador\SoftwareDevelopment\Atmel_Microchip\SAMD21_BSP\SAMD21_BSP\Release\libSAMD21_BSP.a(hpl_sercom.o)
                0x0000206c                _usart_async_init
 .text._usart_async_write_byte
                0x000020c4        0x8 C:\Salukat\Purificador\SoftwareDevelopment\Atmel_Microchip\SAMD21_BSP\SAMD21_BSP\Release\libSAMD21_BSP.a(hpl_sercom.o)
                0x000020c4                _usart_async_write_byte
 .text._usart_async_enable_byte_sent_irq
                0x000020cc        0x8 C:\Salukat\Purificador\SoftwareDevelopment\Atmel_Microchip\SAMD21_BSP\SAMD21_BSP\Release\libSAMD21_BSP.a(hpl_sercom.o)
                0x000020cc                _usart_async_enable_byte_sent_irq
 .text._usart_async_enable_tx_done_irq
                0x000020d4        0x8 C:\Salukat\Purificador\SoftwareDevelopment\Atmel_Microchip\SAMD21_BSP\SAMD21_BSP\Release\libSAMD21_BSP.a(hpl_sercom.o)
                0x000020d4                _usart_async_enable_tx_done_irq
 .text.SERCOM3_Handler
                0x000020dc       0x6c C:\Salukat\Purificador\SoftwareDevelopment\Atmel_Microchip\SAMD21_BSP\SAMD21_BSP\Release\libSAMD21_BSP.a(hpl_sercom.o)
                0x000020dc                SERCOM3_Handler
 .text._spi_m_sync_init
                0x00002148       0xcc C:\Salukat\Purificador\SoftwareDevelopment\Atmel_Microchip\SAMD21_BSP\SAMD21_BSP\Release\libSAMD21_BSP.a(hpl_sercom.o)
                0x00002148                _spi_m_sync_init
 .text._spi_s_sync_enable
                0x00002214       0x10 C:\Salukat\Purificador\SoftwareDevelopment\Atmel_Microchip\SAMD21_BSP\SAMD21_BSP\Release\libSAMD21_BSP.a(hpl_sercom.o)
                0x00002214                _spi_s_sync_enable
 .text._spi_m_sync_enable
                0x00002224        0xc C:\Salukat\Purificador\SoftwareDevelopment\Atmel_Microchip\SAMD21_BSP\SAMD21_BSP\Release\libSAMD21_BSP.a(hpl_sercom.o)
                0x00002224                _spi_m_sync_enable
 .text._spi_m_sync_trans
                0x00002230       0xc0 C:\Salukat\Purificador\SoftwareDevelopment\Atmel_Microchip\SAMD21_BSP\SAMD21_BSP\Release\libSAMD21_BSP.a(hpl_sercom.o)
                0x00002230                _spi_m_sync_trans
 .text._sysctrl_init_sources
                0x000022f0       0x50 C:\Salukat\Purificador\SoftwareDevelopment\Atmel_Microchip\SAMD21_BSP\SAMD21_BSP\Release\libSAMD21_BSP.a(hpl_sysctrl.o)
                0x000022f0                _sysctrl_init_sources
 .text._sysctrl_init_referenced_generators
                0x00002340       0x9c C:\Salukat\Purificador\SoftwareDevelopment\Atmel_Microchip\SAMD21_BSP\SAMD21_BSP\Release\libSAMD21_BSP.a(hpl_sysctrl.o)
                0x00002340                _sysctrl_init_referenced_generators
 .text._delay_init
                0x000023dc       0x14 C:\Salukat\Purificador\SoftwareDevelopment\Atmel_Microchip\SAMD21_BSP\SAMD21_BSP\Release\libSAMD21_BSP.a(hpl_systick.o)
                0x000023dc                _delay_init
 .text._delay_cycles
                0x000023f0       0x40 C:\Salukat\Purificador\SoftwareDevelopment\Atmel_Microchip\SAMD21_BSP\SAMD21_BSP\Release\libSAMD21_BSP.a(hpl_systick.o)
                0x000023f0                _delay_cycles
 .text.tc_interrupt_handler
                0x00002430       0x14 C:\Salukat\Purificador\SoftwareDevelopment\Atmel_Microchip\SAMD21_BSP\SAMD21_BSP\Release\libSAMD21_BSP.a(hpl_tc.o)
 .text._timer_init
                0x00002444       0xec C:\Salukat\Purificador\SoftwareDevelopment\Atmel_Microchip\SAMD21_BSP\SAMD21_BSP\Release\libSAMD21_BSP.a(hpl_tc.o)
                0x00002444                _timer_init
 .text._tc_get_timer
                0x00002530        0x4 C:\Salukat\Purificador\SoftwareDevelopment\Atmel_Microchip\SAMD21_BSP\SAMD21_BSP\Release\libSAMD21_BSP.a(hpl_tc.o)
                0x00002530                _tc_get_timer
 .text.TC3_Handler
                0x00002534       0x14 C:\Salukat\Purificador\SoftwareDevelopment\Atmel_Microchip\SAMD21_BSP\SAMD21_BSP\Release\libSAMD21_BSP.a(hpl_tc.o)
                0x00002534                TC3_Handler
 .text.TC4_Handler
                0x00002548       0x14 C:\Salukat\Purificador\SoftwareDevelopment\Atmel_Microchip\SAMD21_BSP\SAMD21_BSP\Release\libSAMD21_BSP.a(hpl_tc.o)
                0x00002548                TC4_Handler
 .text._dummy_func_no_return
                0x0000255c        0x4 C:\Salukat\Purificador\SoftwareDevelopment\Atmel_Microchip\SAMD21_BSP\SAMD21_BSP\Release\libSAMD21_BSP.a(hpl_usb.o)
 .text._usb_d_dev_wait_dfll_rdy
                0x00002560       0x24 C:\Salukat\Purificador\SoftwareDevelopment\Atmel_Microchip\SAMD21_BSP\SAMD21_BSP\Release\libSAMD21_BSP.a(hpl_usb.o)
 .text._usb_d_dev_ept
                0x00002584       0x1c C:\Salukat\Purificador\SoftwareDevelopment\Atmel_Microchip\SAMD21_BSP\SAMD21_BSP\Release\libSAMD21_BSP.a(hpl_usb.o)
 .text._usb_d_dev_handle_setup
                0x000025a0       0x7c C:\Salukat\Purificador\SoftwareDevelopment\Atmel_Microchip\SAMD21_BSP\SAMD21_BSP\Release\libSAMD21_BSP.a(hpl_usb.o)
 .text._usb_d_dev_handle_stall
                0x0000261c       0x2c C:\Salukat\Purificador\SoftwareDevelopment\Atmel_Microchip\SAMD21_BSP\SAMD21_BSP\Release\libSAMD21_BSP.a(hpl_usb.o)
 .text._usb_d_dev_trans_done
                0x00002648       0x24 C:\Salukat\Purificador\SoftwareDevelopment\Atmel_Microchip\SAMD21_BSP\SAMD21_BSP\Release\libSAMD21_BSP.a(hpl_usb.o)
 .text._usb_d_dev_trans_stop
                0x0000266c       0x60 C:\Salukat\Purificador\SoftwareDevelopment\Atmel_Microchip\SAMD21_BSP\SAMD21_BSP\Release\libSAMD21_BSP.a(hpl_usb.o)
 .text._usb_d_dev_handle_trfail
                0x000026cc       0xe4 C:\Salukat\Purificador\SoftwareDevelopment\Atmel_Microchip\SAMD21_BSP\SAMD21_BSP\Release\libSAMD21_BSP.a(hpl_usb.o)
 .text._usb_d_dev_reset_epts
                0x000027b0       0x3c C:\Salukat\Purificador\SoftwareDevelopment\Atmel_Microchip\SAMD21_BSP\SAMD21_BSP\Release\libSAMD21_BSP.a(hpl_usb.o)
 .text._usb_d_dev_in_next
                0x000027ec      0x170 C:\Salukat\Purificador\SoftwareDevelopment\Atmel_Microchip\SAMD21_BSP\SAMD21_BSP\Release\libSAMD21_BSP.a(hpl_usb.o)
 .text._usb_d_dev_out_next
                0x0000295c      0x1d4 C:\Salukat\Purificador\SoftwareDevelopment\Atmel_Microchip\SAMD21_BSP\SAMD21_BSP\Release\libSAMD21_BSP.a(hpl_usb.o)
 .text._usbd_ep_pcksize_size
                0x00002b30       0x38 C:\Salukat\Purificador\SoftwareDevelopment\Atmel_Microchip\SAMD21_BSP\SAMD21_BSP\Release\libSAMD21_BSP.a(hpl_usb.o)
 .text._usb_d_dev_init
                0x00002b68       0xc4 C:\Salukat\Purificador\SoftwareDevelopment\Atmel_Microchip\SAMD21_BSP\SAMD21_BSP\Release\libSAMD21_BSP.a(hpl_usb.o)
                0x00002b68                _usb_d_dev_init
 .text._usb_d_dev_enable
                0x00002c2c       0x48 C:\Salukat\Purificador\SoftwareDevelopment\Atmel_Microchip\SAMD21_BSP\SAMD21_BSP\Release\libSAMD21_BSP.a(hpl_usb.o)
                0x00002c2c                _usb_d_dev_enable
 .text._usb_d_dev_attach
                0x00002c74       0x10 C:\Salukat\Purificador\SoftwareDevelopment\Atmel_Microchip\SAMD21_BSP\SAMD21_BSP\Release\libSAMD21_BSP.a(hpl_usb.o)
                0x00002c74                _usb_d_dev_attach
 .text._usb_d_dev_set_address
                0x00002c84       0x10 C:\Salukat\Purificador\SoftwareDevelopment\Atmel_Microchip\SAMD21_BSP\SAMD21_BSP\Release\libSAMD21_BSP.a(hpl_usb.o)
                0x00002c84                _usb_d_dev_set_address
 .text._usb_d_dev_ep_init
                0x00002c94       0xc8 C:\Salukat\Purificador\SoftwareDevelopment\Atmel_Microchip\SAMD21_BSP\SAMD21_BSP\Release\libSAMD21_BSP.a(hpl_usb.o)
                0x00002c94                _usb_d_dev_ep_init
 .text._usb_d_dev_ep_deinit
                0x00002d5c       0x7c C:\Salukat\Purificador\SoftwareDevelopment\Atmel_Microchip\SAMD21_BSP\SAMD21_BSP\Release\libSAMD21_BSP.a(hpl_usb.o)
                0x00002d5c                _usb_d_dev_ep_deinit
 .text._usb_d_dev_ep_enable
                0x00002dd8      0x13c C:\Salukat\Purificador\SoftwareDevelopment\Atmel_Microchip\SAMD21_BSP\SAMD21_BSP\Release\libSAMD21_BSP.a(hpl_usb.o)
                0x00002dd8                _usb_d_dev_ep_enable
 .text._usb_d_dev_ep_stall
                0x00002f14       0xd0 C:\Salukat\Purificador\SoftwareDevelopment\Atmel_Microchip\SAMD21_BSP\SAMD21_BSP\Release\libSAMD21_BSP.a(hpl_usb.o)
                0x00002f14                _usb_d_dev_ep_stall
 .text._usb_d_dev_ep_read_req
                0x00002fe4       0x58 C:\Salukat\Purificador\SoftwareDevelopment\Atmel_Microchip\SAMD21_BSP\SAMD21_BSP\Release\libSAMD21_BSP.a(hpl_usb.o)
                0x00002fe4                _usb_d_dev_ep_read_req
 .text._usb_d_dev_ep_trans
                0x0000303c      0x118 C:\Salukat\Purificador\SoftwareDevelopment\Atmel_Microchip\SAMD21_BSP\SAMD21_BSP\Release\libSAMD21_BSP.a(hpl_usb.o)
                0x0000303c                _usb_d_dev_ep_trans
 .text._usb_d_dev_register_callback
                0x00003154       0x24 C:\Salukat\Purificador\SoftwareDevelopment\Atmel_Microchip\SAMD21_BSP\SAMD21_BSP\Release\libSAMD21_BSP.a(hpl_usb.o)
                0x00003154                _usb_d_dev_register_callback
 .text._usb_d_dev_register_ep_callback
                0x00003178       0x2c C:\Salukat\Purificador\SoftwareDevelopment\Atmel_Microchip\SAMD21_BSP\SAMD21_BSP\Release\libSAMD21_BSP.a(hpl_usb.o)
                0x00003178                _usb_d_dev_register_ep_callback
 .text.USB_Handler
                0x000031a4      0x1d0 C:\Salukat\Purificador\SoftwareDevelopment\Atmel_Microchip\SAMD21_BSP\SAMD21_BSP\Release\libSAMD21_BSP.a(hpl_usb.o)
                0x000031a4                USB_Handler
 .text.cdc_device_acm_init
                0x00003374       0x34 C:\Salukat\Purificador\SoftwareDevelopment\Atmel_Microchip\SAMD21_BSP\SAMD21_BSP\Release\libSAMD21_BSP.a(usb_start.o)
                0x00003374                cdc_device_acm_init
 .text.usb_init
                0x000033a8        0xc C:\Salukat\Purificador\SoftwareDevelopment\Atmel_Microchip\SAMD21_BSP\SAMD21_BSP\Release\libSAMD21_BSP.a(usb_start.o)
                0x000033a8                usb_init
 .text.cdcdf_acm_req
                0x000033b4       0xdc C:\Salukat\Purificador\SoftwareDevelopment\Atmel_Microchip\SAMD21_BSP\SAMD21_BSP\Release\libSAMD21_BSP.a(cdcdf_acm.o)
 .text.cdcdf_acm_ctrl
                0x00003490      0x124 C:\Salukat\Purificador\SoftwareDevelopment\Atmel_Microchip\SAMD21_BSP\SAMD21_BSP\Release\libSAMD21_BSP.a(cdcdf_acm.o)
 .text.cdcdf_acm_init
                0x000035b4       0x44 C:\Salukat\Purificador\SoftwareDevelopment\Atmel_Microchip\SAMD21_BSP\SAMD21_BSP\Release\libSAMD21_BSP.a(cdcdf_acm.o)
                0x000035b4                cdcdf_acm_init
 .text.usbdc_unconfig
                0x000035f8       0x20 C:\Salukat\Purificador\SoftwareDevelopment\Atmel_Microchip\SAMD21_BSP\SAMD21_BSP\Release\libSAMD21_BSP.a(usbdc.o)
 .text.usbdc_change_notify
                0x00003618       0x24 C:\Salukat\Purificador\SoftwareDevelopment\Atmel_Microchip\SAMD21_BSP\SAMD21_BSP\Release\libSAMD21_BSP.a(usbdc.o)
 .text.usbdc_request_handler
                0x0000363c       0x3c C:\Salukat\Purificador\SoftwareDevelopment\Atmel_Microchip\SAMD21_BSP\SAMD21_BSP\Release\libSAMD21_BSP.a(usbdc.o)
 .text.usbd_sof_cb
                0x00003678       0x1c C:\Salukat\Purificador\SoftwareDevelopment\Atmel_Microchip\SAMD21_BSP\SAMD21_BSP\Release\libSAMD21_BSP.a(usbdc.o)
 .text.usbdc_cb_ctl_done
                0x00003694       0x70 C:\Salukat\Purificador\SoftwareDevelopment\Atmel_Microchip\SAMD21_BSP\SAMD21_BSP\Release\libSAMD21_BSP.a(usbdc.o)
 .text.usbdc_reset
                0x00003704       0x58 C:\Salukat\Purificador\SoftwareDevelopment\Atmel_Microchip\SAMD21_BSP\SAMD21_BSP\Release\libSAMD21_BSP.a(usbdc.o)
                0x00003704                usbdc_reset
 .text.usbd_event_cb
                0x0000375c       0x20 C:\Salukat\Purificador\SoftwareDevelopment\Atmel_Microchip\SAMD21_BSP\SAMD21_BSP\Release\libSAMD21_BSP.a(usbdc.o)
 .text.usbdc_xfer
                0x0000377c       0x1c C:\Salukat\Purificador\SoftwareDevelopment\Atmel_Microchip\SAMD21_BSP\SAMD21_BSP\Release\libSAMD21_BSP.a(usbdc.o)
                0x0000377c                usbdc_xfer
 .text.usbdc_cb_ctl_req
                0x00003798      0x31c C:\Salukat\Purificador\SoftwareDevelopment\Atmel_Microchip\SAMD21_BSP\SAMD21_BSP\Release\libSAMD21_BSP.a(usbdc.o)
 .text.usbdc_register_handler
                0x00003ab4       0x30 C:\Salukat\Purificador\SoftwareDevelopment\Atmel_Microchip\SAMD21_BSP\SAMD21_BSP\Release\libSAMD21_BSP.a(usbdc.o)
                0x00003ab4                usbdc_register_handler
 .text.usbdc_init
                0x00003ae4       0x44 C:\Salukat\Purificador\SoftwareDevelopment\Atmel_Microchip\SAMD21_BSP\SAMD21_BSP\Release\libSAMD21_BSP.a(usbdc.o)
                0x00003ae4                usbdc_init
 .text.usbdc_register_function
                0x00003b28       0x18 C:\Salukat\Purificador\SoftwareDevelopment\Atmel_Microchip\SAMD21_BSP\SAMD21_BSP\Release\libSAMD21_BSP.a(usbdc.o)
                0x00003b28                usbdc_register_function
 .text.usbdc_start
                0x00003b40       0x34 C:\Salukat\Purificador\SoftwareDevelopment\Atmel_Microchip\SAMD21_BSP\SAMD21_BSP\Release\libSAMD21_BSP.a(usbdc.o)
                0x00003b40                usbdc_start
 .text.usbdc_attach
                0x00003b74        0xc C:\Salukat\Purificador\SoftwareDevelopment\Atmel_Microchip\SAMD21_BSP\SAMD21_BSP\Release\libSAMD21_BSP.a(usbdc.o)
                0x00003b74                usbdc_attach
 .text.usbdc_get_ctrl_buffer
                0x00003b80        0xc C:\Salukat\Purificador\SoftwareDevelopment\Atmel_Microchip\SAMD21_BSP\SAMD21_BSP\Release\libSAMD21_BSP.a(usbdc.o)
                0x00003b80                usbdc_get_ctrl_buffer
 .text.usbdc_get_state
                0x00003b8c       0x14 C:\Salukat\Purificador\SoftwareDevelopment\Atmel_Microchip\SAMD21_BSP\SAMD21_BSP\Release\libSAMD21_BSP.a(usbdc.o)
                0x00003b8c                usbdc_get_state
 .text.usb_find_desc
                0x00003ba0       0x1a C:\Salukat\Purificador\SoftwareDevelopment\Atmel_Microchip\SAMD21_BSP\SAMD21_BSP\Release\libSAMD21_BSP.a(usb_protocol.o)
                0x00003ba0                usb_find_desc
 .text.usb_find_ep_desc
                0x00003bba       0x1c C:\Salukat\Purificador\SoftwareDevelopment\Atmel_Microchip\SAMD21_BSP\SAMD21_BSP\Release\libSAMD21_BSP.a(usb_protocol.o)
                0x00003bba                usb_find_ep_desc
 *fill*         0x00003bd6        0x2 
 .text.usb_find_cfg_desc
                0x00003bd8       0x3c C:\Salukat\Purificador\SoftwareDevelopment\Atmel_Microchip\SAMD21_BSP\SAMD21_BSP\Release\libSAMD21_BSP.a(usb_protocol.o)
                0x00003bd8                usb_find_cfg_desc
 .text.usb_find_str_desc
                0x00003c14       0x30 C:\Salukat\Purificador\SoftwareDevelopment\Atmel_Microchip\SAMD21_BSP\SAMD21_BSP\Release\libSAMD21_BSP.a(usb_protocol.o)
                0x00003c14                usb_find_str_desc
 .text.__aeabi_atexit
                0x00003c44       0x10 c:/program files (x86)/atmel/studio/7.0/toolchain/arm/arm-gnu-toolchain/bin/../lib/gcc/arm-none-eabi/6.3.1/../../../../arm-none-eabi/lib/thumb/v6-m\libstdc++.a(atexit_arm.o)
                0x00003c44                __aeabi_atexit
 .text.floor    0x00003c54      0x130 c:/program files (x86)/atmel/studio/7.0/toolchain/arm/arm-gnu-toolchain/bin/../lib/gcc/arm-none-eabi/6.3.1/../../../../arm-none-eabi/lib/thumb/v6-m\libm.a(lib_a-s_floor.o)
                0x00003c54                floor
 .text.log      0x00003d84      0x110 c:/program files (x86)/atmel/studio/7.0/toolchain/arm/arm-gnu-toolchain/bin/../lib/gcc/arm-none-eabi/6.3.1/../../../../arm-none-eabi/lib/thumb/v6-m\libm.a(lib_a-w_log.o)
                0x00003d84                log
 .text.pow      0x00003e94      0x358 c:/program files (x86)/atmel/studio/7.0/toolchain/arm/arm-gnu-toolchain/bin/../lib/gcc/arm-none-eabi/6.3.1/../../../../arm-none-eabi/lib/thumb/v6-m\libm.a(lib_a-w_pow.o)
                0x00003e94                pow
 .text.__ieee754_log
                0x000041ec      0x404 c:/program files (x86)/atmel/studio/7.0/toolchain/arm/arm-gnu-toolchain/bin/../lib/gcc/arm-none-eabi/6.3.1/../../../../arm-none-eabi/lib/thumb/v6-m\libm.a(lib_a-e_log.o)
                0x000041ec                __ieee754_log
 .text.__ieee754_pow
                0x000045f0      0xa6c c:/program files (x86)/atmel/studio/7.0/toolchain/arm/arm-gnu-toolchain/bin/../lib/gcc/arm-none-eabi/6.3.1/../../../../arm-none-eabi/lib/thumb/v6-m\libm.a(lib_a-e_pow.o)
                0x000045f0                __ieee754_pow
 .text.__ieee754_sqrt
                0x0000505c      0x1c0 c:/program files (x86)/atmel/studio/7.0/toolchain/arm/arm-gnu-toolchain/bin/../lib/gcc/arm-none-eabi/6.3.1/../../../../arm-none-eabi/lib/thumb/v6-m\libm.a(lib_a-e_sqrt.o)
                0x0000505c                __ieee754_sqrt
 .text.fabs     0x0000521c        0x8 c:/program files (x86)/atmel/studio/7.0/toolchain/arm/arm-gnu-toolchain/bin/../lib/gcc/arm-none-eabi/6.3.1/../../../../arm-none-eabi/lib/thumb/v6-m\libm.a(lib_a-s_fabs.o)
                0x0000521c                fabs
 .text.finite   0x00005224       0x14 c:/program files (x86)/atmel/studio/7.0/toolchain/arm/arm-gnu-toolchain/bin/../lib/gcc/arm-none-eabi/6.3.1/../../../../arm-none-eabi/lib/thumb/v6-m\libm.a(lib_a-s_finite.o)
                0x00005224                finite
 .text.matherr  0x00005238        0x4 c:/program files (x86)/atmel/studio/7.0/toolchain/arm/arm-gnu-toolchain/bin/../lib/gcc/arm-none-eabi/6.3.1/../../../../arm-none-eabi/lib/thumb/v6-m\libm.a(lib_a-s_matherr.o)
                0x00005238                matherr
 .text.nan      0x0000523c        0xc c:/program files (x86)/atmel/studio/7.0/toolchain/arm/arm-gnu-toolchain/bin/../lib/gcc/arm-none-eabi/6.3.1/../../../../arm-none-eabi/lib/thumb/v6-m\libm.a(lib_a-s_nan.o)
                0x0000523c                nan
 .text.rint     0x00005248      0x144 c:/program files (x86)/atmel/studio/7.0/toolchain/arm/arm-gnu-toolchain/bin/../lib/gcc/arm-none-eabi/6.3.1/../../../../arm-none-eabi/lib/thumb/v6-m\libm.a(lib_a-s_rint.o)
                0x00005248                rint
 .text.scalbn   0x0000538c       0xd0 c:/program files (x86)/atmel/studio/7.0/toolchain/arm/arm-gnu-toolchain/bin/../lib/gcc/arm-none-eabi/6.3.1/../../../../arm-none-eabi/lib/thumb/v6-m\libm.a(lib_a-s_scalbn.o)
                0x0000538c                scalbn
 .text.copysign
                0x0000545c       0x10 c:/program files (x86)/atmel/studio/7.0/toolchain/arm/arm-gnu-toolchain/bin/../lib/gcc/arm-none-eabi/6.3.1/../../../../arm-none-eabi/lib/thumb/v6-m\libm.a(lib_a-s_copysign.o)
                0x0000545c                copysign
 .text          0x0000546c       0x14 c:/program files (x86)/atmel/studio/7.0/toolchain/arm/arm-gnu-toolchain/bin/../lib/gcc/arm-none-eabi/6.3.1/thumb/v6-m\libgcc.a(_thumb1_case_sqi.o)
                0x0000546c                __gnu_thumb1_case_sqi
 .text          0x00005480       0x14 c:/program files (x86)/atmel/studio/7.0/toolchain/arm/arm-gnu-toolchain/bin/../lib/gcc/arm-none-eabi/6.3.1/thumb/v6-m\libgcc.a(_thumb1_case_shi.o)
                0x00005480                __gnu_thumb1_case_shi
 .text          0x00005494      0x114 c:/program files (x86)/atmel/studio/7.0/toolchain/arm/arm-gnu-toolchain/bin/../lib/gcc/arm-none-eabi/6.3.1/thumb/v6-m\libgcc.a(_udivsi3.o)
                0x00005494                __aeabi_uidiv
                0x00005494                __udivsi3
                0x000055a0                __aeabi_uidivmod
 .text          0x000055a8      0x1d4 c:/program files (x86)/atmel/studio/7.0/toolchain/arm/arm-gnu-toolchain/bin/../lib/gcc/arm-none-eabi/6.3.1/thumb/v6-m\libgcc.a(_divsi3.o)
                0x000055a8                __divsi3
                0x000055a8                __aeabi_idiv
                0x00005774                __aeabi_idivmod
 .text          0x0000577c        0x4 c:/program files (x86)/atmel/studio/7.0/toolchain/arm/arm-gnu-toolchain/bin/../lib/gcc/arm-none-eabi/6.3.1/thumb/v6-m\libgcc.a(_dvmd_tls.o)
                0x0000577c                __aeabi_idiv0
                0x0000577c                __aeabi_ldiv0
 .text          0x00005780       0x7c c:/program files (x86)/atmel/studio/7.0/toolchain/arm/arm-gnu-toolchain/bin/../lib/gcc/arm-none-eabi/6.3.1/thumb/v6-m\libgcc.a(_arm_cmpdf2.o)
                0x00005780                __aeabi_cdrcmple
                0x00005790                __aeabi_cdcmple
                0x00005790                __aeabi_cdcmpeq
                0x000057a0                __aeabi_dcmpeq
                0x000057ac                __aeabi_dcmplt
                0x000057c0                __aeabi_dcmple
                0x000057d4                __aeabi_dcmpgt
                0x000057e8                __aeabi_dcmpge
 .text          0x000057fc       0x74 c:/program files (x86)/atmel/studio/7.0/toolchain/arm/arm-gnu-toolchain/bin/../lib/gcc/arm-none-eabi/6.3.1/thumb/v6-m\libgcc.a(_arm_cmpsf2.o)
                0x000057fc                __aeabi_cfrcmple
                0x00005804                __aeabi_cfcmpeq
                0x00005804                __aeabi_cfcmple
                0x00005814                __aeabi_fcmpeq
                0x00005820                __aeabi_fcmplt
                0x00005834                __aeabi_fcmple
                0x00005848                __aeabi_fcmpgt
                0x0000585c                __aeabi_fcmpge
 .text          0x00005870       0x40 c:/program files (x86)/atmel/studio/7.0/toolchain/arm/arm-gnu-toolchain/bin/../lib/gcc/arm-none-eabi/6.3.1/thumb/v6-m\libgcc.a(_aeabi_uldivmod.o)
                0x00005870                __aeabi_uldivmod
 .text          0x000058b0       0x14 c:/program files (x86)/atmel/studio/7.0/toolchain/arm/arm-gnu-toolchain/bin/../lib/gcc/arm-none-eabi/6.3.1/thumb/v6-m\libgcc.a(_ffssi2.o)
                0x000058b0                __ffssi2
 .text          0x000058c4       0x3c c:/program files (x86)/atmel/studio/7.0/toolchain/arm/arm-gnu-toolchain/bin/../lib/gcc/arm-none-eabi/6.3.1/thumb/v6-m\libgcc.a(_fixunsdfsi.o)
                0x000058c4                __aeabi_d2uiz
                0x000058c4                __fixunsdfsi
 .text          0x00005900      0x180 c:/program files (x86)/atmel/studio/7.0/toolchain/arm/arm-gnu-toolchain/bin/../lib/gcc/arm-none-eabi/6.3.1/thumb/v6-m\libgcc.a(_udivmoddi4.o)
                0x00005900                __udivmoddi4
 .text          0x00005a80      0x324 c:/program files (x86)/atmel/studio/7.0/toolchain/arm/arm-gnu-toolchain/bin/../lib/gcc/arm-none-eabi/6.3.1/thumb/v6-m\libgcc.a(addsf3.o)
                0x00005a80                __aeabi_fadd
 .text          0x00005da4       0x4c c:/program files (x86)/atmel/studio/7.0/toolchain/arm/arm-gnu-toolchain/bin/../lib/gcc/arm-none-eabi/6.3.1/thumb/v6-m\libgcc.a(eqsf2.o)
                0x00005da4                __eqsf2
                0x00005da4                __nesf2
 .text          0x00005df0       0x80 c:/program files (x86)/atmel/studio/7.0/toolchain/arm/arm-gnu-toolchain/bin/../lib/gcc/arm-none-eabi/6.3.1/thumb/v6-m\libgcc.a(gesf2.o)
                0x00005df0                __gesf2
                0x00005df0                __gtsf2
 .text          0x00005e70       0x84 c:/program files (x86)/atmel/studio/7.0/toolchain/arm/arm-gnu-toolchain/bin/../lib/gcc/arm-none-eabi/6.3.1/thumb/v6-m\libgcc.a(lesf2.o)
                0x00005e70                __ltsf2
                0x00005e70                __lesf2
 .text          0x00005ef4      0x240 c:/program files (x86)/atmel/studio/7.0/toolchain/arm/arm-gnu-toolchain/bin/../lib/gcc/arm-none-eabi/6.3.1/thumb/v6-m\libgcc.a(mulsf3.o)
                0x00005ef4                __aeabi_fmul
 .text          0x00006134      0x338 c:/program files (x86)/atmel/studio/7.0/toolchain/arm/arm-gnu-toolchain/bin/../lib/gcc/arm-none-eabi/6.3.1/thumb/v6-m\libgcc.a(subsf3.o)
                0x00006134                __aeabi_fsub
 .text          0x0000646c       0xa0 c:/program files (x86)/atmel/studio/7.0/toolchain/arm/arm-gnu-toolchain/bin/../lib/gcc/arm-none-eabi/6.3.1/thumb/v6-m\libgcc.a(floatsisf.o)
                0x0000646c                __aeabi_i2f
 .text          0x0000650c      0x620 c:/program files (x86)/atmel/studio/7.0/toolchain/arm/arm-gnu-toolchain/bin/../lib/gcc/arm-none-eabi/6.3.1/thumb/v6-m\libgcc.a(adddf3.o)
                0x0000650c                __aeabi_dadd
 .text          0x00006b2c      0x668 c:/program files (x86)/atmel/studio/7.0/toolchain/arm/arm-gnu-toolchain/bin/../lib/gcc/arm-none-eabi/6.3.1/thumb/v6-m\libgcc.a(divdf3.o)
                0x00006b2c                __aeabi_ddiv
 .text          0x00007194       0x74 c:/program files (x86)/atmel/studio/7.0/toolchain/arm/arm-gnu-toolchain/bin/../lib/gcc/arm-none-eabi/6.3.1/thumb/v6-m\libgcc.a(eqdf2.o)
                0x00007194                __nedf2
                0x00007194                __eqdf2
 .text          0x00007208       0xc8 c:/program files (x86)/atmel/studio/7.0/toolchain/arm/arm-gnu-toolchain/bin/../lib/gcc/arm-none-eabi/6.3.1/thumb/v6-m\libgcc.a(gedf2.o)
                0x00007208                __gedf2
                0x00007208                __gtdf2
 .text          0x000072d0       0xc4 c:/program files (x86)/atmel/studio/7.0/toolchain/arm/arm-gnu-toolchain/bin/../lib/gcc/arm-none-eabi/6.3.1/thumb/v6-m\libgcc.a(ledf2.o)
                0x000072d0                __ledf2
                0x000072d0                __ltdf2
 .text          0x00007394      0x500 c:/program files (x86)/atmel/studio/7.0/toolchain/arm/arm-gnu-toolchain/bin/../lib/gcc/arm-none-eabi/6.3.1/thumb/v6-m\libgcc.a(muldf3.o)
                0x00007394                __aeabi_dmul
 .text          0x00007894      0x62c c:/program files (x86)/atmel/studio/7.0/toolchain/arm/arm-gnu-toolchain/bin/../lib/gcc/arm-none-eabi/6.3.1/thumb/v6-m\libgcc.a(subdf3.o)
                0x00007894                __aeabi_dsub
 .text          0x00007ec0       0x40 c:/program files (x86)/atmel/studio/7.0/toolchain/arm/arm-gnu-toolchain/bin/../lib/gcc/arm-none-eabi/6.3.1/thumb/v6-m\libgcc.a(unorddf2.o)
                0x00007ec0                __aeabi_dcmpun
 .text          0x00007f00       0x68 c:/program files (x86)/atmel/studio/7.0/toolchain/arm/arm-gnu-toolchain/bin/../lib/gcc/arm-none-eabi/6.3.1/thumb/v6-m\libgcc.a(fixdfsi.o)
                0x00007f00                __aeabi_d2iz
 .text          0x00007f68       0x84 c:/program files (x86)/atmel/studio/7.0/toolchain/arm/arm-gnu-toolchain/bin/../lib/gcc/arm-none-eabi/6.3.1/thumb/v6-m\libgcc.a(floatsidf.o)
                0x00007f68                __aeabi_i2d
 .text          0x00007fec       0x70 c:/program files (x86)/atmel/studio/7.0/toolchain/arm/arm-gnu-toolchain/bin/../lib/gcc/arm-none-eabi/6.3.1/thumb/v6-m\libgcc.a(floatunsidf.o)
                0x00007fec                __aeabi_ui2d
 .text          0x0000805c       0xa4 c:/program files (x86)/atmel/studio/7.0/toolchain/arm/arm-gnu-toolchain/bin/../lib/gcc/arm-none-eabi/6.3.1/thumb/v6-m\libgcc.a(extendsfdf2.o)
                0x0000805c                __aeabi_f2d
 .text          0x00008100       0x3c c:/program files (x86)/atmel/studio/7.0/toolchain/arm/arm-gnu-toolchain/bin/../lib/gcc/arm-none-eabi/6.3.1/thumb/v6-m\libgcc.a(_clzsi2.o)
                0x00008100                __clzsi2
 .text          0x0000813c       0x18 c:/program files (x86)/atmel/studio/7.0/toolchain/arm/arm-gnu-toolchain/bin/../lib/gcc/arm-none-eabi/6.3.1/thumb/v6-m\libgcc.a(_clzdi2.o)
                0x0000813c                __clzdi2
 .text          0x00008154       0x40 c:/program files (x86)/atmel/studio/7.0/toolchain/arm/arm-gnu-toolchain/bin/../lib/gcc/arm-none-eabi/6.3.1/thumb/v6-m\libgcc.a(_ctzsi2.o)
                0x00008154                __ctzsi2
 .text.__cxa_atexit
                0x00008194       0x10 c:/program files (x86)/atmel/studio/7.0/toolchain/arm/arm-gnu-toolchain/bin/../lib/gcc/arm-none-eabi/6.3.1/../../../../arm-none-eabi/lib/thumb/v6-m\libc.a(lib_a-cxa_atexit.o)
                0x00008194                __cxa_atexit
 .text.__errno  0x000081a4        0xc c:/program files (x86)/atmel/studio/7.0/toolchain/arm/arm-gnu-toolchain/bin/../lib/gcc/arm-none-eabi/6.3.1/../../../../arm-none-eabi/lib/thumb/v6-m\libc.a(lib_a-errno.o)
                0x000081a4                __errno
 .text.__libc_init_array
                0x000081b0       0x48 c:/program files (x86)/atmel/studio/7.0/toolchain/arm/arm-gnu-toolchain/bin/../lib/gcc/arm-none-eabi/6.3.1/../../../../arm-none-eabi/lib/thumb/v6-m\libc.a(lib_a-init.o)
                0x000081b0                __libc_init_array
 .text.memcpy   0x000081f8       0x84 c:/program files (x86)/atmel/studio/7.0/toolchain/arm/arm-gnu-toolchain/bin/../lib/gcc/arm-none-eabi/6.3.1/../../../../arm-none-eabi/lib/thumb/v6-m\libc.a(lib_a-memcpy-stub.o)
                0x000081f8                memcpy
 .text.memset   0x0000827c       0x94 c:/program files (x86)/atmel/studio/7.0/toolchain/arm/arm-gnu-toolchain/bin/../lib/gcc/arm-none-eabi/6.3.1/../../../../arm-none-eabi/lib/thumb/v6-m\libc.a(lib_a-memset.o)
                0x0000827c                memset
 .text.printf   0x00008310       0x24 c:/program files (x86)/atmel/studio/7.0/toolchain/arm/arm-gnu-toolchain/bin/../lib/gcc/arm-none-eabi/6.3.1/../../../../arm-none-eabi/lib/thumb/v6-m\libc.a(lib_a-printf.o)
                0x00008310                printf
 .text._puts_r  0x00008334       0xa0 c:/program files (x86)/atmel/studio/7.0/toolchain/arm/arm-gnu-toolchain/bin/../lib/gcc/arm-none-eabi/6.3.1/../../../../arm-none-eabi/lib/thumb/v6-m\libc.a(lib_a-puts.o)
                0x00008334                _puts_r
 .text.puts     0x000083d4       0x14 c:/program files (x86)/atmel/studio/7.0/toolchain/arm/arm-gnu-toolchain/bin/../lib/gcc/arm-none-eabi/6.3.1/../../../../arm-none-eabi/lib/thumb/v6-m\libc.a(lib_a-puts.o)
                0x000083d4                puts
 .text.strlen   0x000083e8       0x64 c:/program files (x86)/atmel/studio/7.0/toolchain/arm/arm-gnu-toolchain/bin/../lib/gcc/arm-none-eabi/6.3.1/../../../../arm-none-eabi/lib/thumb/v6-m\libc.a(lib_a-strlen-stub.o)
                0x000083e8                strlen
 .text._vfprintf_r
                0x0000844c     0x16d8 c:/program files (x86)/atmel/studio/7.0/toolchain/arm/arm-gnu-toolchain/bin/../lib/gcc/arm-none-eabi/6.3.1/../../../../arm-none-eabi/lib/thumb/v6-m\libc.a(lib_a-vfprintf.o)
                0x0000844c                _vfprintf_r
 .text.__sbprintf
                0x00009b24       0x88 c:/program files (x86)/atmel/studio/7.0/toolchain/arm/arm-gnu-toolchain/bin/../lib/gcc/arm-none-eabi/6.3.1/../../../../arm-none-eabi/lib/thumb/v6-m\libc.a(lib_a-vfprintf.o)
 .text.__swsetup_r
                0x00009bac       0xd4 c:/program files (x86)/atmel/studio/7.0/toolchain/arm/arm-gnu-toolchain/bin/../lib/gcc/arm-none-eabi/6.3.1/../../../../arm-none-eabi/lib/thumb/v6-m\libc.a(lib_a-wsetup.o)
                0x00009bac                __swsetup_r
 .text.__register_exitproc
                0x00009c80       0xf4 c:/program files (x86)/atmel/studio/7.0/toolchain/arm/arm-gnu-toolchain/bin/../lib/gcc/arm-none-eabi/6.3.1/../../../../arm-none-eabi/lib/thumb/v6-m\libc.a(lib_a-__atexit.o)
                0x00009c80                __register_exitproc
 .text.startup.register_fini
                0x00009d74       0x18 c:/program files (x86)/atmel/studio/7.0/toolchain/arm/arm-gnu-toolchain/bin/../lib/gcc/arm-none-eabi/6.3.1/../../../../arm-none-eabi/lib/thumb/v6-m\libc.a(lib_a-__call_atexit.o)
 .text.atexit   0x00009d8c       0x10 c:/program files (x86)/atmel/studio/7.0/toolchain/arm/arm-gnu-toolchain/bin/../lib/gcc/arm-none-eabi/6.3.1/../../../../arm-none-eabi/lib/thumb/v6-m\libc.a(lib_a-atexit.o)
                0x00009d8c                atexit
 .text.quorem   0x00009d9c      0x154 c:/program files (x86)/atmel/studio/7.0/toolchain/arm/arm-gnu-toolchain/bin/../lib/gcc/arm-none-eabi/6.3.1/../../../../arm-none-eabi/lib/thumb/v6-m\libc.a(lib_a-dtoa.o)
 .text._dtoa_r  0x00009ef0      0xf88 c:/program files (x86)/atmel/studio/7.0/toolchain/arm/arm-gnu-toolchain/bin/../lib/gcc/arm-none-eabi/6.3.1/../../../../arm-none-eabi/lib/thumb/v6-m\libc.a(lib_a-dtoa.o)
                0x00009ef0                _dtoa_r
 .text.__sflush_r
                0x0000ae78      0x150 c:/program files (x86)/atmel/studio/7.0/toolchain/arm/arm-gnu-toolchain/bin/../lib/gcc/arm-none-eabi/6.3.1/../../../../arm-none-eabi/lib/thumb/v6-m\libc.a(lib_a-fflush.o)
                0x0000ae78                __sflush_r
 .text._fflush_r
                0x0000afc8       0x54 c:/program files (x86)/atmel/studio/7.0/toolchain/arm/arm-gnu-toolchain/bin/../lib/gcc/arm-none-eabi/6.3.1/../../../../arm-none-eabi/lib/thumb/v6-m\libc.a(lib_a-fflush.o)
                0x0000afc8                _fflush_r
 .text._cleanup_r
                0x0000b01c       0x10 c:/program files (x86)/atmel/studio/7.0/toolchain/arm/arm-gnu-toolchain/bin/../lib/gcc/arm-none-eabi/6.3.1/../../../../arm-none-eabi/lib/thumb/v6-m\libc.a(lib_a-findfp.o)
                0x0000b01c                _cleanup_r
 .text.std.isra.0
                0x0000b02c       0x50 c:/program files (x86)/atmel/studio/7.0/toolchain/arm/arm-gnu-toolchain/bin/../lib/gcc/arm-none-eabi/6.3.1/../../../../arm-none-eabi/lib/thumb/v6-m\libc.a(lib_a-findfp.o)
 .text.__sinit  0x0000b07c       0x60 c:/program files (x86)/atmel/studio/7.0/toolchain/arm/arm-gnu-toolchain/bin/../lib/gcc/arm-none-eabi/6.3.1/../../../../arm-none-eabi/lib/thumb/v6-m\libc.a(lib_a-findfp.o)
                0x0000b07c                __sinit
 .text.__sfp_lock_acquire
                0x0000b0dc       0x10 c:/program files (x86)/atmel/studio/7.0/toolchain/arm/arm-gnu-toolchain/bin/../lib/gcc/arm-none-eabi/6.3.1/../../../../arm-none-eabi/lib/thumb/v6-m\libc.a(lib_a-findfp.o)
                0x0000b0dc                __sfp_lock_acquire
 .text.__sfp_lock_release
                0x0000b0ec       0x10 c:/program files (x86)/atmel/studio/7.0/toolchain/arm/arm-gnu-toolchain/bin/../lib/gcc/arm-none-eabi/6.3.1/../../../../arm-none-eabi/lib/thumb/v6-m\libc.a(lib_a-findfp.o)
                0x0000b0ec                __sfp_lock_release
 .text.__libc_fini_array
                0x0000b0fc       0x34 c:/program files (x86)/atmel/studio/7.0/toolchain/arm/arm-gnu-toolchain/bin/../lib/gcc/arm-none-eabi/6.3.1/../../../../arm-none-eabi/lib/thumb/v6-m\libc.a(lib_a-fini.o)
                0x0000b0fc                __libc_fini_array
 .text._malloc_trim_r
                0x0000b130       0xa0 c:/program files (x86)/atmel/studio/7.0/toolchain/arm/arm-gnu-toolchain/bin/../lib/gcc/arm-none-eabi/6.3.1/../../../../arm-none-eabi/lib/thumb/v6-m\libc.a(lib_a-freer.o)
                0x0000b130                _malloc_trim_r
 .text._free_r  0x0000b1d0      0x1bc c:/program files (x86)/atmel/studio/7.0/toolchain/arm/arm-gnu-toolchain/bin/../lib/gcc/arm-none-eabi/6.3.1/../../../../arm-none-eabi/lib/thumb/v6-m\libc.a(lib_a-freer.o)
                0x0000b1d0                _free_r
 .text.__sfvwrite_r
                0x0000b38c      0x304 c:/program files (x86)/atmel/studio/7.0/toolchain/arm/arm-gnu-toolchain/bin/../lib/gcc/arm-none-eabi/6.3.1/../../../../arm-none-eabi/lib/thumb/v6-m\libc.a(lib_a-fvwrite.o)
                0x0000b38c                __sfvwrite_r
 .text._fwalk_reent
                0x0000b690       0x4c c:/program files (x86)/atmel/studio/7.0/toolchain/arm/arm-gnu-toolchain/bin/../lib/gcc/arm-none-eabi/6.3.1/../../../../arm-none-eabi/lib/thumb/v6-m\libc.a(lib_a-fwalk.o)
                0x0000b690                _fwalk_reent
 .text._localeconv_r
                0x0000b6dc       0x1c c:/program files (x86)/atmel/studio/7.0/toolchain/arm/arm-gnu-toolchain/bin/../lib/gcc/arm-none-eabi/6.3.1/../../../../arm-none-eabi/lib/thumb/v6-m\libc.a(lib_a-localeconv.o)
                0x0000b6dc                _localeconv_r
 .text.__retarget_lock_init_recursive
                0x0000b6f8        0x4 c:/program files (x86)/atmel/studio/7.0/toolchain/arm/arm-gnu-toolchain/bin/../lib/gcc/arm-none-eabi/6.3.1/../../../../arm-none-eabi/lib/thumb/v6-m\libc.a(lib_a-lock.o)
                0x0000b6f8                __retarget_lock_init_recursive
 .text.__retarget_lock_close_recursive
                0x0000b6fc        0x4 c:/program files (x86)/atmel/studio/7.0/toolchain/arm/arm-gnu-toolchain/bin/../lib/gcc/arm-none-eabi/6.3.1/../../../../arm-none-eabi/lib/thumb/v6-m\libc.a(lib_a-lock.o)
                0x0000b6fc                __retarget_lock_close_recursive
 .text.__retarget_lock_acquire_recursive
                0x0000b700        0x4 c:/program files (x86)/atmel/studio/7.0/toolchain/arm/arm-gnu-toolchain/bin/../lib/gcc/arm-none-eabi/6.3.1/../../../../arm-none-eabi/lib/thumb/v6-m\libc.a(lib_a-lock.o)
                0x0000b700                __retarget_lock_acquire_recursive
 .text.__retarget_lock_release_recursive
                0x0000b704        0x4 c:/program files (x86)/atmel/studio/7.0/toolchain/arm/arm-gnu-toolchain/bin/../lib/gcc/arm-none-eabi/6.3.1/../../../../arm-none-eabi/lib/thumb/v6-m\libc.a(lib_a-lock.o)
                0x0000b704                __retarget_lock_release_recursive
 .text.__swhatbuf_r
                0x0000b708       0x60 c:/program files (x86)/atmel/studio/7.0/toolchain/arm/arm-gnu-toolchain/bin/../lib/gcc/arm-none-eabi/6.3.1/../../../../arm-none-eabi/lib/thumb/v6-m\libc.a(lib_a-makebuf.o)
                0x0000b708                __swhatbuf_r
 .text.__smakebuf_r
                0x0000b768       0x90 c:/program files (x86)/atmel/studio/7.0/toolchain/arm/arm-gnu-toolchain/bin/../lib/gcc/arm-none-eabi/6.3.1/../../../../arm-none-eabi/lib/thumb/v6-m\libc.a(lib_a-makebuf.o)
                0x0000b768                __smakebuf_r
 .text._malloc_r
                0x0000b7f8      0x568 c:/program files (x86)/atmel/studio/7.0/toolchain/arm/arm-gnu-toolchain/bin/../lib/gcc/arm-none-eabi/6.3.1/../../../../arm-none-eabi/lib/thumb/v6-m\libc.a(lib_a-mallocr.o)
                0x0000b7f8                _malloc_r
 .text.memchr   0x0000bd60       0x80 c:/program files (x86)/atmel/studio/7.0/toolchain/arm/arm-gnu-toolchain/bin/../lib/gcc/arm-none-eabi/6.3.1/../../../../arm-none-eabi/lib/thumb/v6-m\libc.a(lib_a-memchr-stub.o)
                0x0000bd60                memchr
 .text.memmove  0x0000bde0       0xa0 c:/program files (x86)/atmel/studio/7.0/toolchain/arm/arm-gnu-toolchain/bin/../lib/gcc/arm-none-eabi/6.3.1/../../../../arm-none-eabi/lib/thumb/v6-m\libc.a(lib_a-memmove.o)
                0x0000bde0                memmove
 .text.__malloc_lock
                0x0000be80       0x10 c:/program files (x86)/atmel/studio/7.0/toolchain/arm/arm-gnu-toolchain/bin/../lib/gcc/arm-none-eabi/6.3.1/../../../../arm-none-eabi/lib/thumb/v6-m\libc.a(lib_a-mlock.o)
                0x0000be80                __malloc_lock
 .text.__malloc_unlock
                0x0000be90       0x10 c:/program files (x86)/atmel/studio/7.0/toolchain/arm/arm-gnu-toolchain/bin/../lib/gcc/arm-none-eabi/6.3.1/../../../../arm-none-eabi/lib/thumb/v6-m\libc.a(lib_a-mlock.o)
                0x0000be90                __malloc_unlock
 .text._Balloc  0x0000bea0       0x50 c:/program files (x86)/atmel/studio/7.0/toolchain/arm/arm-gnu-toolchain/bin/../lib/gcc/arm-none-eabi/6.3.1/../../../../arm-none-eabi/lib/thumb/v6-m\libc.a(lib_a-mprec.o)
                0x0000bea0                _Balloc
 .text._Bfree   0x0000bef0       0x14 c:/program files (x86)/atmel/studio/7.0/toolchain/arm/arm-gnu-toolchain/bin/../lib/gcc/arm-none-eabi/6.3.1/../../../../arm-none-eabi/lib/thumb/v6-m\libc.a(lib_a-mprec.o)
                0x0000bef0                _Bfree
 .text.__multadd
                0x0000bf04       0x8c c:/program files (x86)/atmel/studio/7.0/toolchain/arm/arm-gnu-toolchain/bin/../lib/gcc/arm-none-eabi/6.3.1/../../../../arm-none-eabi/lib/thumb/v6-m\libc.a(lib_a-mprec.o)
                0x0000bf04                __multadd
 .text.__hi0bits
                0x0000bf90       0x34 c:/program files (x86)/atmel/studio/7.0/toolchain/arm/arm-gnu-toolchain/bin/../lib/gcc/arm-none-eabi/6.3.1/../../../../arm-none-eabi/lib/thumb/v6-m\libc.a(lib_a-mprec.o)
                0x0000bf90                __hi0bits
 .text.__lo0bits
                0x0000bfc4       0x5c c:/program files (x86)/atmel/studio/7.0/toolchain/arm/arm-gnu-toolchain/bin/../lib/gcc/arm-none-eabi/6.3.1/../../../../arm-none-eabi/lib/thumb/v6-m\libc.a(lib_a-mprec.o)
                0x0000bfc4                __lo0bits
 .text.__i2b    0x0000c020       0x14 c:/program files (x86)/atmel/studio/7.0/toolchain/arm/arm-gnu-toolchain/bin/../lib/gcc/arm-none-eabi/6.3.1/../../../../arm-none-eabi/lib/thumb/v6-m\libc.a(lib_a-mprec.o)
                0x0000c020                __i2b
 .text.__multiply
                0x0000c034      0x154 c:/program files (x86)/atmel/studio/7.0/toolchain/arm/arm-gnu-toolchain/bin/../lib/gcc/arm-none-eabi/6.3.1/../../../../arm-none-eabi/lib/thumb/v6-m\libc.a(lib_a-mprec.o)
                0x0000c034                __multiply
 .text.__pow5mult
                0x0000c188       0xc0 c:/program files (x86)/atmel/studio/7.0/toolchain/arm/arm-gnu-toolchain/bin/../lib/gcc/arm-none-eabi/6.3.1/../../../../arm-none-eabi/lib/thumb/v6-m\libc.a(lib_a-mprec.o)
                0x0000c188                __pow5mult
 .text.__lshift
                0x0000c248       0xc0 c:/program files (x86)/atmel/studio/7.0/toolchain/arm/arm-gnu-toolchain/bin/../lib/gcc/arm-none-eabi/6.3.1/../../../../arm-none-eabi/lib/thumb/v6-m\libc.a(lib_a-mprec.o)
                0x0000c248                __lshift
 .text.__mcmp   0x0000c308       0x34 c:/program files (x86)/atmel/studio/7.0/toolchain/arm/arm-gnu-toolchain/bin/../lib/gcc/arm-none-eabi/6.3.1/../../../../arm-none-eabi/lib/thumb/v6-m\libc.a(lib_a-mprec.o)
                0x0000c308                __mcmp
 .text.__mdiff  0x0000c33c      0x138 c:/program files (x86)/atmel/studio/7.0/toolchain/arm/arm-gnu-toolchain/bin/../lib/gcc/arm-none-eabi/6.3.1/../../../../arm-none-eabi/lib/thumb/v6-m\libc.a(lib_a-mprec.o)
                0x0000c33c                __mdiff
 .text.__d2b    0x0000c474       0xbc c:/program files (x86)/atmel/studio/7.0/toolchain/arm/arm-gnu-toolchain/bin/../lib/gcc/arm-none-eabi/6.3.1/../../../../arm-none-eabi/lib/thumb/v6-m\libc.a(lib_a-mprec.o)
                0x0000c474                __d2b
 .text._realloc_r
                0x0000c530      0x37c c:/program files (x86)/atmel/studio/7.0/toolchain/arm/arm-gnu-toolchain/bin/../lib/gcc/arm-none-eabi/6.3.1/../../../../arm-none-eabi/lib/thumb/v6-m\libc.a(lib_a-reallocr.o)
                0x0000c530                _realloc_r
 .text._sbrk_r  0x0000c8ac       0x24 c:/program files (x86)/atmel/studio/7.0/toolchain/arm/arm-gnu-toolchain/bin/../lib/gcc/arm-none-eabi/6.3.1/../../../../arm-none-eabi/lib/thumb/v6-m\libc.a(lib_a-sbrkr.o)
                0x0000c8ac                _sbrk_r
 .text.__sread  0x0000c8d0       0x28 c:/program files (x86)/atmel/studio/7.0/toolchain/arm/arm-gnu-toolchain/bin/../lib/gcc/arm-none-eabi/6.3.1/../../../../arm-none-eabi/lib/thumb/v6-m\libc.a(lib_a-stdio.o)
                0x0000c8d0                __sread
 .text.__swrite
                0x0000c8f8       0x3c c:/program files (x86)/atmel/studio/7.0/toolchain/arm/arm-gnu-toolchain/bin/../lib/gcc/arm-none-eabi/6.3.1/../../../../arm-none-eabi/lib/thumb/v6-m\libc.a(lib_a-stdio.o)
                0x0000c8f8                __swrite
 .text.__sseek  0x0000c934       0x2c c:/program files (x86)/atmel/studio/7.0/toolchain/arm/arm-gnu-toolchain/bin/../lib/gcc/arm-none-eabi/6.3.1/../../../../arm-none-eabi/lib/thumb/v6-m\libc.a(lib_a-stdio.o)
                0x0000c934                __sseek
 .text.__sclose
                0x0000c960        0xc c:/program files (x86)/atmel/studio/7.0/toolchain/arm/arm-gnu-toolchain/bin/../lib/gcc/arm-none-eabi/6.3.1/../../../../arm-none-eabi/lib/thumb/v6-m\libc.a(lib_a-stdio.o)
                0x0000c960                __sclose
 .text.__sprint_r.part.0
                0x0000c96c       0x84 c:/program files (x86)/atmel/studio/7.0/toolchain/arm/arm-gnu-toolchain/bin/../lib/gcc/arm-none-eabi/6.3.1/../../../../arm-none-eabi/lib/thumb/v6-m\libc.a(lib_a-vfiprintf.o)
 .text.__sprint_r
                0x0000c9f0       0x14 c:/program files (x86)/atmel/studio/7.0/toolchain/arm/arm-gnu-toolchain/bin/../lib/gcc/arm-none-eabi/6.3.1/../../../../arm-none-eabi/lib/thumb/v6-m\libc.a(lib_a-vfiprintf.o)
                0x0000c9f0                __sprint_r
 .text._write_r
                0x0000ca04       0x28 c:/program files (x86)/atmel/studio/7.0/toolchain/arm/arm-gnu-toolchain/bin/../lib/gcc/arm-none-eabi/6.3.1/../../../../arm-none-eabi/lib/thumb/v6-m\libc.a(lib_a-writer.o)
                0x0000ca04                _write_r
 .text._calloc_r
                0x0000ca2c       0x58 c:/program files (x86)/atmel/studio/7.0/toolchain/arm/arm-gnu-toolchain/bin/../lib/gcc/arm-none-eabi/6.3.1/../../../../arm-none-eabi/lib/thumb/v6-m\libc.a(lib_a-callocr.o)
                0x0000ca2c                _calloc_r
 .text._close_r
                0x0000ca84       0x24 c:/program files (x86)/atmel/studio/7.0/toolchain/arm/arm-gnu-toolchain/bin/../lib/gcc/arm-none-eabi/6.3.1/../../../../arm-none-eabi/lib/thumb/v6-m\libc.a(lib_a-closer.o)
                0x0000ca84                _close_r
 .text._fclose_r
                0x0000caa8       0xcc c:/program files (x86)/atmel/studio/7.0/toolchain/arm/arm-gnu-toolchain/bin/../lib/gcc/arm-none-eabi/6.3.1/../../../../arm-none-eabi/lib/thumb/v6-m\libc.a(lib_a-fclose.o)
                0x0000caa8                _fclose_r
 .text.__fputwc
                0x0000cb74       0x98 c:/program files (x86)/atmel/studio/7.0/toolchain/arm/arm-gnu-toolchain/bin/../lib/gcc/arm-none-eabi/6.3.1/../../../../arm-none-eabi/lib/thumb/v6-m\libc.a(lib_a-fputwc.o)
                0x0000cb74                __fputwc
 .text._fputwc_r
                0x0000cc0c       0x5c c:/program files (x86)/atmel/studio/7.0/toolchain/arm/arm-gnu-toolchain/bin/../lib/gcc/arm-none-eabi/6.3.1/../../../../arm-none-eabi/lib/thumb/v6-m\libc.a(lib_a-fputwc.o)
                0x0000cc0c                _fputwc_r
 .text._fstat_r
                0x0000cc68       0x28 c:/program files (x86)/atmel/studio/7.0/toolchain/arm/arm-gnu-toolchain/bin/../lib/gcc/arm-none-eabi/6.3.1/../../../../arm-none-eabi/lib/thumb/v6-m\libc.a(lib_a-fstatr.o)
                0x0000cc68                _fstat_r
 .text._isatty_r
                0x0000cc90       0x24 c:/program files (x86)/atmel/studio/7.0/toolchain/arm/arm-gnu-toolchain/bin/../lib/gcc/arm-none-eabi/6.3.1/../../../../arm-none-eabi/lib/thumb/v6-m\libc.a(lib_a-isattyr.o)
                0x0000cc90                _isatty_r
 .text.__locale_mb_cur_max
                0x0000ccb4       0x20 c:/program files (x86)/atmel/studio/7.0/toolchain/arm/arm-gnu-toolchain/bin/../lib/gcc/arm-none-eabi/6.3.1/../../../../arm-none-eabi/lib/thumb/v6-m\libc.a(lib_a-locale.o)
                0x0000ccb4                __locale_mb_cur_max
 .text._lseek_r
                0x0000ccd4       0x28 c:/program files (x86)/atmel/studio/7.0/toolchain/arm/arm-gnu-toolchain/bin/../lib/gcc/arm-none-eabi/6.3.1/../../../../arm-none-eabi/lib/thumb/v6-m\libc.a(lib_a-lseekr.o)
                0x0000ccd4                _lseek_r
 .text.__ascii_mbtowc
                0x0000ccfc       0x2c c:/program files (x86)/atmel/studio/7.0/toolchain/arm/arm-gnu-toolchain/bin/../lib/gcc/arm-none-eabi/6.3.1/../../../../arm-none-eabi/lib/thumb/v6-m\libc.a(lib_a-mbtowc_r.o)
                0x0000ccfc                __ascii_mbtowc
 .text._read_r  0x0000cd28       0x28 c:/program files (x86)/atmel/studio/7.0/toolchain/arm/arm-gnu-toolchain/bin/../lib/gcc/arm-none-eabi/6.3.1/../../../../arm-none-eabi/lib/thumb/v6-m\libc.a(lib_a-readr.o)
                0x0000cd28                _read_r
 .text.__swbuf_r
                0x0000cd50       0xbc c:/program files (x86)/atmel/studio/7.0/toolchain/arm/arm-gnu-toolchain/bin/../lib/gcc/arm-none-eabi/6.3.1/../../../../arm-none-eabi/lib/thumb/v6-m\libc.a(lib_a-wbuf.o)
                0x0000cd50                __swbuf_r
 .text._wcrtomb_r
                0x0000ce0c       0x54 c:/program files (x86)/atmel/studio/7.0/toolchain/arm/arm-gnu-toolchain/bin/../lib/gcc/arm-none-eabi/6.3.1/../../../../arm-none-eabi/lib/thumb/v6-m\libc.a(lib_a-wcrtomb.o)
                0x0000ce0c                _wcrtomb_r
 .text.__ascii_wctomb
                0x0000ce60       0x1c c:/program files (x86)/atmel/studio/7.0/toolchain/arm/arm-gnu-toolchain/bin/../lib/gcc/arm-none-eabi/6.3.1/../../../../arm-none-eabi/lib/thumb/v6-m\libc.a(lib_a-wctomb_r.o)
                0x0000ce60                __ascii_wctomb
 .text._close   0x0000ce7c       0x10 c:/program files (x86)/atmel/studio/7.0/toolchain/arm/arm-gnu-toolchain/bin/../lib/gcc/arm-none-eabi/6.3.1/../../../../arm-none-eabi/lib/thumb/v6-m\libnosys.a(close.o)
                0x0000ce7c                _close
 .text._fstat   0x0000ce8c       0x10 c:/program files (x86)/atmel/studio/7.0/toolchain/arm/arm-gnu-toolchain/bin/../lib/gcc/arm-none-eabi/6.3.1/../../../../arm-none-eabi/lib/thumb/v6-m\libnosys.a(fstat.o)
                0x0000ce8c                _fstat
 .text._isatty  0x0000ce9c       0x10 c:/program files (x86)/atmel/studio/7.0/toolchain/arm/arm-gnu-toolchain/bin/../lib/gcc/arm-none-eabi/6.3.1/../../../../arm-none-eabi/lib/thumb/v6-m\libnosys.a(isatty.o)
                0x0000ce9c                _isatty
 .text._lseek   0x0000ceac       0x10 c:/program files (x86)/atmel/studio/7.0/toolchain/arm/arm-gnu-toolchain/bin/../lib/gcc/arm-none-eabi/6.3.1/../../../../arm-none-eabi/lib/thumb/v6-m\libnosys.a(lseek.o)
                0x0000ceac                _lseek
 .text._read    0x0000cebc       0x10 c:/program files (x86)/atmel/studio/7.0/toolchain/arm/arm-gnu-toolchain/bin/../lib/gcc/arm-none-eabi/6.3.1/../../../../arm-none-eabi/lib/thumb/v6-m\libnosys.a(read.o)
                0x0000cebc                _read
 .text._sbrk    0x0000cecc       0x1c c:/program files (x86)/atmel/studio/7.0/toolchain/arm/arm-gnu-toolchain/bin/../lib/gcc/arm-none-eabi/6.3.1/../../../../arm-none-eabi/lib/thumb/v6-m\libnosys.a(sbrk.o)
                0x0000cecc                _sbrk
 .text._write   0x0000cee8       0x10 c:/program files (x86)/atmel/studio/7.0/toolchain/arm/arm-gnu-toolchain/bin/../lib/gcc/arm-none-eabi/6.3.1/../../../../arm-none-eabi/lib/thumb/v6-m\libnosys.a(write.o)
                0x0000cee8                _write
 *(.glue_7t)
 .glue_7t       0x0000cef8        0x0 linker stubs
 *(.glue_7)
 .glue_7        0x0000cef8        0x0 linker stubs
 *(.rodata .rodata* .gnu.linkonce.r.*)
 .rodata        0x0000cef8       0xac ADF5610Driver.o
 .rodata.str1.4
                0x0000cfa4       0x9f ADF5610Driver.o
 *fill*         0x0000d043        0x1 
 .rodata        0x0000d044        0x8 C:\Salukat\Purificador\SoftwareDevelopment\Atmel_Microchip\SAMD21_BSP\SAMD21_BSP\Release\libSAMD21_BSP.a(hpl_eic.o)
 .rodata        0x0000d04c       0x4b C:\Salukat\Purificador\SoftwareDevelopment\Atmel_Microchip\SAMD21_BSP\SAMD21_BSP\Release\libSAMD21_BSP.a(hpl_sercom.o)
 *fill*         0x0000d097        0x1 
 .rodata        0x0000d098       0x28 C:\Salukat\Purificador\SoftwareDevelopment\Atmel_Microchip\SAMD21_BSP\SAMD21_BSP\Release\libSAMD21_BSP.a(hpl_tc.o)
 .rodata        0x0000d0c0       0x3c C:\Salukat\Purificador\SoftwareDevelopment\Atmel_Microchip\SAMD21_BSP\SAMD21_BSP\Release\libSAMD21_BSP.a(hpl_usb.o)
 .rodata.log.str1.4
                0x0000d0fc        0x4 c:/program files (x86)/atmel/studio/7.0/toolchain/arm/arm-gnu-toolchain/bin/../lib/gcc/arm-none-eabi/6.3.1/../../../../arm-none-eabi/lib/thumb/v6-m\libm.a(lib_a-w_log.o)
                                  0x5 (size before relaxing)
 .rodata.pow.str1.4
                0x0000d100        0x4 c:/program files (x86)/atmel/studio/7.0/toolchain/arm/arm-gnu-toolchain/bin/../lib/gcc/arm-none-eabi/6.3.1/../../../../arm-none-eabi/lib/thumb/v6-m\libm.a(lib_a-w_pow.o)
 .rodata.__ieee754_pow.str1.4
                0x0000d104        0x1 c:/program files (x86)/atmel/studio/7.0/toolchain/arm/arm-gnu-toolchain/bin/../lib/gcc/arm-none-eabi/6.3.1/../../../../arm-none-eabi/lib/thumb/v6-m\libm.a(lib_a-e_pow.o)
 *fill*         0x0000d104        0x4 
 .rodata.TWO52  0x0000d108       0x10 c:/program files (x86)/atmel/studio/7.0/toolchain/arm/arm-gnu-toolchain/bin/../lib/gcc/arm-none-eabi/6.3.1/../../../../arm-none-eabi/lib/thumb/v6-m\libm.a(lib_a-s_rint.o)
 .rodata        0x0000d118       0x40 c:/program files (x86)/atmel/studio/7.0/toolchain/arm/arm-gnu-toolchain/bin/../lib/gcc/arm-none-eabi/6.3.1/thumb/v6-m\libgcc.a(mulsf3.o)
 .rodata        0x0000d158       0x40 c:/program files (x86)/atmel/studio/7.0/toolchain/arm/arm-gnu-toolchain/bin/../lib/gcc/arm-none-eabi/6.3.1/thumb/v6-m\libgcc.a(divdf3.o)
 .rodata        0x0000d198       0x40 c:/program files (x86)/atmel/studio/7.0/toolchain/arm/arm-gnu-toolchain/bin/../lib/gcc/arm-none-eabi/6.3.1/thumb/v6-m\libgcc.a(muldf3.o)
 .rodata._global_impure_ptr
                0x0000d1d8        0x4 c:/program files (x86)/atmel/studio/7.0/toolchain/arm/arm-gnu-toolchain/bin/../lib/gcc/arm-none-eabi/6.3.1/../../../../arm-none-eabi/lib/thumb/v6-m\libc.a(lib_a-impure.o)
                0x0000d1d8                _global_impure_ptr
 .rodata._puts_r.str1.4
                0x0000d1dc        0x2 c:/program files (x86)/atmel/studio/7.0/toolchain/arm/arm-gnu-toolchain/bin/../lib/gcc/arm-none-eabi/6.3.1/../../../../arm-none-eabi/lib/thumb/v6-m\libc.a(lib_a-puts.o)
 *fill*         0x0000d1de        0x2 
 .rodata._vfprintf_r
                0x0000d1e0      0x164 c:/program files (x86)/atmel/studio/7.0/toolchain/arm/arm-gnu-toolchain/bin/../lib/gcc/arm-none-eabi/6.3.1/../../../../arm-none-eabi/lib/thumb/v6-m\libc.a(lib_a-vfprintf.o)
 .rodata._vfprintf_r.str1.4
                0x0000d344       0x42 c:/program files (x86)/atmel/studio/7.0/toolchain/arm/arm-gnu-toolchain/bin/../lib/gcc/arm-none-eabi/6.3.1/../../../../arm-none-eabi/lib/thumb/v6-m\libc.a(lib_a-vfprintf.o)
 *fill*         0x0000d386        0x2 
 .rodata.blanks.7238
                0x0000d388       0x10 c:/program files (x86)/atmel/studio/7.0/toolchain/arm/arm-gnu-toolchain/bin/../lib/gcc/arm-none-eabi/6.3.1/../../../../arm-none-eabi/lib/thumb/v6-m\libc.a(lib_a-vfprintf.o)
 .rodata.zeroes.7239
                0x0000d398       0x10 c:/program files (x86)/atmel/studio/7.0/toolchain/arm/arm-gnu-toolchain/bin/../lib/gcc/arm-none-eabi/6.3.1/../../../../arm-none-eabi/lib/thumb/v6-m\libc.a(lib_a-vfprintf.o)
 .rodata._dtoa_r.str1.4
                0x0000d3a8       0x10 c:/program files (x86)/atmel/studio/7.0/toolchain/arm/arm-gnu-toolchain/bin/../lib/gcc/arm-none-eabi/6.3.1/../../../../arm-none-eabi/lib/thumb/v6-m\libc.a(lib_a-dtoa.o)
                                 0x12 (size before relaxing)
 .rodata.__mprec_bigtens
                0x0000d3b8       0x28 c:/program files (x86)/atmel/studio/7.0/toolchain/arm/arm-gnu-toolchain/bin/../lib/gcc/arm-none-eabi/6.3.1/../../../../arm-none-eabi/lib/thumb/v6-m\libc.a(lib_a-mprec.o)
                0x0000d3b8                __mprec_bigtens
 .rodata.__mprec_tens
                0x0000d3e0       0xc8 c:/program files (x86)/atmel/studio/7.0/toolchain/arm/arm-gnu-toolchain/bin/../lib/gcc/arm-none-eabi/6.3.1/../../../../arm-none-eabi/lib/thumb/v6-m\libc.a(lib_a-mprec.o)
                0x0000d3e0                __mprec_tens
 .rodata.p05.6055
                0x0000d4a8        0xc c:/program files (x86)/atmel/studio/7.0/toolchain/arm/arm-gnu-toolchain/bin/../lib/gcc/arm-none-eabi/6.3.1/../../../../arm-none-eabi/lib/thumb/v6-m\libc.a(lib_a-mprec.o)
 .rodata._setlocale_r.str1.4
                0x0000d4b4        0xa c:/program files (x86)/atmel/studio/7.0/toolchain/arm/arm-gnu-toolchain/bin/../lib/gcc/arm-none-eabi/6.3.1/../../../../arm-none-eabi/lib/thumb/v6-m\libc.a(lib_a-locale.o)
                                  0xd (size before relaxing)
 *fill*         0x0000d4be        0x2 
 .rodata.str1.4
                0x0000d4c0        0x4 c:/program files (x86)/atmel/studio/7.0/toolchain/arm/arm-gnu-toolchain/bin/../lib/gcc/arm-none-eabi/6.3.1/../../../../arm-none-eabi/lib/thumb/v6-m\libc.a(lib_a-locale.o)
                                  0x2 (size before relaxing)
 .rodata._ctype_
                0x0000d4c4      0x101 c:/program files (x86)/atmel/studio/7.0/toolchain/arm/arm-gnu-toolchain/bin/../lib/gcc/arm-none-eabi/6.3.1/../../../../arm-none-eabi/lib/thumb/v6-m\libc.a(lib_a-ctype_.o)
                0x0000d4c4                _ctype_
 *(.ARM.extab* .gnu.linkonce.armextab.*)
                0x0000d5c8                . = ALIGN (0x4)
 *fill*         0x0000d5c5        0x3 
 *(.init)
 .init          0x0000d5c8        0x4 c:/program files (x86)/atmel/studio/7.0/toolchain/arm/arm-gnu-toolchain/bin/../lib/gcc/arm-none-eabi/6.3.1/thumb/v6-m/crti.o
                0x0000d5c8                _init
 .init          0x0000d5cc        0x8 c:/program files (x86)/atmel/studio/7.0/toolchain/arm/arm-gnu-toolchain/bin/../lib/gcc/arm-none-eabi/6.3.1/thumb/v6-m/crtn.o
                0x0000d5d4                . = ALIGN (0x4)
                0x0000d5d4                __preinit_array_start = .
 *(.preinit_array)
                0x0000d5d4                __preinit_array_end = .
                0x0000d5d4                . = ALIGN (0x4)
                0x0000d5d4                __init_array_start = .
 *(SORT(.init_array.*))
 .init_array.00000
                0x0000d5d4        0x4 c:/program files (x86)/atmel/studio/7.0/toolchain/arm/arm-gnu-toolchain/bin/../lib/gcc/arm-none-eabi/6.3.1/../../../../arm-none-eabi/lib/thumb/v6-m\libc.a(lib_a-__call_atexit.o)
 *(.init_array)
 .init_array    0x0000d5d8        0x4 c:/program files (x86)/atmel/studio/7.0/toolchain/arm/arm-gnu-toolchain/bin/../lib/gcc/arm-none-eabi/6.3.1/thumb/v6-m/crtbegin.o
 .init_array    0x0000d5dc        0x4 ADF5610Driver.o
 .init_array    0x0000d5e0        0x4 main.o
                0x0000d5e4                __init_array_end = .
                0x0000d5e4                . = ALIGN (0x4)
 *crtbegin.o(.ctors)
 *(EXCLUDE_FILE(*crtend.o) .ctors)
 *(SORT(.ctors.*))
 *crtend.o(.ctors)
                0x0000d5e4                . = ALIGN (0x4)
 *(.fini)
 .fini          0x0000d5e4        0x4 c:/program files (x86)/atmel/studio/7.0/toolchain/arm/arm-gnu-toolchain/bin/../lib/gcc/arm-none-eabi/6.3.1/thumb/v6-m/crti.o
                0x0000d5e4                _fini
 .fini          0x0000d5e8        0x8 c:/program files (x86)/atmel/studio/7.0/toolchain/arm/arm-gnu-toolchain/bin/../lib/gcc/arm-none-eabi/6.3.1/thumb/v6-m/crtn.o
                0x0000d5f0                . = ALIGN (0x4)
                0x0000d5f0                __fini_array_start = .
 *(.fini_array)
 .fini_array    0x0000d5f0        0x4 c:/program files (x86)/atmel/studio/7.0/toolchain/arm/arm-gnu-toolchain/bin/../lib/gcc/arm-none-eabi/6.3.1/thumb/v6-m/crtbegin.o
 *(SORT(.fini_array.*))
                0x0000d5f4                __fini_array_end = .
 *crtbegin.o(.dtors)
 *(EXCLUDE_FILE(*crtend.o) .dtors)
 *(SORT(.dtors.*))
 *crtend.o(.dtors)
                0x0000d5f4                . = ALIGN (0x4)
                0x0000d5f4                _efixed = .
                [!provide]                PROVIDE (__exidx_start, .)

.vfp11_veneer   0x0000d5f4        0x0
 .vfp11_veneer  0x0000d5f4        0x0 linker stubs

.v4_bx          0x0000d5f4        0x0
 .v4_bx         0x0000d5f4        0x0 linker stubs

.iplt           0x0000d5f4        0x0
 .iplt          0x0000d5f4        0x0 c:/program files (x86)/atmel/studio/7.0/toolchain/arm/arm-gnu-toolchain/bin/../lib/gcc/arm-none-eabi/6.3.1/thumb/v6-m/crtbegin.o

.ARM.exidx      0x0000d5f4        0x8
 *(.ARM.exidx* .gnu.linkonce.armexidx.*)
 .ARM.exidx.text.__aeabi_atexit
                0x0000d5f4        0x8 c:/program files (x86)/atmel/studio/7.0/toolchain/arm/arm-gnu-toolchain/bin/../lib/gcc/arm-none-eabi/6.3.1/../../../../arm-none-eabi/lib/thumb/v6-m\libstdc++.a(atexit_arm.o)
 .ARM.exidx     0x0000d5fc        0x0 c:/program files (x86)/atmel/studio/7.0/toolchain/arm/arm-gnu-toolchain/bin/../lib/gcc/arm-none-eabi/6.3.1/thumb/v6-m\libgcc.a(_udivmoddi4.o)
                                  0x8 (size before relaxing)
                [!provide]                PROVIDE (__exidx_end, .)

.eh_frame       0x0000d5fc        0x0
 .eh_frame      0x0000d5fc        0x0 c:/program files (x86)/atmel/studio/7.0/toolchain/arm/arm-gnu-toolchain/bin/../lib/gcc/arm-none-eabi/6.3.1/thumb/v6-m/crtbegin.o

.rel.dyn        0x0000d5fc        0x0
 .rel.iplt      0x0000d5fc        0x0 c:/program files (x86)/atmel/studio/7.0/toolchain/arm/arm-gnu-toolchain/bin/../lib/gcc/arm-none-eabi/6.3.1/thumb/v6-m/crtbegin.o

.jcr            0x0000d5fc        0x0
 .jcr           0x0000d5fc        0x0 c:/program files (x86)/atmel/studio/7.0/toolchain/arm/arm-gnu-toolchain/bin/../lib/gcc/arm-none-eabi/6.3.1/thumb/v6-m/crtbegin.o

.igot.plt       0x0000d5fc        0x0
 .igot.plt      0x0000d5fc        0x0 c:/program files (x86)/atmel/studio/7.0/toolchain/arm/arm-gnu-toolchain/bin/../lib/gcc/arm-none-eabi/6.3.1/thumb/v6-m/crtbegin.o
                0x0000d5fc                . = ALIGN (0x4)
                0x0000d5fc                _etext = .

.relocate       0x20000000      0xa20 load address 0x0000d5fc
                0x20000000                . = ALIGN (0x4)
                0x20000000                _srelocate = .
 *(.ramfunc .ramfunc.*)
 *(.data .data.*)
 .data          0x20000000        0x4 c:/program files (x86)/atmel/studio/7.0/toolchain/arm/arm-gnu-toolchain/bin/../lib/gcc/arm-none-eabi/6.3.1/thumb/v6-m/crtbegin.o
                0x20000000                __dso_handle
 .data          0x20000004       0x5d C:\Salukat\Purificador\SoftwareDevelopment\Atmel_Microchip\SAMD21_BSP\SAMD21_BSP\Release\libSAMD21_BSP.a(usb_start.o)
 *fill*         0x20000061        0x3 
 .data          0x20000064        0x8 C:\Salukat\Purificador\SoftwareDevelopment\Atmel_Microchip\SAMD21_BSP\SAMD21_BSP\Release\libSAMD21_BSP.a(cdcdf_acm.o)
 .data.__fdlib_version
                0x2000006c        0x1 c:/program files (x86)/atmel/studio/7.0/toolchain/arm/arm-gnu-toolchain/bin/../lib/gcc/arm-none-eabi/6.3.1/../../../../arm-none-eabi/lib/thumb/v6-m\libm.a(lib_a-s_lib_ver.o)
                0x2000006c                __fdlib_version
 *fill*         0x2000006d        0x3 
 .data._impure_ptr
                0x20000070        0x4 c:/program files (x86)/atmel/studio/7.0/toolchain/arm/arm-gnu-toolchain/bin/../lib/gcc/arm-none-eabi/6.3.1/../../../../arm-none-eabi/lib/thumb/v6-m\libc.a(lib_a-impure.o)
                0x20000070                _impure_ptr
 *fill*         0x20000074        0x4 
 .data.impure_data
                0x20000078      0x428 c:/program files (x86)/atmel/studio/7.0/toolchain/arm/arm-gnu-toolchain/bin/../lib/gcc/arm-none-eabi/6.3.1/../../../../arm-none-eabi/lib/thumb/v6-m\libc.a(lib_a-impure.o)
 .data.__atexit_recursive_mutex
                0x200004a0        0x4 c:/program files (x86)/atmel/studio/7.0/toolchain/arm/arm-gnu-toolchain/bin/../lib/gcc/arm-none-eabi/6.3.1/../../../../arm-none-eabi/lib/thumb/v6-m\libc.a(lib_a-__call_atexit.o)
                0x200004a0                __atexit_recursive_mutex
 .data.__malloc_av_
                0x200004a4      0x408 c:/program files (x86)/atmel/studio/7.0/toolchain/arm/arm-gnu-toolchain/bin/../lib/gcc/arm-none-eabi/6.3.1/../../../../arm-none-eabi/lib/thumb/v6-m\libc.a(lib_a-mallocr.o)
                0x200004a4                __malloc_av_
 .data.__malloc_sbrk_base
                0x200008ac        0x4 c:/program files (x86)/atmel/studio/7.0/toolchain/arm/arm-gnu-toolchain/bin/../lib/gcc/arm-none-eabi/6.3.1/../../../../arm-none-eabi/lib/thumb/v6-m\libc.a(lib_a-mallocr.o)
                0x200008ac                __malloc_sbrk_base
 .data.__malloc_trim_threshold