Archive member included to satisfy reference by file (symbol)

c:/program files (x86)/atmel/studio/7.0/toolchain/avr8/avr8-gnu-toolchain/bin/../lib/gcc/avr/5.4.0/avrxmega4\libgcc.a(_exit.o)
                              C:/Program Files (x86)/Atmel/Studio/7.0/Packs/atmel/AVR-Dx_DFP/1.6.76/gcc/dev/avr128db48/avrxmega4/crtavr128db48.o (exit)
c:/program files (x86)/atmel/studio/7.0/toolchain/avr8/avr8-gnu-toolchain/bin/../lib/gcc/avr/5.4.0/avrxmega4\libgcc.a(_copy_data.o)
                              examples/src/spi_basic_example.o (__do_copy_data)
c:/program files (x86)/atmel/studio/7.0/toolchain/avr8/avr8-gnu-toolchain/bin/../lib/gcc/avr/5.4.0/avrxmega4\libgcc.a(_clear_bss.o)
                              examples/src/usart_basic_example.o (__do_clear_bss)
c:/program files (x86)/atmel/studio/7.0/toolchain/avr8/avr8-gnu-toolchain/bin/../lib/gcc/avr/5.4.0/../../../../avr/lib/avrxmega4\libc.a(strncmp.o)
                              examples/src/spi_basic_example.o (strncmp)
c:/program files (x86)/atmel/studio/7.0/toolchain/avr8/avr8-gnu-toolchain/bin/../lib/gcc/avr/5.4.0/../../../../avr/lib/avrxmega4\libc.a(iob.o)
                              src/usart_basic.o (__iob)
c:/program files (x86)/atmel/studio/7.0/toolchain/avr8/avr8-gnu-toolchain/bin/../lib/gcc/avr/5.4.0/../../../../avr/lib/avrxmega4\libc.a(printf.o)
                              examples/src/usart_basic_example.o (printf)
c:/program files (x86)/atmel/studio/7.0/toolchain/avr8/avr8-gnu-toolchain/bin/../lib/gcc/avr/5.4.0/../../../../avr/lib/avrxmega4\libc.a(vfprintf_std.o)
                              c:/program files (x86)/atmel/studio/7.0/toolchain/avr8/avr8-gnu-toolchain/bin/../lib/gcc/avr/5.4.0/../../../../avr/lib/avrxmega4\libc.a(printf.o) (vfprintf)
c:/program files (x86)/atmel/studio/7.0/toolchain/avr8/avr8-gnu-toolchain/bin/../lib/gcc/avr/5.4.0/../../../../avr/lib/avrxmega4\libc.a(strnlen_P.o)
                              c:/program files (x86)/atmel/studio/7.0/toolchain/avr8/avr8-gnu-toolchain/bin/../lib/gcc/avr/5.4.0/../../../../avr/lib/avrxmega4\libc.a(vfprintf_std.o) (strnlen_P)
c:/program files (x86)/atmel/studio/7.0/toolchain/avr8/avr8-gnu-toolchain/bin/../lib/gcc/avr/5.4.0/../../../../avr/lib/avrxmega4\libc.a(strnlen.o)
                              c:/program files (x86)/atmel/studio/7.0/toolchain/avr8/avr8-gnu-toolchain/bin/../lib/gcc/avr/5.4.0/../../../../avr/lib/avrxmega4\libc.a(vfprintf_std.o) (strnlen)
c:/program files (x86)/atmel/studio/7.0/toolchain/avr8/avr8-gnu-toolchain/bin/../lib/gcc/avr/5.4.0/../../../../avr/lib/avrxmega4\libc.a(fputc.o)
                              c:/program files (x86)/atmel/studio/7.0/toolchain/avr8/avr8-gnu-toolchain/bin/../lib/gcc/avr/5.4.0/../../../../avr/lib/avrxmega4\libc.a(vfprintf_std.o) (fputc)
c:/program files (x86)/atmel/studio/7.0/toolchain/avr8/avr8-gnu-toolchain/bin/../lib/gcc/avr/5.4.0/../../../../avr/lib/avrxmega4\libc.a(ultoa_invert.o)
                              c:/program files (x86)/atmel/studio/7.0/toolchain/avr8/avr8-gnu-toolchain/bin/../lib/gcc/avr/5.4.0/../../../../avr/lib/avrxmega4\libc.a(vfprintf_std.o) (__ultoa_invert)

Allocating common symbols
Common symbol       size              file

__iob               0x6               c:/program files (x86)/atmel/studio/7.0/toolchain/avr8/avr8-gnu-toolchain/bin/../lib/gcc/avr/5.4.0/../../../../avr/lib/avrxmega4\libc.a(iob.o)

Discarded input sections

 .data          0x00000000        0x0 C:/Program Files (x86)/Atmel/Studio/7.0/Packs/atmel/AVR-Dx_DFP/1.6.76/gcc/dev/avr128db48/avrxmega4/crtavr128db48.o
 .bss           0x00000000        0x0 C:/Program Files (x86)/Atmel/Studio/7.0/Packs/atmel/AVR-Dx_DFP/1.6.76/gcc/dev/avr128db48/avrxmega4/crtavr128db48.o
 .text          0x00000000        0x0 atmel_start.o
 .data          0x00000000        0x0 atmel_start.o
 .bss           0x00000000        0x0 atmel_start.o
 .text          0x00000000        0x0 driver_isr.o
 .data          0x00000000        0x0 driver_isr.o
 .bss           0x00000000        0x0 driver_isr.o
 .text          0x00000000        0x0 examples/src/spi_basic_example.o
 .data          0x00000000        0x0 examples/src/spi_basic_example.o
 .bss           0x00000000        0x0 examples/src/spi_basic_example.o
 .text.drive_slave_select_high
                0x00000000        0x2 examples/src/spi_basic_example.o
 .rodata.str1.1
                0x00000000        0x5 examples/src/spi_basic_example.o
 .text.SPI_REFERENCE_test_spi_basic
                0x00000000       0x26 examples/src/spi_basic_example.o
 .text.SPI_ZCD_test_spi_basic
                0x00000000       0x38 examples/src/spi_basic_example.o
 .data.buffer   0x00000000       0x10 examples/src/spi_basic_example.o
 .debug_info    0x00000000      0x1f8 examples/src/spi_basic_example.o
 .debug_abbrev  0x00000000       0xdf examples/src/spi_basic_example.o
 .debug_aranges
                0x00000000       0x30 examples/src/spi_basic_example.o
 .debug_ranges  0x00000000       0x20 examples/src/spi_basic_example.o
 .debug_line    0x00000000      0x14c examples/src/spi_basic_example.o
 .debug_str     0x00000000      0x278 examples/src/spi_basic_example.o
 .comment       0x00000000       0x31 examples/src/spi_basic_example.o
 .debug_frame   0x00000000       0x44 examples/src/spi_basic_example.o
 .text          0x00000000        0x0 examples/src/usart_basic_example.o
 .data          0x00000000        0x0 examples/src/usart_basic_example.o
 .bss           0x00000000        0x0 examples/src/usart_basic_example.o
 .rodata.str1.1
                0x00000000        0x9 examples/src/usart_basic_example.o
 .text.USART_0_test_usart_basic
                0x00000000       0x72 examples/src/usart_basic_example.o
 .bss.rx        0x00000000       0x10 examples/src/usart_basic_example.o
 .debug_info    0x00000000      0x13f examples/src/usart_basic_example.o
 .debug_abbrev  0x00000000       0xcd examples/src/usart_basic_example.o
 .debug_loc     0x00000000       0xa9 examples/src/usart_basic_example.o
 .debug_aranges
                0x00000000       0x20 examples/src/usart_basic_example.o
 .debug_ranges  0x00000000       0x10 examples/src/usart_basic_example.o
 .debug_line    0x00000000      0x13e examples/src/usart_basic_example.o
 .debug_str     0x00000000      0x1f2 examples/src/usart_basic_example.o
 .comment       0x00000000       0x31 examples/src/usart_basic_example.o
 .debug_frame   0x00000000       0x48 examples/src/usart_basic_example.o
 .text          0x00000000        0x0 main.o
 .data          0x00000000        0x0 main.o
 .bss           0x00000000        0x0 main.o
 .text          0x00000000        0x0 src/bod.o
 .data          0x00000000        0x0 src/bod.o
 .bss           0x00000000        0x0 src/bod.o
 .text          0x00000000        0x0 src/clkctrl.o
 .data          0x00000000        0x0 src/clkctrl.o
 .bss           0x00000000        0x0 src/clkctrl.o
 .text          0x00000000        0x0 src/cpuint.o
 .data          0x00000000        0x0 src/cpuint.o
 .bss           0x00000000        0x0 src/cpuint.o
 .text          0x00000000        0x0 src/driver_init.o
 .data          0x00000000        0x0 src/driver_init.o
 .bss           0x00000000        0x0 src/driver_init.o
 .text          0x00000000        0x0 src/evsys.o
 .data          0x00000000        0x0 src/evsys.o
 .bss           0x00000000        0x0 src/evsys.o
 .text          0x00000000        0x0 src/opamp_basic.o
 .data          0x00000000        0x0 src/opamp_basic.o
 .bss           0x00000000        0x0 src/opamp_basic.o
 .text.OPERATIONAL_AMPLIFIER_0_EnableSystem
                0x00000000        0xc src/opamp_basic.o
 .text.OPERATIONAL_AMPLIFIER_0_DisableSystem
                0x00000000        0xc src/opamp_basic.o
 .text.OPERATIONAL_AMPLIFIER_0_SetOP0PositiveInMux
                0x00000000        0xe src/opamp_basic.o
 .text.OPERATIONAL_AMPLIFIER_0_SetOP0NegativeInMux
                0x00000000        0xe src/opamp_basic.o
 .text.OPERATIONAL_AMPLIFIER_0_SetOP0TopResMux
                0x00000000        0xe src/opamp_basic.o
 .text.OPERATIONAL_AMPLIFIER_0_SetOP0BottomResMux
                0x00000000        0xe src/opamp_basic.o
 .text.OPERATIONAL_AMPLIFIER_0_SetOP0WiperResMux
                0x00000000        0xe src/opamp_basic.o
 .text.OPERATIONAL_AMPLIFIER_0_SetOP0SettleTime
                0x00000000        0x6 src/opamp_basic.o
 .text.OPERATIONAL_AMPLIFIER_0_OPAMP_IsOP0Settled
                0x00000000        0xe src/opamp_basic.o
 .text.OPERATIONAL_AMPLIFIER_0_SetOP0OffsetCalibration
                0x00000000        0x6 src/opamp_basic.o
 .text.OPERATIONAL_AMPLIFIER_0_SetOP1PositiveInMux
                0x00000000        0xe src/opamp_basic.o
 .text.OPERATIONAL_AMPLIFIER_0_SetOP1NegativeInMux
                0x00000000        0xe src/opamp_basic.o
 .text.OPERATIONAL_AMPLIFIER_0_SetOP1TopResMux
                0x00000000        0xe src/opamp_basic.o
 .text.OPERATIONAL_AMPLIFIER_0_SetOP1BottomResMux
                0x00000000        0xe src/opamp_basic.o
 .text.OPERATIONAL_AMPLIFIER_0_SetOP1WiperResMux
                0x00000000        0xe src/opamp_basic.o
 .text.OPERATIONAL_AMPLIFIER_0_SetOP1SettleTime
                0x00000000        0x6 src/opamp_basic.o
 .text.OPERATIONAL_AMPLIFIER_0_OPAMP_IsOP1Settled
                0x00000000        0xe src/opamp_basic.o
 .text.OPERATIONAL_AMPLIFIER_0_SetOP1OffsetCalibration
                0x00000000        0x6 src/opamp_basic.o
 .text.OPERATIONAL_AMPLIFIER_0_SetOP2PositiveInMux
                0x00000000        0xe src/opamp_basic.o
 .text.OPERATIONAL_AMPLIFIER_0_SetOP2NegativeInMux
                0x00000000        0xe src/opamp_basic.o
 .text.OPERATIONAL_AMPLIFIER_0_SetOP2TopResMux
                0x00000000        0xe src/opamp_basic.o
 .text.OPERATIONAL_AMPLIFIER_0_SetOP2BottomResMux
                0x00000000        0xe src/opamp_basic.o
 .text.OPERATIONAL_AMPLIFIER_0_SetOP2WiperResMux
                0x00000000        0xe src/opamp_basic.o
 .text.OPERATIONAL_AMPLIFIER_0_SetOP2SettleTime
                0x00000000        0x6 src/opamp_basic.o
 .text.OPERATIONAL_AMPLIFIER_0_OPAMP_IsOP2Settled
                0x00000000        0xe src/opamp_basic.o
 .text.OPERATIONAL_AMPLIFIER_0_SetOP2OffsetCalibration
                0x00000000        0x6 src/opamp_basic.o
 .text          0x00000000        0x0 src/protected_io.o
 .data          0x00000000        0x0 src/protected_io.o
 .bss           0x00000000        0x0 src/protected_io.o
 .text          0x00000000        0x0 src/rtc.o
 .data          0x00000000        0x0 src/rtc.o
 .bss           0x00000000        0x0 src/rtc.o
 .text          0x00000000        0x0 src/slpctrl.o
 .data          0x00000000        0x0 src/slpctrl.o
 .bss           0x00000000        0x0 src/slpctrl.o
 .text.SLPCTRL_set_sleep_mode
                0x00000000       0x10 src/slpctrl.o
 .text          0x00000000        0x0 src/spi_basic.o
 .data          0x00000000        0x0 src/spi_basic.o
 .bss           0x00000000        0x0 src/spi_basic.o
 .text.SPI_REFERENCE_enable
                0x00000000        0xc src/spi_basic.o
 .text.SPI_REFERENCE_disable
                0x00000000        0xc src/spi_basic.o
 .text.SPI_REFERENCE_selected
                0x00000000        0xc src/spi_basic.o
 .text.SPI_REFERENCE_get_rx_data
                0x00000000        0x6 src/spi_basic.o
 .text.SPI_REFERENCE_write_tx_data
                0x00000000        0x6 src/spi_basic.o
 .text.SPI_REFERENCE_wait_dataready
                0x00000000        0xa src/spi_basic.o
 .text.SPI_REFERENCE_exchange_byte
                0x00000000       0x1a src/spi_basic.o
 .text.SPI_REFERENCE_exchange_block
                0x00000000       0x24 src/spi_basic.o
 .text.SPI_REFERENCE_write_block
                0x00000000       0x24 src/spi_basic.o
 .text.SPI_REFERENCE_read_block
                0x00000000       0x22 src/spi_basic.o
 .text.SPI_ZCD_enable
                0x00000000        0xc src/spi_basic.o
 .text.SPI_ZCD_disable
                0x00000000        0xc src/spi_basic.o
 .text.SPI_ZCD_register_callback
                0x00000000        0xa src/spi_basic.o
 .text.SPI_ZCD_status_free
                0x00000000        0xc src/spi_basic.o
 .text.SPI_ZCD_status_idle
                0x00000000        0xe src/spi_basic.o
 .text.SPI_ZCD_status_busy
                0x00000000        0xe src/spi_basic.o
 .text.SPI_ZCD_status_done
                0x00000000        0xe src/spi_basic.o
 .text.SPI_ZCD_exchange_byte
                0x00000000       0x28 src/spi_basic.o
 .text.SPI_ZCD_exchange_block
                0x00000000       0x1a src/spi_basic.o
 .text.SPI_ZCD_write_block
                0x00000000       0x1a src/spi_basic.o
 .text.SPI_ZCD_read_block
                0x00000000       0x18 src/spi_basic.o
 .text          0x00000000        0x0 src/tcb.o
 .data          0x00000000        0x0 src/tcb.o
 .bss           0x00000000        0x0 src/tcb.o
 .text          0x00000000        0x0 src/tcd.o
 .data          0x00000000        0x0 src/tcd.o
 .bss           0x00000000        0x0 src/tcd.o
 .text          0x00000000        0x0 src/usart_basic.o
 .data          0x00000000        0x0 src/usart_basic.o
 .bss           0x00000000        0x0 src/usart_basic.o
 .text.USART_0_enable
                0x00000000        0xc src/usart_basic.o
 .text.USART_0_enable_rx
                0x00000000        0xc src/usart_basic.o
 .text.USART_0_enable_tx
                0x00000000        0xc src/usart_basic.o
 .text.USART_0_disable
                0x00000000        0xc src/usart_basic.o
 .text.USART_0_get_data
                0x00000000        0x6 src/usart_basic.o
 .text.USART_0_is_tx_ready
                0x00000000        0xc src/usart_basic.o
 .text.USART_0_is_rx_ready
                0x00000000        0xc src/usart_basic.o
 .text.USART_0_is_tx_busy
                0x00000000       0x14 src/usart_basic.o
 .text.USART_0_read
                0x00000000        0xe src/usart_basic.o
 .text          0x00000000        0x0 src/vref.o
 .data          0x00000000        0x0 src/vref.o
 .bss           0x00000000        0x0 src/vref.o
 .text          0x00000000        0x0 src/zcd.o
 .data          0x00000000        0x0 src/zcd.o
 .bss           0x00000000        0x0 src/zcd.o
 .text          0x00000000        0x0 c:/program files (x86)/atmel/studio/7.0/toolchain/avr8/avr8-gnu-toolchain/bin/../lib/gcc/avr/5.4.0/avrxmega4\libgcc.a(_exit.o)
 .data          0x00000000        0x0 c:/program files (x86)/atmel/studio/7.0/toolchain/avr8/avr8-gnu-toolchain/bin/../lib/gcc/avr/5.4.0/avrxmega4\libgcc.a(_exit.o)
 .bss           0x00000000        0x0 c:/program files (x86)/atmel/studio/7.0/toolchain/avr8/avr8-gnu-toolchain/bin/../lib/gcc/avr/5.4.0/avrxmega4\libgcc.a(_exit.o)
 .text.libgcc.mul
                0x00000000        0x0 c:/program files (x86)/atmel/studio/7.0/toolchain/avr8/avr8-gnu-toolchain/bin/../lib/gcc/avr/5.4.0/avrxmega4\libgcc.a(_exit.o)
 .text.libgcc.div
                0x00000000        0x0 c:/program files (x86)/atmel/studio/7.0/toolchain/avr8/avr8-gnu-toolchain/bin/../lib/gcc/avr/5.4.0/avrxmega4\libgcc.a(_exit.o)
 .text.libgcc   0x00000000        0x0 c:/program files (x86)/atmel/studio/7.0/toolchain/avr8/avr8-gnu-toolchain/bin/../lib/gcc/avr/5.4.0/avrxmega4\libgcc.a(_exit.o)
 .text.libgcc.prologue
                0x00000000        0x0 c:/program files (x86)/atmel/studio/7.0/toolchain/avr8/avr8-gnu-toolchain/bin/../lib/gcc/avr/5.4.0/avrxmega4\libgcc.a(_exit.o)
 .text.libgcc.builtins
                0x00000000        0x0 c:/program files (x86)/atmel/studio/7.0/toolchain/avr8/avr8-gnu-toolchain/bin/../lib/gcc/avr/5.4.0/avrxmega4\libgcc.a(_exit.o)
 .text.libgcc.fmul
                0x00000000        0x0 c:/program files (x86)/atmel/studio/7.0/toolchain/avr8/avr8-gnu-toolchain/bin/../lib/gcc/avr/5.4.0/avrxmega4\libgcc.a(_exit.o)
 .text.libgcc.fixed
                0x00000000        0x0 c:/program files (x86)/atmel/studio/7.0/toolchain/avr8/avr8-gnu-toolchain/bin/../lib/gcc/avr/5.4.0/avrxmega4\libgcc.a(_exit.o)
 .text          0x00000000        0x0 c:/program files (x86)/atmel/studio/7.0/toolchain/avr8/avr8-gnu-toolchain/bin/../lib/gcc/avr/5.4.0/avrxmega4\libgcc.a(_copy_data.o)
 .data          0x00000000        0x0 c:/program files (x86)/atmel/studio/7.0/toolchain/avr8/avr8-gnu-toolchain/bin/../lib/gcc/avr/5.4.0/avrxmega4\libgcc.a(_copy_data.o)
 .bss           0x00000000        0x0 c:/program files (x86)/atmel/studio/7.0/toolchain/avr8/avr8-gnu-toolchain/bin/../lib/gcc/avr/5.4.0/avrxmega4\libgcc.a(_copy_data.o)
 .text.libgcc.mul
                0x00000000        0x0 c:/program files (x86)/atmel/studio/7.0/toolchain/avr8/avr8-gnu-toolchain/bin/../lib/gcc/avr/5.4.0/avrxmega4\libgcc.a(_copy_data.o)
 .text.libgcc.div
                0x00000000        0x0 c:/program files (x86)/atmel/studio/7.0/toolchain/avr8/avr8-gnu-toolchain/bin/../lib/gcc/avr/5.4.0/avrxmega4\libgcc.a(_copy_data.o)
 .text.libgcc   0x00000000        0x0 c:/program files (x86)/atmel/studio/7.0/toolchain/avr8/avr8-gnu-toolchain/bin/../lib/gcc/avr/5.4.0/avrxmega4\libgcc.a(_copy_data.o)
 .text.libgcc.prologue
                0x00000000        0x0 c:/program files (x86)/atmel/studio/7.0/toolchain/avr8/avr8-gnu-toolchain/bin/../lib/gcc/avr/5.4.0/avrxmega4\libgcc.a(_copy_data.o)
 .text.libgcc.builtins
                0x00000000        0x0 c:/program files (x86)/atmel/studio/7.0/toolchain/avr8/avr8-gnu-toolchain/bin/../lib/gcc/avr/5.4.0/avrxmega4\libgcc.a(_copy_data.o)
 .text.libgcc.fmul
                0x00000000        0x0 c:/program files (x86)/atmel/studio/7.0/toolchain/avr8/avr8-gnu-toolchain/bin/../lib/gcc/avr/5.4.0/avrxmega4\libgcc.a(_copy_data.o)
 .text.libgcc.fixed
                0x00000000        0x0 c:/program files (x86)/atmel/studio/7.0/toolchain/avr8/avr8-gnu-toolchain/bin/../lib/gcc/avr/5.4.0/avrxmega4\libgcc.a(_copy_data.o)
 .text          0x00000000        0x0 c:/program files (x86)/atmel/studio/7.0/toolchain/avr8/avr8-gnu-toolchain/bin/../lib/gcc/avr/5.4.0/avrxmega4\libgcc.a(_clear_bss.o)
 .data          0x00000000        0x0 c:/program files (x86)/atmel/studio/7.0/toolchain/avr8/avr8-gnu-toolchain/bin/../lib/gcc/avr/5.4.0/avrxmega4\libgcc.a(_clear_bss.o)
 .bss           0x00000000        0x0 c:/program files (x86)/atmel/studio/7.0/toolchain/avr8/avr8-gnu-toolchain/bin/../lib/gcc/avr/5.4.0/avrxmega4\libgcc.a(_clear_bss.o)
 .text.libgcc.mul
                0x00000000        0x0 c:/program files (x86)/atmel/studio/7.0/toolchain/avr8/avr8-gnu-toolchain/bin/../lib/gcc/avr/5.4.0/avrxmega4\libgcc.a(_clear_bss.o)
 .text.libgcc.div
                0x00000000        0x0 c:/program files (x86)/atmel/studio/7.0/toolchain/avr8/avr8-gnu-toolchain/bin/../lib/gcc/avr/5.4.0/avrxmega4\libgcc.a(_clear_bss.o)
 .text.libgcc   0x00000000        0x0 c:/program files (x86)/atmel/studio/7.0/toolchain/avr8/avr8-gnu-toolchain/bin/../lib/gcc/avr/5.4.0/avrxmega4\libgcc.a(_clear_bss.o)
 .text.libgcc.prologue
                0x00000000        0x0 c:/program files (x86)/atmel/studio/7.0/toolchain/avr8/avr8-gnu-toolchain/bin/../lib/gcc/avr/5.4.0/avrxmega4\libgcc.a(_clear_bss.o)
 .text.libgcc.builtins
                0x00000000        0x0 c:/program files (x86)/atmel/studio/7.0/toolchain/avr8/avr8-gnu-toolchain/bin/../lib/gcc/avr/5.4.0/avrxmega4\libgcc.a(_clear_bss.o)
 .text.libgcc.fmul
                0x00000000        0x0 c:/program files (x86)/atmel/studio/7.0/toolchain/avr8/avr8-gnu-toolchain/bin/../lib/gcc/avr/5.4.0/avrxmega4\libgcc.a(_clear_bss.o)
 .text.libgcc.fixed
                0x00000000        0x0 c:/program files (x86)/atmel/studio/7.0/toolchain/avr8/avr8-gnu-toolchain/bin/../lib/gcc/avr/5.4.0/avrxmega4\libgcc.a(_clear_bss.o)
 .text          0x00000000        0x0 c:/program files (x86)/atmel/studio/7.0/toolchain/avr8/avr8-gnu-toolchain/bin/../lib/gcc/avr/5.4.0/../../../../avr/lib/avrxmega4\libc.a(strncmp.o)
 .data          0x00000000        0x0 c:/program files (x86)/atmel/studio/7.0/toolchain/avr8/avr8-gnu-toolchain/bin/../lib/gcc/avr/5.4.0/../../../../avr/lib/avrxmega4\libc.a(strncmp.o)
 .bss           0x00000000        0x0 c:/program files (x86)/atmel/studio/7.0/toolchain/avr8/avr8-gnu-toolchain/bin/../lib/gcc/avr/5.4.0/../../../../avr/lib/avrxmega4\libc.a(strncmp.o)
 .text.avr-libc
                0x00000000       0x1c c:/program files (x86)/atmel/studio/7.0/toolchain/avr8/avr8-gnu-toolchain/bin/../lib/gcc/avr/5.4.0/../../../../avr/lib/avrxmega4\libc.a(strncmp.o)
 .text          0x00000000        0x0 c:/program files (x86)/atmel/studio/7.0/toolchain/avr8/avr8-gnu-toolchain/bin/../lib/gcc/avr/5.4.0/../../../../avr/lib/avrxmega4\libc.a(iob.o)
 .data          0x00000000        0x0 c:/program files (x86)/atmel/studio/7.0/toolchain/avr8/avr8-gnu-toolchain/bin/../lib/gcc/avr/5.4.0/../../../../avr/lib/avrxmega4\libc.a(iob.o)
 .bss           0x00000000        0x0 c:/program files (x86)/atmel/studio/7.0/toolchain/avr8/avr8-gnu-toolchain/bin/../lib/gcc/avr/5.4.0/../../../../avr/lib/avrxmega4\libc.a(iob.o)
 .text          0x00000000        0x0 c:/program files (x86)/atmel/studio/7.0/toolchain/avr8/avr8-gnu-toolchain/bin/../lib/gcc/avr/5.4.0/../../../../avr/lib/avrxmega4\libc.a(printf.o)
 .data          0x00000000        0x0 c:/program files (x86)/atmel/studio/7.0/toolchain/avr8/avr8-gnu-toolchain/bin/../lib/gcc/avr/5.4.0/../../../../avr/lib/avrxmega4\libc.a(printf.o)
 .bss           0x00000000        0x0 c:/program files (x86)/atmel/studio/7.0/toolchain/avr8/avr8-gnu-toolchain/bin/../lib/gcc/avr/5.4.0/../../../../avr/lib/avrxmega4\libc.a(printf.o)
 .text.avr-libc
                0x00000000       0x28 c:/program files (x86)/atmel/studio/7.0/toolchain/avr8/avr8-gnu-toolchain/bin/../lib/gcc/avr/5.4.0/../../../../avr/lib/avrxmega4\libc.a(printf.o)
 .comment       0x00000000       0x31 c:/program files (x86)/atmel/studio/7.0/toolchain/avr8/avr8-gnu-toolchain/bin/../lib/gcc/avr/5.4.0/../../../../avr/lib/avrxmega4\libc.a(printf.o)
 .text          0x00000000        0x0 c:/program files (x86)/atmel/studio/7.0/toolchain/avr8/avr8-gnu-toolchain/bin/../lib/gcc/avr/5.4.0/../../../../avr/lib/avrxmega4\libc.a(vfprintf_std.o)
 .data          0x00000000        0x0 c:/program files (x86)/atmel/studio/7.0/toolchain/avr8/avr8-gnu-toolchain/bin/../lib/gcc/avr/5.4.0/../../../../avr/lib/avrxmega4\libc.a(vfprintf_std.o)
 .bss           0x00000000        0x0 c:/program files (x86)/atmel/studio/7.0/toolchain/avr8/avr8-gnu-toolchain/bin/../lib/gcc/avr/5.4.0/../../../../avr/lib/avrxmega4\libc.a(vfprintf_std.o)
 .text.avr-libc
                0x00000000      0x408 c:/program files (x86)/atmel/studio/7.0/toolchain/avr8/avr8-gnu-toolchain/bin/../lib/gcc/avr/5.4.0/../../../../avr/lib/avrxmega4\libc.a(vfprintf_std.o)
 .comment       0x00000000       0x2d c:/program files (x86)/atmel/studio/7.0/toolchain/avr8/avr8-gnu-toolchain/bin/../lib/gcc/avr/5.4.0/../../../../avr/lib/avrxmega4\libc.a(vfprintf_std.o)
 .text          0x00000000        0x0 c:/program files (x86)/atmel/studio/7.0/toolchain/avr8/avr8-gnu-toolchain/bin/../lib/gcc/avr/5.4.0/../../../../avr/lib/avrxmega4\libc.a(strnlen_P.o)
 .data          0x00000000        0x0 c:/program files (x86)/atmel/studio/7.0/toolchain/avr8/avr8-gnu-toolchain/bin/../lib/gcc/avr/5.4.0/../../../../avr/lib/avrxmega4\libc.a(strnlen_P.o)
 .bss           0x00000000        0x0 c:/program files (x86)/atmel/studio/7.0/toolchain/avr8/avr8-gnu-toolchain/bin/../lib/gcc/avr/5.4.0/../../../../avr/lib/avrxmega4\libc.a(strnlen_P.o)
 .text.avr-libc
                0x00000000       0x16 c:/program files (x86)/atmel/studio/7.0/toolchain/avr8/avr8-gnu-toolchain/bin/../lib/gcc/avr/5.4.0/../../../../avr/lib/avrxmega4\libc.a(strnlen_P.o)
 .text          0x00000000        0x0 c:/program files (x86)/atmel/studio/7.0/toolchain/avr8/avr8-gnu-toolchain/bin/../lib/gcc/avr/5.4.0/../../../../avr/lib/avrxmega4\libc.a(strnlen.o)
 .data          0x00000000        0x0 c:/program files (x86)/atmel/studio/7.0/toolchain/avr8/avr8-gnu-toolchain/bin/../lib/gcc/avr/5.4.0/../../../../avr/lib/avrxmega4\libc.a(strnlen.o)
 .bss           0x00000000        0x0 c:/program files (x86)/atmel/studio/7.0/toolchain/avr8/avr8-gnu-toolchain/bin/../lib/gcc/avr/5.4.0/../../../../avr/lib/avrxmega4\libc.a(strnlen.o)
 .text.avr-libc
                0x00000000       0x16 c:/program files (x86)/atmel/studio/7.0/toolchain/avr8/avr8-gnu-toolchain/bin/../lib/gcc/avr/5.4.0/../../../../avr/lib/avrxmega4\libc.a(strnlen.o)
 .text          0x00000000        0x0 c:/program files (x86)/atmel/studio/7.0/toolchain/avr8/avr8-gnu-toolchain/bin/../lib/gcc/avr/5.4.0/../../../../avr/lib/avrxmega4\libc.a(fputc.o)
 .data          0x00000000        0x0 c:/program files (x86)/atmel/studio/7.0/toolchain/avr8/avr8-gnu-toolchain/bin/../lib/gcc/avr/5.4.0/../../../../avr/lib/avrxmega4\libc.a(fputc.o)
 .bss           0x00000000        0x0 c:/program files (x86)/atmel/studio/7.0/toolchain/avr8/avr8-gnu-toolchain/bin/../lib/gcc/avr/5.4.0/../../../../avr/lib/avrxmega4\libc.a(fputc.o)
 .text.avr-libc
                0x00000000       0x78 c:/program files (x86)/atmel/studio/7.0/toolchain/avr8/avr8-gnu-toolchain/bin/../lib/gcc/avr/5.4.0/../../../../avr/lib/avrxmega4\libc.a(fputc.o)
 .comment       0x00000000       0x31 c:/program files (x86)/atmel/studio/7.0/toolchain/avr8/avr8-gnu-toolchain/bin/../lib/gcc/avr/5.4.0/../../../../avr/lib/avrxmega4\libc.a(fputc.o)
 .text          0x00000000        0x0 c:/program files (x86)/atmel/studio/7.0/toolchain/avr8/avr8-gnu-toolchain/bin/../lib/gcc/avr/5.4.0/../../../../avr/lib/avrxmega4\libc.a(ultoa_invert.o)
 .data          0x00000000        0x0 c:/program files (x86)/atmel/studio/7.0/toolchain/avr8/avr8-gnu-toolchain/bin/../lib/gcc/avr/5.4.0/../../../../avr/lib/avrxmega4\libc.a(ultoa_invert.o)
 .bss           0x00000000        0x0 c:/program files (x86)/atmel/studio/7.0/toolchain/avr8/avr8-gnu-toolchain/bin/../lib/gcc/avr/5.4.0/../../../../avr/lib/avrxmega4\libc.a(ultoa_invert.o)
 .text.avr-libc
                0x00000000       0xbc c:/program files (x86)/atmel/studio/7.0/toolchain/avr8/avr8-gnu-toolchain/bin/../lib/gcc/avr/5.4.0/../../../../avr/lib/avrxmega4\libc.a(ultoa_invert.o)

Memory Configuration

Name             Origin             Length             Attributes
text             0x00000000         0x00020000         xr
data             0x00804000         0x00004000         rw !x
eeprom           0x00810000         0x00000200         rw !x
fuse             0x00820000         0x00000010         rw !x
lock             0x00830000         0x00000400         rw !x
signature        0x00840000         0x00000400         rw !x
user_signatures  0x00850000         0x00000400         rw !x
*default*        0x00000000         0xffffffff

Linker script and memory map

Address of section .data set to 0x804000
                0x00008000                __RODATA_PM_OFFSET__ = 0x8000
LOAD C:/Program Files (x86)/Atmel/Studio/7.0/Packs/atmel/AVR-Dx_DFP/1.6.76/gcc/dev/avr128db48/avrxmega4/crtavr128db48.o
LOAD atmel_start.o
LOAD driver_isr.o
LOAD examples/src/spi_basic_example.o
LOAD examples/src/usart_basic_example.o
LOAD main.o
LOAD src/bod.o
LOAD src/clkctrl.o
LOAD src/cpuint.o
LOAD src/driver_init.o
LOAD src/evsys.o
LOAD src/opamp_basic.o
LOAD src/protected_io.o
LOAD src/rtc.o
LOAD src/slpctrl.o
LOAD src/spi_basic.o
LOAD src/tcb.o
LOAD src/tcd.o
LOAD src/usart_basic.o
LOAD src/vref.o
LOAD src/zcd.o
START GROUP
LOAD c:/program files (x86)/atmel/studio/7.0/toolchain/avr8/avr8-gnu-toolchain/bin/../lib/gcc/avr/5.4.0/../../../../avr/lib/avrxmega4\libm.a
END GROUP
START GROUP
LOAD c:/program files (x86)/atmel/studio/7.0/toolchain/avr8/avr8-gnu-toolchain/bin/../lib/gcc/avr/5.4.0/avrxmega4\libgcc.a
LOAD c:/program files (x86)/atmel/studio/7.0/toolchain/avr8/avr8-gnu-toolchain/bin/../lib/gcc/avr/5.4.0/../../../../avr/lib/avrxmega4\libm.a
LOAD c:/program files (x86)/atmel/studio/7.0/toolchain/avr8/avr8-gnu-toolchain/bin/../lib/gcc/avr/5.4.0/../../../../avr/lib/avrxmega4\libc.a
LOAD C:/Program Files (x86)/Atmel/Studio/7.0/Packs/atmel/AVR-Dx_DFP/1.6.76/gcc/dev/avr128db48/avrxmega4\libavr128db48.a
END GROUP
                [0x00000000]                __TEXT_REGION_ORIGIN__ = DEFINED (__TEXT_REGION_ORIGIN__)?__TEXT_REGION_ORIGIN__:0x0
                [0x00804000]                __DATA_REGION_ORIGIN__ = DEFINED (__DATA_REGION_ORIGIN__)?__DATA_REGION_ORIGIN__:0x802000
                [0x00020000]                __TEXT_REGION_LENGTH__ = DEFINED (__TEXT_REGION_LENGTH__)?__TEXT_REGION_LENGTH__:0x100000
                [0x00004000]                __DATA_REGION_LENGTH__ = DEFINED (__DATA_REGION_LENGTH__)?__DATA_REGION_LENGTH__:0xffa0
                [0x00000200]                __EEPROM_REGION_LENGTH__ = DEFINED (__EEPROM_REGION_LENGTH__)?__EEPROM_REGION_LENGTH__:0x10000
                [0x00000010]                __FUSE_REGION_LENGTH__ = DEFINED (__FUSE_REGION_LENGTH__)?__FUSE_REGION_LENGTH__:0x400
                0x00000400                __LOCK_REGION_LENGTH__ = DEFINED (__LOCK_REGION_LENGTH__)?__LOCK_REGION_LENGTH__:0x400
                0x00000400                __SIGNATURE_REGION_LENGTH__ = DEFINED (__SIGNATURE_REGION_LENGTH__)?__SIGNATURE_REGION_LENGTH__:0x400
                0x00000400                __USER_SIGNATURE_REGION_LENGTH__ = DEFINED (__USER_SIGNATURE_REGION_LENGTH__)?__USER_SIGNATURE_REGION_LENGTH__:0x400

.hash
 *(.hash)

.dynsym
 *(.dynsym)

.dynstr
 *(.dynstr)

.gnu.version
 *(.gnu.version)

.gnu.version_d
 *(.gnu.version_d)

.gnu.version_r
 *(.gnu.version_r)

.rel.init
 *(.rel.init)

.rela.init
 *(.rela.init)

.rel.text
 *(.rel.text)
 *(.rel.text.*)
 *(.rel.gnu.linkonce.t*)

.rela.text
 *(.rela.text)
 *(.rela.text.*)
 *(.rela.gnu.linkonce.t*)

.rel.fini
 *(.rel.fini)

.rela.fini
 *(.rela.fini)

.rel.rodata
 *(.rel.rodata)
 *(.rel.rodata.*)
 *(.rel.gnu.linkonce.r*)

.rela.rodata
 *(.rela.rodata)
 *(.rela.rodata.*)
 *(.rela.gnu.linkonce.r*)

.rel.data
 *(.rel.data)
 *(.rel.data.*)
 *(.rel.gnu.linkonce.d*)

.rela.data
 *(.rela.data)
 *(.rela.data.*)
 *(.rela.gnu.linkonce.d*)

.rel.ctors
 *(.rel.ctors)

.rela.ctors
 *(.rela.ctors)

.rel.dtors
 *(.rel.dtors)

.rela.dtors
 *(.rela.dtors)

.rel.got
 *(.rel.got)

.rela.got
 *(.rela.got)

.rel.bss
 *(.rel.bss)

.rela.bss
 *(.rela.bss)

.rel.plt
 *(.rel.plt)

.rela.plt
 *(.rela.plt)

.text           0x00000000      0x5ac
 *(.vectors)
 .vectors       0x00000000       0xf4 C:/Program Files (x86)/Atmel/Studio/7.0/Packs/atmel/AVR-Dx_DFP/1.6.76/gcc/dev/avr128db48/avrxmega4/crtavr128db48.o
                0x00000000                __vector_default
                0x00000000                __vectors
 *(.vectors)
 *(.progmem.gcc*)
                0x000000f4                . = ALIGN (0x2)
                0x000000f4                __trampolines_start = .
 *(.trampolines)
 .trampolines   0x000000f4        0x0 linker stubs
 *(.trampolines*)
                0x000000f4                __trampolines_end = .
 *libprintf_flt.a:*(.progmem.data)
 *libc.a:*(.progmem.data)
 *(.progmem*)
                0x000000f4                . = ALIGN (0x2)
 *(.jumptables)
 *(.jumptables*)
 *(.lowtext)
 *(.lowtext*)
                0x000000f4                __ctors_start = .
 *(.ctors)
                0x000000f4                __ctors_end = .
                0x000000f4                __dtors_start = .
 *(.dtors)
                0x000000f4                __dtors_end = .
 SORT(*)(.ctors)
 SORT(*)(.dtors)
 *(.init0)
 .init0         0x000000f4        0x0 C:/Program Files (x86)/Atmel/Studio/7.0/Packs/atmel/AVR-Dx_DFP/1.6.76/gcc/dev/avr128db48/avrxmega4/crtavr128db48.o
                0x000000f4                __init
 *(.init0)
 *(.init1)
 *(.init1)
 *(.init2)
 .init2         0x000000f4        0xc C:/Program Files (x86)/Atmel/Studio/7.0/Packs/atmel/AVR-Dx_DFP/1.6.76/gcc/dev/avr128db48/avrxmega4/crtavr128db48.o
 *(.init2)
 *(.init3)
 *(.init3)
 *(.init4)
 .init4         0x00000100       0x1a c:/program files (x86)/atmel/studio/7.0/toolchain/avr8/avr8-gnu-toolchain/bin/../lib/gcc/avr/5.4.0/avrxmega4\libgcc.a(_copy_data.o)
                0x00000100                __do_copy_data
 .init4         0x0000011a       0x10 c:/program files (x86)/atmel/studio/7.0/toolchain/avr8/avr8-gnu-toolchain/bin/../lib/gcc/avr/5.4.0/avrxmega4\libgcc.a(_clear_bss.o)
                0x0000011a                __do_clear_bss
 *(.init4)
 *(.init5)
 *(.init5)
 *(.init6)
 *(.init6)
 *(.init7)
 *(.init7)
 *(.init8)
 *(.init8)
 *(.init9)
 .init9         0x0000012a        0x8 C:/Program Files (x86)/Atmel/Studio/7.0/Packs/atmel/AVR-Dx_DFP/1.6.76/gcc/dev/avr128db48/avrxmega4/crtavr128db48.o
 *(.init9)
 *(.text)
 .text          0x00000132        0x4 C:/Program Files (x86)/Atmel/Studio/7.0/Packs/atmel/AVR-Dx_DFP/1.6.76/gcc/dev/avr128db48/avrxmega4/crtavr128db48.o
                0x00000132                __vector_38
                0x00000132                __vector_22
                0x00000132                __vector_28
                0x00000132                __vector_1
                0x00000132                __vector_32
                0x00000132                __vector_34
                0x00000132                __vector_24
                0x00000132                __vector_12
                0x00000132                __vector_55
                0x00000132                __vector_46
                0x00000132                __bad_interrupt
                0x00000132                __vector_6
                0x00000132                __vector_31
                0x00000132                __vector_35
                0x00000132                __vector_39
                0x00000132                __vector_3
                0x00000132                __vector_23
                0x00000132                __vector_30
                0x00000132                __vector_45
                0x00000132                __vector_25
                0x00000132                __vector_11
                0x00000132                __vector_54
                0x00000132                __vector_13
                0x00000132                __vector_17
                0x00000132                __vector_19
                0x00000132                __vector_56
                0x00000132                __vector_7
                0x00000132                __vector_49
                0x00000132                __vector_41
                0x00000132                __vector_43
                0x00000132                __vector_27
                0x00000132                __vector_5
                0x00000132                __vector_33
                0x00000132                __vector_47
                0x00000132                __vector_52
                0x00000132                __vector_4
                0x00000132                __vector_44
                0x00000132                __vector_51
                0x00000132                __vector_9
                0x00000132                __vector_2
                0x00000132                __vector_21
                0x00000132                __vector_36
                0x00000132                __vector_58
                0x00000132                __vector_29
                0x00000132                __vector_60
                0x00000132                __vector_40
                0x00000132                __vector_8
                0x00000132                __vector_26
                0x00000132                __vector_48
                0x00000132                __vector_57
                0x00000132                __vector_53
                0x00000132                __vector_10
                0x00000132                __vector_50
                0x00000132                __vector_16
                0x00000132                __vector_59
                0x00000132                __vector_18
                0x00000132                __vector_20
                0x00000132                __vector_42
                0x00000136                . = ALIGN (0x2)
 *(.text.*)
 .text.atmel_start_init
                0x00000136        0x6 atmel_start.o
                0x00000136                atmel_start_init
 .text.__vector_14
                0x0000013c       0x1e driver_isr.o
                0x0000013c                __vector_14
 .text.__vector_15
                0x0000015a       0x1e driver_isr.o
                0x0000015a                __vector_15
 .text.main     0x00000178        0x6 main.o
                0x00000178                main
 .text.BOD_init
                0x0000017e        0x8 src/bod.o
                0x0000017e                BOD_init
 .text.CLKCTRL_init
                0x00000186       0x24 src/clkctrl.o
                0x00000186                CLKCTRL_init
 .text.CPUINT_init
                0x000001aa        0x4 src/cpuint.o
                0x000001aa                CPUINT_init
 .text.mcu_init
                0x000001ae       0x92 src/driver_init.o
                0x000001ae                mcu_init
 .text.OPERATIONAL_AMPLIFIER_0_initialization
                0x00000240       0x2a src/driver_init.o
                0x00000240                OPERATIONAL_AMPLIFIER_0_initialization
 .text.USART_0_initialization
                0x0000026a       0x22 src/driver_init.o
                0x0000026a                USART_0_initialization
 .text.EVENT_SYSTEM_0_initialization
                0x0000028c        0x6 src/driver_init.o
                0x0000028c                EVENT_SYSTEM_0_initialization
 .text.ZCD_RISING_initialization
                0x00000292       0x18 src/driver_init.o
                0x00000292                ZCD_RISING_initialization
 .text.ZCD_FALLING_initialization
                0x000002aa       0x18 src/driver_init.o
                0x000002aa                ZCD_FALLING_initialization
 .text.SPI_REFERENCE_initialization
                0x000002c2       0x42 src/driver_init.o
                0x000002c2                SPI_REFERENCE_initialization
 .text.SPI_ZCD_initialization
                0x00000304       0x42 src/driver_init.o
                0x00000304                SPI_ZCD_initialization
 .text.TIMER_RISING_initialization
                0x00000346        0x6 src/driver_init.o
                0x00000346                TIMER_RISING_initialization
 .text.TIMER_FALLING_initialization
                0x0000034c        0x6 src/driver_init.o
                0x0000034c                TIMER_FALLING_initialization
 .text.TIMER_0_initialization
                0x00000352        0x6 src/driver_init.o
                0x00000352                TIMER_0_initialization
 .text.system_init
                0x00000358       0x52 src/driver_init.o
                0x00000358                system_init
 .text.EVENT_SYSTEM_0_init
                0x000003aa       0x26 src/evsys.o
                0x000003aa                EVENT_SYSTEM_0_init
 .text.OPERATIONAL_AMPLIFIER_0_init
                0x000003d0       0x22 src/opamp_basic.o
                0x000003d0                OPERATIONAL_AMPLIFIER_0_init
 .text.protected_write_io
                0x000003f2        0xa src/protected_io.o
                0x000003f2                protected_write_io
 .text.RTC_0_init
                0x000003fc       0x22 src/rtc.o
                0x000003fc                RTC_0_init
 .text.SLPCTRL_init
                0x0000041e        0x4 src/slpctrl.o
                0x0000041e                SLPCTRL_init
 .text.SPI_REFERENCE_init
                0x00000422       0x10 src/spi_basic.o
                0x00000422                SPI_REFERENCE_init
 .text.SPI_ZCD_init
                0x00000432       0x18 src/spi_basic.o
                0x00000432                SPI_ZCD_init
 .text.__vector_37
                0x0000044a       0xae src/spi_basic.o
                0x0000044a                __vector_37
 .text.TIMER_RISING_init
                0x000004f8       0x18 src/tcb.o
                0x000004f8                TIMER_RISING_init
 .text.TIMER_FALLING_init
                0x00000510       0x18 src/tcb.o
                0x00000510                TIMER_FALLING_init
 .text.TIMER_0_init
                0x00000528       0x2a src/tcd.o
                0x00000528                TIMER_0_init
 .text.USART_0_init
                0x00000552       0x20 src/usart_basic.o
                0x00000552                USART_0_init
 .text.USART_0_write
                0x00000572        0xe src/usart_basic.o
                0x00000572                USART_0_write
 .text.USART_0_printCHAR
                0x00000580        0xa src/usart_basic.o
                0x00000580                USART_0_printCHAR
 .text.VREF_0_init
                0x0000058a        0xa src/vref.o
                0x0000058a                VREF_0_init
 .text.ZCD_RISING_init
                0x00000594        0xa src/zcd.o
                0x00000594                ZCD_RISING_init
 .text.ZCD_FALLING_init
                0x0000059e        0xa src/zcd.o
                0x0000059e                ZCD_FALLING_init
                0x000005a8                . = ALIGN (0x2)
 *(.fini9)
 .fini9         0x000005a8        0x0 c:/program files (x86)/atmel/studio/7.0/toolchain/avr8/avr8-gnu-toolchain/bin/../lib/gcc/avr/5.4.0/avrxmega4\libgcc.a(_exit.o)
                0x000005a8                _exit
                0x000005a8                exit
 *(.fini9)
 *(.fini8)
 *(.fini8)
 *(.fini7)
 *(.fini7)
 *(.fini6)
 *(.fini6)
 *(.fini5)
 *(.fini5)
 *(.fini4)
 *(.fini4)
 *(.fini3)
 *(.fini3)
 *(.fini2)
 *(.fini2)
 *(.fini1)
 *(.fini1)
 *(.fini0)
 .fini0         0x000005a8        0x4 c:/program files (x86)/atmel/studio/7.0/toolchain/avr8/avr8-gnu-toolchain/bin/../lib/gcc/avr/5.4.0/avrxmega4\libgcc.a(_exit.o)
 *(.fini0)
                0x000005ac                _etext = .

.data           0x00804000        0xe load address 0x000005ac
                0x00804000                PROVIDE (__data_start, .)
 *(.data)
 *(.data*)
 .data.USART_0_stream
                0x00804000        0xe src/usart_basic.o
                0x00804000                USART_0_stream
 *(.gnu.linkonce.d*)
 *(.rodata)
 *(.rodata*)
 *(.gnu.linkonce.r*)
                0x0080400e                . = ALIGN (0x2)
                0x0080400e                _edata = .
                0x0080400e                PROVIDE (__data_end, .)

.bss            0x0080400e        0xe
                0x0080400e                PROVIDE (__bss_start, .)
 *(.bss)
 *(.bss*)
 .bss.SPI_ZCD_desc
                0x0080400e        0x7 src/spi_basic.o
 .bss.SPI_REFERENCE_desc
                0x00804015        0x1 src/spi_basic.o
 *(COMMON)
 COMMON         0x00804016        0x6 c:/program files (x86)/atmel/studio/7.0/toolchain/avr8/avr8-gnu-toolchain/bin/../lib/gcc/avr/5.4.0/../../../../avr/lib/avrxmega4\libc.a(iob.o)
                0x00804016                __iob
                0x0080401c                PROVIDE (__bss_end, .)
                0x000005ac                __data_load_start = LOADADDR (.data)
                0x000005ba                __data_load_end = (__data_load_start + SIZEOF (.data))

.noinit         0x0080401c        0x0
                [!provide]                PROVIDE (__noinit_start, .)
 *(.noinit*)
                [!provide]                PROVIDE (__noinit_end, .)
                0x0080401c                _end = .
                [!provide]                PROVIDE (__heap_start, .)

.eeprom         0x00810000        0x0
 *(.eeprom*)
                0x00810000                __eeprom_end = .

.fuse
 *(.fuse)
 *(.lfuse)
 *(.hfuse)
 *(.efuse)

.lock
 *(.lock*)

.signature
 *(.signature*)

.user_signatures
 *(.user_signatures*)

.stab
 *(.stab)

.stabstr
 *(.stabstr)

.stab.excl
 *(.stab.excl)

.stab.exclstr
 *(.stab.exclstr)

.stab.index
 *(.stab.index)

.stab.indexstr
 *(.stab.indexstr)

.comment        0x00000000       0x30
 *(.comment)
 .comment       0x00000000       0x30 atmel_start.o
                                 0x31 (size before relaxing)
 .comment       0x00000030       0x31 driver_isr.o
 .comment       0x00000030       0x31 main.o
 .comment       0x00000030       0x31 src/bod.o
 .comment       0x00000030       0x31 src/clkctrl.o
 .comment       0x00000030       0x31 src/cpuint.o
 .comment       0x00000030       0x31 src/driver_init.o
 .comment       0x00000030       0x31 src/evsys.o
 .comment       0x00000030       0x31 src/opamp_basic.o
 .comment       0x00000030       0x31 src/rtc.o
 .comment       0x00000030       0x31 src/slpctrl.o
 .comment       0x00000030       0x31 src/spi_basic.o
 .comment       0x00000030       0x31 src/tcb.o
 .comment       0x00000030       0x31 src/tcd.o
 .comment       0x00000030       0x31 src/usart_basic.o
 .comment       0x00000030       0x31 src/vref.o
 .comment       0x00000030       0x31 src/zcd.o
 .comment       0x00000030       0x31 c:/program files (x86)/atmel/studio/7.0/toolchain/avr8/avr8-gnu-toolchain/bin/../lib/gcc/avr/5.4.0/../../../../avr/lib/avrxmega4\libc.a(iob.o)

.note.gnu.avr.deviceinfo
                0x00000000       0x40
 .note.gnu.avr.deviceinfo
                0x00000000       0x40 C:/Program Files (x86)/Atmel/Studio/7.0/Packs/atmel/AVR-Dx_DFP/1.6.76/gcc/dev/avr128db48/avrxmega4/crtavr128db48.o

.note.gnu.build-id
 *(.note.gnu.build-id)

.debug
 *(.debug)

.line
 *(.line)

.debug_srcinfo
 *(.debug_srcinfo)

.debug_sfnames
 *(.debug_sfnames)

.debug_aranges  0x00000000      0x498
 *(.debug_aranges)
 .debug_aranges
                0x00000000       0x20 atmel_start.o
 .debug_aranges
                0x00000020       0x28 driver_isr.o
 .debug_aranges
                0x00000048       0x20 main.o
 .debug_aranges
                0x00000068       0x20 src/bod.o
 .debug_aranges
                0x00000088       0x20 src/clkctrl.o
 .debug_aranges
                0x000000a8       0x20 src/cpuint.o
 .debug_aranges
                0x000000c8       0x78 src/driver_init.o
 .debug_aranges
                0x00000140       0x20 src/evsys.o
 .debug_aranges
                0x00000160       0xf0 src/opamp_basic.o
 .debug_aranges
                0x00000250       0x20 src/protected_io.o
 .debug_aranges
                0x00000270       0x20 src/rtc.o
 .debug_aranges
                0x00000290       0x28 src/slpctrl.o
 .debug_aranges
                0x000002b8       0xd8 src/spi_basic.o
 .debug_aranges
                0x00000390       0x28 src/tcb.o
 .debug_aranges
                0x000003b8       0x20 src/tcd.o
 .debug_aranges
                0x000003d8       0x78 src/usart_basic.o
 .debug_aranges
                0x00000450       0x20 src/vref.o
 .debug_aranges
                0x00000470       0x28 src/zcd.o

.debug_pubnames
 *(.debug_pubnames)

.debug_info     0x00000000     0x7b9a
 *(.debug_info .gnu.linkonce.wi.*)
 .debug_info    0x00000000     0x2f42 C:/Program Files (x86)/Atmel/Studio/7.0/Packs/atmel/AVR-Dx_DFP/1.6.76/gcc/dev/avr128db48/avrxmega4/crtavr128db48.o
 .debug_info    0x00002f42       0x9a atmel_start.o
 .debug_info    0x00002fdc      0x22b driver_isr.o
 .debug_info    0x00003207       0x9f main.o
 .debug_info    0x000032a6      0x188 src/bod.o
 .debug_info    0x0000342e      0x384 src/clkctrl.o
 .debug_info    0x000037b2       0x8d src/cpuint.o
 .debug_info    0x0000383f     0x14d8 src/driver_init.o
 .debug_info    0x00004d17      0x8b0 src/evsys.o
 .debug_info    0x000055c7      0xa33 src/opamp_basic.o
 .debug_info    0x00005ffa       0xa6 src/protected_io.o
 .debug_info    0x000060a0      0x389 src/rtc.o
 .debug_info    0x00006429      0x136 src/slpctrl.o
 .debug_info    0x0000655f      0x6c5 src/spi_basic.o
 .debug_info    0x00006c24      0x2ae src/tcb.o
 .debug_info    0x00006ed2      0x589 src/tcd.o
 .debug_info    0x0000745b      0x492 src/usart_basic.o
 .debug_info    0x000078ed      0x15d src/vref.o
 .debug_info    0x00007a4a      0x150 src/zcd.o

.debug_abbrev   0x00000000     0x3e0f
 *(.debug_abbrev)
 .debug_abbrev  0x00000000     0x2cc2 C:/Program Files (x86)/Atmel/Studio/7.0/Packs/atmel/AVR-Dx_DFP/1.6.76/gcc/dev/avr128db48/avrxmega4/crtavr128db48.o
 .debug_abbrev  0x00002cc2       0x63 atmel_start.o
 .debug_abbrev  0x00002d25       0xd9 driver_isr.o
 .debug_abbrev  0x00002dfe       0x68 main.o
 .debug_abbrev  0x00002e66       0xaf src/bod.o
 .debug_abbrev  0x00002f15      0x131 src/clkctrl.o
 .debug_abbrev  0x00003046       0x51 src/cpuint.o
 .debug_abbrev  0x00003097      0x1e1 src/driver_init.o
 .debug_abbrev  0x00003278       0xaf src/evsys.o
 .debug_abbrev  0x00003327      0x12f src/opamp_basic.o
 .debug_abbrev  0x00003456       0x14 src/protected_io.o
 .debug_abbrev  0x0000346a       0xe6 src/rtc.o
 .debug_abbrev  0x00003550       0xc4 src/slpctrl.o
 .debug_abbrev  0x00003614      0x2d1 src/spi_basic.o
 .debug_abbrev  0x000038e5       0xf3 src/tcb.o
 .debug_abbrev  0x000039d8       0xe6 src/tcd.o
 .debug_abbrev  0x00003abe      0x20d src/usart_basic.o
 .debug_abbrev  0x00003ccb       0xaf src/vref.o
 .debug_abbrev  0x00003d7a       0x95 src/zcd.o

.debug_line     0x00000000     0x1f58
 *(.debug_line .debug_line.* .debug_line_end)
 .debug_line    0x00000000      0x205 C:/Program Files (x86)/Atmel/Studio/7.0/Packs/atmel/AVR-Dx_DFP/1.6.76/gcc/dev/avr128db48/avrxmega4/crtavr128db48.o
 .debug_line    0x00000205       0x60 atmel_start.o
 .debug_line    0x00000265      0x12d driver_isr.o
 .debug_line    0x00000392       0x51 main.o
 .debug_line    0x000003e3      0x10c src/bod.o
 .debug_line    0x000004ef      0x144 src/clkctrl.o
 .debug_line    0x00000633       0xa5 src/cpuint.o
 .debug_line    0x000006d8      0x4ff src/driver_init.o
 .debug_line    0x00000bd7      0x133 src/evsys.o
 .debug_line    0x00000d0a      0x3a0 src/opamp_basic.o
 .debug_line    0x000010aa       0x5b src/protected_io.o
 .debug_line    0x00001105      0x128 src/rtc.o
 .debug_line    0x0000122d      0x120 src/slpctrl.o
 .debug_line    0x0000134d      0x4ef src/spi_basic.o
 .debug_line    0x0000183c      0x159 src/tcb.o
 .debug_line    0x00001995      0x12e src/tcd.o
 .debug_line    0x00001ac3      0x260 src/usart_basic.o
 .debug_line    0x00001d23      0x10d src/vref.o
 .debug_line    0x00001e30      0x128 src/zcd.o

.debug_frame    0x00000000      0x78c
 *(.debug_frame)
 .debug_frame   0x00000000       0x24 atmel_start.o
 .debug_frame   0x00000024       0x54 driver_isr.o
 .debug_frame   0x00000078       0x24 main.o
 .debug_frame   0x0000009c       0x24 src/bod.o
 .debug_frame   0x000000c0       0x24 src/clkctrl.o
 .debug_frame   0x000000e4       0x24 src/cpuint.o
 .debug_frame   0x00000108       0xd4 src/driver_init.o
 .debug_frame   0x000001dc       0x24 src/evsys.o
 .debug_frame   0x00000200      0x1c4 src/opamp_basic.o
 .debug_frame   0x000003c4       0x24 src/rtc.o
 .debug_frame   0x000003e8       0x34 src/slpctrl.o
 .debug_frame   0x0000041c      0x1ec src/spi_basic.o
 .debug_frame   0x00000608       0x34 src/tcb.o
 .debug_frame   0x0000063c       0x24 src/tcd.o
 .debug_frame   0x00000660       0xd4 src/usart_basic.o
 .debug_frame   0x00000734       0x24 src/vref.o
 .debug_frame   0x00000758       0x34 src/zcd.o

.debug_str      0x00000000     0x54b1
 *(.debug_str)
 .debug_str     0x00000000     0x14f0 C:/Program Files (x86)/Atmel/Studio/7.0/Packs/atmel/AVR-Dx_DFP/1.6.76/gcc/dev/avr128db48/avrxmega4/crtavr128db48.o
 .debug_str     0x000014f0      0x186 atmel_start.o
                                0x1ba (size before relaxing)
 .debug_str     0x00001676       0xa2 driver_isr.o
                                0x258 (size before relaxing)
 .debug_str     0x00001718       0x11 main.o
                                0x1ac (size before relaxing)
 .debug_str     0x00001729       0x7e src/bod.o
                                0x25d (size before relaxing)
 .debug_str     0x000017a7      0x254 src/clkctrl.o
                                0x426 (size before relaxing)
 .debug_str     0x000019fb       0x1c src/cpuint.o
                                0x1ad (size before relaxing)
 .debug_str     0x00001a17      0x68b src/driver_init.o
                                0x899 (size before relaxing)
 .debug_str     0x000020a2     0x13f0 src/evsys.o
                               0x15e0 (size before relaxing)
 .debug_str     0x00003492     0x1250 src/opamp_basic.o
                               0x1458 (size before relaxing)
 .debug_str     0x000046e2      0x25e src/rtc.o
                                0x484 (size before relaxing)
 .debug_str     0x00004940       0xb9 src/slpctrl.o
                                0x271 (size before relaxing)
 .debug_str     0x000049f9      0x3cc src/spi_basic.o
                                0x5e4 (size before relaxing)
 .debug_str     0x00004dc5      0x130 src/tcb.o
                                0x38a (size before relaxing)
 .debug_str     0x00004ef5      0x305 src/tcd.o
                                0x541 (size before relaxing)
 .debug_str     0x000051fa      0x1d5 src/usart_basic.o
                                0x3f2 (size before relaxing)
 .debug_str     0x000053cf       0xc4 src/vref.o
                                0x28b (size before relaxing)
 .debug_str     0x00005493       0x1e src/zcd.o
                                0x20f (size before relaxing)

.debug_loc      0x00000000      0xca6
 *(.debug_loc)
 .debug_loc     0x00000000       0x78 driver_isr.o
 .debug_loc     0x00000078       0x2a src/clkctrl.o
 .debug_loc     0x000000a2      0x615 src/driver_init.o
 .debug_loc     0x000006b7      0x1ef src/opamp_basic.o
 .debug_loc     0x000008a6       0x21 src/slpctrl.o
 .debug_loc     0x000008c7      0x398 src/spi_basic.o
 .debug_loc     0x00000c5f       0x47 src/usart_basic.o

.debug_macinfo
 *(.debug_macinfo)

.debug_weaknames
 *(.debug_weaknames)

.debug_funcnames
 *(.debug_funcnames)

.debug_typenames
 *(.debug_typenames)

.debug_varnames
 *(.debug_varnames)

.debug_pubtypes
 *(.debug_pubtypes)

.debug_ranges   0x00000000      0x368
 *(.debug_ranges)
 .debug_ranges  0x00000000       0x10 atmel_start.o
 .debug_ranges  0x00000010       0x18 driver_isr.o
 .debug_ranges  0x00000028       0x10 main.o
 .debug_ranges  0x00000038       0x10 src/bod.o
 .debug_ranges  0x00000048       0x10 src/clkctrl.o
 .debug_ranges  0x00000058       0x10 src/cpuint.o
 .debug_ranges  0x00000068       0x68 src/driver_init.o
 .debug_ranges  0x000000d0       0x10 src/evsys.o
 .debug_ranges  0x000000e0       0xe0 src/opamp_basic.o
 .debug_ranges  0x000001c0       0x10 src/rtc.o
 .debug_ranges  0x000001d0       0x18 src/slpctrl.o
 .debug_ranges  0x000001e8       0xc8 src/spi_basic.o
 .debug_ranges  0x000002b0       0x18 src/tcb.o
 .debug_ranges  0x000002c8       0x10 src/tcd.o
 .debug_ranges  0x000002d8       0x68 src/usart_basic.o
 .debug_ranges  0x00000340       0x10 src/vref.o
 .debug_ranges  0x00000350       0x18 src/zcd.o

.debug_macro
 *(.debug_macro)
OUTPUT(AVR128DB_BSP.elf elf32-avr)
LOAD linker stubs
