Archive member included to satisfy reference by file (symbol)

C:\Users\GMATEU~1\DOCUME~1\Trobina\DEVELO~1\Software\ATMEL_~1\AVR128~1\AVR128~1\Debug\libAVR128DB_BSP.a(atmel_start.o)
                              main.o (atmel_start_init)
C:\Users\GMATEU~1\DOCUME~1\Trobina\DEVELO~1\Software\ATMEL_~1\AVR128~1\AVR128~1\Debug\libAVR128DB_BSP.a(driver_init.o)
                              C:\Users\GMATEU~1\DOCUME~1\Trobina\DEVELO~1\Software\ATMEL_~1\AVR128~1\AVR128~1\Debug\libAVR128DB_BSP.a(atmel_start.o) (system_init)
C:\Users\GMATEU~1\DOCUME~1\Trobina\DEVELO~1\Software\ATMEL_~1\AVR128~1\AVR128~1\Debug\libAVR128DB_BSP.a(evsys.o)
                              C:\Users\GMATEU~1\DOCUME~1\Trobina\DEVELO~1\Software\ATMEL_~1\AVR128~1\AVR128~1\Debug\libAVR128DB_BSP.a(driver_init.o) (EVENT_SYSTEM_0_init)
C:\Users\GMATEU~1\DOCUME~1\Trobina\DEVELO~1\Software\ATMEL_~1\AVR128~1\AVR128~1\Debug\libAVR128DB_BSP.a(opamp_basic.o)
                              C:\Users\GMATEU~1\DOCUME~1\Trobina\DEVELO~1\Software\ATMEL_~1\AVR128~1\AVR128~1\Debug\libAVR128DB_BSP.a(driver_init.o) (OPERATIONAL_AMPLIFIER_0_init)
C:\Users\GMATEU~1\DOCUME~1\Trobina\DEVELO~1\Software\ATMEL_~1\AVR128~1\AVR128~1\Debug\libAVR128DB_BSP.a(rtc.o)
                              C:\Users\GMATEU~1\DOCUME~1\Trobina\DEVELO~1\Software\ATMEL_~1\AVR128~1\AVR128~1\Debug\libAVR128DB_BSP.a(driver_init.o) (RTC_0_init)
C:\Users\GMATEU~1\DOCUME~1\Trobina\DEVELO~1\Software\ATMEL_~1\AVR128~1\AVR128~1\Debug\libAVR128DB_BSP.a(slpctrl.o)
                              C:\Users\GMATEU~1\DOCUME~1\Trobina\DEVELO~1\Software\ATMEL_~1\AVR128~1\AVR128~1\Debug\libAVR128DB_BSP.a(driver_init.o) (SLPCTRL_init)
C:\Users\GMATEU~1\DOCUME~1\Trobina\DEVELO~1\Software\ATMEL_~1\AVR128~1\AVR128~1\Debug\libAVR128DB_BSP.a(spi_basic.o)
                              C:\Users\GMATEU~1\DOCUME~1\Trobina\DEVELO~1\Software\ATMEL_~1\AVR128~1\AVR128~1\Debug\libAVR128DB_BSP.a(driver_init.o) (SPI_REFERENCE_init)
C:\Users\GMATEU~1\DOCUME~1\Trobina\DEVELO~1\Software\ATMEL_~1\AVR128~1\AVR128~1\Debug\libAVR128DB_BSP.a(tcb.o)
                              C:\Users\GMATEU~1\DOCUME~1\Trobina\DEVELO~1\Software\ATMEL_~1\AVR128~1\AVR128~1\Debug\libAVR128DB_BSP.a(driver_init.o) (TIMER_RISING_init)
C:\Users\GMATEU~1\DOCUME~1\Trobina\DEVELO~1\Software\ATMEL_~1\AVR128~1\AVR128~1\Debug\libAVR128DB_BSP.a(tcd.o)
                              C:\Users\GMATEU~1\DOCUME~1\Trobina\DEVELO~1\Software\ATMEL_~1\AVR128~1\AVR128~1\Debug\libAVR128DB_BSP.a(driver_init.o) (TIMER_0_init)
C:\Users\GMATEU~1\DOCUME~1\Trobina\DEVELO~1\Software\ATMEL_~1\AVR128~1\AVR128~1\Debug\libAVR128DB_BSP.a(usart_basic.o)
                              C:\Users\GMATEU~1\DOCUME~1\Trobina\DEVELO~1\Software\ATMEL_~1\AVR128~1\AVR128~1\Debug\libAVR128DB_BSP.a(driver_init.o) (USART_0_init)
C:\Users\GMATEU~1\DOCUME~1\Trobina\DEVELO~1\Software\ATMEL_~1\AVR128~1\AVR128~1\Debug\libAVR128DB_BSP.a(vref.o)
                              C:\Users\GMATEU~1\DOCUME~1\Trobina\DEVELO~1\Software\ATMEL_~1\AVR128~1\AVR128~1\Debug\libAVR128DB_BSP.a(driver_init.o) (VREF_0_init)
C:\Users\GMATEU~1\DOCUME~1\Trobina\DEVELO~1\Software\ATMEL_~1\AVR128~1\AVR128~1\Debug\libAVR128DB_BSP.a(zcd.o)
                              C:\Users\GMATEU~1\DOCUME~1\Trobina\DEVELO~1\Software\ATMEL_~1\AVR128~1\AVR128~1\Debug\libAVR128DB_BSP.a(driver_init.o) (ZCD_RISING_init)
C:\Users\GMATEU~1\DOCUME~1\Trobina\DEVELO~1\Software\ATMEL_~1\AVR128~1\AVR128~1\Debug\libAVR128DB_BSP.a(bod.o)
                              C:\Users\GMATEU~1\DOCUME~1\Trobina\DEVELO~1\Software\ATMEL_~1\AVR128~1\AVR128~1\Debug\libAVR128DB_BSP.a(driver_init.o) (BOD_init)
C:\Users\GMATEU~1\DOCUME~1\Trobina\DEVELO~1\Software\ATMEL_~1\AVR128~1\AVR128~1\Debug\libAVR128DB_BSP.a(clkctrl.o)
                              C:\Users\GMATEU~1\DOCUME~1\Trobina\DEVELO~1\Software\ATMEL_~1\AVR128~1\AVR128~1\Debug\libAVR128DB_BSP.a(driver_init.o) (CLKCTRL_init)
C:\Users\GMATEU~1\DOCUME~1\Trobina\DEVELO~1\Software\ATMEL_~1\AVR128~1\AVR128~1\Debug\libAVR128DB_BSP.a(cpuint.o)
                              C:\Users\GMATEU~1\DOCUME~1\Trobina\DEVELO~1\Software\ATMEL_~1\AVR128~1\AVR128~1\Debug\libAVR128DB_BSP.a(driver_init.o) (CPUINT_init)
C:\Users\GMATEU~1\DOCUME~1\Trobina\DEVELO~1\Software\ATMEL_~1\AVR128~1\AVR128~1\Debug\libAVR128DB_BSP.a(protected_io.o)
                              C:\Users\GMATEU~1\DOCUME~1\Trobina\DEVELO~1\Software\ATMEL_~1\AVR128~1\AVR128~1\Debug\libAVR128DB_BSP.a(clkctrl.o) (protected_write_io)
c:/program files (x86)/atmel/studio/7.0/toolchain/avr8/avr8-gnu-toolchain/bin/../lib/gcc/avr/5.4.0/avrxmega4\libgcc.a(_divmodsi4.o)
                              main.o (__divmodsi4)
c:/program files (x86)/atmel/studio/7.0/toolchain/avr8/avr8-gnu-toolchain/bin/../lib/gcc/avr/5.4.0/avrxmega4\libgcc.a(_negsi2.o)
                              c:/program files (x86)/atmel/studio/7.0/toolchain/avr8/avr8-gnu-toolchain/bin/../lib/gcc/avr/5.4.0/avrxmega4\libgcc.a(_divmodsi4.o) (__negsi2)
[...]
Memory Configuration

Name             Origin             Length             Attributes
text             0x00000000         0x00020000         xr
data             0x00804000         0x00004000         rw !x
eeprom           0x00810000         0x00000200         rw !x
fuse             0x00820000         0x00000010         rw !x
lock             0x00830000         0x00000400         rw !x
signature        0x00840000         0x00000400         rw !x
user_signatures  0x00850000         0x00000400         rw !x
*default*        0x00000000         0xffffffff

Linker script and memory map

Address of section .data set to 0x804000
                0x00008000                __RODATA_PM_OFFSET__ = 0x8000
LOAD C:/Program Files (x86)/Atmel/Studio/7.0/Packs/Atmel/AVR-Dx_DFP/1.7.85/gcc/dev/avr128db48/avrxmega4/crtavr128db48.o
LOAD main.o
LOAD SPI_SLAVE_CLASS.o
LOAD Zero_Cross_Counter.o
START GROUP
LOAD c:/program files (x86)/atmel/studio/7.0/toolchain/avr8/avr8-gnu-toolchain/bin/../lib/gcc/avr/5.4.0/../../../../avr/lib/avrxmega4\libm.a
LOAD C:\Users\GMATEU~1\DOCUME~1\Trobina\DEVELO~1\Software\ATMEL_~1\AVR128~1\AVR128~1\Debug\libAVR128DB_BSP.a
END GROUP
LOAD c:/program files (x86)/atmel/studio/7.0/toolchain/avr8/avr8-gnu-toolchain/bin/../lib/gcc/avr/5.4.0/avrxmega4\libgcc.a
LOAD c:/program files (x86)/atmel/studio/7.0/toolchain/avr8/avr8-gnu-toolchain/bin/../lib/gcc/avr/5.4.0/../../../../avr/lib/avrxmega4\libm.a
START GROUP
LOAD c:/program files (x86)/atmel/studio/7.0/toolchain/avr8/avr8-gnu-toolchain/bin/../lib/gcc/avr/5.4.0/avrxmega4\libgcc.a
LOAD c:/program files (x86)/atmel/studio/7.0/toolchain/avr8/avr8-gnu-toolchain/bin/../lib/gcc/avr/5.4.0/../../../../avr/lib/avrxmega4\libm.a
LOAD c:/program files (x86)/atmel/studio/7.0/toolchain/avr8/avr8-gnu-toolchain/bin/../lib/gcc/avr/5.4.0/../../../../avr/lib/avrxmega4\libc.a
LOAD C:/Program Files (x86)/Atmel/Studio/7.0/Packs/Atmel/AVR-Dx_DFP/1.7.85/gcc/dev/avr128db48/avrxmega4\libavr128db48.a
END GROUP
                [0x00000000]                __TEXT_REGION_ORIGIN__ = DEFINED (__TEXT_REGION_ORIGIN__)?__TEXT_REGION_ORIGIN__:0x0
                [0x00804000]                __DATA_REGION_ORIGIN__ = DEFINED (__DATA_REGION_ORIGIN__)?__DATA_REGION_ORIGIN__:0x802000
                [0x00020000]                __TEXT_REGION_LENGTH__ = DEFINED (__TEXT_REGION_LENGTH__)?__TEXT_REGION_LENGTH__:0x100000
                [0x00004000]                __DATA_REGION_LENGTH__ = DEFINED (__DATA_REGION_LENGTH__)?__DATA_REGION_LENGTH__:0xffa0
                [0x00000200]                __EEPROM_REGION_LENGTH__ = DEFINED (__EEPROM_REGION_LENGTH__)?__EEPROM_REGION_LENGTH__:0x10000
                [0x00000010]                __FUSE_REGION_LENGTH__ = DEFINED (__FUSE_REGION_LENGTH__)?__FUSE_REGION_LENGTH__:0x400
                0x00000400                __LOCK_REGION_LENGTH__ = DEFINED (__LOCK_REGION_LENGTH__)?__LOCK_REGION_LENGTH__:0x400
                0x00000400                __SIGNATURE_REGION_LENGTH__ = DEFINED (__SIGNATURE_REGION_LENGTH__)?__SIGNATURE_REGION_LENGTH__:0x400
                0x00000400                __USER_SIGNATURE_REGION_LENGTH__ = DEFINED (__USER_SIGNATURE_REGION_LENGTH__)?__USER_SIGNATURE_REGION_LENGTH__:0x400

.hash
 *(.hash)

.dynsym
 *(.dynsym)

.dynstr
 *(.dynstr)

.gnu.version
 *(.gnu.version)

.gnu.version_d
 *(.gnu.version_d)

.gnu.version_r
 *(.gnu.version_r)

.rel.init
 *(.rel.init)

.rela.init
 *(.rela.init)

.rel.text
 *(.rel.text)
 *(.rel.text.*)
 *(.rel.gnu.linkonce.t*)

.rela.text
 *(.rela.text)
 *(.rela.text.*)
 *(.rela.gnu.linkonce.t*)

.rel.fini
 *(.rel.fini)

.rela.fini
 *(.rela.fini)

.rel.rodata
 *(.rel.rodata)
 *(.rel.rodata.*)
 *(.rel.gnu.linkonce.r*)

.rela.rodata
 *(.rela.rodata)
 *(.rela.rodata.*)
 *(.rela.gnu.linkonce.r*)

.rel.data
 *(.rel.data)
 *(.rel.data.*)
 *(.rel.gnu.linkonce.d*)

.rela.data
 *(.rela.data)
 *(.rela.data.*)
 *(.rela.gnu.linkonce.d*)

.rel.ctors
 *(.rel.ctors)

.rela.ctors
 *(.rela.ctors)

.rel.dtors
 *(.rel.dtors)

.rela.dtors
 *(.rela.dtors)

.rel.got
 *(.rel.got)

.rela.got
 *(.rela.got)

.rel.bss
 *(.rel.bss)

.rela.bss
 *(.rela.bss)

.rel.plt
 *(.rel.plt)

.rela.plt
 *(.rela.plt)

.text           0x00000000     0x16f0
 *(.vectors)
 .vectors       0x00000000       0xf4 C:/Program Files (x86)/Atmel/Studio/7.0/Packs/Atmel/AVR-Dx_DFP/1.7.85/gcc/dev/avr128db48/avrxmega4/crtavr128db48.o
                0x00000000                __vector_default
                0x00000000                __vectors
 *(.vectors)
 *(.progmem.gcc*)
                0x000000f4                . = ALIGN (0x2)
                0x000000f4                __trampolines_start = .
 *(.trampolines)
 .trampolines   0x000000f4        0x0 linker stubs
 *(.trampolines*)
                0x000000f4                __trampolines_end = .
 *libprintf_flt.a:*(.progmem.data)
 *libc.a:*(.progmem.data)
 *(.progmem*)
                0x000000f4                . = ALIGN (0x2)
 *(.jumptables)
 *(.jumptables*)
 *(.lowtext)
 *(.lowtext*)
                0x000000f4                __ctors_start = .
 *(.ctors)
 .ctors         0x000000f4        0x2 main.o
 .ctors         0x000000f6        0x2 SPI_SLAVE_CLASS.o
 .ctors         0x000000f8        0x2 Zero_Cross_Counter.o
                0x000000fa                __ctors_end = .
                0x000000fa                __dtors_start = .
 *(.dtors)
 .dtors         0x000000fa        0x2 main.o
 .dtors         0x000000fc        0x2 SPI_SLAVE_CLASS.o
 .dtors         0x000000fe        0x2 Zero_Cross_Counter.o
                0x00000100                __dtors_end = .
 SORT(*)(.ctors)
 SORT(*)(.dtors)
 *(.init0)
 .init0         0x00000100        0x0 C:/Program Files (x86)/Atmel/Studio/7.0/Packs/Atmel/AVR-Dx_DFP/1.7.85/gcc/dev/avr128db48/avrxmega4/crtavr128db48.o
                0x00000100                __init
 *(.init0)
 *(.init1)
 *(.init1)
 *(.init2)
 .init2         0x00000100        0xc C:/Program Files (x86)/Atmel/Studio/7.0/Packs/Atmel/AVR-Dx_DFP/1.7.85/gcc/dev/avr128db48/avrxmega4/crtavr128db48.o
 *(.init2)
 *(.init3)
 *(.init3)
 *(.init4)
 .init4         0x0000010c       0x1a c:/program files (x86)/atmel/studio/7.0/toolchain/avr8/avr8-gnu-toolchain/bin/../lib/gcc/avr/5.4.0/avrxmega4\libgcc.a(_copy_data.o)
                0x0000010c                __do_copy_data
 .init4         0x00000126       0x10 c:/program files (x86)/atmel/studio/7.0/toolchain/avr8/avr8-gnu-toolchain/bin/../lib/gcc/avr/5.4.0/avrxmega4\libgcc.a(_clear_bss.o)
                0x00000126                __do_clear_bss
 *(.init4)
 *(.init5)
 *(.init5)
 *(.init6)
 .init6         0x00000136       0x16 c:/program files (x86)/atmel/studio/7.0/toolchain/avr8/avr8-gnu-toolchain/bin/../lib/gcc/avr/5.4.0/avrxmega4\libgcc.a(_ctors.o)
                0x00000136                __do_global_ctors
 *(.init6)
 *(.init7)
 *(.init7)
 *(.init8)
 *(.init8)
 *(.init9)
 .init9         0x0000014c        0x8 C:/Program Files (x86)/Atmel/Studio/7.0/Packs/Atmel/AVR-Dx_DFP/1.7.85/gcc/dev/avr128db48/avrxmega4/crtavr128db48.o
 *(.init9)
 *(.text)
 .text          0x00000154        0x4 C:/Program Files (x86)/Atmel/Studio/7.0/Packs/Atmel/AVR-Dx_DFP/1.7.85/gcc/dev/avr128db48/avrxmega4/crtavr128db48.o
                0x00000154                __vector_38
                0x00000154                __vector_22
                0x00000154                __vector_1
                0x00000154                __vector_32
                0x00000154                __vector_34
                0x00000154                __vector_24
                0x00000154                __vector_12
                0x00000154                __vector_55
                0x00000154                __vector_46
                0x00000154                __bad_interrupt
                0x00000154                __vector_6
                0x00000154                __vector_31
                0x00000154                __vector_35
                0x00000154                __vector_39
                0x00000154                __vector_3
                0x00000154                __vector_23
                0x00000154                __vector_30
                0x00000154                __vector_45
                0x00000154                __vector_25
                0x00000154                __vector_11
                0x00000154                __vector_54
                0x00000154                __vector_13
                0x00000154                __vector_19
                0x00000154                __vector_56
                0x00000154                __vector_7
                0x00000154                __vector_49
                0x00000154                __vector_41
                0x00000154                __vector_43
                0x00000154                __vector_27
                0x00000154                __vector_33
                0x00000154                __vector_47
                0x00000154                __vector_4
                0x00000154                __vector_44
                0x00000154                __vector_51
                0x00000154                __vector_9
                0x00000154                __vector_2
                0x00000154                __vector_21
                0x00000154                __vector_36
                0x00000154                __vector_58
                0x00000154                __vector_29
                0x00000154                __vector_60
                0x00000154                __vector_40
                0x00000154                __vector_8
                0x00000154                __vector_26
                0x00000154                __vector_48
                0x00000154                __vector_57
                0x00000154                __vector_53
                0x00000154                __vector_10
                0x00000154                __vector_50
                0x00000154                __vector_16
                0x00000154                __vector_59
                0x00000154                __vector_18
                0x00000154                __vector_20
                0x00000154                __vector_42
                0x00000158                . = ALIGN (0x2)
 *(.text.*)
 .text.PORTB_toggle_pin_level
                0x00000158       0x3e main.o
 .text.LED0_toggle_level
                0x00000196       0x16 main.o
 .text._Z10RTC_enablev
                0x000001ac       0x40 main.o
                0x000001ac                _Z10RTC_enablev
 .text.__vector_5
                0x000001ec       0x70 main.o
                0x000001ec                __vector_5
 .text.main     0x0000025c      0x1b8 main.o
                0x0000025c                main
 .text._Z41__static_initialization_and_destruction_0ii
                0x00000414       0x62 main.o
 .text._GLOBAL__sub_I__Z10RTC_enablev
                0x00000476       0x1a main.o
 .text._GLOBAL__sub_D__Z10RTC_enablev
                0x00000490       0x1a main.o
 .text._ZL17SPI_Transfer_Donev
                0x000004aa       0x2c SPI_SLAVE_CLASS.o
 .text.__vector_37
                0x000004d6      0x144 SPI_SLAVE_CLASS.o
                0x000004d6                __vector_37
 .text._ZN15SPI_SLAVE_CLASSC2Ev
                0x0000061a       0x54 SPI_SLAVE_CLASS.o
                0x0000061a                _ZN15SPI_SLAVE_CLASSC2Ev
                0x0000061a                _ZN15SPI_SLAVE_CLASSC1Ev
 .text._ZN15SPI_SLAVE_CLASSD2Ev
                0x0000066e       0x1a SPI_SLAVE_CLASS.o
                0x0000066e                _ZN15SPI_SLAVE_CLASSD2Ev
                0x0000066e                _ZN15SPI_SLAVE_CLASSD1Ev
 .text._ZN15SPI_SLAVE_CLASS4InitEv
                0x00000688       0x36 SPI_SLAVE_CLASS.o
                0x00000688                _ZN15SPI_SLAVE_CLASS4InitEv
 .text._ZN15SPI_SLAVE_CLASS10Write_DataEPhh
                0x000006be       0x68 SPI_SLAVE_CLASS.o
                0x000006be                _ZN15SPI_SLAVE_CLASS10Write_DataEPhh
 .text._ZN15SPI_SLAVE_CLASS12SPI_ZCD_initEv
                0x00000726       0x3c SPI_SLAVE_CLASS.o
                0x00000726                _ZN15SPI_SLAVE_CLASS12SPI_ZCD_initEv
 .text._ZN15SPI_SLAVE_CLASS14SPI_ZCD_enableEv
                0x00000762       0x2c SPI_SLAVE_CLASS.o
                0x00000762                _ZN15SPI_SLAVE_CLASS14SPI_ZCD_enableEv
 .text._Z41__static_initialization_and_destruction_0ii
                0x0000078e       0x62 SPI_SLAVE_CLASS.o
 .text._GLOBAL__sub_I_ptrSPI_Slave
                0x000007f0       0x1a SPI_SLAVE_CLASS.o
 .text._GLOBAL__sub_D_ptrSPI_Slave
                0x0000080a       0x1a SPI_SLAVE_CLASS.o
 .text.__vector_28
                0x00000824       0x6a Zero_Cross_Counter.o
                0x00000824                __vector_28
 .text.__vector_52
                0x0000088e       0x6a Zero_Cross_Counter.o
                0x0000088e                __vector_52
 .text.__vector_14
                0x000008f8       0x8a Zero_Cross_Counter.o
                0x000008f8                __vector_14
 .text.__vector_15
                0x00000982       0x8a Zero_Cross_Counter.o
                0x00000982                __vector_15
 .text.__vector_17
                0x00000a0c       0x8a Zero_Cross_Counter.o
                0x00000a0c                __vector_17
 .text._ZN18Zero_Cross_CounterC2Ev
                0x00000a96       0x34 Zero_Cross_Counter.o
                0x00000a96                _ZN18Zero_Cross_CounterC1Ev
                0x00000a96                _ZN18Zero_Cross_CounterC2Ev
 .text._ZN18Zero_Cross_CounterD2Ev
                0x00000aca       0x1a Zero_Cross_Counter.o
                0x00000aca                _ZN18Zero_Cross_CounterD2Ev
                0x00000aca                _ZN18Zero_Cross_CounterD1Ev
 .text._ZN18Zero_Cross_Counter4InitEv
                0x00000ae4       0x1a Zero_Cross_Counter.o
                0x00000ae4                _ZN18Zero_Cross_Counter4InitEv
 .text._ZN18Zero_Cross_Counter15CaptureCounterCEv
                0x00000afe       0xac Zero_Cross_Counter.o
                0x00000afe                _ZN18Zero_Cross_Counter15CaptureCounterCEv
 .text._ZN18Zero_Cross_Counter22CaptureCounterB_RisingEv
                0x00000baa       0x2c Zero_Cross_Counter.o
                0x00000baa                _ZN18Zero_Cross_Counter22CaptureCounterB_RisingEv
 .text._ZN18Zero_Cross_Counter23CaptureCounterB_FallingEv
                0x00000bd6       0x2c Zero_Cross_Counter.o
                0x00000bd6                _ZN18Zero_Cross_Counter23CaptureCounterB_FallingEv
 .text._ZN18Zero_Cross_Counter18Set_Last_FrequencyEm
                0x00000c02       0xb0 Zero_Cross_Counter.o
                0x00000c02                _ZN18Zero_Cross_Counter18Set_Last_FrequencyEm
 .text._Z41__static_initialization_and_destruction_0ii
                0x00000cb2       0x52 Zero_Cross_Counter.o
 .text._GLOBAL__sub_I_ptr_zero_cross_handler
                0x00000d04       0x1a Zero_Cross_Counter.o
 .text._GLOBAL__sub_D_ptr_zero_cross_handler
                0x00000d1e       0x1a Zero_Cross_Counter.o
 .text.atmel_start_init
                0x00000d38        0x6 C:\Users\GMATEU~1\DOCUME~1\Trobina\DEVELO~1\Software\ATMEL_~1\AVR128~1\AVR128~1\Debug\libAVR128DB_BSP.a(atmel_start.o)
                0x00000d38                atmel_start_init
 .text.mcu_init
                0x00000d3e       0x92 C:\Users\GMATEU~1\DOCUME~1\Trobina\DEVELO~1\Software\ATMEL_~1\AVR128~1\AVR128~1\Debug\libAVR128DB_BSP.a(driver_init.o)
                0x00000d3e                mcu_init
 .text.OPERATIONAL_AMPLIFIER_0_initialization
                0x00000dd0       0x2a C:\Users\GMATEU~1\DOCUME~1\Trobina\DEVELO~1\Software\ATMEL_~1\AVR128~1\AVR128~1\Debug\libAVR128DB_BSP.a(driver_init.o)
                0x00000dd0                OPERATIONAL_AMPLIFIER_0_initialization
 .text.USART_0_initialization
                0x00000dfa       0x22 C:\Users\GMATEU~1\DOCUME~1\Trobina\DEVELO~1\Software\ATMEL_~1\AVR128~1\AVR128~1\Debug\libAVR128DB_BSP.a(driver_init.o)
                0x00000dfa                USART_0_initialization
 .text.EVENT_SYSTEM_0_initialization
                0x00000e1c        0x6 C:\Users\GMATEU~1\DOCUME~1\Trobina\DEVELO~1\Software\ATMEL_~1\AVR128~1\AVR128~1\Debug\libAVR128DB_BSP.a(driver_init.o)
                0x00000e1c                EVENT_SYSTEM_0_initialization
 .text.ZCD_RISING_initialization
                0x00000e22       0x18 C:\Users\GMATEU~1\DOCUME~1\Trobina\DEVELO~1\Software\ATMEL_~1\AVR128~1\AVR128~1\Debug\libAVR128DB_BSP.a(driver_init.o)
                0x00000e22                ZCD_RISING_initialization
 .text.ZCD_FALLING_initialization
                0x00000e3a       0x18 C:\Users\GMATEU~1\DOCUME~1\Trobina\DEVELO~1\Software\ATMEL_~1\AVR128~1\AVR128~1\Debug\libAVR128DB_BSP.a(driver_init.o)
                0x00000e3a                ZCD_FALLING_initialization
 .text.SPI_REFERENCE_initialization
                0x00000e52       0x42 C:\Users\GMATEU~1\DOCUME~1\Trobina\DEVELO~1\Software\ATMEL_~1\AVR128~1\AVR128~1\Debug\libAVR128DB_BSP.a(driver_init.o)
                0x00000e52                SPI_REFERENCE_initialization
 .text.SPI_ZCD_initialization
                0x00000e94       0x42 C:\Users\GMATEU~1\DOCUME~1\Trobina\DEVELO~1\Software\ATMEL_~1\AVR128~1\AVR128~1\Debug\libAVR128DB_BSP.a(driver_init.o)
                0x00000e94                SPI_ZCD_initialization
 .text.TIMER_RISING_initialization
                0x00000ed6        0x6 C:\Users\GMATEU~1\DOCUME~1\Trobina\DEVELO~1\Software\ATMEL_~1\AVR128~1\AVR128~1\Debug\libAVR128DB_BSP.a(driver_init.o)
                0x00000ed6                TIMER_RISING_initialization
 .text.TIMER_FALLING_initialization
                0x00000edc        0x6 C:\Users\GMATEU~1\DOCUME~1\Trobina\DEVELO~1\Software\ATMEL_~1\AVR128~1\AVR128~1\Debug\libAVR128DB_BSP.a(driver_init.o)
                0x00000edc                TIMER_FALLING_initialization
 .text.TIMER_0_initialization
                0x00000ee2        0x6 C:\Users\GMATEU~1\DOCUME~1\Trobina\DEVELO~1\Software\ATMEL_~1\AVR128~1\AVR128~1\Debug\libAVR128DB_BSP.a(driver_init.o)
                0x00000ee2                TIMER_0_initialization
 .text.system_init
                0x00000ee8       0x52 C:\Users\GMATEU~1\DOCUME~1\Trobina\DEVELO~1\Software\ATMEL_~1\AVR128~1\AVR128~1\Debug\libAVR128DB_BSP.a(driver_init.o)
                0x00000ee8                system_init
 .text.EVENT_SYSTEM_0_init
                0x00000f3a       0x26 C:\Users\GMATEU~1\DOCUME~1\Trobina\DEVELO~1\Software\ATMEL_~1\AVR128~1\AVR128~1\Debug\libAVR128DB_BSP.a(evsys.o)
                0x00000f3a                EVENT_SYSTEM_0_init
 .text.OPERATIONAL_AMPLIFIER_0_init
                0x00000f60       0x22 C:\Users\GMATEU~1\DOCUME~1\Trobina\DEVELO~1\Software\ATMEL_~1\AVR128~1\AVR128~1\Debug\libAVR128DB_BSP.a(opamp_basic.o)
                0x00000f60                OPERATIONAL_AMPLIFIER_0_init
 .text.RTC_0_init
                0x00000f82       0x22 C:\Users\GMATEU~1\DOCUME~1\Trobina\DEVELO~1\Software\ATMEL_~1\AVR128~1\AVR128~1\Debug\libAVR128DB_BSP.a(rtc.o)
                0x00000f82                RTC_0_init
 .text.SLPCTRL_init
                0x00000fa4        0x4 C:\Users\GMATEU~1\DOCUME~1\Trobina\DEVELO~1\Software\ATMEL_~1\AVR128~1\AVR128~1\Debug\libAVR128DB_BSP.a(slpctrl.o)
                0x00000fa4                SLPCTRL_init
 .text.SPI_REFERENCE_init
                0x00000fa8       0x10 C:\Users\GMATEU~1\DOCUME~1\Trobina\DEVELO~1\Software\ATMEL_~1\AVR128~1\AVR128~1\Debug\libAVR128DB_BSP.a(spi_basic.o)
                0x00000fa8                SPI_REFERENCE_init
 .text.SPI_ZCD_init
                0x00000fb8       0x18 C:\Users\GMATEU~1\DOCUME~1\Trobina\DEVELO~1\Software\ATMEL_~1\AVR128~1\AVR128~1\Debug\libAVR128DB_BSP.a(spi_basic.o)
                0x00000fb8                SPI_ZCD_init
 .text.TIMER_RISING_init
                0x00000fd0       0x18 C:\Users\GMATEU~1\DOCUME~1\Trobina\DEVELO~1\Software\ATMEL_~1\AVR128~1\AVR128~1\Debug\libAVR128DB_BSP.a(tcb.o)
                0x00000fd0                TIMER_RISING_init
 .text.TIMER_FALLING_init
                0x00000fe8       0x18 C:\Users\GMATEU~1\DOCUME~1\Trobina\DEVELO~1\Software\ATMEL_~1\AVR128~1\AVR128~1\Debug\libAVR128DB_BSP.a(tcb.o)
                0x00000fe8                TIMER_FALLING_init
 .text.TIMER_0_init
                0x00001000       0x2a C:\Users\GMATEU~1\DOCUME~1\Trobina\DEVELO~1\Software\ATMEL_~1\AVR128~1\AVR128~1\Debug\libAVR128DB_BSP.a(tcd.o)
                0x00001000                TIMER_0_init
 .text.USART_0_init
                0x0000102a       0x20 C:\Users\GMATEU~1\DOCUME~1\Trobina\DEVELO~1\Software\ATMEL_~1\AVR128~1\AVR128~1\Debug\libAVR128DB_BSP.a(usart_basic.o)
                0x0000102a                USART_0_init
 .text.USART_0_write
                0x0000104a        0xe C:\Users\GMATEU~1\DOCUME~1\Trobina\DEVELO~1\Software\ATMEL_~1\AVR128~1\AVR128~1\Debug\libAVR128DB_BSP.a(usart_basic.o)
                0x0000104a                USART_0_write
 .text.USART_0_printCHAR
                0x00001058        0xa C:\Users\GMATEU~1\DOCUME~1\Trobina\DEVELO~1\Software\ATMEL_~1\AVR128~1\AVR128~1\Debug\libAVR128DB_BSP.a(usart_basic.o)
                0x00001058                USART_0_printCHAR
 .text.VREF_0_init
                0x00001062        0xa C:\Users\GMATEU~1\DOCUME~1\Trobina\DEVELO~1\Software\ATMEL_~1\AVR128~1\AVR128~1\Debug\libAVR128DB_BSP.a(vref.o)
                0x00001062                VREF_0_init
 .text.ZCD_RISING_init
                0x0000106c        0xa C:\Users\GMATEU~1\DOCUME~1\Trobina\DEVELO~1\Software\ATMEL_~1\AVR128~1\AVR128~1\Debug\libAVR128DB_BSP.a(zcd.o)
                0x0000106c                ZCD_RISING_init
 .text.ZCD_FALLING_init
                0x00001076        0xa C:\Users\GMATEU~1\DOCUME~1\Trobina\DEVELO~1\Software\ATMEL_~1\AVR128~1\AVR128~1\Debug\libAVR128DB_BSP.a(zcd.o)
                0x00001076                ZCD_FALLING_init
 .text.BOD_init
                0x00001080        0x8 C:\Users\GMATEU~1\DOCUME~1\Trobina\DEVELO~1\Software\ATMEL_~1\AVR128~1\AVR128~1\Debug\libAVR128DB_BSP.a(bod.o)
                0x00001080                BOD_init
 .text.CLKCTRL_init
                0x00001088       0x1c C:\Users\GMATEU~1\DOCUME~1\Trobina\DEVELO~1\Software\ATMEL_~1\AVR128~1\AVR128~1\Debug\libAVR128DB_BSP.a(clkctrl.o)
                0x00001088                CLKCTRL_init
 .text.CPUINT_init
                0x000010a4        0x4 C:\Users\GMATEU~1\DOCUME~1\Trobina\DEVELO~1\Software\ATMEL_~1\AVR128~1\AVR128~1\Debug\libAVR128DB_BSP.a(cpuint.o)
                0x000010a4                CPUINT_init
 .text.protected_write_io
                0x000010a8        0xa C:\Users\GMATEU~1\DOCUME~1\Trobina\DEVELO~1\Software\ATMEL_~1\AVR128~1\AVR128~1\Debug\libAVR128DB_BSP.a(protected_io.o)
                0x000010a8                protected_write_io
 .text.libgcc.div
                0x000010b2       0x2e c:/program files (x86)/atmel/studio/7.0/toolchain/avr8/avr8-gnu-toolchain/bin/../lib/gcc/avr/5.4.0/avrxmega4\libgcc.a(_divmodsi4.o)
                0x000010b2                __divmodsi4
 .text.libgcc.div
                0x000010e0       0x10 c:/program files (x86)/atmel/studio/7.0/toolchain/avr8/avr8-gnu-toolchain/bin/../lib/gcc/avr/5.4.0/avrxmega4\libgcc.a(_negsi2.o)
                0x000010e0                __negsi2
 .text.libgcc.div
                0x000010f0       0x44 c:/program files (x86)/atmel/studio/7.0/toolchain/avr8/avr8-gnu-toolchain/bin/../lib/gcc/avr/5.4.0/avrxmega4\libgcc.a(_udivmodsi4.o)
                0x000010f0                __udivmodsi4
 .text.libgcc   0x00001134       0x12 c:/program files (x86)/atmel/studio/7.0/toolchain/avr8/avr8-gnu-toolchain/bin/../lib/gcc/avr/5.4.0/avrxmega4\libgcc.a(_tablejump2.o)
                0x00001134                __tablejump2__
 .text.avr-libc
                0x00001146       0x28 c:/program files (x86)/atmel/studio/7.0/toolchain/avr8/avr8-gnu-toolchain/bin/../lib/gcc/avr/5.4.0/../../../../avr/lib/avrxmega4\libc.a(printf.o)
                0x00001146                printf
 .text.avr-libc
                0x0000116e      0x408 c:/program files (x86)/atmel/studio/7.0/toolchain/avr8/avr8-gnu-toolchain/bin/../lib/gcc/avr/5.4.0/../../../../avr/lib/avrxmega4\libc.a(vfprintf_std.o)
                0x0000116e                vfprintf
 .text.avr-libc
                0x00001576       0x16 c:/program files (x86)/atmel/studio/7.0/toolchain/avr8/avr8-gnu-toolchain/bin/../lib/gcc/avr/5.4.0/../../../../avr/lib/avrxmega4\libc.a(strnlen_P.o)
                0x00001576                strnlen_P
 .text.avr-libc
                0x0000158c       0x16 c:/program files (x86)/atmel/studio/7.0/toolchain/avr8/avr8-gnu-toolchain/bin/../lib/gcc/avr/5.4.0/../../../../avr/lib/avrxmega4\libc.a(strnlen.o)
                0x0000158c                strnlen
 .text.avr-libc
                0x000015a2       0x78 c:/program files (x86)/atmel/studio/7.0/toolchain/avr8/avr8-gnu-toolchain/bin/../lib/gcc/avr/5.4.0/../../../../avr/lib/avrxmega4\libc.a(fputc.o)
                0x000015a2                fputc
 .text.avr-libc
                0x0000161a       0xbc c:/program files (x86)/atmel/studio/7.0/toolchain/avr8/avr8-gnu-toolchain/bin/../lib/gcc/avr/5.4.0/../../../../avr/lib/avrxmega4\libc.a(ultoa_invert.o)
                0x0000161a                __ultoa_invert
                0x000016d6                . = ALIGN (0x2)
 *(.fini9)
 .fini9         0x000016d6        0x0 c:/program files (x86)/atmel/studio/7.0/toolchain/avr8/avr8-gnu-toolchain/bin/../lib/gcc/avr/5.4.0/avrxmega4\libgcc.a(_exit.o)
                0x000016d6                _exit
                0x000016d6                exit
 *(.fini9)
 *(.fini8)
 *(.fini8)
 *(.fini7)
 *(.fini7)
 *(.fini6)
 .fini6         0x000016d6       0x16 c:/program files (x86)/atmel/studio/7.0/toolchain/avr8/avr8-gnu-toolchain/bin/../lib/gcc/avr/5.4.0/avrxmega4\libgcc.a(_dtors.o)
                0x000016d6                __do_global_dtors
 *(.fini6)
 *(.fini5)
 *(.fini5)
 *(.fini4)
 *(.fini4)
 *(.fini3)
 *(.fini3)
 *(.fini2)
 *(.fini2)
 *(.fini1)
 *(.fini1)
 *(.fini0)
 .fini0         0x000016ec        0x4 c:/program files (x86)/atmel/studio/7.0/toolchain/avr8/avr8-gnu-toolchain/bin/../lib/gcc/avr/5.4.0/avrxmega4\libgcc.a(_exit.o)
 *(.fini0)
                0x000016f0                _etext = .

.data           0x00804000       0x3c load address 0x000016f0
                0x00804000                PROVIDE (__data_start, .)
 *(.data)
 *(.data*)
 .data.USART_0_stream
                0x00804000        0xe C:\Users\GMATEU~1\DOCUME~1\Trobina\DEVELO~1\Software\ATMEL_~1\AVR128~1\AVR128~1\Debug\libAVR128DB_BSP.a(usart_basic.o)
                0x00804000                USART_0_stream
 *(.gnu.linkonce.d*)
 *(.rodata)
 .rodata        0x0080400e       0x2e main.o
 *(.rodata*)
 *(.gnu.linkonce.r*)
                0x0080403c                . = ALIGN (0x2)
                0x0080403c                _edata = .
                0x0080403c                PROVIDE (__data_end, .)

.bss            0x0080403c       0x8a
                0x0080403c                PROVIDE (__bss_start, .)
 *(.bss)
 *(.bss*)
 .bss._ZL4tako  0x0080403c       0x12 main.o
 .bss._ZL4post  0x0080404e        0xc main.o
 .bss._ZL4post  0x0080405a        0xc SPI_SLAVE_CLASS.o
 .bss._ZL4tako  0x00804066       0x12 SPI_SLAVE_CLASS.o
 .bss._ZL18write_buffer_local
                0x00804078       0x10 SPI_SLAVE_CLASS.o
 .bss._ZL17read_buffer_local
                0x00804088       0x10 SPI_SLAVE_CLASS.o
 .bss.ptrSPI_Slave
                0x00804098        0x2 SPI_SLAVE_CLASS.o
                0x00804098                ptrSPI_Slave
 .bss._ZL4tako  0x0080409a       0x12 Zero_Cross_Counter.o
 .bss.ptr_zero_cross_handler
                0x008040ac        0x2 Zero_Cross_Counter.o
                0x008040ac                ptr_zero_cross_handler
 .bss._ZL20capture_value_rising
                0x008040ae        0x2 Zero_Cross_Counter.o
 .bss._ZL21capture_value_falling
                0x008040b0        0x2 Zero_Cross_Counter.o
 .bss._ZL18capture_value_tc_a
                0x008040b2        0x2 Zero_Cross_Counter.o
 .bss._ZL20local_last_frequency
                0x008040b4        0x4 Zero_Cross_Counter.o
 .bss.SPI_ZCD_desc
                0x008040b8        0x7 C:\Users\GMATEU~1\DOCUME~1\Trobina\DEVELO~1\Software\ATMEL_~1\AVR128~1\AVR128~1\Debug\libAVR128DB_BSP.a(spi_basic.o)
 .bss.SPI_REFERENCE_desc
                0x008040bf        0x1 C:\Users\GMATEU~1\DOCUME~1\Trobina\DEVELO~1\Software\ATMEL_~1\AVR128~1\AVR128~1\Debug\libAVR128DB_BSP.a(spi_basic.o)
 *(COMMON)
 COMMON         0x008040c0        0x6 c:/program files (x86)/atmel/studio/7.0/toolchain/avr8/avr8-gnu-toolchain/bin/../lib/gcc/avr/5.4.0/../../../../avr/lib/avrxmega4\libc.a(iob.o)
                0x008040c0                __iob
                0x008040c6                PROVIDE (__bss_end, .)
                0x000016f0                __data_load_start = LOADADDR (.data)
                0x0000172c                __data_load_end = (__data_load_start + SIZEOF (.data))

.noinit         0x008040c6        0x0
                [!provide]                PROVIDE (__noinit_start, .)
 *(.noinit*)
                [!provide]                PROVIDE (__noinit_end, .)
                0x008040c6                _end = .
                [!provide]                PROVIDE (__heap_start, .)

.eeprom         0x00810000        0x0
 *(.eeprom*)
                0x00810000                __eeprom_end = .

.fuse
 *(.fuse)
 *(.lfuse)
 *(.hfuse)
 *(.efuse)

.lock
 *(.lock*)

.signature
 *(.signature*)

.user_signatures
 *(.user_signatures*)

.stab
 *(.stab)

.stabstr
 *(.stabstr)

.stab.excl
 *(.stab.excl)

.stab.exclstr
 *(.stab.exclstr)

.stab.index
 *(.stab.index)

.stab.indexstr
 *(.stab.indexstr)

.comment        0x00000000       0x5c
 *(.comment)
 .comment       0x00000000       0x30 main.o
                                 0x31 (size before relaxing)
 .comment       0x00000030       0x31 SPI_SLAVE_CLASS.o
 .comment       0x00000030       0x31 Zero_Cross_Counter.o
 .comment       0x00000030       0x31 C:\Users\GMATEU~1\DOCUME~1\Trobina\DEVELO~1\Software\ATMEL_~1\AVR128~1\AVR128~1\Debug\libAVR128DB_BSP.a(atmel_start.o)
 .comment       0x00000030       0x31 C:\Users\GMATEU~1\DOCUME~1\Trobina\DEVELO~1\Software\ATMEL_~1\AVR128~1\AVR128~1\Debug\libAVR128DB_BSP.a(driver_init.o)
 .comment       0x00000030       0x31 C:\Users\GMATEU~1\DOCUME~1\Trobina\DEVELO~1\Software\ATMEL_~1\AVR128~1\AVR128~1\Debug\libAVR128DB_BSP.a(evsys.o)
 .comment       0x00000030       0x31 C:\Users\GMATEU~1\DOCUME~1\Trobina\DEVELO~1\Software\ATMEL_~1\AVR128~1\AVR128~1\Debug\libAVR128DB_BSP.a(opamp_basic.o)
 .comment       0x00000030       0x31 C:\Users\GMATEU~1\DOCUME~1\Trobina\DEVELO~1\Software\ATMEL_~1\AVR128~1\AVR128~1\Debug\libAVR128DB_BSP.a(rtc.o)
 .comment       0x00000030       0x31 C:\Users\GMATEU~1\DOCUME~1\Trobina\DEVELO~1\Software\ATMEL_~1\AVR128~1\AVR128~1\Debug\libAVR128DB_BSP.a(slpctrl.o)
 .comment       0x00000030       0x31 C:\Users\GMATEU~1\DOCUME~1\Trobina\DEVELO~1\Software\ATMEL_~1\AVR128~1\AVR128~1\Debug\libAVR128DB_BSP.a(spi_basic.o)
 .comment       0x00000030       0x31 C:\Users\GMATEU~1\DOCUME~1\Trobina\DEVELO~1\Software\ATMEL_~1\AVR128~1\AVR128~1\Debug\libAVR128DB_BSP.a(tcb.o)
 .comment       0x00000030       0x31 C:\Users\GMATEU~1\DOCUME~1\Trobina\DEVELO~1\Software\ATMEL_~1\AVR128~1\AVR128~1\Debug\libAVR128DB_BSP.a(tcd.o)
 .comment       0x00000030       0x31 C:\Users\GMATEU~1\DOCUME~1\Trobina\DEVELO~1\Software\ATMEL_~1\AVR128~1\AVR128~1\Debug\libAVR128DB_BSP.a(usart_basic.o)
 .comment       0x00000030       0x31 C:\Users\GMATEU~1\DOCUME~1\Trobina\DEVELO~1\Software\ATMEL_~1\AVR128~1\AVR128~1\Debug\libAVR128DB_BSP.a(vref.o)
 .comment       0x00000030       0x31 C:\Users\GMATEU~1\DOCUME~1\Trobina\DEVELO~1\Software\ATMEL_~1\AVR128~1\AVR128~1\Debug\libAVR128DB_BSP.a(zcd.o)
 .comment       0x00000030       0x31 C:\Users\GMATEU~1\DOCUME~1\Trobina\DEVELO~1\Software\ATMEL_~1\AVR128~1\AVR128~1\Debug\libAVR128DB_BSP.a(bod.o)
 .comment       0x00000030       0x31 C:\Users\GMATEU~1\DOCUME~1\Trobina\DEVELO~1\Software\ATMEL_~1\AVR128~1\AVR128~1\Debug\libAVR128DB_BSP.a(clkctrl.o)
 .comment       0x00000030       0x31 C:\Users\GMATEU~1\DOCUME~1\Trobina\DEVELO~1\Software\ATMEL_~1\AVR128~1\AVR128~1\Debug\libAVR128DB_BSP.a(cpuint.o)
 .comment       0x00000030       0x31 c:/program files (x86)/atmel/studio/7.0/toolchain/avr8/avr8-gnu-toolchain/bin/../lib/gcc/avr/5.4.0/../../../../avr/lib/avrxmega4\libc.a(iob.o)
 .comment       0x00000030       0x31 c:/program files (x86)/atmel/studio/7.0/toolchain/avr8/avr8-gnu-toolchain/bin/../lib/gcc/avr/5.4.0/../../../../avr/lib/avrxmega4\libc.a(printf.o)
 .comment       0x00000030       0x2c c:/program files (x86)/atmel/studio/7.0/toolchain/avr8/avr8-gnu-toolchain/bin/../lib/gcc/avr/5.4.0/../../../../avr/lib/avrxmega4\libc.a(vfprintf_std.o)
                                 0x2d (size before relaxing)
 .comment       0x0000005c       0x31 c:/program files (x86)/atmel/studio/7.0/toolchain/avr8/avr8-gnu-toolchain/bin/../lib/gcc/avr/5.4.0/../../../../avr/lib/avrxmega4\libc.a(fputc.o)

.note.gnu.avr.deviceinfo
                0x00000000       0x40
 .note.gnu.avr.deviceinfo
                0x00000000       0x40 C:/Program Files (x86)/Atmel/Studio/7.0/Packs/Atmel/AVR-Dx_DFP/1.7.85/gcc/dev/avr128db48/avrxmega4/crtavr128db48.o

.note.gnu.build-id
 *(.note.gnu.build-id)

.debug
 *(.debug)

.line
 *(.line)

.debug_srcinfo
 *(.debug_srcinfo)

.debug_sfnames
 *(.debug_sfnames)

.debug_aranges  0x00000000      0x5f8
 *(.debug_aranges)
 .debug_aranges
                0x00000000       0x58 main.o
 .debug_aranges
                0x00000058       0x98 SPI_SLAVE_CLASS.o
 .debug_aranges
                0x000000f0       0xc0 Zero_Cross_Counter.o
 .debug_aranges
                0x000001b0       0x20 C:\Users\GMATEU~1\DOCUME~1\Trobina\DEVELO~1\Software\ATMEL_~1\AVR128~1\AVR128~1\Debug\libAVR128DB_BSP.a(atmel_start.o)
 .debug_aranges
                0x000001d0       0x78 C:\Users\GMATEU~1\DOCUME~1\Trobina\DEVELO~1\Software\ATMEL_~1\AVR128~1\AVR128~1\Debug\libAVR128DB_BSP.a(driver_init.o)
 .debug_aranges
                0x00000248       0x20 C:\Users\GMATEU~1\DOCUME~1\Trobina\DEVELO~1\Software\ATMEL_~1\AVR128~1\AVR128~1\Debug\libAVR128DB_BSP.a(evsys.o)
 .debug_aranges
                0x00000268       0xf0 C:\Users\GMATEU~1\DOCUME~1\Trobina\DEVELO~1\Software\ATMEL_~1\AVR128~1\AVR128~1\Debug\libAVR128DB_BSP.a(opamp_basic.o)
 .debug_aranges
                0x00000358       0x20 C:\Users\GMATEU~1\DOCUME~1\Trobina\DEVELO~1\Software\ATMEL_~1\AVR128~1\AVR128~1\Debug\libAVR128DB_BSP.a(rtc.o)
 .debug_aranges
                0x00000378       0x28 C:\Users\GMATEU~1\DOCUME~1\Trobina\DEVELO~1\Software\ATMEL_~1\AVR128~1\AVR128~1\Debug\libAVR128DB_BSP.a(slpctrl.o)
 .debug_aranges
                0x000003a0       0xd0 C:\Users\GMATEU~1\DOCUME~1\Trobina\DEVELO~1\Software\ATMEL_~1\AVR128~1\AVR128~1\Debug\libAVR128DB_BSP.a(spi_basic.o)
 .debug_aranges
                0x00000470       0x28 C:\Users\GMATEU~1\DOCUME~1\Trobina\DEVELO~1\Software\ATMEL_~1\AVR128~1\AVR128~1\Debug\libAVR128DB_BSP.a(tcb.o)
 .debug_aranges
                0x00000498       0x20 C:\Users\GMATEU~1\DOCUME~1\Trobina\DEVELO~1\Software\ATMEL_~1\AVR128~1\AVR128~1\Debug\libAVR128DB_BSP.a(tcd.o)
 .debug_aranges
                0x000004b8       0x78 C:\Users\GMATEU~1\DOCUME~1\Trobina\DEVELO~1\Software\ATMEL_~1\AVR128~1\AVR128~1\Debug\libAVR128DB_BSP.a(usart_basic.o)
 .debug_aranges
                0x00000530       0x20 C:\Users\GMATEU~1\DOCUME~1\Trobina\DEVELO~1\Software\ATMEL_~1\AVR128~1\AVR128~1\Debug\libAVR128DB_BSP.a(vref.o)
 .debug_aranges
                0x00000550       0x28 C:\Users\GMATEU~1\DOCUME~1\Trobina\DEVELO~1\Software\ATMEL_~1\AVR128~1\AVR128~1\Debug\libAVR128DB_BSP.a(zcd.o)
 .debug_aranges
                0x00000578       0x20 C:\Users\GMATEU~1\DOCUME~1\Trobina\DEVELO~1\Software\ATMEL_~1\AVR128~1\AVR128~1\Debug\libAVR128DB_BSP.a(bod.o)
 .debug_aranges
                0x00000598       0x20 C:\Users\GMATEU~1\DOCUME~1\Trobina\DEVELO~1\Software\ATMEL_~1\AVR128~1\AVR128~1\Debug\libAVR128DB_BSP.a(clkctrl.o)
 .debug_aranges
                0x000005b8       0x20 C:\Users\GMATEU~1\DOCUME~1\Trobina\DEVELO~1\Software\ATMEL_~1\AVR128~1\AVR128~1\Debug\libAVR128DB_BSP.a(cpuint.o)
 .debug_aranges
                0x000005d8       0x20 C:\Users\GMATEU~1\DOCUME~1\Trobina\DEVELO~1\Software\ATMEL_~1\AVR128~1\AVR128~1\Debug\libAVR128DB_BSP.a(protected_io.o)

.debug_pubnames
 *(.debug_pubnames)

.debug_info     0x00000000     0x9a28
 *(.debug_info .gnu.linkonce.wi.*)
 .debug_info    0x00000000     0x2f42 C:/Program Files (x86)/Atmel/Studio/7.0/Packs/Atmel/AVR-Dx_DFP/1.7.85/gcc/dev/avr128db48/avrxmega4/crtavr128db48.o
 .debug_info    0x00002f42      0x8eb main.o
 .debug_info    0x0000382d      0x988 SPI_SLAVE_CLASS.o
 .debug_info    0x000041b5      0xf1b Zero_Cross_Counter.o
 .debug_info    0x000050d0       0x9a C:\Users\GMATEU~1\DOCUME~1\Trobina\DEVELO~1\Software\ATMEL_~1\AVR128~1\AVR128~1\Debug\libAVR128DB_BSP.a(atmel_start.o)
 .debug_info    0x0000516a     0x14d8 C:\Users\GMATEU~1\DOCUME~1\Trobina\DEVELO~1\Software\ATMEL_~1\AVR128~1\AVR128~1\Debug\libAVR128DB_BSP.a(driver_init.o)
 .debug_info    0x00006642      0x8b0 C:\Users\GMATEU~1\DOCUME~1\Trobina\DEVELO~1\Software\ATMEL_~1\AVR128~1\AVR128~1\Debug\libAVR128DB_BSP.a(evsys.o)
 .debug_info    0x00006ef2      0xa33 C:\Users\GMATEU~1\DOCUME~1\Trobina\DEVELO~1\Software\ATMEL_~1\AVR128~1\AVR128~1\Debug\libAVR128DB_BSP.a(opamp_basic.o)
 .debug_info    0x00007925      0x389 C:\Users\GMATEU~1\DOCUME~1\Trobina\DEVELO~1\Software\ATMEL_~1\AVR128~1\AVR128~1\Debug\libAVR128DB_BSP.a(rtc.o)
 .debug_info    0x00007cae      0x136 C:\Users\GMATEU~1\DOCUME~1\Trobina\DEVELO~1\Software\ATMEL_~1\AVR128~1\AVR128~1\Debug\libAVR128DB_BSP.a(slpctrl.o)
 .debug_info    0x00007de4      0x689 C:\Users\GMATEU~1\DOCUME~1\Trobina\DEVELO~1\Software\ATMEL_~1\AVR128~1\AVR128~1\Debug\libAVR128DB_BSP.a(spi_basic.o)
 .debug_info    0x0000846d      0x2ae C:\Users\GMATEU~1\DOCUME~1\Trobina\DEVELO~1\Software\ATMEL_~1\AVR128~1\AVR128~1\Debug\libAVR128DB_BSP.a(tcb.o)
 .debug_info    0x0000871b      0x589 C:\Users\GMATEU~1\DOCUME~1\Trobina\DEVELO~1\Software\ATMEL_~1\AVR128~1\AVR128~1\Debug\libAVR128DB_BSP.a(tcd.o)
 .debug_info    0x00008ca4      0x492 C:\Users\GMATEU~1\DOCUME~1\Trobina\DEVELO~1\Software\ATMEL_~1\AVR128~1\AVR128~1\Debug\libAVR128DB_BSP.a(usart_basic.o)
 .debug_info    0x00009136      0x15d C:\Users\GMATEU~1\DOCUME~1\Trobina\DEVELO~1\Software\ATMEL_~1\AVR128~1\AVR128~1\Debug\libAVR128DB_BSP.a(vref.o)
 .debug_info    0x00009293      0x150 C:\Users\GMATEU~1\DOCUME~1\Trobina\DEVELO~1\Software\ATMEL_~1\AVR128~1\AVR128~1\Debug\libAVR128DB_BSP.a(zcd.o)
 .debug_info    0x000093e3      0x188 C:\Users\GMATEU~1\DOCUME~1\Trobina\DEVELO~1\Software\ATMEL_~1\AVR128~1\AVR128~1\Debug\libAVR128DB_BSP.a(bod.o)
 .debug_info    0x0000956b      0x38a C:\Users\GMATEU~1\DOCUME~1\Trobina\DEVELO~1\Software\ATMEL_~1\AVR128~1\AVR128~1\Debug\libAVR128DB_BSP.a(clkctrl.o)
 .debug_info    0x000098f5       0x8d C:\Users\GMATEU~1\DOCUME~1\Trobina\DEVELO~1\Software\ATMEL_~1\AVR128~1\AVR128~1\Debug\libAVR128DB_BSP.a(cpuint.o)
 .debug_info    0x00009982       0xa6 C:\Users\GMATEU~1\DOCUME~1\Trobina\DEVELO~1\Software\ATMEL_~1\AVR128~1\AVR128~1\Debug\libAVR128DB_BSP.a(protected_io.o)

.debug_abbrev   0x00000000     0x454d
 *(.debug_abbrev)
 .debug_abbrev  0x00000000     0x2cc2 C:/Program Files (x86)/Atmel/Studio/7.0/Packs/Atmel/AVR-Dx_DFP/1.7.85/gcc/dev/avr128db48/avrxmega4/crtavr128db48.o
 .debug_abbrev  0x00002cc2      0x289 main.o
 .debug_abbrev  0x00002f4b      0x2e3 SPI_SLAVE_CLASS.o
 .debug_abbrev  0x0000322e      0x345 Zero_Cross_Counter.o
 .debug_abbrev  0x00003573       0x63 C:\Users\GMATEU~1\DOCUME~1\Trobina\DEVELO~1\Software\ATMEL_~1\AVR128~1\AVR128~1\Debug\libAVR128DB_BSP.a(atmel_start.o)
 .debug_abbrev  0x000035d6      0x1e1 C:\Users\GMATEU~1\DOCUME~1\Trobina\DEVELO~1\Software\ATMEL_~1\AVR128~1\AVR128~1\Debug\libAVR128DB_BSP.a(driver_init.o)
 .debug_abbrev  0x000037b7       0xaf C:\Users\GMATEU~1\DOCUME~1\Trobina\DEVELO~1\Software\ATMEL_~1\AVR128~1\AVR128~1\Debug\libAVR128DB_BSP.a(evsys.o)
 .debug_abbrev  0x00003866      0x12f C:\Users\GMATEU~1\DOCUME~1\Trobina\DEVELO~1\Software\ATMEL_~1\AVR128~1\AVR128~1\Debug\libAVR128DB_BSP.a(opamp_basic.o)
 .debug_abbrev  0x00003995       0xe6 C:\Users\GMATEU~1\DOCUME~1\Trobina\DEVELO~1\Software\ATMEL_~1\AVR128~1\AVR128~1\Debug\libAVR128DB_BSP.a(rtc.o)
 .debug_abbrev  0x00003a7b       0xc4 C:\Users\GMATEU~1\DOCUME~1\Trobina\DEVELO~1\Software\ATMEL_~1\AVR128~1\AVR128~1\Debug\libAVR128DB_BSP.a(slpctrl.o)
 .debug_abbrev  0x00003b3f      0x2a8 C:\Users\GMATEU~1\DOCUME~1\Trobina\DEVELO~1\Software\ATMEL_~1\AVR128~1\AVR128~1\Debug\libAVR128DB_BSP.a(spi_basic.o)
 .debug_abbrev  0x00003de7       0xf3 C:\Users\GMATEU~1\DOCUME~1\Trobina\DEVELO~1\Software\ATMEL_~1\AVR128~1\AVR128~1\Debug\libAVR128DB_BSP.a(tcb.o)
 .debug_abbrev  0x00003eda       0xe6 C:\Users\GMATEU~1\DOCUME~1\Trobina\DEVELO~1\Software\ATMEL_~1\AVR128~1\AVR128~1\Debug\libAVR128DB_BSP.a(tcd.o)
 .debug_abbrev  0x00003fc0      0x20d C:\Users\GMATEU~1\DOCUME~1\Trobina\DEVELO~1\Software\ATMEL_~1\AVR128~1\AVR128~1\Debug\libAVR128DB_BSP.a(usart_basic.o)
 .debug_abbrev  0x000041cd       0xaf C:\Users\GMATEU~1\DOCUME~1\Trobina\DEVELO~1\Software\ATMEL_~1\AVR128~1\AVR128~1\Debug\libAVR128DB_BSP.a(vref.o)
 .debug_abbrev  0x0000427c       0x95 C:\Users\GMATEU~1\DOCUME~1\Trobina\DEVELO~1\Software\ATMEL_~1\AVR128~1\AVR128~1\Debug\libAVR128DB_BSP.a(zcd.o)
 .debug_abbrev  0x00004311       0xaf C:\Users\GMATEU~1\DOCUME~1\Trobina\DEVELO~1\Software\ATMEL_~1\AVR128~1\AVR128~1\Debug\libAVR128DB_BSP.a(bod.o)
 .debug_abbrev  0x000043c0      0x128 C:\Users\GMATEU~1\DOCUME~1\Trobina\DEVELO~1\Software\ATMEL_~1\AVR128~1\AVR128~1\Debug\libAVR128DB_BSP.a(clkctrl.o)
 .debug_abbrev  0x000044e8       0x51 C:\Users\GMATEU~1\DOCUME~1\Trobina\DEVELO~1\Software\ATMEL_~1\AVR128~1\AVR128~1\Debug\libAVR128DB_BSP.a(cpuint.o)
 .debug_abbrev  0x00004539       0x14 C:\Users\GMATEU~1\DOCUME~1\Trobina\DEVELO~1\Software\ATMEL_~1\AVR128~1\AVR128~1\Debug\libAVR128DB_BSP.a(protected_io.o)

.debug_line     0x00000000     0x2a5f
 *(.debug_line .debug_line.* .debug_line_end)
 .debug_line    0x00000000      0x205 C:/Program Files (x86)/Atmel/Studio/7.0/Packs/Atmel/AVR-Dx_DFP/1.7.85/gcc/dev/avr128db48/avrxmega4/crtavr128db48.o
 .debug_line    0x00000205      0x329 main.o
 .debug_line    0x0000052e      0x4b7 SPI_SLAVE_CLASS.o
 .debug_line    0x000009e5      0x51a Zero_Cross_Counter.o
 .debug_line    0x00000eff       0x60 C:\Users\GMATEU~1\DOCUME~1\Trobina\DEVELO~1\Software\ATMEL_~1\AVR128~1\AVR128~1\Debug\libAVR128DB_BSP.a(atmel_start.o)
 .debug_line    0x00000f5f      0x4ff C:\Users\GMATEU~1\DOCUME~1\Trobina\DEVELO~1\Software\ATMEL_~1\AVR128~1\AVR128~1\Debug\libAVR128DB_BSP.a(driver_init.o)
 .debug_line    0x0000145e      0x133 C:\Users\GMATEU~1\DOCUME~1\Trobina\DEVELO~1\Software\ATMEL_~1\AVR128~1\AVR128~1\Debug\libAVR128DB_BSP.a(evsys.o)
 .debug_line    0x00001591      0x3a0 C:\Users\GMATEU~1\DOCUME~1\Trobina\DEVELO~1\Software\ATMEL_~1\AVR128~1\AVR128~1\Debug\libAVR128DB_BSP.a(opamp_basic.o)
 .debug_line    0x00001931      0x128 C:\Users\GMATEU~1\DOCUME~1\Trobina\DEVELO~1\Software\ATMEL_~1\AVR128~1\AVR128~1\Debug\libAVR128DB_BSP.a(rtc.o)
 .debug_line    0x00001a59      0x120 C:\Users\GMATEU~1\DOCUME~1\Trobina\DEVELO~1\Software\ATMEL_~1\AVR128~1\AVR128~1\Debug\libAVR128DB_BSP.a(slpctrl.o)
 .debug_line    0x00001b79      0x484 C:\Users\GMATEU~1\DOCUME~1\Trobina\DEVELO~1\Software\ATMEL_~1\AVR128~1\AVR128~1\Debug\libAVR128DB_BSP.a(spi_basic.o)
 .debug_line    0x00001ffd      0x159 C:\Users\GMATEU~1\DOCUME~1\Trobina\DEVELO~1\Software\ATMEL_~1\AVR128~1\AVR128~1\Debug\libAVR128DB_BSP.a(tcb.o)
 .debug_line    0x00002156      0x12e C:\Users\GMATEU~1\DOCUME~1\Trobina\DEVELO~1\Software\ATMEL_~1\AVR128~1\AVR128~1\Debug\libAVR128DB_BSP.a(tcd.o)
 .debug_line    0x00002284      0x260 C:\Users\GMATEU~1\DOCUME~1\Trobina\DEVELO~1\Software\ATMEL_~1\AVR128~1\AVR128~1\Debug\libAVR128DB_BSP.a(usart_basic.o)
 .debug_line    0x000024e4      0x10d C:\Users\GMATEU~1\DOCUME~1\Trobina\DEVELO~1\Software\ATMEL_~1\AVR128~1\AVR128~1\Debug\libAVR128DB_BSP.a(vref.o)
 .debug_line    0x000025f1      0x128 C:\Users\GMATEU~1\DOCUME~1\Trobina\DEVELO~1\Software\ATMEL_~1\AVR128~1\AVR128~1\Debug\libAVR128DB_BSP.a(zcd.o)
 .debug_line    0x00002719      0x10c C:\Users\GMATEU~1\DOCUME~1\Trobina\DEVELO~1\Software\ATMEL_~1\AVR128~1\AVR128~1\Debug\libAVR128DB_BSP.a(bod.o)
 .debug_line    0x00002825      0x13a C:\Users\GMATEU~1\DOCUME~1\Trobina\DEVELO~1\Software\ATMEL_~1\AVR128~1\AVR128~1\Debug\libAVR128DB_BSP.a(clkctrl.o)
 .debug_line    0x0000295f       0xa5 C:\Users\GMATEU~1\DOCUME~1\Trobina\DEVELO~1\Software\ATMEL_~1\AVR128~1\AVR128~1\Debug\libAVR128DB_BSP.a(cpuint.o)
 .debug_line    0x00002a04       0x5b C:\Users\GMATEU~1\DOCUME~1\Trobina\DEVELO~1\Software\ATMEL_~1\AVR128~1\AVR128~1\Debug\libAVR128DB_BSP.a(protected_io.o)

.debug_frame    0x00000000      0xe30
 *(.debug_frame)
 .debug_frame   0x00000000      0x158 main.o
 .debug_frame   0x00000158      0x25c SPI_SLAVE_CLASS.o
 .debug_frame   0x000003b4      0x3c0 Zero_Cross_Counter.o
 .debug_frame   0x00000774       0x24 C:\Users\GMATEU~1\DOCUME~1\Trobina\DEVELO~1\Software\ATMEL_~1\AVR128~1\AVR128~1\Debug\libAVR128DB_BSP.a(atmel_start.o)
 .debug_frame   0x00000798       0xd4 C:\Users\GMATEU~1\DOCUME~1\Trobina\DEVELO~1\Software\ATMEL_~1\AVR128~1\AVR128~1\Debug\libAVR128DB_BSP.a(driver_init.o)
 .debug_frame   0x0000086c       0x24 C:\Users\GMATEU~1\DOCUME~1\Trobina\DEVELO~1\Software\ATMEL_~1\AVR128~1\AVR128~1\Debug\libAVR128DB_BSP.a(evsys.o)
 .debug_frame   0x00000890      0x1c4 C:\Users\GMATEU~1\DOCUME~1\Trobina\DEVELO~1\Software\ATMEL_~1\AVR128~1\AVR128~1\Debug\libAVR128DB_BSP.a(opamp_basic.o)
 .debug_frame   0x00000a54       0x24 C:\Users\GMATEU~1\DOCUME~1\Trobina\DEVELO~1\Software\ATMEL_~1\AVR128~1\AVR128~1\Debug\libAVR128DB_BSP.a(rtc.o)
 .debug_frame   0x00000a78       0x34 C:\Users\GMATEU~1\DOCUME~1\Trobina\DEVELO~1\Software\ATMEL_~1\AVR128~1\AVR128~1\Debug\libAVR128DB_BSP.a(slpctrl.o)
 .debug_frame   0x00000aac      0x194 C:\Users\GMATEU~1\DOCUME~1\Trobina\DEVELO~1\Software\ATMEL_~1\AVR128~1\AVR128~1\Debug\libAVR128DB_BSP.a(spi_basic.o)
 .debug_frame   0x00000c40       0x34 C:\Users\GMATEU~1\DOCUME~1\Trobina\DEVELO~1\Software\ATMEL_~1\AVR128~1\AVR128~1\Debug\libAVR128DB_BSP.a(tcb.o)
 .debug_frame   0x00000c74       0x24 C:\Users\GMATEU~1\DOCUME~1\Trobina\DEVELO~1\Software\ATMEL_~1\AVR128~1\AVR128~1\Debug\libAVR128DB_BSP.a(tcd.o)
 .debug_frame   0x00000c98       0xd4 C:\Users\GMATEU~1\DOCUME~1\Trobina\DEVELO~1\Software\ATMEL_~1\AVR128~1\AVR128~1\Debug\libAVR128DB_BSP.a(usart_basic.o)
 .debug_frame   0x00000d6c       0x24 C:\Users\GMATEU~1\DOCUME~1\Trobina\DEVELO~1\Software\ATMEL_~1\AVR128~1\AVR128~1\Debug\libAVR128DB_BSP.a(vref.o)
 .debug_frame   0x00000d90       0x34 C:\Users\GMATEU~1\DOCUME~1\Trobina\DEVELO~1\Software\ATMEL_~1\AVR128~1\AVR128~1\Debug\libAVR128DB_BSP.a(zcd.o)
 .debug_frame   0x00000dc4       0x24 C:\Users\GMATEU~1\DOCUME~1\Trobina\DEVELO~1\Software\ATMEL_~1\AVR128~1\AVR128~1\Debug\libAVR128DB_BSP.a(bod.o)
 .debug_frame   0x00000de8       0x24 C:\Users\GMATEU~1\DOCUME~1\Trobina\DEVELO~1\Software\ATMEL_~1\AVR128~1\AVR128~1\Debug\libAVR128DB_BSP.a(clkctrl.o)
 .debug_frame   0x00000e0c       0x24 C:\Users\GMATEU~1\DOCUME~1\Trobina\DEVELO~1\Software\ATMEL_~1\AVR128~1\AVR128~1\Debug\libAVR128DB_BSP.a(cpuint.o)

.debug_str      0x00000000     0x5e31
 *(.debug_str)
 .debug_str     0x00000000     0x14f0 C:/Program Files (x86)/Atmel/Studio/7.0/Packs/Atmel/AVR-Dx_DFP/1.7.85/gcc/dev/avr128db48/avrxmega4/crtavr128db48.o
 .debug_str     0x000014f0      0x908 main.o
                                0x9c9 (size before relaxing)
 .debug_str     0x00001df8      0x1bc SPI_SLAVE_CLASS.o
                                0xa07 (size before relaxing)
 .debug_str     0x00001fb4      0x5b9 Zero_Cross_Counter.o
                                0xba0 (size before relaxing)
 .debug_str     0x0000256d      0x14a C:\Users\GMATEU~1\DOCUME~1\Trobina\DEVELO~1\Software\ATMEL_~1\AVR128~1\AVR128~1\Debug\libAVR128DB_BSP.a(atmel_start.o)
                                0x1ba (size before relaxing)
 .debug_str     0x000026b7      0x4cc C:\Users\GMATEU~1\DOCUME~1\Trobina\DEVELO~1\Software\ATMEL_~1\AVR128~1\AVR128~1\Debug\libAVR128DB_BSP.a(driver_init.o)
                                0x899 (size before relaxing)
 .debug_str     0x00002b83     0x13f0 C:\Users\GMATEU~1\DOCUME~1\Trobina\DEVELO~1\Software\ATMEL_~1\AVR128~1\AVR128~1\Debug\libAVR128DB_BSP.a(evsys.o)
                               0x15e0 (size before relaxing)
 .debug_str     0x00003f73     0x1250 C:\Users\GMATEU~1\DOCUME~1\Trobina\DEVELO~1\Software\ATMEL_~1\AVR128~1\AVR128~1\Debug\libAVR128DB_BSP.a(opamp_basic.o)
                               0x1458 (size before relaxing)
 .debug_str     0x000051c3      0x201 C:\Users\GMATEU~1\DOCUME~1\Trobina\DEVELO~1\Software\ATMEL_~1\AVR128~1\AVR128~1\Debug\libAVR128DB_BSP.a(rtc.o)
                                0x484 (size before relaxing)
 .debug_str     0x000053c4       0xb9 C:\Users\GMATEU~1\DOCUME~1\Trobina\DEVELO~1\Software\ATMEL_~1\AVR128~1\AVR128~1\Debug\libAVR128DB_BSP.a(slpctrl.o)
                                0x271 (size before relaxing)
 .debug_str     0x0000547d      0x290 C:\Users\GMATEU~1\DOCUME~1\Trobina\DEVELO~1\Software\ATMEL_~1\AVR128~1\AVR128~1\Debug\libAVR128DB_BSP.a(spi_basic.o)
                                0x5d2 (size before relaxing)
 .debug_str     0x0000570d        0xd C:\Users\GMATEU~1\DOCUME~1\Trobina\DEVELO~1\Software\ATMEL_~1\AVR128~1\AVR128~1\Debug\libAVR128DB_BSP.a(tcb.o)
                                0x38a (size before relaxing)
 .debug_str     0x0000571a      0x1d7 C:\Users\GMATEU~1\DOCUME~1\Trobina\DEVELO~1\Software\ATMEL_~1\AVR128~1\AVR128~1\Debug\libAVR128DB_BSP.a(tcd.o)
                                0x541 (size before relaxing)
 .debug_str     0x000058f1      0x1d5 C:\Users\GMATEU~1\DOCUME~1\Trobina\DEVELO~1\Software\ATMEL_~1\AVR128~1\AVR128~1\Debug\libAVR128DB_BSP.a(usart_basic.o)
                                0x3f2 (size before relaxing)
 .debug_str     0x00005ac6       0xc4 C:\Users\GMATEU~1\DOCUME~1\Trobina\DEVELO~1\Software\ATMEL_~1\AVR128~1\AVR128~1\Debug\libAVR128DB_BSP.a(vref.o)
                                0x28b (size before relaxing)
 .debug_str     0x00005b8a        0xd C:\Users\GMATEU~1\DOCUME~1\Trobina\DEVELO~1\Software\ATMEL_~1\AVR128~1\AVR128~1\Debug\libAVR128DB_BSP.a(zcd.o)
                                0x20f (size before relaxing)
 .debug_str     0x00005b97       0x75 C:\Users\GMATEU~1\DOCUME~1\Trobina\DEVELO~1\Software\ATMEL_~1\AVR128~1\AVR128~1\Debug\libAVR128DB_BSP.a(bod.o)
                                0x25d (size before relaxing)
 .debug_str     0x00005c0c      0x215 C:\Users\GMATEU~1\DOCUME~1\Trobina\DEVELO~1\Software\ATMEL_~1\AVR128~1\AVR128~1\Debug\libAVR128DB_BSP.a(clkctrl.o)
                                0x426 (size before relaxing)
 .debug_str     0x00005e21       0x10 C:\Users\GMATEU~1\DOCUME~1\Trobina\DEVELO~1\Software\ATMEL_~1\AVR128~1\AVR128~1\Debug\libAVR128DB_BSP.a(cpuint.o)
                                0x1ad (size before relaxing)

.debug_loc      0x00000000     0x1b52
 *(.debug_loc)
 .debug_loc     0x00000000      0x2b4 main.o
 .debug_loc     0x000002b4      0x501 SPI_SLAVE_CLASS.o
 .debug_loc     0x000007b5      0x864 Zero_Cross_Counter.o
 .debug_loc     0x00001019      0x615 C:\Users\GMATEU~1\DOCUME~1\Trobina\DEVELO~1\Software\ATMEL_~1\AVR128~1\AVR128~1\Debug\libAVR128DB_BSP.a(driver_init.o)
 .debug_loc     0x0000162e      0x1ef C:\Users\GMATEU~1\DOCUME~1\Trobina\DEVELO~1\Software\ATMEL_~1\AVR128~1\AVR128~1\Debug\libAVR128DB_BSP.a(opamp_basic.o)
 .debug_loc     0x0000181d       0x21 C:\Users\GMATEU~1\DOCUME~1\Trobina\DEVELO~1\Software\ATMEL_~1\AVR128~1\AVR128~1\Debug\libAVR128DB_BSP.a(slpctrl.o)
 .debug_loc     0x0000183e      0x279 C:\Users\GMATEU~1\DOCUME~1\Trobina\DEVELO~1\Software\ATMEL_~1\AVR128~1\AVR128~1\Debug\libAVR128DB_BSP.a(spi_basic.o)
 .debug_loc     0x00001ab7       0x47 C:\Users\GMATEU~1\DOCUME~1\Trobina\DEVELO~1\Software\ATMEL_~1\AVR128~1\AVR128~1\Debug\libAVR128DB_BSP.a(usart_basic.o)
 .debug_loc     0x00001afe       0x54 C:\Users\GMATEU~1\DOCUME~1\Trobina\DEVELO~1\Software\ATMEL_~1\AVR128~1\AVR128~1\Debug\libAVR128DB_BSP.a(clkctrl.o)

.debug_macinfo
 *(.debug_macinfo)

.debug_weaknames
 *(.debug_weaknames)

.debug_funcnames
 *(.debug_funcnames)

.debug_typenames
 *(.debug_typenames)

.debug_varnames
 *(.debug_varnames)

.debug_pubtypes
 *(.debug_pubtypes)

.debug_ranges   0x00000000      0x4b8
 *(.debug_ranges)
 .debug_ranges  0x00000000       0x48 main.o
 .debug_ranges  0x00000048       0x88 SPI_SLAVE_CLASS.o
 .debug_ranges  0x000000d0       0xb0 Zero_Cross_Counter.o
 .debug_ranges  0x00000180       0x10 C:\Users\GMATEU~1\DOCUME~1\Trobina\DEVELO~1\Software\ATMEL_~1\AVR128~1\AVR128~1\Debug\libAVR128DB_BSP.a(atmel_start.o)
 .debug_ranges  0x00000190       0x68 C:\Users\GMATEU~1\DOCUME~1\Trobina\DEVELO~1\Software\ATMEL_~1\AVR128~1\AVR128~1\Debug\libAVR128DB_BSP.a(driver_init.o)
 .debug_ranges  0x000001f8       0x10 C:\Users\GMATEU~1\DOCUME~1\Trobina\DEVELO~1\Software\ATMEL_~1\AVR128~1\AVR128~1\Debug\libAVR128DB_BSP.a(evsys.o)
 .debug_ranges  0x00000208       0xe0 C:\Users\GMATEU~1\DOCUME~1\Trobina\DEVELO~1\Software\ATMEL_~1\AVR128~1\AVR128~1\Debug\libAVR128DB_BSP.a(opamp_basic.o)
 .debug_ranges  0x000002e8       0x10 C:\Users\GMATEU~1\DOCUME~1\Trobina\DEVELO~1\Software\ATMEL_~1\AVR128~1\AVR128~1\Debug\libAVR128DB_BSP.a(rtc.o)
 .debug_ranges  0x000002f8       0x18 C:\Users\GMATEU~1\DOCUME~1\Trobina\DEVELO~1\Software\ATMEL_~1\AVR128~1\AVR128~1\Debug\libAVR128DB_BSP.a(slpctrl.o)
 .debug_ranges  0x00000310       0xc0 C:\Users\GMATEU~1\DOCUME~1\Trobina\DEVELO~1\Software\ATMEL_~1\AVR128~1\AVR128~1\Debug\libAVR128DB_BSP.a(spi_basic.o)
 .debug_ranges  0x000003d0       0x18 C:\Users\GMATEU~1\DOCUME~1\Trobina\DEVELO~1\Software\ATMEL_~1\AVR128~1\AVR128~1\Debug\libAVR128DB_BSP.a(tcb.o)
 .debug_ranges  0x000003e8       0x10 C:\Users\GMATEU~1\DOCUME~1\Trobina\DEVELO~1\Software\ATMEL_~1\AVR128~1\AVR128~1\Debug\libAVR128DB_BSP.a(tcd.o)
 .debug_ranges  0x000003f8       0x68 C:\Users\GMATEU~1\DOCUME~1\Trobina\DEVELO~1\Software\ATMEL_~1\AVR128~1\AVR128~1\Debug\libAVR128DB_BSP.a(usart_basic.o)
 .debug_ranges  0x00000460       0x10 C:\Users\GMATEU~1\DOCUME~1\Trobina\DEVELO~1\Software\ATMEL_~1\AVR128~1\AVR128~1\Debug\libAVR128DB_BSP.a(vref.o)
 .debug_ranges  0x00000470       0x18 C:\Users\GMATEU~1\DOCUME~1\Trobina\DEVELO~1\Software\ATMEL_~1\AVR128~1\AVR128~1\Debug\libAVR128DB_BSP.a(zcd.o)
 .debug_ranges  0x00000488       0x10 C:\Users\GMATEU~1\DOCUME~1\Trobina\DEVELO~1\Software\ATMEL_~1\AVR128~1\AVR128~1\Debug\libAVR128DB_BSP.a(bod.o)
 .debug_ranges  0x00000498       0x10 C:\Users\GMATEU~1\DOCUME~1\Trobina\DEVELO~1\Software\ATMEL_~1\AVR128~1\AVR128~1\Debug\libAVR128DB_BSP.a(clkctrl.o)
 .debug_ranges  0x000004a8       0x10 C:\Users\GMATEU~1\DOCUME~1\Trobina\DEVELO~1\Software\ATMEL_~1\AVR128~1\AVR128~1\Debug\libAVR128DB_BSP.a(cpuint.o)

.debug_macro
 *(.debug_macro)
OUTPUT(Zero_Cross_Detector_lib.elf elf32-avr)
LOAD linker stubs
